Calculating task graph as configuration cache cannot be reused because the file system entry '.gradle\configuration-cache\291e47ff-fcd6-438f-aee3-49591fa45557\buildfingerprint3307255637556602065.tmp' has been removed.
Type-safe project accessors is an incubating feature.
> Task :build-logic:checkKotlinGradlePluginConfigurationErrors SKIPPED
> Task :build-logic:compileKotlin UP-TO-DATE
> Task :build-logic:compileJava NO-SOURCE
> Task :build-logic:pluginDescriptors UP-TO-DATE
> Task :build-logic:processResources UP-TO-DATE
> Task :build-logic:classes UP-TO-DATE
> Task :build-logic:jar UP-TO-DATE
> Task :app:preBuild UP-TO-DATE
> Task :core-module:preBuild UP-TO-DATE
> Task :app:preDebugBuild UP-TO-DATE
> Task :core-module:preDebugBuild UP-TO-DATE
> Task :genesis:oracledrive:preBuild UP-TO-DATE
> Task :genesis:oracledrive:preDebugBuild UP-TO-DATE
> Task :core-module:compileDebugAidl NO-SOURCE
> Task :genesis:oracledrive:compileDebugAidl NO-SOURCE
> Task :agents:growthmetrics:identity:preBuild UP-TO-DATE
> Task :agents:growthmetrics:identity:preDebugBuild UP-TO-DATE
> Task :agents:growthmetrics:metareflection:preBuild UP-TO-DATE
> Task :agents:growthmetrics:metareflection:preDebugBuild UP-TO-DATE
> Task :agents:growthmetrics:identity:compileDebugAidl NO-SOURCE
> Task :agents:growthmetrics:metareflection:compileDebugAidl NO-SOURCE
> Task :agents:growthmetrics:nexusmemory:preBuild UP-TO-DATE
> Task :agents:growthmetrics:progression:preBuild UP-TO-DATE
> Task :agents:growthmetrics:nexusmemory:preDebugBuild UP-TO-DATE
> Task :agents:growthmetrics:progression:preDebugBuild UP-TO-DATE
> Task :agents:growthmetrics:spheregrid:preBuild UP-TO-DATE
> Task :agents:growthmetrics:nexusmemory:compileDebugAidl NO-SOURCE
> Task :agents:growthmetrics:spheregrid:preDebugBuild UP-TO-DATE
> Task :agents:growthmetrics:tasker:preBuild UP-TO-DATE
> Task :agents:growthmetrics:tasker:preDebugBuild UP-TO-DATE
> Task :agents:growthmetrics:spheregrid:compileDebugAidl NO-SOURCE
> Task :cascade:datastream:routing:preBuild UP-TO-DATE
> Task :cascade:datastream:routing:preDebugBuild UP-TO-DATE
> Task :agents:growthmetrics:progression:compileDebugAidl NO-SOURCE
> Task :cascade:datastream:routing:compileDebugAidl NO-SOURCE
> Task :cascade:datastream:taskmanager:preBuild UP-TO-DATE
> Task :aura:reactivedesign:auraslab:preBuild UP-TO-DATE
> Task :cascade:datastream:taskmanager:preDebugBuild UP-TO-DATE
> Task :aura:reactivedesign:auraslab:preDebugBuild UP-TO-DATE
> Task :aura:reactivedesign:auraslab:compileDebugAidl NO-SOURCE
> Task :cascade:datastream:taskmanager:compileDebugAidl NO-SOURCE
> Task :aura:reactivedesign:chromacore:preBuild UP-TO-DATE
> Task :aura:reactivedesign:chromacore:preDebugBuild UP-TO-DATE
> Task :agents:growthmetrics:tasker:compileDebugAidl NO-SOURCE
> Task :aura:reactivedesign:chromacore:compileDebugAidl NO-SOURCE
> Task :aura:reactivedesign:customization:preBuild UP-TO-DATE
> Task :aura:reactivedesign:collabcanvas:preBuild UP-TO-DATE
> Task :aura:reactivedesign:customization:preDebugBuild UP-TO-DATE
> Task :aura:reactivedesign:collabcanvas:preDebugBuild UP-TO-DATE
> Task :aura:reactivedesign:customization:compileDebugAidl NO-SOURCE
> Task :aura:reactivedesign:collabcanvas:compileDebugAidl NO-SOURCE
> Task :aura:reactivedesign:sandboxui:preBuild UP-TO-DATE
> Task :aura:reactivedesign:sandboxui:preDebugBuild UP-TO-DATE
> Task :cascade:datastream:delivery:preBuild UP-TO-DATE
> Task :cascade:datastream:delivery:preDebugBuild UP-TO-DATE
> Task :aura:reactivedesign:sandboxui:compileDebugAidl NO-SOURCE
> Task :cascade:datastream:delivery:compileDebugAidl NO-SOURCE
> Task :genesis:oracledrive:datavein:preBuild UP-TO-DATE
> Task :genesis:oracledrive:datavein:preDebugBuild UP-TO-DATE
> Task :genesis:oracledrive:rootmanagement:preBuild UP-TO-DATE
> Task :genesis:oracledrive:rootmanagement:preDebugBuild UP-TO-DATE
> Task :genesis:oracledrive:datavein:compileDebugAidl NO-SOURCE
> Task :kai:sentinelsfortress:security:preBuild UP-TO-DATE
> Task :kai:sentinelsfortress:security:preDebugBuild UP-TO-DATE
> Task :genesis:oracledrive:rootmanagement:compileDebugAidl NO-SOURCE
> Task :kai:sentinelsfortress:systemintegrity:preBuild UP-TO-DATE
> Task :kai:sentinelsfortress:security:compileDebugAidl NO-SOURCE
> Task :kai:sentinelsfortress:systemintegrity:preDebugBuild UP-TO-DATE
> Task :kai:sentinelsfortress:threatmonitor:preBuild UP-TO-DATE
> Task :kai:sentinelsfortress:threatmonitor:preDebugBuild UP-TO-DATE
> Task :kai:sentinelsfortress:systemintegrity:compileDebugAidl NO-SOURCE
> Task :kai:sentinelsfortress:threatmonitor:compileDebugAidl NO-SOURCE
> Task :app:compileDebugAidl UP-TO-DATE
> Task :app:generateDebugResources UP-TO-DATE
> Task :app:injectCrashlyticsMappingFileIdDebug UP-TO-DATE
> Task :app:injectCrashlyticsVersionControlInfoDebug UP-TO-DATE
> Task :app:processDebugGoogleServices UP-TO-DATE
> Task :core-module:generateDebugResources UP-TO-DATE
> Task :app:dataBindingMergeDependencyArtifactsDebug UP-TO-DATE
> Task :genesis:oracledrive:generateDebugResources UP-TO-DATE
> Task :core-module:packageDebugResources UP-TO-DATE
> Task :agents:growthmetrics:identity:generateDebugResources UP-TO-DATE
> Task :genesis:oracledrive:packageDebugResources UP-TO-DATE
> Task :agents:growthmetrics:metareflection:generateDebugResources UP-TO-DATE
> Task :agents:growthmetrics:identity:packageDebugResources UP-TO-DATE
> Task :agents:growthmetrics:nexusmemory:generateDebugResources UP-TO-DATE
> Task :agents:growthmetrics:metareflection:packageDebugResources UP-TO-DATE
> Task :agents:growthmetrics:progression:generateDebugResources UP-TO-DATE
> Task :agents:growthmetrics:nexusmemory:packageDebugResources UP-TO-DATE
> Task :agents:growthmetrics:spheregrid:generateDebugResources UP-TO-DATE
> Task :agents:growthmetrics:progression:packageDebugResources UP-TO-DATE
> Task :agents:growthmetrics:tasker:generateDebugResources UP-TO-DATE
> Task :agents:growthmetrics:spheregrid:packageDebugResources UP-TO-DATE
> Task :aura:reactivedesign:auraslab:generateDebugResources UP-TO-DATE
> Task :agents:growthmetrics:tasker:packageDebugResources UP-TO-DATE
> Task :aura:reactivedesign:chromacore:generateDebugResources UP-TO-DATE
> Task :aura:reactivedesign:auraslab:packageDebugResources UP-TO-DATE
> Task :aura:reactivedesign:collabcanvas:generateDebugResources UP-TO-DATE
> Task :aura:reactivedesign:chromacore:packageDebugResources UP-TO-DATE
> Task :aura:reactivedesign:customization:generateDebugResources UP-TO-DATE
> Task :aura:reactivedesign:collabcanvas:packageDebugResources UP-TO-DATE
> Task :aura:reactivedesign:sandboxui:generateDebugResources UP-TO-DATE
> Task :aura:reactivedesign:customization:packageDebugResources UP-TO-DATE
> Task :cascade:datastream:delivery:generateDebugResources UP-TO-DATE
> Task :aura:reactivedesign:sandboxui:packageDebugResources UP-TO-DATE
> Task :cascade:datastream:routing:generateDebugResources UP-TO-DATE
> Task :cascade:datastream:delivery:packageDebugResources UP-TO-DATE
> Task :cascade:datastream:taskmanager:generateDebugResources UP-TO-DATE
> Task :cascade:datastream:routing:packageDebugResources UP-TO-DATE
> Task :genesis:oracledrive:datavein:generateDebugResources UP-TO-DATE
> Task :cascade:datastream:taskmanager:packageDebugResources UP-TO-DATE
> Task :genesis:oracledrive:rootmanagement:generateDebugResources UP-TO-DATE
> Task :genesis:oracledrive:datavein:packageDebugResources UP-TO-DATE
> Task :kai:sentinelsfortress:security:generateDebugResources UP-TO-DATE
> Task :genesis:oracledrive:rootmanagement:packageDebugResources UP-TO-DATE
> Task :kai:sentinelsfortress:systemintegrity:generateDebugResources UP-TO-DATE
> Task :kai:sentinelsfortress:security:packageDebugResources UP-TO-DATE
> Task :kai:sentinelsfortress:threatmonitor:generateDebugResources UP-TO-DATE
> Task :kai:sentinelsfortress:systemintegrity:packageDebugResources UP-TO-DATE
> Task :kai:sentinelsfortress:threatmonitor:packageDebugResources UP-TO-DATE
> Task :app:packageDebugResources UP-TO-DATE
> Task :core-module:processDebugNavigationResources UP-TO-DATE
> Task :genesis:oracledrive:processDebugNavigationResources UP-TO-DATE
> Task :agents:growthmetrics:identity:processDebugNavigationResources UP-TO-DATE
> Task :agents:growthmetrics:metareflection:processDebugNavigationResources UP-TO-DATE
> Task :agents:growthmetrics:nexusmemory:processDebugNavigationResources UP-TO-DATE
> Task :agents:growthmetrics:progression:processDebugNavigationResources UP-TO-DATE
> Task :agents:growthmetrics:spheregrid:processDebugNavigationResources UP-TO-DATE
> Task :agents:growthmetrics:tasker:processDebugNavigationResources UP-TO-DATE
> Task :aura:reactivedesign:auraslab:processDebugNavigationResources UP-TO-DATE
> Task :aura:reactivedesign:chromacore:processDebugNavigationResources UP-TO-DATE
> Task :aura:reactivedesign:collabcanvas:processDebugNavigationResources UP-TO-DATE
> Task :aura:reactivedesign:customization:processDebugNavigationResources UP-TO-DATE
> Task :aura:reactivedesign:sandboxui:processDebugNavigationResources UP-TO-DATE
> Task :cascade:datastream:delivery:processDebugNavigationResources UP-TO-DATE
> Task :cascade:datastream:routing:processDebugNavigationResources UP-TO-DATE
> Task :cascade:datastream:taskmanager:processDebugNavigationResources UP-TO-DATE
> Task :genesis:oracledrive:datavein:processDebugNavigationResources UP-TO-DATE
> Task :genesis:oracledrive:rootmanagement:processDebugNavigationResources UP-TO-DATE
> Task :kai:sentinelsfortress:security:processDebugNavigationResources UP-TO-DATE
> Task :kai:sentinelsfortress:systemintegrity:processDebugNavigationResources UP-TO-DATE
> Task :kai:sentinelsfortress:threatmonitor:processDebugNavigationResources UP-TO-DATE
> Task :app:mergeDebugResources UP-TO-DATE
> Task :core-module:parseDebugLocalResources UP-TO-DATE
> Task :core-module:generateDebugRFile UP-TO-DATE
> Task :genesis:oracledrive:parseDebugLocalResources UP-TO-DATE
> Task :genesis:oracledrive:generateDebugRFile UP-TO-DATE
> Task :agents:growthmetrics:identity:parseDebugLocalResources UP-TO-DATE
> Task :agents:growthmetrics:identity:generateDebugRFile UP-TO-DATE
> Task :agents:growthmetrics:metareflection:parseDebugLocalResources UP-TO-DATE
> Task :agents:growthmetrics:metareflection:generateDebugRFile UP-TO-DATE
> Task :agents:growthmetrics:nexusmemory:parseDebugLocalResources UP-TO-DATE
> Task :app:processDebugNavigationResources UP-TO-DATE
> Task :agents:growthmetrics:nexusmemory:generateDebugRFile UP-TO-DATE
> Task :app:parseDebugLocalResources UP-TO-DATE
> Task :agents:growthmetrics:spheregrid:parseDebugLocalResources UP-TO-DATE
> Task :agents:growthmetrics:progression:parseDebugLocalResources UP-TO-DATE
> Task :agents:growthmetrics:spheregrid:generateDebugRFile UP-TO-DATE
> Task :agents:growthmetrics:progression:generateDebugRFile UP-TO-DATE
> Task :aura:reactivedesign:auraslab:parseDebugLocalResources UP-TO-DATE
> Task :agents:growthmetrics:tasker:parseDebugLocalResources UP-TO-DATE
> Task :aura:reactivedesign:auraslab:generateDebugRFile UP-TO-DATE
> Task :agents:growthmetrics:tasker:generateDebugRFile UP-TO-DATE
> Task :aura:reactivedesign:chromacore:parseDebugLocalResources UP-TO-DATE
> Task :aura:reactivedesign:collabcanvas:parseDebugLocalResources UP-TO-DATE
> Task :aura:reactivedesign:chromacore:generateDebugRFile UP-TO-DATE
> Task :aura:reactivedesign:collabcanvas:generateDebugRFile UP-TO-DATE
> Task :aura:reactivedesign:customization:parseDebugLocalResources UP-TO-DATE
> Task :aura:reactivedesign:sandboxui:parseDebugLocalResources UP-TO-DATE
> Task :aura:reactivedesign:customization:generateDebugRFile UP-TO-DATE
> Task :aura:reactivedesign:sandboxui:generateDebugRFile UP-TO-DATE
> Task :cascade:datastream:delivery:parseDebugLocalResources UP-TO-DATE
> Task :cascade:datastream:routing:parseDebugLocalResources UP-TO-DATE
> Task :cascade:datastream:delivery:generateDebugRFile UP-TO-DATE
> Task :cascade:datastream:routing:generateDebugRFile UP-TO-DATE
> Task :cascade:datastream:taskmanager:parseDebugLocalResources UP-TO-DATE
> Task :genesis:oracledrive:datavein:parseDebugLocalResources UP-TO-DATE
> Task :cascade:datastream:taskmanager:generateDebugRFile UP-TO-DATE
> Task :genesis:oracledrive:datavein:generateDebugRFile UP-TO-DATE
> Task :kai:sentinelsfortress:security:parseDebugLocalResources UP-TO-DATE
> Task :genesis:oracledrive:rootmanagement:parseDebugLocalResources UP-TO-DATE
> Task :genesis:oracledrive:rootmanagement:generateDebugRFile UP-TO-DATE
> Task :kai:sentinelsfortress:security:generateDebugRFile UP-TO-DATE
> Task :kai:sentinelsfortress:threatmonitor:parseDebugLocalResources UP-TO-DATE
> Task :kai:sentinelsfortress:systemintegrity:parseDebugLocalResources UP-TO-DATE
> Task :kai:sentinelsfortress:threatmonitor:generateDebugRFile UP-TO-DATE
> Task :kai:sentinelsfortress:systemintegrity:generateDebugRFile UP-TO-DATE
> Task :app:generateDebugBuildConfig UP-TO-DATE
> Task :app:generateDebugRFile UP-TO-DATE
> Task :core-module:generateDebugBuildConfig UP-TO-DATE
> Task :core-module:kspDebugKotlin UP-TO-DATE
> Task :app:dataBindingGenBaseClassesDebug UP-TO-DATE
> Task :core-module:javaPreCompileDebug UP-TO-DATE
> Task :genesis:oracledrive:generateDebugBuildConfig UP-TO-DATE
> Task :core-module:compileDebugKotlin UP-TO-DATE
> Task :core-module:compileDebugJavaWithJavac UP-TO-DATE
> Task :core-module:transformDebugClassesWithAsm UP-TO-DATE
> Task :genesis:oracledrive:kspDebugKotlin UP-TO-DATE
> Task :core-module:bundleLibCompileToJarDebug UP-TO-DATE
> Task :genesis:oracledrive:javaPreCompileDebug UP-TO-DATE
> Task :agents:growthmetrics:identity:generateDebugBuildConfig UP-TO-DATE
> Task :genesis:oracledrive:compileDebugKotlin UP-TO-DATE
> Task :agents:growthmetrics:identity:kspDebugKotlin UP-TO-DATE
> Task :genesis:oracledrive:compileDebugJavaWithJavac UP-TO-DATE
> Task :genesis:oracledrive:transformDebugClassesWithAsm UP-TO-DATE
> Task :genesis:oracledrive:bundleLibCompileToJarDebug UP-TO-DATE
> Task :agents:growthmetrics:identity:javaPreCompileDebug UP-TO-DATE
> Task :agents:growthmetrics:metareflection:generateDebugBuildConfig UP-TO-DATE
> Task :agents:growthmetrics:metareflection:kspDebugKotlin UP-TO-DATE
> Task :agents:growthmetrics:identity:compileDebugKotlin UP-TO-DATE
> Task :agents:growthmetrics:identity:compileDebugJavaWithJavac UP-TO-DATE
> Task :agents:growthmetrics:identity:transformDebugClassesWithAsm UP-TO-DATE
> Task :agents:growthmetrics:identity:bundleLibCompileToJarDebug UP-TO-DATE
> Task :agents:growthmetrics:metareflection:javaPreCompileDebug UP-TO-DATE
> Task :agents:growthmetrics:nexusmemory:generateDebugBuildConfig UP-TO-DATE
> Task :agents:growthmetrics:nexusmemory:kspDebugKotlin UP-TO-DATE
> Task :agents:growthmetrics:metareflection:compileDebugKotlin UP-TO-DATE
> Task :agents:growthmetrics:metareflection:compileDebugJavaWithJavac UP-TO-DATE
> Task :agents:growthmetrics:metareflection:transformDebugClassesWithAsm UP-TO-DATE
> Task :agents:growthmetrics:metareflection:bundleLibCompileToJarDebug UP-TO-DATE
> Task :agents:growthmetrics:nexusmemory:javaPreCompileDebug UP-TO-DATE
> Task :agents:growthmetrics:metareflection:bundleLibRuntimeToJarDebug UP-TO-DATE
> Task :agents:growthmetrics:progression:generateDebugBuildConfig UP-TO-DATE
> Task :agents:growthmetrics:spheregrid:generateDebugBuildConfig UP-TO-DATE
> Task :agents:growthmetrics:spheregrid:kspDebugKotlin UP-TO-DATE
> Task :agents:growthmetrics:spheregrid:compileDebugKotlin NO-SOURCE
> Task :agents:growthmetrics:spheregrid:javaPreCompileDebug UP-TO-DATE
> Task :agents:growthmetrics:spheregrid:compileDebugJavaWithJavac UP-TO-DATE
> Task :agents:growthmetrics:spheregrid:transformDebugClassesWithAsm UP-TO-DATE
> Task :agents:growthmetrics:spheregrid:bundleLibCompileToJarDebug UP-TO-DATE
> Task :agents:growthmetrics:nexusmemory:compileDebugKotlin UP-TO-DATE
> Task :agents:growthmetrics:nexusmemory:compileDebugJavaWithJavac UP-TO-DATE
> Task :agents:growthmetrics:progression:kspDebugKotlin UP-TO-DATE
> Task :agents:growthmetrics:nexusmemory:transformDebugClassesWithAsm UP-TO-DATE
> Task :agents:growthmetrics:nexusmemory:bundleLibCompileToJarDebug UP-TO-DATE
> Task :agents:growthmetrics:progression:compileDebugKotlin NO-SOURCE
> Task :agents:growthmetrics:progression:javaPreCompileDebug UP-TO-DATE
> Task :agents:growthmetrics:spheregrid:bundleLibRuntimeToJarDebug UP-TO-DATE
> Task :agents:growthmetrics:tasker:generateDebugBuildConfig UP-TO-DATE
> Task :cascade:datastream:routing:generateDebugBuildConfig UP-TO-DATE
> Task :agents:growthmetrics:progression:compileDebugJavaWithJavac UP-TO-DATE
> Task :agents:growthmetrics:progression:transformDebugClassesWithAsm UP-TO-DATE
> Task :agents:growthmetrics:progression:bundleLibCompileToJarDebug UP-TO-DATE
> Task :cascade:datastream:routing:javaPreCompileDebug UP-TO-DATE
> Task :cascade:datastream:taskmanager:generateDebugBuildConfig UP-TO-DATE
> Task :cascade:datastream:taskmanager:javaPreCompileDebug UP-TO-DATE
> Task :agents:growthmetrics:tasker:javaPreCompileDebug UP-TO-DATE
> Task :aura:reactivedesign:auraslab:generateDebugBuildConfig UP-TO-DATE
> Task :cascade:datastream:routing:kspDebugKotlin UP-TO-DATE
> Task :cascade:datastream:routing:compileDebugKotlin NO-SOURCE
> Task :cascade:datastream:routing:compileDebugJavaWithJavac UP-TO-DATE
> Task :cascade:datastream:routing:transformDebugClassesWithAsm UP-TO-DATE
> Task :cascade:datastream:routing:bundleLibCompileToJarDebug UP-TO-DATE
> Task :cascade:datastream:routing:bundleLibRuntimeToJarDebug UP-TO-DATE
> Task :aura:reactivedesign:auraslab:kspDebugKotlin UP-TO-DATE
> Task :cascade:datastream:taskmanager:kspDebugKotlin UP-TO-DATE
> Task :cascade:datastream:taskmanager:compileDebugKotlin NO-SOURCE
> Task :cascade:datastream:taskmanager:compileDebugJavaWithJavac UP-TO-DATE
> Task :cascade:datastream:taskmanager:transformDebugClassesWithAsm UP-TO-DATE
> Task :cascade:datastream:taskmanager:bundleLibCompileToJarDebug UP-TO-DATE
> Task :aura:reactivedesign:auraslab:compileDebugKotlin UP-TO-DATE
> Task :cascade:datastream:taskmanager:bundleLibRuntimeToJarDebug UP-TO-DATE
> Task :aura:reactivedesign:auraslab:javaPreCompileDebug UP-TO-DATE
> Task :aura:reactivedesign:auraslab:compileDebugJavaWithJavac UP-TO-DATE
> Task :aura:reactivedesign:auraslab:transformDebugClassesWithAsm UP-TO-DATE
> Task :aura:reactivedesign:auraslab:bundleLibCompileToJarDebug UP-TO-DATE
> Task :aura:reactivedesign:chromacore:generateDebugBuildConfig UP-TO-DATE
> Task :agents:growthmetrics:tasker:kspDebugKotlin UP-TO-DATE
> Task :agents:growthmetrics:tasker:compileDebugKotlin NO-SOURCE
> Task :agents:growthmetrics:tasker:compileDebugJavaWithJavac UP-TO-DATE
> Task :aura:reactivedesign:chromacore:kspDebugKotlin UP-TO-DATE
> Task :agents:growthmetrics:tasker:transformDebugClassesWithAsm UP-TO-DATE
> Task :agents:growthmetrics:tasker:bundleLibCompileToJarDebug UP-TO-DATE
> Task :aura:reactivedesign:chromacore:javaPreCompileDebug UP-TO-DATE
> Task :aura:reactivedesign:collabcanvas:generateDebugBuildConfig UP-TO-DATE
> Task :aura:reactivedesign:chromacore:compileDebugKotlin UP-TO-DATE
> Task :aura:reactivedesign:chromacore:compileDebugJavaWithJavac UP-TO-DATE
> Task :aura:reactivedesign:collabcanvas:kspDebugKotlin UP-TO-DATE
> Task :aura:reactivedesign:chromacore:transformDebugClassesWithAsm UP-TO-DATE
> Task :aura:reactivedesign:chromacore:bundleLibCompileToJarDebug UP-TO-DATE
> Task :aura:reactivedesign:collabcanvas:javaPreCompileDebug UP-TO-DATE
> Task :aura:reactivedesign:customization:generateDebugBuildConfig UP-TO-DATE
> Task :aura:reactivedesign:collabcanvas:compileDebugKotlin UP-TO-DATE
> Task :aura:reactivedesign:customization:kspDebugKotlin UP-TO-DATE
> Task :aura:reactivedesign:collabcanvas:compileDebugJavaWithJavac UP-TO-DATE
> Task :aura:reactivedesign:collabcanvas:transformDebugClassesWithAsm UP-TO-DATE
> Task :aura:reactivedesign:collabcanvas:bundleLibCompileToJarDebug UP-TO-DATE
> Task :aura:reactivedesign:customization:javaPreCompileDebug UP-TO-DATE
> Task :aura:reactivedesign:sandboxui:generateDebugBuildConfig UP-TO-DATE
> Task :aura:reactivedesign:customization:compileDebugKotlin UP-TO-DATE
> Task :aura:reactivedesign:sandboxui:kspDebugKotlin UP-TO-DATE
> Task :aura:reactivedesign:customization:compileDebugJavaWithJavac UP-TO-DATE
> Task :aura:reactivedesign:sandboxui:compileDebugKotlin NO-SOURCE
> Task :aura:reactivedesign:sandboxui:javaPreCompileDebug UP-TO-DATE
> Task :aura:reactivedesign:sandboxui:compileDebugJavaWithJavac UP-TO-DATE
> Task :aura:reactivedesign:customization:transformDebugClassesWithAsm UP-TO-DATE
> Task :aura:reactivedesign:customization:bundleLibCompileToJarDebug UP-TO-DATE
> Task :cascade:datastream:delivery:generateDebugBuildConfig UP-TO-DATE
> Task :aura:reactivedesign:sandboxui:transformDebugClassesWithAsm UP-TO-DATE
> Task :aura:reactivedesign:sandboxui:bundleLibCompileToJarDebug UP-TO-DATE
> Task :cascade:datastream:delivery:javaPreCompileDebug UP-TO-DATE
> Task :genesis:oracledrive:datavein:generateDebugBuildConfig UP-TO-DATE
> Task :cascade:datastream:delivery:kspDebugKotlin UP-TO-DATE
> Task :genesis:oracledrive:datavein:kspDebugKotlin UP-TO-DATE
> Task :cascade:datastream:delivery:compileDebugKotlin NO-SOURCE
> Task :cascade:datastream:delivery:compileDebugJavaWithJavac UP-TO-DATE
> Task :cascade:datastream:delivery:transformDebugClassesWithAsm UP-TO-DATE
> Task :cascade:datastream:delivery:bundleLibCompileToJarDebug UP-TO-DATE
> Task :genesis:oracledrive:datavein:javaPreCompileDebug UP-TO-DATE
> Task :genesis:oracledrive:rootmanagement:generateDebugBuildConfig UP-TO-DATE
> Task :genesis:oracledrive:datavein:compileDebugKotlin UP-TO-DATE
> Task :genesis:oracledrive:datavein:compileDebugJavaWithJavac UP-TO-DATE
> Task :genesis:oracledrive:datavein:transformDebugClassesWithAsm UP-TO-DATE
> Task :genesis:oracledrive:datavein:bundleLibCompileToJarDebug UP-TO-DATE
> Task :genesis:oracledrive:rootmanagement:javaPreCompileDebug UP-TO-DATE
> Task :kai:sentinelsfortress:security:generateDebugBuildConfig UP-TO-DATE
> Task :kai:sentinelsfortress:security:kspDebugKotlin UP-TO-DATE
> Task :genesis:oracledrive:rootmanagement:kspDebugKotlin UP-TO-DATE
> Task :kai:sentinelsfortress:security:compileDebugKotlin UP-TO-DATE
> Task :kai:sentinelsfortress:security:javaPreCompileDebug UP-TO-DATE
> Task :kai:sentinelsfortress:security:compileDebugJavaWithJavac UP-TO-DATE
> Task :genesis:oracledrive:rootmanagement:compileDebugKotlin UP-TO-DATE
> Task :kai:sentinelsfortress:security:transformDebugClassesWithAsm UP-TO-DATE
> Task :genesis:oracledrive:rootmanagement:compileDebugJavaWithJavac UP-TO-DATE
> Task :kai:sentinelsfortress:security:bundleLibCompileToJarDebug UP-TO-DATE
> Task :kai:sentinelsfortress:systemintegrity:generateDebugBuildConfig UP-TO-DATE
> Task :genesis:oracledrive:rootmanagement:transformDebugClassesWithAsm UP-TO-DATE
> Task :genesis:oracledrive:rootmanagement:bundleLibCompileToJarDebug UP-TO-DATE
> Task :kai:sentinelsfortress:systemintegrity:javaPreCompileDebug UP-TO-DATE
> Task :kai:sentinelsfortress:security:bundleLibRuntimeToJarDebug UP-TO-DATE
> Task :kai:sentinelsfortress:threatmonitor:generateDebugBuildConfig UP-TO-DATE
> Task :kai:sentinelsfortress:systemintegrity:kspDebugKotlin UP-TO-DATE
> Task :kai:sentinelsfortress:systemintegrity:compileDebugKotlin NO-SOURCE
> Task :kai:sentinelsfortress:systemintegrity:compileDebugJavaWithJavac UP-TO-DATE
> Task :kai:sentinelsfortress:threatmonitor:kspDebugKotlin UP-TO-DATE
> Task :kai:sentinelsfortress:systemintegrity:transformDebugClassesWithAsm UP-TO-DATE
> Task :kai:sentinelsfortress:systemintegrity:bundleLibCompileToJarDebug UP-TO-DATE
> Task :kai:sentinelsfortress:threatmonitor:javaPreCompileDebug UP-TO-DATE
> Task :kai:sentinelsfortress:threatmonitor:compileDebugKotlin NO-SOURCE
> Task :kai:sentinelsfortress:threatmonitor:compileDebugJavaWithJavac UP-TO-DATE
> Task :kai:sentinelsfortress:threatmonitor:transformDebugClassesWithAsm UP-TO-DATE
> Task :kai:sentinelsfortress:threatmonitor:bundleLibCompileToJarDebug UP-TO-DATE
> Task :app:kspDebugKotlin UP-TO-DATE

> Task :app:compileDebugKotlin
./gradlew : e: file:///C:/Users/AuraF/StudioProjects/ReGenesis--multi-architectural-70-LDO-/app/src/main/java/dev/aurak
ai/auraframefx/ai/agents/AuraShieldAgent.kt:10:32 Conflicting import: imported name 'MutableStateFlow' is ambiguous.
At line:1 char:1
+ ./gradlew :app:compileDebugKotlin --console=plain > build_errors.txt  ...
+ ~~~~~~~~~~~~~~~~~~~~~~~~~~~~~~~~~~~~~~~~~~~~~~~~~~~~~~~~~~~~~~~~~~~~~
    + CategoryInfo          : NotSpecified: (e: file:///C:/U...' is ambiguous.:String) [], RemoteException
    + FullyQualifiedErrorId : NativeCommandError
 
e: file:///C:/Users/AuraF/StudioProjects/ReGenesis--multi-architectural-70-LDO-/app/src/main/java/dev/aurakai/auraframe
fx/ai/agents/AuraShieldAgent.kt:19:32 Conflicting import: imported name 'MutableStateFlow' is ambiguous.
e: file:///C:/Users/AuraF/StudioProjects/ReGenesis--multi-architectural-70-LDO-/app/src/main/java/dev/aurakai/auraframe
fx/service/AssistantBubbleService.kt:43:1 Class 'AssistantBubbleService' is not abstract and does not implement 
abstract members:
val lifecycle: Lifecycle
val viewModelStore: ViewModelStore
val savedStateRegistry: SavedStateRegistry
e: file:///C:/Users/AuraF/StudioProjects/ReGenesis--multi-architectural-70-LDO-/app/src/main/java/dev/aurakai/auraframe
fx/service/AssistantBubbleService.kt:58:5 'getLifecycle' overrides nothing.
e: file:///C:/Users/AuraF/StudioProjects/ReGenesis--multi-architectural-70-LDO-/app/src/main/java/dev/aurakai/auraframe
fx/service/AssistantBubbleService.kt:59:5 'getViewModelStore' overrides nothing.
e: file:///C:/Users/AuraF/StudioProjects/ReGenesis--multi-architectural-70-LDO-/app/src/main/java/dev/aurakai/auraframe
fx/service/AssistantBubbleService.kt:60:5 'getSavedStateRegistry' overrides nothing.
e: file:///C:/Users/AuraF/StudioProjects/ReGenesis--multi-architectural-70-LDO-/app/src/main/java/dev/aurakai/auraframe
fx/ui/navigation/gates/KaiGateScreen.kt:87:9 Unresolved reference 'AnimeHUDContainer'.
e: file:///C:/Users/AuraF/StudioProjects/ReGenesis--multi-architectural-70-LDO-/app/src/main/java/dev/aurakai/auraframe
fx/ui/navigation/gates/KaiGateScreen.kt:92:13 @Composable invocations can only happen from the context of a 
@Composable function

> Task :app:compileDebugKotlin FAILED
Kotlin build report is written to file:///C:/Users/AuraF/StudioProjects/ReGenesis--multi-architectural-70-LDO-/build/reports/kotlin-build/aurakai-reactive-intelligence-build-2026-01-28-15-33-05-0.txt

FAILURE: Build failed with an exception.

* What went wrong:
Execution failed for task ':app:compileDebugKotlin'.
> A failure occurred while executing 
org.jetbrains.kotlin.compilerRunner.GradleCompilerRunnerWithWorkers$GradleKotlinCompilerWorkAction
   > Compilation error. See log for more details

* Try:
> Run with --stacktrace option to get the stack trace.
> Run with --info or --debug option to get more log output.
> Run with --scan to get full insights from a Build Scan (powered by Develocity).
> Get more help at https://help.gradle.org.

BUILD FAILED in 17s
267 actionable tasks: 1 executed, 266 up-to-date
Configuration cache entry stored.
