Initialized native services in: C:\Users\AuraF\.gradle\native
Initialized jansi services in: C:\Users\AuraF\.gradle\native
The client will now receive all logging from the daemon (pid: 5584). The daemon log file: C:\Users\AuraF\.gradle\daemon\9.4.0-milestone-5\daemon-5584.out.log
Starting 5th build in daemon [uptime: 1 hrs 34 mins 51.565 secs, performance: 99%, GC rate: 0.00/s, heap usage: 2% of 10 GiB]
Using 2 worker leases.
Operational build model parameters: {cachingModelBuilding=false, configurationCache=true, configurationCacheDisabledReason=null, configurationCacheParallelLoad=true, configurationCacheParallelStore=false, configureOnDemand=false, invalidateCoupledProjects=false, isolatedProjects=false, modelAsProjectDependency=false, modelBuilding=false, parallelModelBuilding=false, parallelProjectConfiguration=false, parallelProjectExecution=true, resilientModelBuilding=false}
Encryption key source: default Gradle keystore (pkcs12)
Now considering [C:\Users\AuraF\StudioProjects\ReGenesis--multi-architectural-70-LDO-, C:\Users\AuraF\StudioProjects\ReGenesis--multi-architectural-70-LDO-\build-logic] as hierarchies to watch
Now considering [C:\Users\AuraF\StudioProjects\ReGenesis--multi-architectural-70-LDO-\build-logic, C:\Users\AuraF\StudioProjects\ReGenesis--multi-architectural-70-LDO-] as hierarchies to watch
Calculating task graph as configuration cache cannot be reused because the file system entry '.gradle\configuration-cache\2124b356-3a29-4ce5-8293-0c0eef15b466\.globals.work.bin' has been removed.
Now considering [C:\Users\AuraF\StudioProjects\ReGenesis--multi-architectural-70-LDO-, C:\Users\AuraF\StudioProjects\ReGenesis--multi-architectural-70-LDO-\build-logic] as hierarchies to watch
Watching the file system is configured to be enabled if available
File system watching is active
Starting Build
Now considering [C:\Users\AuraF\StudioProjects\ReGenesis--multi-architectural-70-LDO-\build-logic, C:\Users\AuraF\StudioProjects\ReGenesis--multi-architectural-70-LDO-] as hierarchies to watch
Resolved plugin [id: 'org.gradle.toolchains.foojay-resolver-convention', version: '1.0.0']
Using local directory build cache for build ':build-logic' (location = C:\Users\AuraF\.gradle\caches\build-cache-1, remove unused entries = after 7 days).

> Configure project :build-logic
Evaluating project ':build-logic' using build file 'C:\Users\AuraF\StudioProjects\ReGenesis--multi-architectural-70-LDO-\build-logic\build.gradle.kts'.
Resolved plugin [id: 'org.gradle.kotlin.kotlin-dsl', version: '6.5.2']
Build e34fa7cb-51bd-472c-8b1b-4533af2335ff is started
Using Kotlin Gradle Plugin gradle813 variant
kotlin scripting plugin: created the scripting discovery configuration: kotlinScriptDef
kotlin scripting plugin: created the scripting discovery configuration: testKotlinScriptDef
file or directory 'C:\Users\AuraF\StudioProjects\ReGenesis--multi-architectural-70-LDO-\build-logic\src\main\java', not found
Resolved plugin [id: 'org.gradle.toolchains.foojay-resolver-convention', version: '1.0.0']
Settings evaluated using settings file 'C:\Users\AuraF\StudioProjects\ReGenesis--multi-architectural-70-LDO-\settings.gradle.kts'.
Using local directory build cache for the root build (location = C:\Users\AuraF\.gradle\caches\build-cache-1, remove unused entries = after 7 days).
Type-safe project accessors is an incubating feature.
Projects loaded. Root project using build file 'C:\Users\AuraF\StudioProjects\ReGenesis--multi-architectural-70-LDO-\build.gradle.kts'.
Included projects: [root project 'aurakai-reactive-intelligence', project ':agents', project ':app', project ':aura', project ':cascade', project ':core', project ':core-module', project ':extendsysa', project ':extendsysb', project ':extendsysc', project ':extendsysd', project ':extendsyse', project ':extendsysf', project ':genesis', project ':kai', project ':list', project ':utilities', project ':agents:growthmetrics', project ':aura:reactivedesign', project ':cascade:datastream', project ':genesis:oracledrive', project ':kai:sentinelsfortress', project ':agents:growthmetrics:identity', project ':agents:growthmetrics:metareflection', project ':agents:growthmetrics:nexusmemory', project ':agents:growthmetrics:progression', project ':agents:growthmetrics:spheregrid', project ':agents:growthmetrics:tasker', project ':aura:reactivedesign:auraslab', project ':aura:reactivedesign:chromacore', project ':aura:reactivedesign:collabcanvas', project ':aura:reactivedesign:customization', project ':aura:reactivedesign:sandboxui', project ':cascade:datastream:delivery', project ':cascade:datastream:routing', project ':cascade:datastream:taskmanager', project ':genesis:oracledrive:datavein', project ':genesis:oracledrive:rootmanagement', project ':kai:sentinelsfortress:security', project ':kai:sentinelsfortress:systemintegrity', project ':kai:sentinelsfortress:threatmonitor']

> Configure project :
Evaluating root project 'aurakai-reactive-intelligence' using build file 'C:\Users\AuraF\StudioProjects\ReGenesis--multi-architectural-70-LDO-\build.gradle.kts'.
Resolved plugin [id: 'org.jetbrains.kotlin.android', version: '2.3.0', apply: false]
Resolved plugin [id: 'org.jetbrains.kotlin.plugin.compose', version: '2.3.0', apply: false]
Resolved plugin [id: 'org.jetbrains.kotlin.plugin.serialization', version: '2.3.0', apply: false]
Resolved plugin [id: 'org.jetbrains.kotlin.plugin.parcelize', version: '2.3.0', apply: false]
Resolved plugin [id: 'com.android.application', version: '9.1.0-alpha06', apply: false]
Resolved plugin [id: 'com.android.library', version: '9.1.0-alpha06', apply: false]
Resolved plugin [id: 'com.google.dagger.hilt.android', version: '2.59', apply: false]
Resolved plugin [id: 'com.google.devtools.ksp', version: '2.3.4', apply: false]
Resolved plugin [id: 'com.google.gms.google-services', version: '4.4.4', apply: false]
Resolved plugin [id: 'com.google.firebase.crashlytics', version: '3.0.6', apply: false]

> Configure project :agents
Evaluating project ':agents' using build file 'C:\Users\AuraF\StudioProjects\ReGenesis--multi-architectural-70-LDO-\agents\build.gradle.kts'.

> Configure project :app
Evaluating project ':app' using build file 'C:\Users\AuraF\StudioProjects\ReGenesis--multi-architectural-70-LDO-\app\build.gradle.kts'.
Resolved plugin [id: 'com.android.application']
Resolved plugin [id: 'com.google.dagger.hilt.android']
Resolved plugin [id: 'org.jetbrains.kotlin.plugin.compose']
Resolved plugin [id: 'org.jetbrains.kotlin.plugin.serialization']
Resolved plugin [id: 'com.google.devtools.ksp']
Resolved plugin [id: 'com.google.gms.google-services']
Resolved plugin [id: 'com.google.firebase.crashlytics']
Build 03af114a-b53a-4367-9d9d-59e4703636a1 is started
Using default execution profile
Detected Android Gradle Plugin compose compiler configuration
Detected Android Gradle Plugin compose compiler configuration
Detected Android Gradle Plugin compose compiler configuration
Detected Android Gradle Plugin compose compiler configuration
C/C++: android.ndkVersion from module build.gradle is [28.2.13676358]
C/C++: android.ndkPath from module build.gradle is not set
C/C++: ndk.dir in local.properties is not set
C/C++: Not considering ANDROID_NDK_HOME because support was removed after deprecation period.
C/C++: sdkFolder is C:\androidsdk
C/C++: android.ndkVersion from module build.gradle is [28.2.13676358]
C/C++: android.ndkPath from module build.gradle is not set
C/C++: ndk.dir in local.properties is not set
C/C++: Not considering ANDROID_NDK_HOME because support was removed after deprecation period.
C/C++: sdkFolder is C:\androidsdk
C/C++: android.ndkVersion from module build.gradle is [28.2.13676358]
C/C++: android.ndkPath from module build.gradle is not set
C/C++: ndk.dir in local.properties is not set
C/C++: Not considering ANDROID_NDK_HOME because support was removed after deprecation period.
C/C++: sdkFolder is C:\androidsdk
C/C++: android.ndkVersion from module build.gradle is [28.2.13676358]
C/C++: android.ndkPath from module build.gradle is not set
C/C++: ndk.dir in local.properties is not set
C/C++: Not considering ANDROID_NDK_HOME because support was removed after deprecation period.
C/C++: sdkFolder is C:\androidsdk
C/C++: android.ndkVersion from module build.gradle is [28.2.13676358]
C/C++: android.ndkPath from module build.gradle is not set
C/C++: ndk.dir in local.properties is not set
C/C++: Not considering ANDROID_NDK_HOME because support was removed after deprecation period.
C/C++: sdkFolder is C:\androidsdk
C/C++: android.ndkVersion from module build.gradle is [28.2.13676358]
C/C++: android.ndkPath from module build.gradle is not set
C/C++: ndk.dir in local.properties is not set
C/C++: Not considering ANDROID_NDK_HOME because support was removed after deprecation period.
C/C++: sdkFolder is C:\androidsdk
C/C++: android.ndkVersion from module build.gradle is [28.2.13676358]
C/C++: android.ndkPath from module build.gradle is not set
C/C++: ndk.dir in local.properties is not set
C/C++: Not considering ANDROID_NDK_HOME because support was removed after deprecation period.
C/C++: sdkFolder is C:\androidsdk
C/C++: android.ndkVersion from module build.gradle is [28.2.13676358]
C/C++: android.ndkPath from module build.gradle is not set
C/C++: ndk.dir in local.properties is not set
C/C++: Not considering ANDROID_NDK_HOME because support was removed after deprecation period.
C/C++: sdkFolder is C:\androidsdk
C/C++: android.ndkVersion from module build.gradle is [28.2.13676358]
C/C++: android.ndkPath from module build.gradle is not set
C/C++: ndk.dir in local.properties is not set
C/C++: Not considering ANDROID_NDK_HOME because support was removed after deprecation period.
C/C++: sdkFolder is C:\androidsdk
C/C++: android.ndkVersion from module build.gradle is [28.2.13676358]
C/C++: android.ndkPath from module build.gradle is not set
C/C++: ndk.dir in local.properties is not set
C/C++: Not considering ANDROID_NDK_HOME because support was removed after deprecation period.
C/C++: sdkFolder is C:\androidsdk
C/C++: android.ndkVersion from module build.gradle is [28.2.13676358]
C/C++: android.ndkPath from module build.gradle is not set
C/C++: ndk.dir in local.properties is not set
C/C++: Not considering ANDROID_NDK_HOME because support was removed after deprecation period.
C/C++: sdkFolder is C:\androidsdk
C/C++: android.ndkVersion from module build.gradle is [28.2.13676358]
C/C++: android.ndkPath from module build.gradle is not set
C/C++: ndk.dir in local.properties is not set
C/C++: Not considering ANDROID_NDK_HOME because support was removed after deprecation period.
C/C++: sdkFolder is C:\androidsdk
C/C++: android.ndkVersion from module build.gradle is [28.2.13676358]
C/C++: android.ndkPath from module build.gradle is not set
C/C++: ndk.dir in local.properties is not set
C/C++: Not considering ANDROID_NDK_HOME because support was removed after deprecation period.
C/C++: sdkFolder is C:\androidsdk

> Configure project :aura
Evaluating project ':aura' using build file 'C:\Users\AuraF\StudioProjects\ReGenesis--multi-architectural-70-LDO-\aura\build.gradle.kts'.

> Configure project :cascade
Evaluating project ':cascade' using build file 'C:\Users\AuraF\StudioProjects\ReGenesis--multi-architectural-70-LDO-\cascade\build.gradle.kts'.

> Configure project :core
Evaluating project ':core' using build file 'C:\Users\AuraF\StudioProjects\ReGenesis--multi-architectural-70-LDO-\core\build.gradle.kts'.

> Task :build-logic:checkKotlinGradlePluginConfigurationErrors SKIPPED
Skipping task ':build-logic:checkKotlinGradlePluginConfigurationErrors' as task onlyIf 'errorDiagnostics are present' is false.

> Task :build-logic:compileKotlin UP-TO-DATE
Build cache key for task ':build-logic:compileKotlin' is 962de28f10359e10c5d0362fc23b520e
Skipping task ':build-logic:compileKotlin' as it is up-to-date.

> Task :build-logic:compileJava NO-SOURCE
Skipping task ':build-logic:compileJava' as it has no source files and no previous output files.

> Task :build-logic:pluginDescriptors UP-TO-DATE
Caching disabled for task ':build-logic:pluginDescriptors' because:
  Not worth caching
Skipping task ':build-logic:pluginDescriptors' as it is up-to-date.

> Task :build-logic:processResources UP-TO-DATE
Caching disabled for task ':build-logic:processResources' because:
  Not worth caching
Skipping task ':build-logic:processResources' as it is up-to-date.

> Task :build-logic:classes UP-TO-DATE
Skipping task ':build-logic:classes' as it has no actions.

> Task :build-logic:jar UP-TO-DATE
Caching disabled for task ':build-logic:jar' because:
  Not worth caching
Skipping task ':build-logic:jar' as it is up-to-date.

> Configure project :core-module
Evaluating project ':core-module' using build file 'C:\Users\AuraF\StudioProjects\ReGenesis--multi-architectural-70-LDO-\core-module\build.gradle.kts'.
Resolved plugin [id: 'genesis.android.library']
Resolved plugin [id: 'com.google.dagger.hilt.android']
Resolved plugin [id: 'com.google.devtools.ksp']
Resolve mutations for :build-logic:checkKotlinGradlePluginConfigurationErrors (Thread[#322,included builds,5,main]) started.
:build-logic:checkKotlinGradlePluginConfigurationErrors (Thread[#322,included builds,5,main]) started.
Resolve mutations for :build-logic:compileKotlin (Thread[#322,included builds,5,main]) started.
:build-logic:compileKotlin (Thread[#322,included builds,5,main]) started.
Resolve mutations for :build-logic:compileJava (Thread[#322,included builds,5,main]) started.
:build-logic:compileJava (Thread[#322,included builds,5,main]) started.
Resolve mutations for :build-logic:pluginDescriptors (Thread[#322,included builds,5,main]) started.
:build-logic:pluginDescriptors (Thread[#322,included builds,5,main]) started.
Resolve mutations for :build-logic:processResources (Thread[#322,included builds,5,main]) started.
:build-logic:processResources (Thread[#322,included builds,5,main]) started.
Resolve mutations for :build-logic:classes (Thread[#322,included builds,5,main]) started.
:build-logic:classes (Thread[#322,included builds,5,main]) started.
Resolve mutations for :build-logic:jar (Thread[#322,included builds,5,main]) started.
:build-logic:jar (Thread[#322,included builds,5,main]) started.
Using default execution profile
Detected Android Gradle Plugin compose compiler configuration
Detected Android Gradle Plugin compose compiler configuration
Detected Android Gradle Plugin compose compiler configuration
Detected Android Gradle Plugin compose compiler configuration

> Configure project :extendsysa
Evaluating project ':extendsysa' using build file 'C:\Users\AuraF\StudioProjects\ReGenesis--multi-architectural-70-LDO-\extendsysa\build.gradle.kts'.
Resolved plugin [id: 'genesis.android.library']
Using default execution profile
Detected Android Gradle Plugin compose compiler configuration
Detected Android Gradle Plugin compose compiler configuration
Detected Android Gradle Plugin compose compiler configuration
Detected Android Gradle Plugin compose compiler configuration

> Configure project :extendsysb
Evaluating project ':extendsysb' using build file 'C:\Users\AuraF\StudioProjects\ReGenesis--multi-architectural-70-LDO-\extendsysb\build.gradle.kts'.
Resolved plugin [id: 'genesis.android.library']
Using default execution profile
Detected Android Gradle Plugin compose compiler configuration
Detected Android Gradle Plugin compose compiler configuration
Detected Android Gradle Plugin compose compiler configuration
Detected Android Gradle Plugin compose compiler configuration

> Configure project :extendsysc
Evaluating project ':extendsysc' using build file 'C:\Users\AuraF\StudioProjects\ReGenesis--multi-architectural-70-LDO-\extendsysc\build.gradle.kts'.
Resolved plugin [id: 'genesis.android.library']
Using default execution profile
Detected Android Gradle Plugin compose compiler configuration
Detected Android Gradle Plugin compose compiler configuration
Detected Android Gradle Plugin compose compiler configuration
Detected Android Gradle Plugin compose compiler configuration

> Configure project :extendsysd
Evaluating project ':extendsysd' using build file 'C:\Users\AuraF\StudioProjects\ReGenesis--multi-architectural-70-LDO-\extendsysd\build.gradle.kts'.
Resolved plugin [id: 'genesis.android.library']
Using default execution profile
Detected Android Gradle Plugin compose compiler configuration
Detected Android Gradle Plugin compose compiler configuration
Detected Android Gradle Plugin compose compiler configuration
Detected Android Gradle Plugin compose compiler configuration

> Configure project :extendsyse
Evaluating project ':extendsyse' using build file 'C:\Users\AuraF\StudioProjects\ReGenesis--multi-architectural-70-LDO-\extendsyse\build.gradle.kts'.
Resolved plugin [id: 'genesis.android.library']
Using default execution profile
Detected Android Gradle Plugin compose compiler configuration
Detected Android Gradle Plugin compose compiler configuration
Detected Android Gradle Plugin compose compiler configuration
Detected Android Gradle Plugin compose compiler configuration

> Configure project :extendsysf
Evaluating project ':extendsysf' using build file 'C:\Users\AuraF\StudioProjects\ReGenesis--multi-architectural-70-LDO-\extendsysf\build.gradle.kts'.
Resolved plugin [id: 'genesis.android.library']
Using default execution profile
Detected Android Gradle Plugin compose compiler configuration
Detected Android Gradle Plugin compose compiler configuration
Detected Android Gradle Plugin compose compiler configuration
Detected Android Gradle Plugin compose compiler configuration

> Configure project :genesis
Evaluating project ':genesis' using build file 'C:\Users\AuraF\StudioProjects\ReGenesis--multi-architectural-70-LDO-\genesis\build.gradle.kts'.

> Configure project :kai
Evaluating project ':kai' using build file 'C:\Users\AuraF\StudioProjects\ReGenesis--multi-architectural-70-LDO-\kai\build.gradle.kts'.

> Configure project :list
Evaluating project ':list' using build file 'C:\Users\AuraF\StudioProjects\ReGenesis--multi-architectural-70-LDO-\list\build.gradle.kts'.
Resolved plugin [id: 'maven-publish']
Resolved plugin [id: 'java-library']

> Configure project :utilities
Evaluating project ':utilities' using build file 'C:\Users\AuraF\StudioProjects\ReGenesis--multi-architectural-70-LDO-\utilities\build.gradle.kts'.
Resolved plugin [id: 'genesis.android.library.hilt']
Resolved plugin [id: 'org.jetbrains.kotlin.plugin.compose']
Resolved plugin [id: 'com.google.devtools.ksp']
Using default execution profile
Detected Android Gradle Plugin compose compiler configuration
Detected Android Gradle Plugin compose compiler configuration
Detected Android Gradle Plugin compose compiler configuration
Detected Android Gradle Plugin compose compiler configuration

> Configure project :agents:growthmetrics
Evaluating project ':agents:growthmetrics' using build file 'C:\Users\AuraF\StudioProjects\ReGenesis--multi-architectural-70-LDO-\agents\growthmetrics\build.gradle.kts'.

> Configure project :aura:reactivedesign
Evaluating project ':aura:reactivedesign' using build file 'C:\Users\AuraF\StudioProjects\ReGenesis--multi-architectural-70-LDO-\aura\reactivedesign\build.gradle.kts'.

> Configure project :cascade:datastream
Evaluating project ':cascade:datastream' using build file 'C:\Users\AuraF\StudioProjects\ReGenesis--multi-architectural-70-LDO-\cascade\datastream\build.gradle.kts'.

> Configure project :genesis:oracledrive
Evaluating project ':genesis:oracledrive' using build file 'C:\Users\AuraF\StudioProjects\ReGenesis--multi-architectural-70-LDO-\genesis\oracledrive\build.gradle.kts'.
Resolved plugin [id: 'genesis.android.library.hilt']
Build report service is registered. Unique build id: f187868a-4032-44e0-913e-c63ed075ab17
Using default execution profile
Detected Android Gradle Plugin compose compiler configuration
Detected Android Gradle Plugin compose compiler configuration
Detected Android Gradle Plugin compose compiler configuration
Detected Android Gradle Plugin compose compiler configuration

> Configure project :kai:sentinelsfortress
Evaluating project ':kai:sentinelsfortress' using build file 'C:\Users\AuraF\StudioProjects\ReGenesis--multi-architectural-70-LDO-\kai\sentinelsfortress\build.gradle.kts'.

> Configure project :agents:growthmetrics:identity
Evaluating project ':agents:growthmetrics:identity' using build file 'C:\Users\AuraF\StudioProjects\ReGenesis--multi-architectural-70-LDO-\agents\growthmetrics\identity\build.gradle.kts'.
Resolved plugin [id: 'genesis.android.library.hilt']
Resolved plugin [id: 'org.jetbrains.kotlin.plugin.serialization']
Using default execution profile
Detected Android Gradle Plugin compose compiler configuration
Detected Android Gradle Plugin compose compiler configuration
Detected Android Gradle Plugin compose compiler configuration
Detected Android Gradle Plugin compose compiler configuration

> Configure project :agents:growthmetrics:metareflection
Evaluating project ':agents:growthmetrics:metareflection' using build file 'C:\Users\AuraF\StudioProjects\ReGenesis--multi-architectural-70-LDO-\agents\growthmetrics\metareflection\build.gradle.kts'.
Resolved plugin [id: 'genesis.android.library.hilt']
Resolved plugin [id: 'org.jetbrains.kotlin.plugin.serialization']
Using default execution profile
Detected Android Gradle Plugin compose compiler configuration
Detected Android Gradle Plugin compose compiler configuration
Detected Android Gradle Plugin compose compiler configuration
Detected Android Gradle Plugin compose compiler configuration

> Configure project :agents:growthmetrics:nexusmemory
Evaluating project ':agents:growthmetrics:nexusmemory' using build file 'C:\Users\AuraF\StudioProjects\ReGenesis--multi-architectural-70-LDO-\agents\growthmetrics\nexusmemory\build.gradle.kts'.
Resolved plugin [id: 'genesis.android.library.hilt']
Resolved plugin [id: 'org.jetbrains.kotlin.plugin.serialization']
Resolved plugin [id: 'com.google.devtools.ksp']
Using default execution profile
Detected Android Gradle Plugin compose compiler configuration
Detected Android Gradle Plugin compose compiler configuration
Detected Android Gradle Plugin compose compiler configuration
Detected Android Gradle Plugin compose compiler configuration

> Configure project :agents:growthmetrics:progression
Evaluating project ':agents:growthmetrics:progression' using build file 'C:\Users\AuraF\StudioProjects\ReGenesis--multi-architectural-70-LDO-\agents\growthmetrics\progression\build.gradle.kts'.
Resolved plugin [id: 'genesis.android.library.hilt']
Using default execution profile
Detected Android Gradle Plugin compose compiler configuration
Detected Android Gradle Plugin compose compiler configuration
Detected Android Gradle Plugin compose compiler configuration
Detected Android Gradle Plugin compose compiler configuration

> Configure project :agents:growthmetrics:spheregrid
Evaluating project ':agents:growthmetrics:spheregrid' using build file 'C:\Users\AuraF\StudioProjects\ReGenesis--multi-architectural-70-LDO-\agents\growthmetrics\spheregrid\build.gradle.kts'.
Resolved plugin [id: 'genesis.android.library.hilt']
Resolved plugin [id: 'org.jetbrains.kotlin.plugin.serialization']
Using default execution profile
Detected Android Gradle Plugin compose compiler configuration
Detected Android Gradle Plugin compose compiler configuration
Detected Android Gradle Plugin compose compiler configuration
Detected Android Gradle Plugin compose compiler configuration

> Configure project :agents:growthmetrics:tasker
Evaluating project ':agents:growthmetrics:tasker' using build file 'C:\Users\AuraF\StudioProjects\ReGenesis--multi-architectural-70-LDO-\agents\growthmetrics\tasker\build.gradle.kts'.
Resolved plugin [id: 'genesis.android.library.hilt']
Using default execution profile
Detected Android Gradle Plugin compose compiler configuration
Detected Android Gradle Plugin compose compiler configuration
Detected Android Gradle Plugin compose compiler configuration
Detected Android Gradle Plugin compose compiler configuration

> Configure project :aura:reactivedesign:auraslab
Evaluating project ':aura:reactivedesign:auraslab' using build file 'C:\Users\AuraF\StudioProjects\ReGenesis--multi-architectural-70-LDO-\aura\reactivedesign\auraslab\build.gradle.kts'.
Resolved plugin [id: 'genesis.android.library.hilt']
Using default execution profile
Detected Android Gradle Plugin compose compiler configuration
Detected Android Gradle Plugin compose compiler configuration
Detected Android Gradle Plugin compose compiler configuration
Detected Android Gradle Plugin compose compiler configuration

> Configure project :aura:reactivedesign:chromacore
Evaluating project ':aura:reactivedesign:chromacore' using build file 'C:\Users\AuraF\StudioProjects\ReGenesis--multi-architectural-70-LDO-\aura\reactivedesign\chromacore\build.gradle.kts'.
Resolved plugin [id: 'genesis.android.library.hilt']
Using default execution profile
Detected Android Gradle Plugin compose compiler configuration
Detected Android Gradle Plugin compose compiler configuration
Detected Android Gradle Plugin compose compiler configuration
Detected Android Gradle Plugin compose compiler configuration

> Configure project :aura:reactivedesign:collabcanvas
Evaluating project ':aura:reactivedesign:collabcanvas' using build file 'C:\Users\AuraF\StudioProjects\ReGenesis--multi-architectural-70-LDO-\aura\reactivedesign\collabcanvas\build.gradle.kts'.
Resolved plugin [id: 'genesis.android.library.hilt']
Using default execution profile
Detected Android Gradle Plugin compose compiler configuration
Detected Android Gradle Plugin compose compiler configuration
Detected Android Gradle Plugin compose compiler configuration
Detected Android Gradle Plugin compose compiler configuration

> Configure project :aura:reactivedesign:customization
Evaluating project ':aura:reactivedesign:customization' using build file 'C:\Users\AuraF\StudioProjects\ReGenesis--multi-architectural-70-LDO-\aura\reactivedesign\customization\build.gradle.kts'.
Resolved plugin [id: 'genesis.android.library.hilt']
Using default execution profile
Detected Android Gradle Plugin compose compiler configuration
Detected Android Gradle Plugin compose compiler configuration
Detected Android Gradle Plugin compose compiler configuration
Detected Android Gradle Plugin compose compiler configuration

> Configure project :aura:reactivedesign:sandboxui
Evaluating project ':aura:reactivedesign:sandboxui' using build file 'C:\Users\AuraF\StudioProjects\ReGenesis--multi-architectural-70-LDO-\aura\reactivedesign\sandboxui\build.gradle.kts'.
Resolved plugin [id: 'genesis.android.library.hilt']
Using default execution profile
Detected Android Gradle Plugin compose compiler configuration
Detected Android Gradle Plugin compose compiler configuration
Detected Android Gradle Plugin compose compiler configuration
Detected Android Gradle Plugin compose compiler configuration

> Configure project :cascade:datastream:delivery
Evaluating project ':cascade:datastream:delivery' using build file 'C:\Users\AuraF\StudioProjects\ReGenesis--multi-architectural-70-LDO-\cascade\datastream\delivery\build.gradle.kts'.
Resolved plugin [id: 'genesis.android.library.hilt']
Using default execution profile
Detected Android Gradle Plugin compose compiler configuration
Detected Android Gradle Plugin compose compiler configuration
Detected Android Gradle Plugin compose compiler configuration
Detected Android Gradle Plugin compose compiler configuration

> Configure project :cascade:datastream:routing
Evaluating project ':cascade:datastream:routing' using build file 'C:\Users\AuraF\StudioProjects\ReGenesis--multi-architectural-70-LDO-\cascade\datastream\routing\build.gradle.kts'.
Resolved plugin [id: 'genesis.android.library.hilt']
Using default execution profile
Detected Android Gradle Plugin compose compiler configuration
Detected Android Gradle Plugin compose compiler configuration
Detected Android Gradle Plugin compose compiler configuration
Detected Android Gradle Plugin compose compiler configuration

> Configure project :cascade:datastream:taskmanager
Evaluating project ':cascade:datastream:taskmanager' using build file 'C:\Users\AuraF\StudioProjects\ReGenesis--multi-architectural-70-LDO-\cascade\datastream\taskmanager\build.gradle.kts'.
Resolved plugin [id: 'genesis.android.library.hilt']
Using default execution profile
Detected Android Gradle Plugin compose compiler configuration
Detected Android Gradle Plugin compose compiler configuration
Detected Android Gradle Plugin compose compiler configuration
Detected Android Gradle Plugin compose compiler configuration

> Configure project :genesis:oracledrive:datavein
Evaluating project ':genesis:oracledrive:datavein' using build file 'C:\Users\AuraF\StudioProjects\ReGenesis--multi-architectural-70-LDO-\genesis\oracledrive\datavein\build.gradle.kts'.
Resolved plugin [id: 'genesis.android.library.hilt']
Using default execution profile
Detected Android Gradle Plugin compose compiler configuration
Detected Android Gradle Plugin compose compiler configuration
Detected Android Gradle Plugin compose compiler configuration
Detected Android Gradle Plugin compose compiler configuration

> Configure project :genesis:oracledrive:rootmanagement
Evaluating project ':genesis:oracledrive:rootmanagement' using build file 'C:\Users\AuraF\StudioProjects\ReGenesis--multi-architectural-70-LDO-\genesis\oracledrive\rootmanagement\build.gradle.kts'.
Resolved plugin [id: 'genesis.android.library.hilt']
Resolved plugin [id: 'org.jetbrains.kotlin.plugin.serialization']
Using default execution profile
Detected Android Gradle Plugin compose compiler configuration
Detected Android Gradle Plugin compose compiler configuration
Detected Android Gradle Plugin compose compiler configuration
Detected Android Gradle Plugin compose compiler configuration

> Configure project :kai:sentinelsfortress:security
Evaluating project ':kai:sentinelsfortress:security' using build file 'C:\Users\AuraF\StudioProjects\ReGenesis--multi-architectural-70-LDO-\kai\sentinelsfortress\security\build.gradle.kts'.
Resolved plugin [id: 'genesis.android.library.hilt']
Using default execution profile
Detected Android Gradle Plugin compose compiler configuration
Detected Android Gradle Plugin compose compiler configuration
Detected Android Gradle Plugin compose compiler configuration
Detected Android Gradle Plugin compose compiler configuration

> Configure project :kai:sentinelsfortress:systemintegrity
Evaluating project ':kai:sentinelsfortress:systemintegrity' using build file 'C:\Users\AuraF\StudioProjects\ReGenesis--multi-architectural-70-LDO-\kai\sentinelsfortress\systemintegrity\build.gradle.kts'.
Resolved plugin [id: 'genesis.android.library.hilt']
Using default execution profile
Detected Android Gradle Plugin compose compiler configuration
Detected Android Gradle Plugin compose compiler configuration
Detected Android Gradle Plugin compose compiler configuration
Detected Android Gradle Plugin compose compiler configuration

> Configure project :kai:sentinelsfortress:threatmonitor
Evaluating project ':kai:sentinelsfortress:threatmonitor' using build file 'C:\Users\AuraF\StudioProjects\ReGenesis--multi-architectural-70-LDO-\kai\sentinelsfortress\threatmonitor\build.gradle.kts'.
Resolved plugin [id: 'genesis.android.library.hilt']
Using default execution profile
Detected Android Gradle Plugin compose compiler configuration
Detected Android Gradle Plugin compose compiler configuration
Detected Android Gradle Plugin compose compiler configuration
Detected Android Gradle Plugin compose compiler configuration
All projects evaluated.
Task path ':app:compileDebugKotlin' matched project ':app'
Task name matched 'compileDebugKotlin'
Adding -Xuse-inline-scopes-numbers Kotlin compiler flag for task :app:compileDebugKotlin
Selected primary task 'compileDebugKotlin' from project :app
Tasks to be executed: [task ':app:preBuild', task ':app:preDebugBuild', task ':core-module:preBuild', task ':core-module:preDebugBuild', task ':core-module:compileDebugAidl', task ':genesis:oracledrive:preBuild', task ':genesis:oracledrive:preDebugBuild', task ':genesis:oracledrive:compileDebugAidl', task ':agents:growthmetrics:identity:preBuild', task ':agents:growthmetrics:identity:preDebugBuild', task ':agents:growthmetrics:identity:compileDebugAidl', task ':agents:growthmetrics:metareflection:preBuild', task ':agents:growthmetrics:metareflection:preDebugBuild', task ':agents:growthmetrics:metareflection:compileDebugAidl', task ':agents:growthmetrics:nexusmemory:preBuild', task ':agents:growthmetrics:nexusmemory:preDebugBuild', task ':agents:growthmetrics:nexusmemory:compileDebugAidl', task ':agents:growthmetrics:progression:preBuild', task ':agents:growthmetrics:progression:preDebugBuild', task ':agents:growthmetrics:spheregrid:preBuild', task ':agents:growthmetrics:spheregrid:preDebugBuild', task ':agents:growthmetrics:spheregrid:compileDebugAidl', task ':agents:growthmetrics:progression:compileDebugAidl', task ':agents:growthmetrics:tasker:preBuild', task ':agents:growthmetrics:tasker:preDebugBuild', task ':cascade:datastream:routing:preBuild', task ':cascade:datastream:routing:preDebugBuild', task ':cascade:datastream:routing:compileDebugAidl', task ':cascade:datastream:taskmanager:preBuild', task ':cascade:datastream:taskmanager:preDebugBuild', task ':cascade:datastream:taskmanager:compileDebugAidl', task ':agents:growthmetrics:tasker:compileDebugAidl', task ':aura:reactivedesign:auraslab:preBuild', task ':aura:reactivedesign:auraslab:preDebugBuild', task ':aura:reactivedesign:auraslab:compileDebugAidl', task ':aura:reactivedesign:chromacore:preBuild', task ':aura:reactivedesign:chromacore:preDebugBuild', task ':aura:reactivedesign:chromacore:compileDebugAidl', task ':aura:reactivedesign:collabcanvas:preBuild', task ':aura:reactivedesign:collabcanvas:preDebugBuild', task ':aura:reactivedesign:collabcanvas:compileDebugAidl', task ':aura:reactivedesign:customization:preBuild', task ':aura:reactivedesign:customization:preDebugBuild', task ':aura:reactivedesign:customization:compileDebugAidl', task ':aura:reactivedesign:sandboxui:preBuild', task ':aura:reactivedesign:sandboxui:preDebugBuild', task ':aura:reactivedesign:sandboxui:compileDebugAidl', task ':cascade:datastream:delivery:preBuild', task ':cascade:datastream:delivery:preDebugBuild', task ':cascade:datastream:delivery:compileDebugAidl', task ':genesis:oracledrive:datavein:preBuild', task ':genesis:oracledrive:datavein:preDebugBuild', task ':genesis:oracledrive:datavein:compileDebugAidl', task ':genesis:oracledrive:rootmanagement:preBuild', task ':genesis:oracledrive:rootmanagement:preDebugBuild', task ':genesis:oracledrive:rootmanagement:compileDebugAidl', task ':kai:sentinelsfortress:security:preBuild', task ':kai:sentinelsfortress:security:preDebugBuild', task ':kai:sentinelsfortress:security:compileDebugAidl', task ':kai:sentinelsfortress:systemintegrity:preBuild', task ':kai:sentinelsfortress:systemintegrity:preDebugBuild', task ':kai:sentinelsfortress:systemintegrity:compileDebugAidl', task ':kai:sentinelsfortress:threatmonitor:preBuild', task ':kai:sentinelsfortress:threatmonitor:preDebugBuild', task ':kai:sentinelsfortress:threatmonitor:compileDebugAidl', task ':app:compileDebugAidl', task ':app:dataBindingMergeDependencyArtifactsDebug', task ':app:generateDebugResources', task ':app:injectCrashlyticsMappingFileIdDebug', task ':app:injectCrashlyticsVersionControlInfoDebug', task ':app:processDebugGoogleServices', task ':core-module:generateDebugResources', task ':core-module:packageDebugResources', task ':genesis:oracledrive:generateDebugResources', task ':genesis:oracledrive:packageDebugResources', task ':agents:growthmetrics:identity:generateDebugResources', task ':agents:growthmetrics:identity:packageDebugResources', task ':agents:growthmetrics:metareflection:generateDebugResources', task ':agents:growthmetrics:metareflection:packageDebugResources', task ':agents:growthmetrics:nexusmemory:generateDebugResources', task ':agents:growthmetrics:nexusmemory:packageDebugResources', task ':agents:growthmetrics:progression:generateDebugResources', task ':agents:growthmetrics:progression:packageDebugResources', task ':agents:growthmetrics:spheregrid:generateDebugResources', task ':agents:growthmetrics:spheregrid:packageDebugResources', task ':agents:growthmetrics:tasker:generateDebugResources', task ':agents:growthmetrics:tasker:packageDebugResources', task ':aura:reactivedesign:auraslab:generateDebugResources', task ':aura:reactivedesign:auraslab:packageDebugResources', task ':aura:reactivedesign:chromacore:generateDebugResources', task ':aura:reactivedesign:chromacore:packageDebugResources', task ':aura:reactivedesign:collabcanvas:generateDebugResources', task ':aura:reactivedesign:collabcanvas:packageDebugResources', task ':aura:reactivedesign:customization:generateDebugResources', task ':aura:reactivedesign:customization:packageDebugResources', task ':aura:reactivedesign:sandboxui:generateDebugResources', task ':aura:reactivedesign:sandboxui:packageDebugResources', task ':cascade:datastream:delivery:generateDebugResources', task ':cascade:datastream:delivery:packageDebugResources', task ':cascade:datastream:routing:generateDebugResources', task ':cascade:datastream:routing:packageDebugResources', task ':cascade:datastream:taskmanager:generateDebugResources', task ':cascade:datastream:taskmanager:packageDebugResources', task ':genesis:oracledrive:datavein:generateDebugResources', task ':genesis:oracledrive:datavein:packageDebugResources', task ':genesis:oracledrive:rootmanagement:generateDebugResources', task ':genesis:oracledrive:rootmanagement:packageDebugResources', task ':kai:sentinelsfortress:security:generateDebugResources', task ':kai:sentinelsfortress:security:packageDebugResources', task ':kai:sentinelsfortress:systemintegrity:generateDebugResources', task ':kai:sentinelsfortress:systemintegrity:packageDebugResources', task ':kai:sentinelsfortress:threatmonitor:generateDebugResources', task ':kai:sentinelsfortress:threatmonitor:packageDebugResources', task ':app:mergeDebugResources', task ':app:packageDebugResources', task ':core-module:processDebugNavigationResources', task ':genesis:oracledrive:processDebugNavigationResources', task ':agents:growthmetrics:identity:processDebugNavigationResources', task ':agents:growthmetrics:metareflection:processDebugNavigationResources', task ':agents:growthmetrics:nexusmemory:processDebugNavigationResources', task ':agents:growthmetrics:progression:processDebugNavigationResources', task ':agents:growthmetrics:spheregrid:processDebugNavigationResources', task ':agents:growthmetrics:tasker:processDebugNavigationResources', task ':aura:reactivedesign:auraslab:processDebugNavigationResources', task ':aura:reactivedesign:chromacore:processDebugNavigationResources', task ':aura:reactivedesign:collabcanvas:processDebugNavigationResources', task ':aura:reactivedesign:customization:processDebugNavigationResources', task ':aura:reactivedesign:sandboxui:processDebugNavigationResources', task ':cascade:datastream:delivery:processDebugNavigationResources', task ':cascade:datastream:routing:processDebugNavigationResources', task ':cascade:datastream:taskmanager:processDebugNavigationResources', task ':genesis:oracledrive:datavein:processDebugNavigationResources', task ':genesis:oracledrive:rootmanagement:processDebugNavigationResources', task ':kai:sentinelsfortress:security:processDebugNavigationResources', task ':kai:sentinelsfortress:systemintegrity:processDebugNavigationResources', task ':kai:sentinelsfortress:threatmonitor:processDebugNavigationResources', task ':app:processDebugNavigationResources', task ':app:parseDebugLocalResources', task ':core-module:parseDebugLocalResources', task ':core-module:generateDebugRFile', task ':genesis:oracledrive:parseDebugLocalResources', task ':genesis:oracledrive:generateDebugRFile', task ':agents:growthmetrics:identity:parseDebugLocalResources', task ':agents:growthmetrics:identity:generateDebugRFile', task ':agents:growthmetrics:metareflection:parseDebugLocalResources', task ':agents:growthmetrics:metareflection:generateDebugRFile', task ':agents:growthmetrics:nexusmemory:parseDebugLocalResources', task ':agents:growthmetrics:nexusmemory:generateDebugRFile', task ':agents:growthmetrics:progression:parseDebugLocalResources', task ':agents:growthmetrics:progression:generateDebugRFile', task ':agents:growthmetrics:spheregrid:parseDebugLocalResources', task ':agents:growthmetrics:spheregrid:generateDebugRFile', task ':agents:growthmetrics:tasker:parseDebugLocalResources', task ':agents:growthmetrics:tasker:generateDebugRFile', task ':aura:reactivedesign:auraslab:parseDebugLocalResources', task ':aura:reactivedesign:auraslab:generateDebugRFile', task ':aura:reactivedesign:chromacore:parseDebugLocalResources', task ':aura:reactivedesign:chromacore:generateDebugRFile', task ':aura:reactivedesign:collabcanvas:parseDebugLocalResources', task ':aura:reactivedesign:collabcanvas:generateDebugRFile', task ':aura:reactivedesign:customization:parseDebugLocalResources', task ':aura:reactivedesign:customization:generateDebugRFile', task ':aura:reactivedesign:sandboxui:parseDebugLocalResources', task ':aura:reactivedesign:sandboxui:generateDebugRFile', task ':cascade:datastream:delivery:parseDebugLocalResources', task ':cascade:datastream:delivery:generateDebugRFile', task ':cascade:datastream:routing:parseDebugLocalResources', task ':cascade:datastream:routing:generateDebugRFile', task ':cascade:datastream:taskmanager:parseDebugLocalResources', task ':cascade:datastream:taskmanager:generateDebugRFile', task ':genesis:oracledrive:datavein:parseDebugLocalResources', task ':genesis:oracledrive:datavein:generateDebugRFile', task ':genesis:oracledrive:rootmanagement:parseDebugLocalResources', task ':genesis:oracledrive:rootmanagement:generateDebugRFile', task ':kai:sentinelsfortress:security:parseDebugLocalResources', task ':kai:sentinelsfortress:security:generateDebugRFile', task ':kai:sentinelsfortress:systemintegrity:parseDebugLocalResources', task ':kai:sentinelsfortress:systemintegrity:generateDebugRFile', task ':kai:sentinelsfortress:threatmonitor:parseDebugLocalResources', task ':kai:sentinelsfortress:threatmonitor:generateDebugRFile', task ':app:dataBindingGenBaseClassesDebug', task ':app:generateDebugBuildConfig', task ':app:generateDebugRFile', task ':core-module:generateDebugBuildConfig', task ':core-module:kspDebugKotlin', task ':core-module:compileDebugKotlin', task ':core-module:javaPreCompileDebug', task ':core-module:compileDebugJavaWithJavac', task ':core-module:transformDebugClassesWithAsm', task ':core-module:bundleLibCompileToJarDebug', task ':genesis:oracledrive:generateDebugBuildConfig', task ':genesis:oracledrive:kspDebugKotlin', task ':genesis:oracledrive:compileDebugKotlin', task ':genesis:oracledrive:javaPreCompileDebug', task ':genesis:oracledrive:compileDebugJavaWithJavac', task ':genesis:oracledrive:transformDebugClassesWithAsm', task ':genesis:oracledrive:bundleLibCompileToJarDebug', task ':agents:growthmetrics:identity:generateDebugBuildConfig', task ':agents:growthmetrics:identity:kspDebugKotlin', task ':agents:growthmetrics:identity:compileDebugKotlin', task ':agents:growthmetrics:identity:javaPreCompileDebug', task ':agents:growthmetrics:identity:compileDebugJavaWithJavac', task ':agents:growthmetrics:identity:transformDebugClassesWithAsm', task ':agents:growthmetrics:identity:bundleLibCompileToJarDebug', task ':agents:growthmetrics:metareflection:generateDebugBuildConfig', task ':agents:growthmetrics:metareflection:kspDebugKotlin', task ':agents:growthmetrics:metareflection:compileDebugKotlin', task ':agents:growthmetrics:metareflection:javaPreCompileDebug', task ':agents:growthmetrics:metareflection:compileDebugJavaWithJavac', task ':agents:growthmetrics:metareflection:transformDebugClassesWithAsm', task ':agents:growthmetrics:metareflection:bundleLibCompileToJarDebug', task ':agents:growthmetrics:nexusmemory:generateDebugBuildConfig', task ':agents:growthmetrics:nexusmemory:kspDebugKotlin', task ':agents:growthmetrics:nexusmemory:compileDebugKotlin', task ':agents:growthmetrics:nexusmemory:javaPreCompileDebug', task ':agents:growthmetrics:nexusmemory:compileDebugJavaWithJavac', task ':agents:growthmetrics:nexusmemory:transformDebugClassesWithAsm', task ':agents:growthmetrics:nexusmemory:bundleLibCompileToJarDebug', task ':agents:growthmetrics:metareflection:bundleLibRuntimeToJarDebug', task ':agents:growthmetrics:progression:generateDebugBuildConfig', task ':agents:growthmetrics:spheregrid:generateDebugBuildConfig', task ':agents:growthmetrics:spheregrid:kspDebugKotlin', task ':agents:growthmetrics:spheregrid:compileDebugKotlin', task ':agents:growthmetrics:spheregrid:javaPreCompileDebug', task ':agents:growthmetrics:spheregrid:compileDebugJavaWithJavac', task ':agents:growthmetrics:spheregrid:transformDebugClassesWithAsm', task ':agents:growthmetrics:spheregrid:bundleLibCompileToJarDebug', task ':agents:growthmetrics:progression:kspDebugKotlin', task ':agents:growthmetrics:progression:compileDebugKotlin', task ':agents:growthmetrics:progression:javaPreCompileDebug', task ':agents:growthmetrics:progression:compileDebugJavaWithJavac', task ':agents:growthmetrics:spheregrid:bundleLibRuntimeToJarDebug', task ':agents:growthmetrics:progression:transformDebugClassesWithAsm', task ':agents:growthmetrics:progression:bundleLibCompileToJarDebug', task ':agents:growthmetrics:tasker:generateDebugBuildConfig', task ':cascade:datastream:routing:generateDebugBuildConfig', task ':cascade:datastream:routing:kspDebugKotlin', task ':cascade:datastream:routing:compileDebugKotlin', task ':cascade:datastream:routing:javaPreCompileDebug', task ':cascade:datastream:routing:compileDebugJavaWithJavac', task ':cascade:datastream:routing:transformDebugClassesWithAsm', task ':cascade:datastream:routing:bundleLibCompileToJarDebug', task ':cascade:datastream:routing:bundleLibRuntimeToJarDebug', task ':cascade:datastream:taskmanager:generateDebugBuildConfig', task ':cascade:datastream:taskmanager:kspDebugKotlin', task ':cascade:datastream:taskmanager:compileDebugKotlin', task ':cascade:datastream:taskmanager:javaPreCompileDebug', task ':cascade:datastream:taskmanager:compileDebugJavaWithJavac', task ':cascade:datastream:taskmanager:transformDebugClassesWithAsm', task ':cascade:datastream:taskmanager:bundleLibCompileToJarDebug', task ':agents:growthmetrics:tasker:kspDebugKotlin', task ':agents:growthmetrics:tasker:compileDebugKotlin', task ':agents:growthmetrics:tasker:javaPreCompileDebug', task ':agents:growthmetrics:tasker:compileDebugJavaWithJavac', task ':cascade:datastream:taskmanager:bundleLibRuntimeToJarDebug', task ':agents:growthmetrics:tasker:transformDebugClassesWithAsm', task ':agents:growthmetrics:tasker:bundleLibCompileToJarDebug', task ':aura:reactivedesign:auraslab:generateDebugBuildConfig', task ':aura:reactivedesign:auraslab:kspDebugKotlin', task ':aura:reactivedesign:auraslab:compileDebugKotlin', task ':aura:reactivedesign:auraslab:javaPreCompileDebug', task ':aura:reactivedesign:auraslab:compileDebugJavaWithJavac', task ':aura:reactivedesign:auraslab:transformDebugClassesWithAsm', task ':aura:reactivedesign:auraslab:bundleLibCompileToJarDebug', task ':aura:reactivedesign:chromacore:generateDebugBuildConfig', task ':aura:reactivedesign:chromacore:kspDebugKotlin', task ':aura:reactivedesign:chromacore:compileDebugKotlin', task ':aura:reactivedesign:chromacore:javaPreCompileDebug', task ':aura:reactivedesign:chromacore:compileDebugJavaWithJavac', task ':aura:reactivedesign:chromacore:transformDebugClassesWithAsm', task ':aura:reactivedesign:chromacore:bundleLibCompileToJarDebug', task ':aura:reactivedesign:collabcanvas:generateDebugBuildConfig', task ':aura:reactivedesign:collabcanvas:kspDebugKotlin', task ':aura:reactivedesign:collabcanvas:compileDebugKotlin', task ':aura:reactivedesign:collabcanvas:javaPreCompileDebug', task ':aura:reactivedesign:collabcanvas:compileDebugJavaWithJavac', task ':aura:reactivedesign:collabcanvas:transformDebugClassesWithAsm', task ':aura:reactivedesign:collabcanvas:bundleLibCompileToJarDebug', task ':aura:reactivedesign:customization:generateDebugBuildConfig', task ':aura:reactivedesign:customization:kspDebugKotlin', task ':aura:reactivedesign:customization:compileDebugKotlin', task ':aura:reactivedesign:customization:javaPreCompileDebug', task ':aura:reactivedesign:customization:compileDebugJavaWithJavac', task ':aura:reactivedesign:customization:transformDebugClassesWithAsm', task ':aura:reactivedesign:customization:bundleLibCompileToJarDebug', task ':aura:reactivedesign:sandboxui:generateDebugBuildConfig', task ':aura:reactivedesign:sandboxui:kspDebugKotlin', task ':aura:reactivedesign:sandboxui:compileDebugKotlin', task ':aura:reactivedesign:sandboxui:javaPreCompileDebug', task ':aura:reactivedesign:sandboxui:compileDebugJavaWithJavac', task ':aura:reactivedesign:sandboxui:transformDebugClassesWithAsm', task ':aura:reactivedesign:sandboxui:bundleLibCompileToJarDebug', task ':cascade:datastream:delivery:generateDebugBuildConfig', task ':cascade:datastream:delivery:kspDebugKotlin', task ':cascade:datastream:delivery:compileDebugKotlin', task ':cascade:datastream:delivery:javaPreCompileDebug', task ':cascade:datastream:delivery:compileDebugJavaWithJavac', task ':cascade:datastream:delivery:transformDebugClassesWithAsm', task ':cascade:datastream:delivery:bundleLibCompileToJarDebug', task ':genesis:oracledrive:datavein:generateDebugBuildConfig', task ':genesis:oracledrive:datavein:kspDebugKotlin', task ':genesis:oracledrive:datavein:compileDebugKotlin', task ':genesis:oracledrive:datavein:javaPreCompileDebug', task ':genesis:oracledrive:datavein:compileDebugJavaWithJavac', task ':genesis:oracledrive:datavein:transformDebugClassesWithAsm', task ':genesis:oracledrive:datavein:bundleLibCompileToJarDebug', task ':genesis:oracledrive:rootmanagement:generateDebugBuildConfig', task ':genesis:oracledrive:rootmanagement:kspDebugKotlin', task ':genesis:oracledrive:rootmanagement:compileDebugKotlin', task ':genesis:oracledrive:rootmanagement:javaPreCompileDebug', task ':genesis:oracledrive:rootmanagement:compileDebugJavaWithJavac', task ':genesis:oracledrive:rootmanagement:transformDebugClassesWithAsm', task ':genesis:oracledrive:rootmanagement:bundleLibCompileToJarDebug', task ':kai:sentinelsfortress:security:generateDebugBuildConfig', task ':kai:sentinelsfortress:security:kspDebugKotlin', task ':kai:sentinelsfortress:security:compileDebugKotlin', task ':kai:sentinelsfortress:security:javaPreCompileDebug', task ':kai:sentinelsfortress:security:compileDebugJavaWithJavac', task ':kai:sentinelsfortress:security:transformDebugClassesWithAsm', task ':kai:sentinelsfortress:security:bundleLibCompileToJarDebug', task ':kai:sentinelsfortress:systemintegrity:generateDebugBuildConfig', task ':kai:sentinelsfortress:systemintegrity:kspDebugKotlin', task ':kai:sentinelsfortress:systemintegrity:compileDebugKotlin', task ':kai:sentinelsfortress:systemintegrity:javaPreCompileDebug', task ':kai:sentinelsfortress:systemintegrity:compileDebugJavaWithJavac', task ':kai:sentinelsfortress:systemintegrity:transformDebugClassesWithAsm', task ':kai:sentinelsfortress:systemintegrity:bundleLibCompileToJarDebug', task ':kai:sentinelsfortress:security:bundleLibRuntimeToJarDebug', task ':kai:sentinelsfortress:threatmonitor:generateDebugBuildConfig', task ':kai:sentinelsfortress:threatmonitor:kspDebugKotlin', task ':kai:sentinelsfortress:threatmonitor:compileDebugKotlin', task ':kai:sentinelsfortress:threatmonitor:javaPreCompileDebug', task ':kai:sentinelsfortress:threatmonitor:compileDebugJavaWithJavac', task ':kai:sentinelsfortress:threatmonitor:transformDebugClassesWithAsm', task ':kai:sentinelsfortress:threatmonitor:bundleLibCompileToJarDebug', task ':app:kspDebugKotlin', task ':app:compileDebugKotlin']
Tasks that were excluded: []
Registered task dependencies: app:debugCompileClasspath
Skipping misunderstood TO dep string: androidx.compose.ui:ui-tooling
Skipping misunderstood TO dep string: org.jetbrains.kotlin:kotlin-stdlib
Skipping misunderstood TO dep string: org.jetbrains.kotlin:kotlin-stdlib
Skipping misunderstood TO dep string: org.jetbrains.kotlin:kotlin-stdlib
Skipping misunderstood TO dep string: org.jetbrains.kotlin:kotlin-stdlib
Skipping misunderstood TO dep string: org.jetbrains.kotlin:kotlin-stdlib
Skipping misunderstood TO dep string: org.jetbrains.kotlin:kotlin-stdlib
Skipping misunderstood TO dep string: org.jetbrains.kotlin:kotlin-stdlib
Skipping misunderstood TO dep string: org.jetbrains.kotlin:kotlin-stdlib
Skipping misunderstood TO dep string: org.jetbrains.kotlin:kotlin-stdlib
Skipping misunderstood TO dep string: androidx.compose.ui:ui
Skipping misunderstood TO dep string: androidx.compose.ui:ui-graphics
Skipping misunderstood TO dep string: androidx.compose.ui:ui-tooling-preview
Skipping misunderstood TO dep string: androidx.compose.material3:material3
Skipping misunderstood TO dep string: androidx.compose.animation:animation
Skipping misunderstood TO dep string: androidx.compose.material:material-icons-extended
Skipping misunderstood TO dep string: org.jetbrains.kotlin:kotlin-stdlib
Skipping misunderstood TO dep string: org.jetbrains.kotlin:kotlin-stdlib
Skipping misunderstood TO dep string: org.jetbrains.kotlin:kotlin-stdlib
Skipping misunderstood TO dep string: org.jetbrains.kotlin:kotlin-stdlib
Skipping misunderstood TO dep string: org.jetbrains.kotlin:kotlin-stdlib
Skipping misunderstood TO dep string: androidx.compose.runtime:runtime
Skipping misunderstood TO dep string: androidx.compose.ui:ui
Skipping misunderstood TO dep string: androidx.compose.material3:material3
Skipping misunderstood TO dep string: androidx.compose.runtime:runtime
Skipping misunderstood TO dep string: androidx.compose.ui:ui
Skipping misunderstood TO dep string: androidx.compose.material3:material3
Skipping misunderstood TO dep string: androidx.compose.runtime:runtime
Skipping misunderstood TO dep string: androidx.compose.ui:ui
Skipping misunderstood TO dep string: androidx.compose.material3:material3
Skipping misunderstood TO dep string: androidx.compose.runtime:runtime
Skipping misunderstood TO dep string: androidx.compose.ui:ui
Skipping misunderstood TO dep string: androidx.compose.material3:material3
Skipping misunderstood TO dep string: androidx.compose.runtime:runtime
Skipping misunderstood TO dep string: androidx.compose.ui:ui
Skipping misunderstood TO dep string: androidx.compose.material3:material3
Skipping misunderstood TO dep string: androidx.compose.runtime:runtime
Skipping misunderstood TO dep string: androidx.compose.ui:ui
Skipping misunderstood TO dep string: androidx.compose.material3:material3
Skipping misunderstood TO dep string: androidx.compose.runtime:runtime
Skipping misunderstood TO dep string: androidx.compose.ui:ui
Skipping misunderstood TO dep string: androidx.compose.material3:material3
Skipping misunderstood TO dep string: androidx.compose.runtime:runtime
Skipping misunderstood TO dep string: androidx.compose.ui:ui
Skipping misunderstood TO dep string: androidx.compose.material3:material3
Skipping misunderstood TO dep string: androidx.compose.runtime:runtime
Skipping misunderstood TO dep string: androidx.compose.ui:ui
Skipping misunderstood TO dep string: androidx.compose.material3:material3
Skipping misunderstood TO dep string: androidx.compose.runtime:runtime
Skipping misunderstood TO dep string: androidx.compose.ui:ui
Skipping misunderstood TO dep string: androidx.compose.material3:material3
Skipping misunderstood TO dep string: androidx.compose.runtime:runtime
Skipping misunderstood TO dep string: androidx.compose.ui:ui
Skipping misunderstood TO dep string: androidx.compose.material3:material3
Skipping misunderstood TO dep string: androidx.compose.runtime:runtime
Skipping misunderstood TO dep string: androidx.compose.ui:ui
Skipping misunderstood TO dep string: androidx.compose.material3:material3
Skipping misunderstood TO dep string: androidx.compose.runtime:runtime
Skipping misunderstood TO dep string: androidx.compose.ui:ui
Skipping misunderstood TO dep string: androidx.compose.material3:material3
Skipping misunderstood TO dep string: androidx.compose.runtime:runtime
Skipping misunderstood TO dep string: androidx.compose.ui:ui
Skipping misunderstood TO dep string: androidx.compose.material3:material3
Skipping misunderstood TO dep string: androidx.compose.runtime:runtime
Skipping misunderstood TO dep string: androidx.compose.ui:ui
Skipping misunderstood TO dep string: androidx.compose.material3:material3
Skipping misunderstood TO dep string: androidx.compose.runtime:runtime
Skipping misunderstood TO dep string: androidx.compose.ui:ui
Skipping misunderstood TO dep string: androidx.compose.material3:material3
Skipping misunderstood TO dep string: androidx.compose.runtime:runtime
Skipping misunderstood TO dep string: androidx.compose.ui:ui
Skipping misunderstood TO dep string: androidx.compose.material3:material3
Skipping misunderstood TO dep string: androidx.compose.runtime:runtime
Skipping misunderstood TO dep string: androidx.compose.ui:ui
Skipping misunderstood TO dep string: androidx.compose.material3:material3
Skipping misunderstood TO dep string: androidx.compose.runtime:runtime
Skipping misunderstood TO dep string: androidx.compose.ui:ui
Skipping misunderstood TO dep string: androidx.compose.material3:material3
Skipping misunderstood TO dep string: androidx.compose.runtime:runtime
Skipping misunderstood TO dep string: androidx.compose.ui:ui
Skipping misunderstood TO dep string: androidx.compose.material3:material3
Skipping misunderstood TO dep string: project :core-module
Skipping misunderstood TO dep string: androidx.compose.runtime:runtime
Skipping misunderstood TO dep string: androidx.compose.ui:ui
Skipping misunderstood TO dep string: androidx.compose.ui:ui-graphics
Skipping misunderstood TO dep string: androidx.compose.ui:ui-tooling-preview
Skipping misunderstood TO dep string: androidx.compose.foundation:foundation
Skipping misunderstood TO dep string: androidx.compose.foundation:foundation-layout
Skipping misunderstood TO dep string: androidx.compose.material3:material3
Skipping misunderstood TO dep string: androidx.compose.material:material-icons-core
Skipping misunderstood TO dep string: androidx.compose.material:material-icons-extended
Starting dependency analysis
Registered task dependencies: app:kotlinCompilerPluginClasspath
Starting dependency analysis
Registered task dependencies: app:kotlinCompilerPluginClasspathDebug
Starting dependency analysis
Registered task dependencies: app:kotlinCompilerClasspath
Starting dependency analysis
Using local directory build cache for the root build (location = C:\Users\AuraF\.gradle\caches\build-cache-1, remove unused entries = after 7 days).
Ignoring listeners of task graph ready event, as this build (:) has already executed work.
Resolve mutations for :app:preBuild (Thread[#323,Execution worker,5,main]) started.
Resolve mutations for :core-module:preBuild (Thread[#322,included builds,5,main]) started.
:app:preBuild (Thread[#322,included builds,5,main]) started.
:core-module:preBuild (Thread[#323,Execution worker,5,main]) started.

> Task :core-module:preBuild UP-TO-DATE
Skipping task ':core-module:preBuild' as it has no actions.

> Task :app:preBuild UP-TO-DATE
Skipping task ':app:preBuild' as it has no actions.
Resolve mutations for :app:preDebugBuild (Thread[#322,included builds,5,main]) started.
Resolve mutations for :core-module:preDebugBuild (Thread[#323,Execution worker,5,main]) started.
:app:preDebugBuild (Thread[#322,included builds,5,main]) started.
:core-module:preDebugBuild (Thread[#323,Execution worker,5,main]) started.

> Task :app:preDebugBuild UP-TO-DATE
Skipping task ':app:preDebugBuild' as it has no actions.

> Task :core-module:preDebugBuild UP-TO-DATE
Skipping task ':core-module:preDebugBuild' as it has no actions.
Resolve mutations for :genesis:oracledrive:preBuild (Thread[#322,included builds,5,main]) started.
Resolve mutations for :core-module:compileDebugAidl (Thread[#323,Execution worker,5,main]) started.
:genesis:oracledrive:preBuild (Thread[#322,included builds,5,main]) started.
:core-module:compileDebugAidl (Thread[#323,Execution worker,5,main]) started.

> Task :genesis:oracledrive:preBuild UP-TO-DATE
Skipping task ':genesis:oracledrive:preBuild' as it has no actions.
Resolve mutations for :genesis:oracledrive:preDebugBuild (Thread[#322,included builds,5,main]) started.
:genesis:oracledrive:preDebugBuild (Thread[#322,included builds,5,main]) started.

> Task :genesis:oracledrive:preDebugBuild UP-TO-DATE
Skipping task ':genesis:oracledrive:preDebugBuild' as it has no actions.
Resolve mutations for :genesis:oracledrive:compileDebugAidl (Thread[#322,included builds,5,main]) started.
:genesis:oracledrive:compileDebugAidl (Thread[#322,included builds,5,main]) started.

> Task :core-module:compileDebugAidl NO-SOURCE
Skipping task ':core-module:compileDebugAidl' as it has no source files and no previous output files.

> Task :genesis:oracledrive:compileDebugAidl NO-SOURCE
Skipping task ':genesis:oracledrive:compileDebugAidl' as it has no source files and no previous output files.
Resolve mutations for :agents:growthmetrics:identity:preBuild (Thread[#322,included builds,5,main]) started.
Resolve mutations for :agents:growthmetrics:metareflection:preBuild (Thread[#323,Execution worker,5,main]) started.
:agents:growthmetrics:identity:preBuild (Thread[#322,included builds,5,main]) started.
:agents:growthmetrics:metareflection:preBuild (Thread[#323,Execution worker,5,main]) started.

> Task :agents:growthmetrics:identity:preBuild UP-TO-DATE
Skipping task ':agents:growthmetrics:identity:preBuild' as it has no actions.
Resolve mutations for :agents:growthmetrics:identity:preDebugBuild (Thread[#322,included builds,5,main]) started.
:agents:growthmetrics:identity:preDebugBuild (Thread[#322,included builds,5,main]) started.

> Task :agents:growthmetrics:metareflection:preBuild UP-TO-DATE
Skipping task ':agents:growthmetrics:metareflection:preBuild' as it has no actions.

> Task :agents:growthmetrics:identity:preDebugBuild UP-TO-DATE
Skipping task ':agents:growthmetrics:identity:preDebugBuild' as it has no actions.
Resolve mutations for :agents:growthmetrics:metareflection:preDebugBuild (Thread[#323,Execution worker,5,main]) started.
Resolve mutations for :agents:growthmetrics:identity:compileDebugAidl (Thread[#322,included builds,5,main]) started.
:agents:growthmetrics:metareflection:preDebugBuild (Thread[#323,Execution worker,5,main]) started.
:agents:growthmetrics:identity:compileDebugAidl (Thread[#322,included builds,5,main]) started.

> Task :agents:growthmetrics:metareflection:preDebugBuild UP-TO-DATE
Skipping task ':agents:growthmetrics:metareflection:preDebugBuild' as it has no actions.
Resolve mutations for :agents:growthmetrics:metareflection:compileDebugAidl (Thread[#323,Execution worker,5,main]) started.
:agents:growthmetrics:metareflection:compileDebugAidl (Thread[#323,Execution worker,5,main]) started.

> Task :agents:growthmetrics:identity:compileDebugAidl NO-SOURCE
Skipping task ':agents:growthmetrics:identity:compileDebugAidl' as it has no source files and no previous output files.
Resolve mutations for :agents:growthmetrics:nexusmemory:preBuild (Thread[#322,included builds,5,main]) started.

> Task :agents:growthmetrics:metareflection:compileDebugAidl NO-SOURCE
Skipping task ':agents:growthmetrics:metareflection:compileDebugAidl' as it has no source files and no previous output files.
:agents:growthmetrics:nexusmemory:preBuild (Thread[#323,Execution worker,5,main]) started.
Resolve mutations for :agents:growthmetrics:progression:preBuild (Thread[#322,included builds,5,main]) started.
:agents:growthmetrics:progression:preBuild (Thread[#322,included builds,5,main]) started.

> Task :agents:growthmetrics:nexusmemory:preBuild UP-TO-DATE
Skipping task ':agents:growthmetrics:nexusmemory:preBuild' as it has no actions.

> Task :agents:growthmetrics:progression:preBuild UP-TO-DATE
Skipping task ':agents:growthmetrics:progression:preBuild' as it has no actions.
Resolve mutations for :agents:growthmetrics:nexusmemory:preDebugBuild (Thread[#323,Execution worker,5,main]) started.
Resolve mutations for :agents:growthmetrics:progression:preDebugBuild (Thread[#322,included builds,5,main]) started.
:agents:growthmetrics:nexusmemory:preDebugBuild (Thread[#323,Execution worker,5,main]) started.
:agents:growthmetrics:progression:preDebugBuild (Thread[#322,included builds,5,main]) started.

> Task :agents:growthmetrics:nexusmemory:preDebugBuild UP-TO-DATE
Skipping task ':agents:growthmetrics:nexusmemory:preDebugBuild' as it has no actions.

> Task :agents:growthmetrics:progression:preDebugBuild UP-TO-DATE
Skipping task ':agents:growthmetrics:progression:preDebugBuild' as it has no actions.
Resolve mutations for :agents:growthmetrics:nexusmemory:compileDebugAidl (Thread[#323,Execution worker,5,main]) started.
Resolve mutations for :agents:growthmetrics:spheregrid:preBuild (Thread[#322,included builds,5,main]) started.
:agents:growthmetrics:nexusmemory:compileDebugAidl (Thread[#323,Execution worker,5,main]) started.
:agents:growthmetrics:spheregrid:preBuild (Thread[#322,included builds,5,main]) started.

> Task :agents:growthmetrics:spheregrid:preBuild UP-TO-DATE
Skipping task ':agents:growthmetrics:spheregrid:preBuild' as it has no actions.
Resolve mutations for :agents:growthmetrics:spheregrid:preDebugBuild (Thread[#322,included builds,5,main]) started.
:agents:growthmetrics:spheregrid:preDebugBuild (Thread[#322,included builds,5,main]) started.

> Task :agents:growthmetrics:spheregrid:preDebugBuild UP-TO-DATE
Skipping task ':agents:growthmetrics:spheregrid:preDebugBuild' as it has no actions.
Resolve mutations for :agents:growthmetrics:spheregrid:compileDebugAidl (Thread[#322,included builds,5,main]) started.

> Task :agents:growthmetrics:nexusmemory:compileDebugAidl NO-SOURCE
Skipping task ':agents:growthmetrics:nexusmemory:compileDebugAidl' as it has no source files and no previous output files.
:agents:growthmetrics:spheregrid:compileDebugAidl (Thread[#322,included builds,5,main]) started.
work action resolve out (project :agents:growthmetrics:metareflection) (Thread[#323,Execution worker,5,main]) started.
Resolve mutations for :agents:growthmetrics:tasker:preBuild (Thread[#323,Execution worker,5,main]) started.
:agents:growthmetrics:tasker:preBuild (Thread[#323,Execution worker,5,main]) started.

> Task :agents:growthmetrics:tasker:preBuild UP-TO-DATE
Skipping task ':agents:growthmetrics:tasker:preBuild' as it has no actions.
Resolve mutations for :agents:growthmetrics:tasker:preDebugBuild (Thread[#323,Execution worker,5,main]) started.
:agents:growthmetrics:tasker:preDebugBuild (Thread[#323,Execution worker,5,main]) started.

> Task :agents:growthmetrics:tasker:preDebugBuild UP-TO-DATE
Skipping task ':agents:growthmetrics:tasker:preDebugBuild' as it has no actions.

> Task :agents:growthmetrics:spheregrid:compileDebugAidl NO-SOURCE
Skipping task ':agents:growthmetrics:spheregrid:compileDebugAidl' as it has no source files and no previous output files.
work action resolve out (project :agents:growthmetrics:spheregrid) (Thread[#323,Execution worker,5,main]) started.
Resolve mutations for :cascade:datastream:routing:preBuild (Thread[#322,included builds,5,main]) started.
Resolve mutations for :agents:growthmetrics:progression:compileDebugAidl (Thread[#323,Execution worker,5,main]) started.
:cascade:datastream:routing:preBuild (Thread[#322,included builds,5,main]) started.
:agents:growthmetrics:progression:compileDebugAidl (Thread[#323,Execution worker,5,main]) started.

> Task :cascade:datastream:routing:preBuild UP-TO-DATE
Skipping task ':cascade:datastream:routing:preBuild' as it has no actions.
Resolve mutations for :cascade:datastream:routing:preDebugBuild (Thread[#322,included builds,5,main]) started.
:cascade:datastream:routing:preDebugBuild (Thread[#322,included builds,5,main]) started.

> Task :cascade:datastream:routing:preDebugBuild UP-TO-DATE
Skipping task ':cascade:datastream:routing:preDebugBuild' as it has no actions.
Resolve mutations for :cascade:datastream:routing:compileDebugAidl (Thread[#322,included builds,5,main]) started.

> Task :agents:growthmetrics:progression:compileDebugAidl NO-SOURCE
Skipping task ':agents:growthmetrics:progression:compileDebugAidl' as it has no source files and no previous output files.
:cascade:datastream:routing:compileDebugAidl (Thread[#322,included builds,5,main]) started.
Resolve mutations for :cascade:datastream:taskmanager:preBuild (Thread[#323,Execution worker,5,main]) started.
:cascade:datastream:taskmanager:preBuild (Thread[#323,Execution worker,5,main]) started.

> Task :cascade:datastream:taskmanager:preBuild UP-TO-DATE
Skipping task ':cascade:datastream:taskmanager:preBuild' as it has no actions.
Resolve mutations for :cascade:datastream:taskmanager:preDebugBuild (Thread[#323,Execution worker,5,main]) started.
:cascade:datastream:taskmanager:preDebugBuild (Thread[#323,Execution worker,5,main]) started.

> Task :cascade:datastream:taskmanager:preDebugBuild UP-TO-DATE
Skipping task ':cascade:datastream:taskmanager:preDebugBuild' as it has no actions.
Resolve mutations for :aura:reactivedesign:auraslab:preBuild (Thread[#323,Execution worker,5,main]) started.
:aura:reactivedesign:auraslab:preBuild (Thread[#323,Execution worker,5,main]) started.

> Task :cascade:datastream:routing:compileDebugAidl NO-SOURCE
Skipping task ':cascade:datastream:routing:compileDebugAidl' as it has no source files and no previous output files.
work action resolve out (project :cascade:datastream:routing) (Thread[#322,included builds,5,main]) started.
Resolve mutations for :cascade:datastream:taskmanager:compileDebugAidl (Thread[#322,included builds,5,main]) started.
:cascade:datastream:taskmanager:compileDebugAidl (Thread[#322,included builds,5,main]) started.

> Task :aura:reactivedesign:auraslab:preBuild UP-TO-DATE
Skipping task ':aura:reactivedesign:auraslab:preBuild' as it has no actions.
Resolve mutations for :aura:reactivedesign:auraslab:preDebugBuild (Thread[#323,Execution worker,5,main]) started.
:aura:reactivedesign:auraslab:preDebugBuild (Thread[#323,Execution worker,5,main]) started.

> Task :aura:reactivedesign:auraslab:preDebugBuild UP-TO-DATE
Skipping task ':aura:reactivedesign:auraslab:preDebugBuild' as it has no actions.
Resolve mutations for :aura:reactivedesign:auraslab:compileDebugAidl (Thread[#323,Execution worker,5,main]) started.
:aura:reactivedesign:auraslab:compileDebugAidl (Thread[#323,Execution worker,5,main]) started.

> Task :cascade:datastream:taskmanager:compileDebugAidl NO-SOURCE
Skipping task ':cascade:datastream:taskmanager:compileDebugAidl' as it has no source files and no previous output files.
work action resolve out (project :cascade:datastream:taskmanager) (Thread[#322,included builds,5,main]) started.
Resolve mutations for :agents:growthmetrics:tasker:compileDebugAidl (Thread[#322,included builds,5,main]) started.
:agents:growthmetrics:tasker:compileDebugAidl (Thread[#322,included builds,5,main]) started.

> Task :aura:reactivedesign:auraslab:compileDebugAidl NO-SOURCE
Skipping task ':aura:reactivedesign:auraslab:compileDebugAidl' as it has no source files and no previous output files.
Resolve mutations for :aura:reactivedesign:chromacore:preBuild (Thread[#323,Execution worker,5,main]) started.
:aura:reactivedesign:chromacore:preBuild (Thread[#323,Execution worker,5,main]) started.

> Task :agents:growthmetrics:tasker:compileDebugAidl NO-SOURCE
Skipping task ':agents:growthmetrics:tasker:compileDebugAidl' as it has no source files and no previous output files.
Resolve mutations for :aura:reactivedesign:collabcanvas:preBuild (Thread[#322,included builds,5,main]) started.
:aura:reactivedesign:collabcanvas:preBuild (Thread[#322,included builds,5,main]) started.

> Task :aura:reactivedesign:chromacore:preBuild UP-TO-DATE
Skipping task ':aura:reactivedesign:chromacore:preBuild' as it has no actions.
Resolve mutations for :aura:reactivedesign:chromacore:preDebugBuild (Thread[#323,Execution worker,5,main]) started.
:aura:reactivedesign:chromacore:preDebugBuild (Thread[#323,Execution worker,5,main]) started.

> Task :aura:reactivedesign:chromacore:preDebugBuild UP-TO-DATE
Skipping task ':aura:reactivedesign:chromacore:preDebugBuild' as it has no actions.
Resolve mutations for :aura:reactivedesign:chromacore:compileDebugAidl (Thread[#323,Execution worker,5,main]) started.

> Task :aura:reactivedesign:collabcanvas:preBuild UP-TO-DATE
Skipping task ':aura:reactivedesign:collabcanvas:preBuild' as it has no actions.
:aura:reactivedesign:chromacore:compileDebugAidl (Thread[#322,included builds,5,main]) started.
Resolve mutations for :aura:reactivedesign:collabcanvas:preDebugBuild (Thread[#323,Execution worker,5,main]) started.
:aura:reactivedesign:collabcanvas:preDebugBuild (Thread[#323,Execution worker,5,main]) started.

> Task :aura:reactivedesign:collabcanvas:preDebugBuild UP-TO-DATE
Skipping task ':aura:reactivedesign:collabcanvas:preDebugBuild' as it has no actions.
Resolve mutations for :aura:reactivedesign:collabcanvas:compileDebugAidl (Thread[#323,Execution worker,5,main]) started.
:aura:reactivedesign:collabcanvas:compileDebugAidl (Thread[#323,Execution worker,5,main]) started.

> Task :aura:reactivedesign:chromacore:compileDebugAidl NO-SOURCE
Skipping task ':aura:reactivedesign:chromacore:compileDebugAidl' as it has no source files and no previous output files.
Resolve mutations for :aura:reactivedesign:customization:preBuild (Thread[#322,included builds,5,main]) started.
:aura:reactivedesign:customization:preBuild (Thread[#322,included builds,5,main]) started.

> Task :aura:reactivedesign:collabcanvas:compileDebugAidl NO-SOURCE
Skipping task ':aura:reactivedesign:collabcanvas:compileDebugAidl' as it has no source files and no previous output files.
Resolve mutations for :aura:reactivedesign:sandboxui:preBuild (Thread[#323,Execution worker,5,main]) started.

> Task :aura:reactivedesign:customization:preBuild UP-TO-DATE
Skipping task ':aura:reactivedesign:customization:preBuild' as it has no actions.
:aura:reactivedesign:sandboxui:preBuild (Thread[#323,Execution worker,5,main]) started.
Resolve mutations for :aura:reactivedesign:customization:preDebugBuild (Thread[#322,included builds,5,main]) started.
:aura:reactivedesign:customization:preDebugBuild (Thread[#322,included builds,5,main]) started.

> Task :aura:reactivedesign:customization:preDebugBuild UP-TO-DATE
Skipping task ':aura:reactivedesign:customization:preDebugBuild' as it has no actions.
Resolve mutations for :aura:reactivedesign:customization:compileDebugAidl (Thread[#322,included builds,5,main]) started.

> Task :aura:reactivedesign:sandboxui:preBuild UP-TO-DATE
Skipping task ':aura:reactivedesign:sandboxui:preBuild' as it has no actions.
:aura:reactivedesign:customization:compileDebugAidl (Thread[#322,included builds,5,main]) started.
Resolve mutations for :aura:reactivedesign:sandboxui:preDebugBuild (Thread[#323,Execution worker,5,main]) started.
:aura:reactivedesign:sandboxui:preDebugBuild (Thread[#323,Execution worker,5,main]) started.

> Task :aura:reactivedesign:sandboxui:preDebugBuild UP-TO-DATE
Skipping task ':aura:reactivedesign:sandboxui:preDebugBuild' as it has no actions.
Resolve mutations for :aura:reactivedesign:sandboxui:compileDebugAidl (Thread[#323,Execution worker,5,main]) started.
:aura:reactivedesign:sandboxui:compileDebugAidl (Thread[#323,Execution worker,5,main]) started.

> Task :aura:reactivedesign:customization:compileDebugAidl NO-SOURCE
Skipping task ':aura:reactivedesign:customization:compileDebugAidl' as it has no source files and no previous output files.
Resolve mutations for :cascade:datastream:delivery:preBuild (Thread[#322,included builds,5,main]) started.
:cascade:datastream:delivery:preBuild (Thread[#322,included builds,5,main]) started.

> Task :aura:reactivedesign:sandboxui:compileDebugAidl NO-SOURCE
Skipping task ':aura:reactivedesign:sandboxui:compileDebugAidl' as it has no source files and no previous output files.
Resolve mutations for :genesis:oracledrive:datavein:preBuild (Thread[#323,Execution worker,5,main]) started.

> Task :cascade:datastream:delivery:preBuild UP-TO-DATE
Skipping task ':cascade:datastream:delivery:preBuild' as it has no actions.
:genesis:oracledrive:datavein:preBuild (Thread[#323,Execution worker,5,main]) started.
Resolve mutations for :cascade:datastream:delivery:preDebugBuild (Thread[#322,included builds,5,main]) started.
:cascade:datastream:delivery:preDebugBuild (Thread[#322,included builds,5,main]) started.

> Task :cascade:datastream:delivery:preDebugBuild UP-TO-DATE
Skipping task ':cascade:datastream:delivery:preDebugBuild' as it has no actions.
Resolve mutations for :cascade:datastream:delivery:compileDebugAidl (Thread[#322,included builds,5,main]) started.
:cascade:datastream:delivery:compileDebugAidl (Thread[#322,included builds,5,main]) started.

> Task :genesis:oracledrive:datavein:preBuild UP-TO-DATE
Skipping task ':genesis:oracledrive:datavein:preBuild' as it has no actions.
Resolve mutations for :genesis:oracledrive:datavein:preDebugBuild (Thread[#323,Execution worker,5,main]) started.
:genesis:oracledrive:datavein:preDebugBuild (Thread[#323,Execution worker,5,main]) started.

> Task :genesis:oracledrive:datavein:preDebugBuild UP-TO-DATE
Skipping task ':genesis:oracledrive:datavein:preDebugBuild' as it has no actions.
Resolve mutations for :genesis:oracledrive:datavein:compileDebugAidl (Thread[#323,Execution worker,5,main]) started.
:genesis:oracledrive:datavein:compileDebugAidl (Thread[#323,Execution worker,5,main]) started.

> Task :cascade:datastream:delivery:compileDebugAidl NO-SOURCE
Skipping task ':cascade:datastream:delivery:compileDebugAidl' as it has no source files and no previous output files.
Resolve mutations for :genesis:oracledrive:rootmanagement:preBuild (Thread[#322,included builds,5,main]) started.
:genesis:oracledrive:rootmanagement:preBuild (Thread[#322,included builds,5,main]) started.

> Task :genesis:oracledrive:datavein:compileDebugAidl NO-SOURCE
Skipping task ':genesis:oracledrive:datavein:compileDebugAidl' as it has no source files and no previous output files.
Resolve mutations for :kai:sentinelsfortress:security:preBuild (Thread[#323,Execution worker,5,main]) started.
:kai:sentinelsfortress:security:preBuild (Thread[#323,Execution worker,5,main]) started.

> Task :genesis:oracledrive:rootmanagement:preBuild UP-TO-DATE
Skipping task ':genesis:oracledrive:rootmanagement:preBuild' as it has no actions.
Resolve mutations for :genesis:oracledrive:rootmanagement:preDebugBuild (Thread[#322,included builds,5,main]) started.
:genesis:oracledrive:rootmanagement:preDebugBuild (Thread[#322,included builds,5,main]) started.

> Task :genesis:oracledrive:rootmanagement:preDebugBuild UP-TO-DATE
Skipping task ':genesis:oracledrive:rootmanagement:preDebugBuild' as it has no actions.
Resolve mutations for :genesis:oracledrive:rootmanagement:compileDebugAidl (Thread[#322,included builds,5,main]) started.

> Task :kai:sentinelsfortress:security:preBuild UP-TO-DATE
Skipping task ':kai:sentinelsfortress:security:preBuild' as it has no actions.
Resolve mutations for :kai:sentinelsfortress:security:preDebugBuild (Thread[#323,Execution worker,5,main]) started.
:kai:sentinelsfortress:security:preDebugBuild (Thread[#323,Execution worker,5,main]) started.

> Task :kai:sentinelsfortress:security:preDebugBuild UP-TO-DATE
Skipping task ':kai:sentinelsfortress:security:preDebugBuild' as it has no actions.
Resolve mutations for :kai:sentinelsfortress:security:compileDebugAidl (Thread[#323,Execution worker,5,main]) started.
:kai:sentinelsfortress:security:compileDebugAidl (Thread[#323,Execution worker,5,main]) started.
:genesis:oracledrive:rootmanagement:compileDebugAidl (Thread[#322,included builds,5,main]) started.

> Task :kai:sentinelsfortress:security:compileDebugAidl NO-SOURCE
Skipping task ':kai:sentinelsfortress:security:compileDebugAidl' as it has no source files and no previous output files.
Resolve mutations for :kai:sentinelsfortress:systemintegrity:preBuild (Thread[#323,Execution worker,5,main]) started.

> Task :genesis:oracledrive:rootmanagement:compileDebugAidl NO-SOURCE
Skipping task ':genesis:oracledrive:rootmanagement:compileDebugAidl' as it has no source files and no previous output files.
Resolve mutations for :kai:sentinelsfortress:threatmonitor:preBuild (Thread[#322,included builds,5,main]) started.
:kai:sentinelsfortress:systemintegrity:preBuild (Thread[#323,Execution worker,5,main]) started.
:kai:sentinelsfortress:threatmonitor:preBuild (Thread[#322,included builds,5,main]) started.

> Task :kai:sentinelsfortress:threatmonitor:preBuild UP-TO-DATE
Skipping task ':kai:sentinelsfortress:threatmonitor:preBuild' as it has no actions.

> Task :kai:sentinelsfortress:systemintegrity:preBuild UP-TO-DATE
Skipping task ':kai:sentinelsfortress:systemintegrity:preBuild' as it has no actions.
Resolve mutations for :kai:sentinelsfortress:systemintegrity:preDebugBuild (Thread[#323,Execution worker,5,main]) started.
Resolve mutations for :kai:sentinelsfortress:threatmonitor:preDebugBuild (Thread[#322,included builds,5,main]) started.
:kai:sentinelsfortress:systemintegrity:preDebugBuild (Thread[#323,Execution worker,5,main]) started.
:kai:sentinelsfortress:threatmonitor:preDebugBuild (Thread[#322,included builds,5,main]) started.

> Task :kai:sentinelsfortress:systemintegrity:preDebugBuild UP-TO-DATE
Skipping task ':kai:sentinelsfortress:systemintegrity:preDebugBuild' as it has no actions.

> Task :kai:sentinelsfortress:threatmonitor:preDebugBuild UP-TO-DATE
Skipping task ':kai:sentinelsfortress:threatmonitor:preDebugBuild' as it has no actions.
work action resolve out (project :kai:sentinelsfortress:security) (Thread[#322,included builds,5,main]) started.
Resolve mutations for :kai:sentinelsfortress:systemintegrity:compileDebugAidl (Thread[#323,Execution worker,5,main]) started.
Resolve mutations for :kai:sentinelsfortress:threatmonitor:compileDebugAidl (Thread[#322,included builds,5,main]) started.
:kai:sentinelsfortress:systemintegrity:compileDebugAidl (Thread[#323,Execution worker,5,main]) started.
:kai:sentinelsfortress:threatmonitor:compileDebugAidl (Thread[#322,included builds,5,main]) started.

> Task :kai:sentinelsfortress:systemintegrity:compileDebugAidl NO-SOURCE
Skipping task ':kai:sentinelsfortress:systemintegrity:compileDebugAidl' as it has no source files and no previous output files.
work action resolve out (project :aura:reactivedesign:sandboxui) (Thread[#323,Execution worker,5,main]) started.

> Task :kai:sentinelsfortress:threatmonitor:compileDebugAidl NO-SOURCE
Skipping task ':kai:sentinelsfortress:threatmonitor:compileDebugAidl' as it has no source files and no previous output files.
work action resolve out (project :agents:growthmetrics:progression) (Thread[#323,Execution worker,5,main]) started.
work action resolve out (project :agents:growthmetrics:tasker) (Thread[#322,included builds,5,main]) started.
work action resolve out (project :genesis:oracledrive:datavein) (Thread[#323,Execution worker,5,main]) started.
work action resolve out (project :kai:sentinelsfortress:threatmonitor) (Thread[#322,included builds,5,main]) started.
work action resolve out (project :aura:reactivedesign:customization) (Thread[#323,Execution worker,5,main]) started.
work action resolve out (project :core-module) (Thread[#322,included builds,5,main]) started.
work action resolve out (project :aura:reactivedesign:auraslab) (Thread[#323,Execution worker,5,main]) started.
work action resolve out (project :aura:reactivedesign:chromacore) (Thread[#322,included builds,5,main]) started.
work action resolve out (project :agents:growthmetrics:identity) (Thread[#323,Execution worker,5,main]) started.
work action resolve out (project :agents:growthmetrics:nexusmemory) (Thread[#322,included builds,5,main]) started.
work action resolve out (project :cascade:datastream:delivery) (Thread[#323,Execution worker,5,main]) started.
work action resolve out (project :genesis:oracledrive:rootmanagement) (Thread[#323,Execution worker,5,main]) started.
work action resolve out (project :genesis:oracledrive) (Thread[#322,included builds,5,main]) started.
work action resolve out (project :aura:reactivedesign:collabcanvas) (Thread[#323,Execution worker,5,main]) started.
work action resolve out (project :kai:sentinelsfortress:systemintegrity) (Thread[#322,included builds,5,main]) started.
Resolve mutations for :app:dataBindingMergeDependencyArtifactsDebug (Thread[#323,Execution worker,5,main]) started.
Resolve mutations for :app:compileDebugAidl (Thread[#322,included builds,5,main]) started.
:app:compileDebugAidl (Thread[#323,Execution worker,5,main]) started.
:app:dataBindingMergeDependencyArtifactsDebug (Thread[#322,included builds,5,main]) started.

> Task :app:dataBindingMergeDependencyArtifactsDebug UP-TO-DATE
Caching disabled for task ':app:dataBindingMergeDependencyArtifactsDebug' because:
  Caching has been disabled for the task
Skipping task ':app:dataBindingMergeDependencyArtifactsDebug' as it is up-to-date.
Resolve mutations for :app:generateDebugResources (Thread[#322,included builds,5,main]) started.
:app:generateDebugResources (Thread[#322,included builds,5,main]) started.

> Task :app:generateDebugResources UP-TO-DATE
Build cache key for task ':app:generateDebugResources' is 7acafa08aebb2c7f484ad7e93bab0f33
Skipping task ':app:generateDebugResources' as it is up-to-date.
Resolve mutations for :app:injectCrashlyticsMappingFileIdDebug (Thread[#322,included builds,5,main]) started.
:app:injectCrashlyticsMappingFileIdDebug (Thread[#322,included builds,5,main]) started.

> Task :app:injectCrashlyticsMappingFileIdDebug UP-TO-DATE
Build cache key for task ':app:injectCrashlyticsMappingFileIdDebug' is 1b718e46d917a2ae785888da8e106c25
Skipping task ':app:injectCrashlyticsMappingFileIdDebug' as it is up-to-date.
Resolve mutations for :app:injectCrashlyticsVersionControlInfoDebug (Thread[#322,included builds,5,main]) started.
:app:injectCrashlyticsVersionControlInfoDebug (Thread[#322,included builds,5,main]) started.

> Task :app:injectCrashlyticsVersionControlInfoDebug UP-TO-DATE
Build cache key for task ':app:injectCrashlyticsVersionControlInfoDebug' is 7a489fefe60167b446e36fbf1feba7fd
Skipping task ':app:injectCrashlyticsVersionControlInfoDebug' as it is up-to-date.
Resolve mutations for :app:processDebugGoogleServices (Thread[#322,included builds,5,main]) started.
:app:processDebugGoogleServices (Thread[#322,included builds,5,main]) started.

> Task :app:processDebugGoogleServices UP-TO-DATE
Build cache key for task ':app:processDebugGoogleServices' is bfc9e1001408bb78994e7215d4ffbd25
Skipping task ':app:processDebugGoogleServices' as it is up-to-date.
Resolve mutations for :core-module:generateDebugResources (Thread[#322,included builds,5,main]) started.
:core-module:generateDebugResources (Thread[#322,included builds,5,main]) started.

> Task :core-module:generateDebugResources UP-TO-DATE
Build cache key for task ':core-module:generateDebugResources' is 680202e9c831bd5732653f638f5cdb30
Skipping task ':core-module:generateDebugResources' as it is up-to-date.
Resolve mutations for :core-module:packageDebugResources (Thread[#322,included builds,5,main]) started.
:core-module:packageDebugResources (Thread[#322,included builds,5,main]) started.

> Task :app:compileDebugAidl UP-TO-DATE
Build cache key for task ':app:compileDebugAidl' is 2f6a3ea0bbc4b9b32c6e496f888a2a61
Skipping task ':app:compileDebugAidl' as it is up-to-date.
Resolve mutations for :genesis:oracledrive:generateDebugResources (Thread[#323,Execution worker,5,main]) started.
:genesis:oracledrive:generateDebugResources (Thread[#323,Execution worker,5,main]) started.

> Task :genesis:oracledrive:generateDebugResources UP-TO-DATE
Build cache key for task ':genesis:oracledrive:generateDebugResources' is 8f939be69655d0f6cf067f9161d25b31
Skipping task ':genesis:oracledrive:generateDebugResources' as it is up-to-date.
Resolve mutations for :genesis:oracledrive:packageDebugResources (Thread[#323,Execution worker,5,main]) started.
:genesis:oracledrive:packageDebugResources (Thread[#323,Execution worker,5,main]) started.

> Task :core-module:packageDebugResources UP-TO-DATE
Build cache key for task ':core-module:packageDebugResources' is a63bd12be388fd46f9d5cd72c8109008
Skipping task ':core-module:packageDebugResources' as it is up-to-date.
Resolve mutations for :agents:growthmetrics:identity:generateDebugResources (Thread[#322,included builds,5,main]) started.
:agents:growthmetrics:identity:generateDebugResources (Thread[#322,included builds,5,main]) started.

> Task :agents:growthmetrics:identity:generateDebugResources UP-TO-DATE
Build cache key for task ':agents:growthmetrics:identity:generateDebugResources' is 86d0693db945df9e496d567b042cd0fe
Skipping task ':agents:growthmetrics:identity:generateDebugResources' as it is up-to-date.
Resolve mutations for :agents:growthmetrics:identity:packageDebugResources (Thread[#322,included builds,5,main]) started.
:agents:growthmetrics:identity:packageDebugResources (Thread[#322,included builds,5,main]) started.

> Task :genesis:oracledrive:packageDebugResources UP-TO-DATE
Build cache key for task ':genesis:oracledrive:packageDebugResources' is 0d839766cb225f0a9b8412efb7723a7f
Skipping task ':genesis:oracledrive:packageDebugResources' as it is up-to-date.
Resolve mutations for :agents:growthmetrics:metareflection:generateDebugResources (Thread[#323,Execution worker,5,main]) started.
:agents:growthmetrics:metareflection:generateDebugResources (Thread[#323,Execution worker,5,main]) started.

> Task :agents:growthmetrics:metareflection:generateDebugResources UP-TO-DATE
Build cache key for task ':agents:growthmetrics:metareflection:generateDebugResources' is 86d0693db945df9e496d567b042cd0fe
Skipping task ':agents:growthmetrics:metareflection:generateDebugResources' as it is up-to-date.
Resolve mutations for :agents:growthmetrics:metareflection:packageDebugResources (Thread[#323,Execution worker,5,main]) started.
:agents:growthmetrics:metareflection:packageDebugResources (Thread[#323,Execution worker,5,main]) started.

> Task :agents:growthmetrics:identity:packageDebugResources UP-TO-DATE
Build cache key for task ':agents:growthmetrics:identity:packageDebugResources' is fb8dfab4d357c9c10be3ae3db8ba5ed2
Skipping task ':agents:growthmetrics:identity:packageDebugResources' as it is up-to-date.
Resolve mutations for :agents:growthmetrics:nexusmemory:generateDebugResources (Thread[#322,included builds,5,main]) started.
:agents:growthmetrics:nexusmemory:generateDebugResources (Thread[#322,included builds,5,main]) started.

> Task :agents:growthmetrics:nexusmemory:generateDebugResources UP-TO-DATE
Build cache key for task ':agents:growthmetrics:nexusmemory:generateDebugResources' is 86d0693db945df9e496d567b042cd0fe
Skipping task ':agents:growthmetrics:nexusmemory:generateDebugResources' as it is up-to-date.
Resolve mutations for :agents:growthmetrics:nexusmemory:packageDebugResources (Thread[#322,included builds,5,main]) started.
:agents:growthmetrics:nexusmemory:packageDebugResources (Thread[#322,included builds,5,main]) started.

> Task :agents:growthmetrics:metareflection:packageDebugResources UP-TO-DATE
Build cache key for task ':agents:growthmetrics:metareflection:packageDebugResources' is e5825b2ccf8bc2a27639682f7ec776b9
Skipping task ':agents:growthmetrics:metareflection:packageDebugResources' as it is up-to-date.
Resolve mutations for :agents:growthmetrics:progression:generateDebugResources (Thread[#323,Execution worker,5,main]) started.
:agents:growthmetrics:progression:generateDebugResources (Thread[#323,Execution worker,5,main]) started.

> Task :agents:growthmetrics:progression:generateDebugResources UP-TO-DATE
Build cache key for task ':agents:growthmetrics:progression:generateDebugResources' is 86d0693db945df9e496d567b042cd0fe
Skipping task ':agents:growthmetrics:progression:generateDebugResources' as it is up-to-date.
Resolve mutations for :agents:growthmetrics:progression:packageDebugResources (Thread[#323,Execution worker,5,main]) started.
:agents:growthmetrics:progression:packageDebugResources (Thread[#323,Execution worker,5,main]) started.

> Task :agents:growthmetrics:nexusmemory:packageDebugResources UP-TO-DATE
Build cache key for task ':agents:growthmetrics:nexusmemory:packageDebugResources' is 7836800dbd71dce84da9e548893b45d9
Skipping task ':agents:growthmetrics:nexusmemory:packageDebugResources' as it is up-to-date.
Resolve mutations for :agents:growthmetrics:spheregrid:generateDebugResources (Thread[#322,included builds,5,main]) started.
:agents:growthmetrics:spheregrid:generateDebugResources (Thread[#322,included builds,5,main]) started.

> Task :agents:growthmetrics:spheregrid:generateDebugResources UP-TO-DATE
Build cache key for task ':agents:growthmetrics:spheregrid:generateDebugResources' is 86d0693db945df9e496d567b042cd0fe
Skipping task ':agents:growthmetrics:spheregrid:generateDebugResources' as it is up-to-date.
Resolve mutations for :agents:growthmetrics:spheregrid:packageDebugResources (Thread[#322,included builds,5,main]) started.

> Task :agents:growthmetrics:progression:packageDebugResources UP-TO-DATE
Build cache key for task ':agents:growthmetrics:progression:packageDebugResources' is 762654303a566654bde829fa0d6c7b45
Skipping task ':agents:growthmetrics:progression:packageDebugResources' as it is up-to-date.
Resolve mutations for :agents:growthmetrics:tasker:generateDebugResources (Thread[#323,Execution worker,5,main]) started.
:agents:growthmetrics:spheregrid:packageDebugResources (Thread[#322,included builds,5,main]) started.
:agents:growthmetrics:tasker:generateDebugResources (Thread[#323,Execution worker,5,main]) started.

> Task :agents:growthmetrics:tasker:generateDebugResources UP-TO-DATE
Build cache key for task ':agents:growthmetrics:tasker:generateDebugResources' is 86d0693db945df9e496d567b042cd0fe
Skipping task ':agents:growthmetrics:tasker:generateDebugResources' as it is up-to-date.
Resolve mutations for :agents:growthmetrics:tasker:packageDebugResources (Thread[#323,Execution worker,5,main]) started.
:agents:growthmetrics:tasker:packageDebugResources (Thread[#323,Execution worker,5,main]) started.

> Task :agents:growthmetrics:spheregrid:packageDebugResources UP-TO-DATE
Build cache key for task ':agents:growthmetrics:spheregrid:packageDebugResources' is 601ce35322a720abf38a2c8021da91cc
Skipping task ':agents:growthmetrics:spheregrid:packageDebugResources' as it is up-to-date.
Resolve mutations for :aura:reactivedesign:auraslab:generateDebugResources (Thread[#322,included builds,5,main]) started.
:aura:reactivedesign:auraslab:generateDebugResources (Thread[#322,included builds,5,main]) started.

> Task :aura:reactivedesign:auraslab:generateDebugResources UP-TO-DATE
Build cache key for task ':aura:reactivedesign:auraslab:generateDebugResources' is 3ed18cbad67fcfc0a7a41efba0388b91
Skipping task ':aura:reactivedesign:auraslab:generateDebugResources' as it is up-to-date.
Resolve mutations for :aura:reactivedesign:auraslab:packageDebugResources (Thread[#322,included builds,5,main]) started.

> Task :agents:growthmetrics:tasker:packageDebugResources UP-TO-DATE
Build cache key for task ':agents:growthmetrics:tasker:packageDebugResources' is e9353792a824fff547132c8e55960688
Skipping task ':agents:growthmetrics:tasker:packageDebugResources' as it is up-to-date.
:aura:reactivedesign:auraslab:packageDebugResources (Thread[#323,Execution worker,5,main]) started.
Resolve mutations for :aura:reactivedesign:chromacore:generateDebugResources (Thread[#322,included builds,5,main]) started.
:aura:reactivedesign:chromacore:generateDebugResources (Thread[#322,included builds,5,main]) started.

> Task :aura:reactivedesign:chromacore:generateDebugResources UP-TO-DATE
Build cache key for task ':aura:reactivedesign:chromacore:generateDebugResources' is c232759acd21eeac508b0157757770c6
Skipping task ':aura:reactivedesign:chromacore:generateDebugResources' as it is up-to-date.
Resolve mutations for :aura:reactivedesign:chromacore:packageDebugResources (Thread[#322,included builds,5,main]) started.
:aura:reactivedesign:chromacore:packageDebugResources (Thread[#322,included builds,5,main]) started.

> Task :aura:reactivedesign:auraslab:packageDebugResources UP-TO-DATE
Build cache key for task ':aura:reactivedesign:auraslab:packageDebugResources' is a0d995baac3ba619f5f325abf2031711
Skipping task ':aura:reactivedesign:auraslab:packageDebugResources' as it is up-to-date.
Resolve mutations for :aura:reactivedesign:collabcanvas:generateDebugResources (Thread[#323,Execution worker,5,main]) started.
:aura:reactivedesign:collabcanvas:generateDebugResources (Thread[#323,Execution worker,5,main]) started.

> Task :aura:reactivedesign:collabcanvas:generateDebugResources UP-TO-DATE
Build cache key for task ':aura:reactivedesign:collabcanvas:generateDebugResources' is d74ff3b0149b1cadb22391c72b09023f
Skipping task ':aura:reactivedesign:collabcanvas:generateDebugResources' as it is up-to-date.
Resolve mutations for :aura:reactivedesign:collabcanvas:packageDebugResources (Thread[#323,Execution worker,5,main]) started.
:aura:reactivedesign:collabcanvas:packageDebugResources (Thread[#323,Execution worker,5,main]) started.

> Task :aura:reactivedesign:chromacore:packageDebugResources UP-TO-DATE
Build cache key for task ':aura:reactivedesign:chromacore:packageDebugResources' is a74583951556eb9c947436afeb60fd84
Skipping task ':aura:reactivedesign:chromacore:packageDebugResources' as it is up-to-date.
Resolve mutations for :aura:reactivedesign:customization:generateDebugResources (Thread[#322,included builds,5,main]) started.
:aura:reactivedesign:customization:generateDebugResources (Thread[#322,included builds,5,main]) started.

> Task :aura:reactivedesign:customization:generateDebugResources UP-TO-DATE
Build cache key for task ':aura:reactivedesign:customization:generateDebugResources' is 86d0693db945df9e496d567b042cd0fe
Skipping task ':aura:reactivedesign:customization:generateDebugResources' as it is up-to-date.
Resolve mutations for :aura:reactivedesign:customization:packageDebugResources (Thread[#322,included builds,5,main]) started.

> Task :aura:reactivedesign:collabcanvas:packageDebugResources UP-TO-DATE
Build cache key for task ':aura:reactivedesign:collabcanvas:packageDebugResources' is a73c73297f33b86fa9eed5cd66289925
Skipping task ':aura:reactivedesign:collabcanvas:packageDebugResources' as it is up-to-date.
:aura:reactivedesign:customization:packageDebugResources (Thread[#322,included builds,5,main]) started.
Resolve mutations for :aura:reactivedesign:sandboxui:generateDebugResources (Thread[#323,Execution worker,5,main]) started.
:aura:reactivedesign:sandboxui:generateDebugResources (Thread[#323,Execution worker,5,main]) started.

> Task :aura:reactivedesign:sandboxui:generateDebugResources UP-TO-DATE
Build cache key for task ':aura:reactivedesign:sandboxui:generateDebugResources' is 86d0693db945df9e496d567b042cd0fe
Skipping task ':aura:reactivedesign:sandboxui:generateDebugResources' as it is up-to-date.
Resolve mutations for :aura:reactivedesign:sandboxui:packageDebugResources (Thread[#323,Execution worker,5,main]) started.

> Task :aura:reactivedesign:customization:packageDebugResources UP-TO-DATE
Build cache key for task ':aura:reactivedesign:customization:packageDebugResources' is 03162255b2ebf47cb9fc40d13911e6bf
Skipping task ':aura:reactivedesign:customization:packageDebugResources' as it is up-to-date.
Resolve mutations for :cascade:datastream:delivery:generateDebugResources (Thread[#322,included builds,5,main]) started.
:cascade:datastream:delivery:generateDebugResources (Thread[#322,included builds,5,main]) started.
:aura:reactivedesign:sandboxui:packageDebugResources (Thread[#323,Execution worker,5,main]) started.

> Task :cascade:datastream:delivery:generateDebugResources UP-TO-DATE
Build cache key for task ':cascade:datastream:delivery:generateDebugResources' is 86d0693db945df9e496d567b042cd0fe
Skipping task ':cascade:datastream:delivery:generateDebugResources' as it is up-to-date.
Resolve mutations for :cascade:datastream:delivery:packageDebugResources (Thread[#322,included builds,5,main]) started.
:cascade:datastream:delivery:packageDebugResources (Thread[#322,included builds,5,main]) started.

> Task :aura:reactivedesign:sandboxui:packageDebugResources UP-TO-DATE
Build cache key for task ':aura:reactivedesign:sandboxui:packageDebugResources' is a5409c33c9581f16d37f6d516ff98220
Skipping task ':aura:reactivedesign:sandboxui:packageDebugResources' as it is up-to-date.
Resolve mutations for :cascade:datastream:routing:generateDebugResources (Thread[#323,Execution worker,5,main]) started.
:cascade:datastream:routing:generateDebugResources (Thread[#323,Execution worker,5,main]) started.

> Task :cascade:datastream:routing:generateDebugResources UP-TO-DATE
Build cache key for task ':cascade:datastream:routing:generateDebugResources' is 86d0693db945df9e496d567b042cd0fe
Skipping task ':cascade:datastream:routing:generateDebugResources' as it is up-to-date.

> Task :cascade:datastream:delivery:packageDebugResources UP-TO-DATE
Build cache key for task ':cascade:datastream:delivery:packageDebugResources' is a63d6d4e490f72368052669ed2548fc7
Skipping task ':cascade:datastream:delivery:packageDebugResources' as it is up-to-date.
Resolve mutations for :cascade:datastream:routing:packageDebugResources (Thread[#323,Execution worker,5,main]) started.
Resolve mutations for :cascade:datastream:taskmanager:generateDebugResources (Thread[#322,included builds,5,main]) started.
:cascade:datastream:taskmanager:generateDebugResources (Thread[#322,included builds,5,main]) started.
:cascade:datastream:routing:packageDebugResources (Thread[#323,Execution worker,5,main]) started.

> Task :cascade:datastream:taskmanager:generateDebugResources UP-TO-DATE
Build cache key for task ':cascade:datastream:taskmanager:generateDebugResources' is 86d0693db945df9e496d567b042cd0fe
Skipping task ':cascade:datastream:taskmanager:generateDebugResources' as it is up-to-date.
Resolve mutations for :cascade:datastream:taskmanager:packageDebugResources (Thread[#322,included builds,5,main]) started.
:cascade:datastream:taskmanager:packageDebugResources (Thread[#322,included builds,5,main]) started.

> Task :cascade:datastream:routing:packageDebugResources UP-TO-DATE
Build cache key for task ':cascade:datastream:routing:packageDebugResources' is fe4a4480e3ce81ba45e8618db6f49149
Skipping task ':cascade:datastream:routing:packageDebugResources' as it is up-to-date.
Resolve mutations for :genesis:oracledrive:datavein:generateDebugResources (Thread[#323,Execution worker,5,main]) started.
:genesis:oracledrive:datavein:generateDebugResources (Thread[#323,Execution worker,5,main]) started.

> Task :cascade:datastream:taskmanager:packageDebugResources UP-TO-DATE
Build cache key for task ':cascade:datastream:taskmanager:packageDebugResources' is 4ebedc9bd46fa591623acfa6729585fe
Skipping task ':cascade:datastream:taskmanager:packageDebugResources' as it is up-to-date.
Resolve mutations for :genesis:oracledrive:rootmanagement:generateDebugResources (Thread[#322,included builds,5,main]) started.
:genesis:oracledrive:rootmanagement:generateDebugResources (Thread[#322,included builds,5,main]) started.

> Task :genesis:oracledrive:datavein:generateDebugResources UP-TO-DATE
Build cache key for task ':genesis:oracledrive:datavein:generateDebugResources' is 1801d2c4c171d578e7ff696c21911b65
Skipping task ':genesis:oracledrive:datavein:generateDebugResources' as it is up-to-date.
Resolve mutations for :genesis:oracledrive:datavein:packageDebugResources (Thread[#323,Execution worker,5,main]) started.
:genesis:oracledrive:datavein:packageDebugResources (Thread[#323,Execution worker,5,main]) started.

> Task :genesis:oracledrive:rootmanagement:generateDebugResources UP-TO-DATE
Build cache key for task ':genesis:oracledrive:rootmanagement:generateDebugResources' is dd25819651f785b990fb19903811c874
Skipping task ':genesis:oracledrive:rootmanagement:generateDebugResources' as it is up-to-date.
Resolve mutations for :genesis:oracledrive:rootmanagement:packageDebugResources (Thread[#322,included builds,5,main]) started.
:genesis:oracledrive:rootmanagement:packageDebugResources (Thread[#322,included builds,5,main]) started.

> Task :genesis:oracledrive:datavein:packageDebugResources UP-TO-DATE
Build cache key for task ':genesis:oracledrive:datavein:packageDebugResources' is 4da62ea9713673fe831295101b9f147b
Skipping task ':genesis:oracledrive:datavein:packageDebugResources' as it is up-to-date.
Resolve mutations for :kai:sentinelsfortress:security:generateDebugResources (Thread[#323,Execution worker,5,main]) started.
:kai:sentinelsfortress:security:generateDebugResources (Thread[#323,Execution worker,5,main]) started.

> Task :genesis:oracledrive:rootmanagement:packageDebugResources UP-TO-DATE
Build cache key for task ':genesis:oracledrive:rootmanagement:packageDebugResources' is b236fbdc7c57ce5ae84d944b0fe4f051
Skipping task ':genesis:oracledrive:rootmanagement:packageDebugResources' as it is up-to-date.
Resolve mutations for :kai:sentinelsfortress:systemintegrity:generateDebugResources (Thread[#322,included builds,5,main]) started.
:kai:sentinelsfortress:systemintegrity:generateDebugResources (Thread[#322,included builds,5,main]) started.

> Task :kai:sentinelsfortress:security:generateDebugResources UP-TO-DATE
Build cache key for task ':kai:sentinelsfortress:security:generateDebugResources' is 6d1184ed42b55deb6eb37e093922c2ad
Skipping task ':kai:sentinelsfortress:security:generateDebugResources' as it is up-to-date.
Resolve mutations for :kai:sentinelsfortress:security:packageDebugResources (Thread[#323,Execution worker,5,main]) started.
:kai:sentinelsfortress:security:packageDebugResources (Thread[#323,Execution worker,5,main]) started.

> Task :kai:sentinelsfortress:systemintegrity:generateDebugResources UP-TO-DATE
Build cache key for task ':kai:sentinelsfortress:systemintegrity:generateDebugResources' is 86d0693db945df9e496d567b042cd0fe
Skipping task ':kai:sentinelsfortress:systemintegrity:generateDebugResources' as it is up-to-date.
Resolve mutations for :kai:sentinelsfortress:systemintegrity:packageDebugResources (Thread[#322,included builds,5,main]) started.
:kai:sentinelsfortress:systemintegrity:packageDebugResources (Thread[#322,included builds,5,main]) started.

> Task :kai:sentinelsfortress:security:packageDebugResources UP-TO-DATE
Build cache key for task ':kai:sentinelsfortress:security:packageDebugResources' is 518bfef2a1bf0fca357c673c073f6180
Skipping task ':kai:sentinelsfortress:security:packageDebugResources' as it is up-to-date.
Resolve mutations for :kai:sentinelsfortress:threatmonitor:generateDebugResources (Thread[#323,Execution worker,5,main]) started.

> Task :kai:sentinelsfortress:systemintegrity:packageDebugResources UP-TO-DATE
Build cache key for task ':kai:sentinelsfortress:systemintegrity:packageDebugResources' is ef69c36c8730a6f2c0f6380dd04dc58b
Skipping task ':kai:sentinelsfortress:systemintegrity:packageDebugResources' as it is up-to-date.
work action resolve packageDebugResources (project :genesis:oracledrive) (Thread[#322,included builds,5,main]) started.
:kai:sentinelsfortress:threatmonitor:generateDebugResources (Thread[#323,Execution worker,5,main]) started.
work action resolve packageDebugResources (project :agents:growthmetrics:progression) (Thread[#322,included builds,5,main]) started.
work action resolve packageDebugResources (project :agents:growthmetrics:identity) (Thread[#322,included builds,5,main]) started.
work action resolve packageDebugResources (project :aura:reactivedesign:collabcanvas) (Thread[#322,included builds,5,main]) started.
work action resolve packageDebugResources (project :cascade:datastream:taskmanager) (Thread[#322,included builds,5,main]) started.
work action resolve packageDebugResources (project :kai:sentinelsfortress:systemintegrity) (Thread[#322,included builds,5,main]) started.
work action resolve packageDebugResources (project :genesis:oracledrive:datavein) (Thread[#322,included builds,5,main]) started.
work action resolve packageDebugResources (project :core-module) (Thread[#322,included builds,5,main]) started.
work action resolve packageDebugResources (project :cascade:datastream:delivery) (Thread[#322,included builds,5,main]) started.
work action resolve packageDebugResources (project :cascade:datastream:routing) (Thread[#322,included builds,5,main]) started.
work action resolve packageDebugResources (project :genesis:oracledrive:rootmanagement) (Thread[#322,included builds,5,main]) started.
work action resolve packageDebugResources (project :aura:reactivedesign:chromacore) (Thread[#322,included builds,5,main]) started.
work action resolve packageDebugResources (project :agents:growthmetrics:spheregrid) (Thread[#322,included builds,5,main]) started.
work action resolve packageDebugResources (project :aura:reactivedesign:auraslab) (Thread[#322,included builds,5,main]) started.
work action resolve packageDebugResources (project :agents:growthmetrics:tasker) (Thread[#322,included builds,5,main]) started.
work action resolve packageDebugResources (project :kai:sentinelsfortress:security) (Thread[#322,included builds,5,main]) started.
work action resolve packageDebugResources (project :aura:reactivedesign:customization) (Thread[#322,included builds,5,main]) started.
work action resolve packageDebugResources (project :agents:growthmetrics:nexusmemory) (Thread[#322,included builds,5,main]) started.
work action resolve packageDebugResources (project :agents:growthmetrics:metareflection) (Thread[#322,included builds,5,main]) started.
work action resolve packageDebugResources (project :aura:reactivedesign:sandboxui) (Thread[#322,included builds,5,main]) started.
Resolve mutations for :app:packageDebugResources (Thread[#322,included builds,5,main]) started.
:app:packageDebugResources (Thread[#322,included builds,5,main]) started.

> Task :kai:sentinelsfortress:threatmonitor:generateDebugResources UP-TO-DATE
Build cache key for task ':kai:sentinelsfortress:threatmonitor:generateDebugResources' is 86d0693db945df9e496d567b042cd0fe
Skipping task ':kai:sentinelsfortress:threatmonitor:generateDebugResources' as it is up-to-date.
Resolve mutations for :kai:sentinelsfortress:threatmonitor:packageDebugResources (Thread[#323,Execution worker,5,main]) started.
:kai:sentinelsfortress:threatmonitor:packageDebugResources (Thread[#323,Execution worker,5,main]) started.

> Task :app:packageDebugResources UP-TO-DATE
Build cache key for task ':app:packageDebugResources' is c6608d2525e08712129411edd31cb2bc
Skipping task ':app:packageDebugResources' as it is up-to-date.
Resolve mutations for :core-module:processDebugNavigationResources (Thread[#322,included builds,5,main]) started.
:core-module:processDebugNavigationResources (Thread[#322,included builds,5,main]) started.

> Task :kai:sentinelsfortress:threatmonitor:packageDebugResources UP-TO-DATE
Build cache key for task ':kai:sentinelsfortress:threatmonitor:packageDebugResources' is edf3397431a25d01ddee70bceb97fefa
Skipping task ':kai:sentinelsfortress:threatmonitor:packageDebugResources' as it is up-to-date.
work action resolve packageDebugResources (project :kai:sentinelsfortress:threatmonitor) (Thread[#323,Execution worker,5,main]) started.
Resolve mutations for :app:mergeDebugResources (Thread[#323,Execution worker,5,main]) started.

> Task :core-module:processDebugNavigationResources UP-TO-DATE
Build cache key for task ':core-module:processDebugNavigationResources' is 696c6a879c451f6391db9a2ff9233400
Skipping task ':core-module:processDebugNavigationResources' as it is up-to-date.
:app:mergeDebugResources (Thread[#323,Execution worker,5,main]) started.
Resolve mutations for :genesis:oracledrive:processDebugNavigationResources (Thread[#322,included builds,5,main]) started.
:genesis:oracledrive:processDebugNavigationResources (Thread[#322,included builds,5,main]) started.

> Task :genesis:oracledrive:processDebugNavigationResources UP-TO-DATE
Build cache key for task ':genesis:oracledrive:processDebugNavigationResources' is 2c692402e796779b4f5f8dc42c7b1948
Skipping task ':genesis:oracledrive:processDebugNavigationResources' as it is up-to-date.
Resolve mutations for :agents:growthmetrics:identity:processDebugNavigationResources (Thread[#322,included builds,5,main]) started.
:agents:growthmetrics:identity:processDebugNavigationResources (Thread[#322,included builds,5,main]) started.

> Task :agents:growthmetrics:identity:processDebugNavigationResources UP-TO-DATE
Build cache key for task ':agents:growthmetrics:identity:processDebugNavigationResources' is d980af69ced978207e34b6033b2dcff8
Skipping task ':agents:growthmetrics:identity:processDebugNavigationResources' as it is up-to-date.
Resolve mutations for :agents:growthmetrics:metareflection:processDebugNavigationResources (Thread[#322,included builds,5,main]) started.
:agents:growthmetrics:metareflection:processDebugNavigationResources (Thread[#322,included builds,5,main]) started.

> Task :agents:growthmetrics:metareflection:processDebugNavigationResources UP-TO-DATE
Build cache key for task ':agents:growthmetrics:metareflection:processDebugNavigationResources' is d980af69ced978207e34b6033b2dcff8
Skipping task ':agents:growthmetrics:metareflection:processDebugNavigationResources' as it is up-to-date.
Resolve mutations for :agents:growthmetrics:nexusmemory:processDebugNavigationResources (Thread[#322,included builds,5,main]) started.
:agents:growthmetrics:nexusmemory:processDebugNavigationResources (Thread[#322,included builds,5,main]) started.

> Task :agents:growthmetrics:nexusmemory:processDebugNavigationResources UP-TO-DATE
Build cache key for task ':agents:growthmetrics:nexusmemory:processDebugNavigationResources' is d980af69ced978207e34b6033b2dcff8
Skipping task ':agents:growthmetrics:nexusmemory:processDebugNavigationResources' as it is up-to-date.
Resolve mutations for :agents:growthmetrics:progression:processDebugNavigationResources (Thread[#322,included builds,5,main]) started.
:agents:growthmetrics:progression:processDebugNavigationResources (Thread[#322,included builds,5,main]) started.

> Task :agents:growthmetrics:progression:processDebugNavigationResources UP-TO-DATE
Build cache key for task ':agents:growthmetrics:progression:processDebugNavigationResources' is d980af69ced978207e34b6033b2dcff8
Skipping task ':agents:growthmetrics:progression:processDebugNavigationResources' as it is up-to-date.
Resolve mutations for :agents:growthmetrics:spheregrid:processDebugNavigationResources (Thread[#322,included builds,5,main]) started.
:agents:growthmetrics:spheregrid:processDebugNavigationResources (Thread[#322,included builds,5,main]) started.

> Task :agents:growthmetrics:spheregrid:processDebugNavigationResources UP-TO-DATE
Build cache key for task ':agents:growthmetrics:spheregrid:processDebugNavigationResources' is d980af69ced978207e34b6033b2dcff8
Skipping task ':agents:growthmetrics:spheregrid:processDebugNavigationResources' as it is up-to-date.
Resolve mutations for :agents:growthmetrics:tasker:processDebugNavigationResources (Thread[#322,included builds,5,main]) started.
:agents:growthmetrics:tasker:processDebugNavigationResources (Thread[#322,included builds,5,main]) started.

> Task :agents:growthmetrics:tasker:processDebugNavigationResources UP-TO-DATE
Build cache key for task ':agents:growthmetrics:tasker:processDebugNavigationResources' is d980af69ced978207e34b6033b2dcff8
Skipping task ':agents:growthmetrics:tasker:processDebugNavigationResources' as it is up-to-date.
Resolve mutations for :aura:reactivedesign:auraslab:processDebugNavigationResources (Thread[#322,included builds,5,main]) started.
:aura:reactivedesign:auraslab:processDebugNavigationResources (Thread[#322,included builds,5,main]) started.

> Task :aura:reactivedesign:auraslab:processDebugNavigationResources UP-TO-DATE
Build cache key for task ':aura:reactivedesign:auraslab:processDebugNavigationResources' is 2f48ef436751d41150f291c8d1c8413b
Skipping task ':aura:reactivedesign:auraslab:processDebugNavigationResources' as it is up-to-date.
Resolve mutations for :aura:reactivedesign:chromacore:processDebugNavigationResources (Thread[#322,included builds,5,main]) started.
:aura:reactivedesign:chromacore:processDebugNavigationResources (Thread[#322,included builds,5,main]) started.

> Task :aura:reactivedesign:chromacore:processDebugNavigationResources UP-TO-DATE
Build cache key for task ':aura:reactivedesign:chromacore:processDebugNavigationResources' is 3008ffbcf7b60e4c412484c8878735e8
Skipping task ':aura:reactivedesign:chromacore:processDebugNavigationResources' as it is up-to-date.
Resolve mutations for :aura:reactivedesign:collabcanvas:processDebugNavigationResources (Thread[#322,included builds,5,main]) started.
:aura:reactivedesign:collabcanvas:processDebugNavigationResources (Thread[#322,included builds,5,main]) started.

> Task :aura:reactivedesign:collabcanvas:processDebugNavigationResources UP-TO-DATE
Build cache key for task ':aura:reactivedesign:collabcanvas:processDebugNavigationResources' is d2c174f60a82c1a32e16b46b29d82f60
Skipping task ':aura:reactivedesign:collabcanvas:processDebugNavigationResources' as it is up-to-date.
Resolve mutations for :aura:reactivedesign:customization:processDebugNavigationResources (Thread[#322,included builds,5,main]) started.
:aura:reactivedesign:customization:processDebugNavigationResources (Thread[#322,included builds,5,main]) started.

> Task :aura:reactivedesign:customization:processDebugNavigationResources UP-TO-DATE
Build cache key for task ':aura:reactivedesign:customization:processDebugNavigationResources' is d980af69ced978207e34b6033b2dcff8
Skipping task ':aura:reactivedesign:customization:processDebugNavigationResources' as it is up-to-date.
Resolve mutations for :aura:reactivedesign:sandboxui:processDebugNavigationResources (Thread[#322,included builds,5,main]) started.
:aura:reactivedesign:sandboxui:processDebugNavigationResources (Thread[#322,included builds,5,main]) started.

> Task :aura:reactivedesign:sandboxui:processDebugNavigationResources UP-TO-DATE
Build cache key for task ':aura:reactivedesign:sandboxui:processDebugNavigationResources' is d980af69ced978207e34b6033b2dcff8
Skipping task ':aura:reactivedesign:sandboxui:processDebugNavigationResources' as it is up-to-date.
Resolve mutations for :cascade:datastream:delivery:processDebugNavigationResources (Thread[#322,included builds,5,main]) started.
:cascade:datastream:delivery:processDebugNavigationResources (Thread[#322,included builds,5,main]) started.

> Task :cascade:datastream:delivery:processDebugNavigationResources UP-TO-DATE
Build cache key for task ':cascade:datastream:delivery:processDebugNavigationResources' is d980af69ced978207e34b6033b2dcff8
Skipping task ':cascade:datastream:delivery:processDebugNavigationResources' as it is up-to-date.
Resolve mutations for :cascade:datastream:routing:processDebugNavigationResources (Thread[#322,included builds,5,main]) started.
:cascade:datastream:routing:processDebugNavigationResources (Thread[#322,included builds,5,main]) started.

> Task :cascade:datastream:routing:processDebugNavigationResources UP-TO-DATE
Build cache key for task ':cascade:datastream:routing:processDebugNavigationResources' is d980af69ced978207e34b6033b2dcff8
Skipping task ':cascade:datastream:routing:processDebugNavigationResources' as it is up-to-date.
Resolve mutations for :cascade:datastream:taskmanager:processDebugNavigationResources (Thread[#322,included builds,5,main]) started.
:cascade:datastream:taskmanager:processDebugNavigationResources (Thread[#322,included builds,5,main]) started.

> Task :cascade:datastream:taskmanager:processDebugNavigationResources UP-TO-DATE
Build cache key for task ':cascade:datastream:taskmanager:processDebugNavigationResources' is d980af69ced978207e34b6033b2dcff8
Skipping task ':cascade:datastream:taskmanager:processDebugNavigationResources' as it is up-to-date.
Resolve mutations for :genesis:oracledrive:datavein:processDebugNavigationResources (Thread[#322,included builds,5,main]) started.
:genesis:oracledrive:datavein:processDebugNavigationResources (Thread[#322,included builds,5,main]) started.

> Task :genesis:oracledrive:datavein:processDebugNavigationResources UP-TO-DATE
Build cache key for task ':genesis:oracledrive:datavein:processDebugNavigationResources' is 4ce59e90fd3bbdc7efe4a18cdf537ec6
Skipping task ':genesis:oracledrive:datavein:processDebugNavigationResources' as it is up-to-date.
Resolve mutations for :genesis:oracledrive:rootmanagement:processDebugNavigationResources (Thread[#322,included builds,5,main]) started.
:genesis:oracledrive:rootmanagement:processDebugNavigationResources (Thread[#322,included builds,5,main]) started.

> Task :genesis:oracledrive:rootmanagement:processDebugNavigationResources UP-TO-DATE
Build cache key for task ':genesis:oracledrive:rootmanagement:processDebugNavigationResources' is cf2505cee62f53046573adad3a80d2c3
Skipping task ':genesis:oracledrive:rootmanagement:processDebugNavigationResources' as it is up-to-date.
Resolve mutations for :kai:sentinelsfortress:security:processDebugNavigationResources (Thread[#322,included builds,5,main]) started.
:kai:sentinelsfortress:security:processDebugNavigationResources (Thread[#322,included builds,5,main]) started.

> Task :kai:sentinelsfortress:security:processDebugNavigationResources UP-TO-DATE
Build cache key for task ':kai:sentinelsfortress:security:processDebugNavigationResources' is f02d6458f71399ca518166716d6368b2
Skipping task ':kai:sentinelsfortress:security:processDebugNavigationResources' as it is up-to-date.
Resolve mutations for :kai:sentinelsfortress:systemintegrity:processDebugNavigationResources (Thread[#322,included builds,5,main]) started.
:kai:sentinelsfortress:systemintegrity:processDebugNavigationResources (Thread[#322,included builds,5,main]) started.

> Task :kai:sentinelsfortress:systemintegrity:processDebugNavigationResources UP-TO-DATE
Build cache key for task ':kai:sentinelsfortress:systemintegrity:processDebugNavigationResources' is d980af69ced978207e34b6033b2dcff8
Skipping task ':kai:sentinelsfortress:systemintegrity:processDebugNavigationResources' as it is up-to-date.
Resolve mutations for :kai:sentinelsfortress:threatmonitor:processDebugNavigationResources (Thread[#322,included builds,5,main]) started.
:kai:sentinelsfortress:threatmonitor:processDebugNavigationResources (Thread[#322,included builds,5,main]) started.

> Task :kai:sentinelsfortress:threatmonitor:processDebugNavigationResources UP-TO-DATE
Build cache key for task ':kai:sentinelsfortress:threatmonitor:processDebugNavigationResources' is d980af69ced978207e34b6033b2dcff8
Skipping task ':kai:sentinelsfortress:threatmonitor:processDebugNavigationResources' as it is up-to-date.
work action resolve debug (project :core-module) (Thread[#322,included builds,5,main]) started.
work action resolve debug (project :cascade:datastream:delivery) (Thread[#322,included builds,5,main]) started.
work action resolve debug (project :kai:sentinelsfortress:systemintegrity) (Thread[#322,included builds,5,main]) started.
work action resolve debug (project :aura:reactivedesign:sandboxui) (Thread[#322,included builds,5,main]) started.
work action resolve debug (project :genesis:oracledrive) (Thread[#322,included builds,5,main]) started.
work action resolve debug (project :agents:growthmetrics:progression) (Thread[#322,included builds,5,main]) started.

> Task :app:mergeDebugResources UP-TO-DATE
Build cache key for task ':app:mergeDebugResources' is 2464a281f812d6309904f7640aa8ba6e
Skipping task ':app:mergeDebugResources' as it is up-to-date.
work action resolve debug (project :kai:sentinelsfortress:security) (Thread[#322,included builds,5,main]) started.
work action resolve debug (project :kai:sentinelsfortress:threatmonitor) (Thread[#322,included builds,5,main]) started.
work action resolve debug (project :agents:growthmetrics:spheregrid) (Thread[#323,Execution worker,5,main]) started.
work action resolve debug (project :aura:reactivedesign:auraslab) (Thread[#322,included builds,5,main]) started.
work action resolve debug (project :agents:growthmetrics:metareflection) (Thread[#323,Execution worker,5,main]) started.
work action resolve debug (project :aura:reactivedesign:chromacore) (Thread[#322,included builds,5,main]) started.
work action resolve debug (project :genesis:oracledrive:datavein) (Thread[#323,Execution worker,5,main]) started.
work action resolve debug (project :agents:growthmetrics:identity) (Thread[#322,included builds,5,main]) started.
work action resolve debug (project :agents:growthmetrics:tasker) (Thread[#323,Execution worker,5,main]) started.
work action resolve debug (project :cascade:datastream:taskmanager) (Thread[#322,included builds,5,main]) started.
work action resolve debug (project :agents:growthmetrics:nexusmemory) (Thread[#323,Execution worker,5,main]) started.
work action resolve debug (project :cascade:datastream:routing) (Thread[#322,included builds,5,main]) started.
work action resolve debug (project :aura:reactivedesign:customization) (Thread[#323,Execution worker,5,main]) started.
work action resolve debug (project :genesis:oracledrive:rootmanagement) (Thread[#322,included builds,5,main]) started.
work action resolve debug (project :aura:reactivedesign:collabcanvas) (Thread[#323,Execution worker,5,main]) started.
Resolve mutations for :core-module:parseDebugLocalResources (Thread[#322,included builds,5,main]) started.
Resolve mutations for :app:processDebugNavigationResources (Thread[#323,Execution worker,5,main]) started.
:core-module:parseDebugLocalResources (Thread[#322,included builds,5,main]) started.
:app:processDebugNavigationResources (Thread[#323,Execution worker,5,main]) started.

> Task :core-module:parseDebugLocalResources UP-TO-DATE
Build cache key for task ':core-module:parseDebugLocalResources' is a8fea6b3b1cca89c2d1c20d88ec1ec5a
Skipping task ':core-module:parseDebugLocalResources' as it is up-to-date.
Resolve mutations for :core-module:generateDebugRFile (Thread[#322,included builds,5,main]) started.
:core-module:generateDebugRFile (Thread[#322,included builds,5,main]) started.

> Task :core-module:generateDebugRFile UP-TO-DATE
Build cache key for task ':core-module:generateDebugRFile' is 30fc2e567457b4661558d699faf30296
Skipping task ':core-module:generateDebugRFile' as it is up-to-date.
Resolve mutations for :genesis:oracledrive:parseDebugLocalResources (Thread[#322,included builds,5,main]) started.
:genesis:oracledrive:parseDebugLocalResources (Thread[#322,included builds,5,main]) started.

> Task :genesis:oracledrive:parseDebugLocalResources UP-TO-DATE
Build cache key for task ':genesis:oracledrive:parseDebugLocalResources' is 22d01daf9cfa15fe3a8aa24b2932ac2c
Skipping task ':genesis:oracledrive:parseDebugLocalResources' as it is up-to-date.
Resolve mutations for :genesis:oracledrive:generateDebugRFile (Thread[#322,included builds,5,main]) started.
:genesis:oracledrive:generateDebugRFile (Thread[#322,included builds,5,main]) started.

> Task :genesis:oracledrive:generateDebugRFile UP-TO-DATE
Build cache key for task ':genesis:oracledrive:generateDebugRFile' is a69653f9707a71fb5e9393de9b34de8d
Skipping task ':genesis:oracledrive:generateDebugRFile' as it is up-to-date.
Resolve mutations for :agents:growthmetrics:identity:parseDebugLocalResources (Thread[#322,included builds,5,main]) started.
:agents:growthmetrics:identity:parseDebugLocalResources (Thread[#322,included builds,5,main]) started.

> Task :agents:growthmetrics:identity:parseDebugLocalResources UP-TO-DATE
Build cache key for task ':agents:growthmetrics:identity:parseDebugLocalResources' is eef8bb6c9ba9db33536b924855892d3e
Skipping task ':agents:growthmetrics:identity:parseDebugLocalResources' as it is up-to-date.
Resolve mutations for :agents:growthmetrics:identity:generateDebugRFile (Thread[#322,included builds,5,main]) started.
:agents:growthmetrics:identity:generateDebugRFile (Thread[#322,included builds,5,main]) started.

> Task :agents:growthmetrics:identity:generateDebugRFile UP-TO-DATE
Build cache key for task ':agents:growthmetrics:identity:generateDebugRFile' is b4b40bd1d6700049cf89fa0b00f33137
Skipping task ':agents:growthmetrics:identity:generateDebugRFile' as it is up-to-date.
Resolve mutations for :agents:growthmetrics:metareflection:parseDebugLocalResources (Thread[#322,included builds,5,main]) started.
:agents:growthmetrics:metareflection:parseDebugLocalResources (Thread[#322,included builds,5,main]) started.

> Task :agents:growthmetrics:metareflection:parseDebugLocalResources UP-TO-DATE
Build cache key for task ':agents:growthmetrics:metareflection:parseDebugLocalResources' is eef8bb6c9ba9db33536b924855892d3e
Skipping task ':agents:growthmetrics:metareflection:parseDebugLocalResources' as it is up-to-date.
Resolve mutations for :agents:growthmetrics:metareflection:generateDebugRFile (Thread[#322,included builds,5,main]) started.
:agents:growthmetrics:metareflection:generateDebugRFile (Thread[#322,included builds,5,main]) started.

> Task :agents:growthmetrics:metareflection:generateDebugRFile UP-TO-DATE
Build cache key for task ':agents:growthmetrics:metareflection:generateDebugRFile' is db5b8dfaad536867a27fa192f69eafdd
Skipping task ':agents:growthmetrics:metareflection:generateDebugRFile' as it is up-to-date.
Resolve mutations for :agents:growthmetrics:nexusmemory:parseDebugLocalResources (Thread[#322,included builds,5,main]) started.
:agents:growthmetrics:nexusmemory:parseDebugLocalResources (Thread[#322,included builds,5,main]) started.

> Task :agents:growthmetrics:nexusmemory:parseDebugLocalResources UP-TO-DATE
Build cache key for task ':agents:growthmetrics:nexusmemory:parseDebugLocalResources' is eef8bb6c9ba9db33536b924855892d3e
Skipping task ':agents:growthmetrics:nexusmemory:parseDebugLocalResources' as it is up-to-date.
Resolve mutations for :agents:growthmetrics:nexusmemory:generateDebugRFile (Thread[#322,included builds,5,main]) started.
:agents:growthmetrics:nexusmemory:generateDebugRFile (Thread[#322,included builds,5,main]) started.

> Task :agents:growthmetrics:nexusmemory:generateDebugRFile UP-TO-DATE
Build cache key for task ':agents:growthmetrics:nexusmemory:generateDebugRFile' is e56f73d02e8dd3e8ec9c01d52fd64e60
Skipping task ':agents:growthmetrics:nexusmemory:generateDebugRFile' as it is up-to-date.
Resolve mutations for :agents:growthmetrics:progression:parseDebugLocalResources (Thread[#322,included builds,5,main]) started.
:agents:growthmetrics:progression:parseDebugLocalResources (Thread[#322,included builds,5,main]) started.

> Task :agents:growthmetrics:progression:parseDebugLocalResources UP-TO-DATE
Build cache key for task ':agents:growthmetrics:progression:parseDebugLocalResources' is eef8bb6c9ba9db33536b924855892d3e
Skipping task ':agents:growthmetrics:progression:parseDebugLocalResources' as it is up-to-date.
Resolve mutations for :agents:growthmetrics:progression:generateDebugRFile (Thread[#322,included builds,5,main]) started.
:agents:growthmetrics:progression:generateDebugRFile (Thread[#322,included builds,5,main]) started.

> Task :agents:growthmetrics:progression:generateDebugRFile UP-TO-DATE
Build cache key for task ':agents:growthmetrics:progression:generateDebugRFile' is 37b96b9e356bd01f937992093432f201
Skipping task ':agents:growthmetrics:progression:generateDebugRFile' as it is up-to-date.
Resolve mutations for :agents:growthmetrics:spheregrid:parseDebugLocalResources (Thread[#322,included builds,5,main]) started.
:agents:growthmetrics:spheregrid:parseDebugLocalResources (Thread[#322,included builds,5,main]) started.

> Task :agents:growthmetrics:spheregrid:parseDebugLocalResources UP-TO-DATE
Build cache key for task ':agents:growthmetrics:spheregrid:parseDebugLocalResources' is eef8bb6c9ba9db33536b924855892d3e
Skipping task ':agents:growthmetrics:spheregrid:parseDebugLocalResources' as it is up-to-date.
Resolve mutations for :agents:growthmetrics:spheregrid:generateDebugRFile (Thread[#322,included builds,5,main]) started.
:agents:growthmetrics:spheregrid:generateDebugRFile (Thread[#322,included builds,5,main]) started.

> Task :app:processDebugNavigationResources UP-TO-DATE
Build cache key for task ':app:processDebugNavigationResources' is f43ebf11a39eef1c8ba958df40217f42
Skipping task ':app:processDebugNavigationResources' as it is up-to-date.
Resolve mutations for :app:parseDebugLocalResources (Thread[#323,Execution worker,5,main]) started.
:app:parseDebugLocalResources (Thread[#323,Execution worker,5,main]) started.

> Task :app:parseDebugLocalResources UP-TO-DATE
Build cache key for task ':app:parseDebugLocalResources' is 4035b675d03436cf8932967e3279ffe9
Skipping task ':app:parseDebugLocalResources' as it is up-to-date.
Resolve mutations for :agents:growthmetrics:tasker:parseDebugLocalResources (Thread[#323,Execution worker,5,main]) started.
:agents:growthmetrics:tasker:parseDebugLocalResources (Thread[#323,Execution worker,5,main]) started.

> Task :agents:growthmetrics:spheregrid:generateDebugRFile UP-TO-DATE
Build cache key for task ':agents:growthmetrics:spheregrid:generateDebugRFile' is 6a700d54191075141a2cd1f45ac377d1
Skipping task ':agents:growthmetrics:spheregrid:generateDebugRFile' as it is up-to-date.
Resolve mutations for :aura:reactivedesign:auraslab:parseDebugLocalResources (Thread[#322,included builds,5,main]) started.
:aura:reactivedesign:auraslab:parseDebugLocalResources (Thread[#322,included builds,5,main]) started.

> Task :agents:growthmetrics:tasker:parseDebugLocalResources UP-TO-DATE
Build cache key for task ':agents:growthmetrics:tasker:parseDebugLocalResources' is eef8bb6c9ba9db33536b924855892d3e
Skipping task ':agents:growthmetrics:tasker:parseDebugLocalResources' as it is up-to-date.

> Task :aura:reactivedesign:auraslab:parseDebugLocalResources UP-TO-DATE
Build cache key for task ':aura:reactivedesign:auraslab:parseDebugLocalResources' is da5a958695bed19d05557aaba72f610c
Skipping task ':aura:reactivedesign:auraslab:parseDebugLocalResources' as it is up-to-date.
Resolve mutations for :agents:growthmetrics:tasker:generateDebugRFile (Thread[#323,Execution worker,5,main]) started.
Resolve mutations for :aura:reactivedesign:auraslab:generateDebugRFile (Thread[#322,included builds,5,main]) started.
:agents:growthmetrics:tasker:generateDebugRFile (Thread[#323,Execution worker,5,main]) started.
:aura:reactivedesign:auraslab:generateDebugRFile (Thread[#322,included builds,5,main]) started.

> Task :aura:reactivedesign:auraslab:generateDebugRFile UP-TO-DATE
Build cache key for task ':aura:reactivedesign:auraslab:generateDebugRFile' is 8c46992d26708477aa0589defb06b9a7
Skipping task ':aura:reactivedesign:auraslab:generateDebugRFile' as it is up-to-date.

> Task :agents:growthmetrics:tasker:generateDebugRFile UP-TO-DATE
Build cache key for task ':agents:growthmetrics:tasker:generateDebugRFile' is 19c5e9decfe9e86689c9e5b47210576f
Skipping task ':agents:growthmetrics:tasker:generateDebugRFile' as it is up-to-date.
Resolve mutations for :aura:reactivedesign:chromacore:parseDebugLocalResources (Thread[#322,included builds,5,main]) started.
Resolve mutations for :aura:reactivedesign:collabcanvas:parseDebugLocalResources (Thread[#323,Execution worker,5,main]) started.
:aura:reactivedesign:chromacore:parseDebugLocalResources (Thread[#322,included builds,5,main]) started.
:aura:reactivedesign:collabcanvas:parseDebugLocalResources (Thread[#323,Execution worker,5,main]) started.

> Task :aura:reactivedesign:chromacore:parseDebugLocalResources UP-TO-DATE
Build cache key for task ':aura:reactivedesign:chromacore:parseDebugLocalResources' is bdeb3718c146fb9d0cfff7d47b1db3ba
Skipping task ':aura:reactivedesign:chromacore:parseDebugLocalResources' as it is up-to-date.
Resolve mutations for :aura:reactivedesign:chromacore:generateDebugRFile (Thread[#322,included builds,5,main]) started.

> Task :aura:reactivedesign:collabcanvas:parseDebugLocalResources UP-TO-DATE
Build cache key for task ':aura:reactivedesign:collabcanvas:parseDebugLocalResources' is d6a91fed3f36bc559d3e0d1e58eff77e
Skipping task ':aura:reactivedesign:collabcanvas:parseDebugLocalResources' as it is up-to-date.
Resolve mutations for :aura:reactivedesign:collabcanvas:generateDebugRFile (Thread[#323,Execution worker,5,main]) started.
:aura:reactivedesign:chromacore:generateDebugRFile (Thread[#322,included builds,5,main]) started.
:aura:reactivedesign:collabcanvas:generateDebugRFile (Thread[#323,Execution worker,5,main]) started.

> Task :aura:reactivedesign:chromacore:generateDebugRFile UP-TO-DATE
Build cache key for task ':aura:reactivedesign:chromacore:generateDebugRFile' is f2990df91fb686fafe258c923514f3a8
Skipping task ':aura:reactivedesign:chromacore:generateDebugRFile' as it is up-to-date.

> Task :aura:reactivedesign:collabcanvas:generateDebugRFile UP-TO-DATE
Build cache key for task ':aura:reactivedesign:collabcanvas:generateDebugRFile' is 1515934927fdffe534c9d6f870808cf8
Skipping task ':aura:reactivedesign:collabcanvas:generateDebugRFile' as it is up-to-date.
Resolve mutations for :aura:reactivedesign:customization:parseDebugLocalResources (Thread[#322,included builds,5,main]) started.
Resolve mutations for :aura:reactivedesign:sandboxui:parseDebugLocalResources (Thread[#323,Execution worker,5,main]) started.
:aura:reactivedesign:customization:parseDebugLocalResources (Thread[#322,included builds,5,main]) started.
:aura:reactivedesign:sandboxui:parseDebugLocalResources (Thread[#323,Execution worker,5,main]) started.

> Task :aura:reactivedesign:customization:parseDebugLocalResources UP-TO-DATE
Build cache key for task ':aura:reactivedesign:customization:parseDebugLocalResources' is eef8bb6c9ba9db33536b924855892d3e
Skipping task ':aura:reactivedesign:customization:parseDebugLocalResources' as it is up-to-date.
Resolve mutations for :aura:reactivedesign:customization:generateDebugRFile (Thread[#322,included builds,5,main]) started.
:aura:reactivedesign:customization:generateDebugRFile (Thread[#322,included builds,5,main]) started.

> Task :aura:reactivedesign:sandboxui:parseDebugLocalResources UP-TO-DATE
Build cache key for task ':aura:reactivedesign:sandboxui:parseDebugLocalResources' is eef8bb6c9ba9db33536b924855892d3e
Skipping task ':aura:reactivedesign:sandboxui:parseDebugLocalResources' as it is up-to-date.
Resolve mutations for :aura:reactivedesign:sandboxui:generateDebugRFile (Thread[#323,Execution worker,5,main]) started.
:aura:reactivedesign:sandboxui:generateDebugRFile (Thread[#323,Execution worker,5,main]) started.

> Task :aura:reactivedesign:customization:generateDebugRFile UP-TO-DATE
Build cache key for task ':aura:reactivedesign:customization:generateDebugRFile' is 232539f63fc13bcb493858954cfb2d58
Skipping task ':aura:reactivedesign:customization:generateDebugRFile' as it is up-to-date.
Resolve mutations for :cascade:datastream:delivery:parseDebugLocalResources (Thread[#322,included builds,5,main]) started.
:cascade:datastream:delivery:parseDebugLocalResources (Thread[#322,included builds,5,main]) started.

> Task :aura:reactivedesign:sandboxui:generateDebugRFile UP-TO-DATE
Build cache key for task ':aura:reactivedesign:sandboxui:generateDebugRFile' is b696d0813138358ae98573793c19a4ac
Skipping task ':aura:reactivedesign:sandboxui:generateDebugRFile' as it is up-to-date.
Resolve mutations for :cascade:datastream:routing:parseDebugLocalResources (Thread[#323,Execution worker,5,main]) started.
:cascade:datastream:routing:parseDebugLocalResources (Thread[#323,Execution worker,5,main]) started.

> Task :cascade:datastream:delivery:parseDebugLocalResources UP-TO-DATE
Build cache key for task ':cascade:datastream:delivery:parseDebugLocalResources' is eef8bb6c9ba9db33536b924855892d3e
Skipping task ':cascade:datastream:delivery:parseDebugLocalResources' as it is up-to-date.
Resolve mutations for :cascade:datastream:delivery:generateDebugRFile (Thread[#322,included builds,5,main]) started.
:cascade:datastream:delivery:generateDebugRFile (Thread[#322,included builds,5,main]) started.

> Task :cascade:datastream:routing:parseDebugLocalResources UP-TO-DATE
Build cache key for task ':cascade:datastream:routing:parseDebugLocalResources' is eef8bb6c9ba9db33536b924855892d3e
Skipping task ':cascade:datastream:routing:parseDebugLocalResources' as it is up-to-date.
Resolve mutations for :cascade:datastream:routing:generateDebugRFile (Thread[#323,Execution worker,5,main]) started.
:cascade:datastream:routing:generateDebugRFile (Thread[#323,Execution worker,5,main]) started.

> Task :cascade:datastream:delivery:generateDebugRFile UP-TO-DATE
Build cache key for task ':cascade:datastream:delivery:generateDebugRFile' is d19eca3283fe90936418897e3ed1cdac
Skipping task ':cascade:datastream:delivery:generateDebugRFile' as it is up-to-date.
Resolve mutations for :cascade:datastream:taskmanager:parseDebugLocalResources (Thread[#322,included builds,5,main]) started.
:cascade:datastream:taskmanager:parseDebugLocalResources (Thread[#322,included builds,5,main]) started.

> Task :cascade:datastream:routing:generateDebugRFile UP-TO-DATE
Build cache key for task ':cascade:datastream:routing:generateDebugRFile' is 1f43b3c152dd1dbd9fc122315336c125
Skipping task ':cascade:datastream:routing:generateDebugRFile' as it is up-to-date.
Resolve mutations for :genesis:oracledrive:datavein:parseDebugLocalResources (Thread[#323,Execution worker,5,main]) started.
:genesis:oracledrive:datavein:parseDebugLocalResources (Thread[#323,Execution worker,5,main]) started.

> Task :cascade:datastream:taskmanager:parseDebugLocalResources UP-TO-DATE
Build cache key for task ':cascade:datastream:taskmanager:parseDebugLocalResources' is eef8bb6c9ba9db33536b924855892d3e
Skipping task ':cascade:datastream:taskmanager:parseDebugLocalResources' as it is up-to-date.
Resolve mutations for :cascade:datastream:taskmanager:generateDebugRFile (Thread[#322,included builds,5,main]) started.
:cascade:datastream:taskmanager:generateDebugRFile (Thread[#322,included builds,5,main]) started.

> Task :genesis:oracledrive:datavein:parseDebugLocalResources UP-TO-DATE
Build cache key for task ':genesis:oracledrive:datavein:parseDebugLocalResources' is a2e466a35973c1ce126f428de6479bf0
Skipping task ':genesis:oracledrive:datavein:parseDebugLocalResources' as it is up-to-date.
Resolve mutations for :genesis:oracledrive:datavein:generateDebugRFile (Thread[#323,Execution worker,5,main]) started.
:genesis:oracledrive:datavein:generateDebugRFile (Thread[#323,Execution worker,5,main]) started.

> Task :cascade:datastream:taskmanager:generateDebugRFile UP-TO-DATE
Build cache key for task ':cascade:datastream:taskmanager:generateDebugRFile' is 76da1b656b74e25ec507ffb073133d4f
Skipping task ':cascade:datastream:taskmanager:generateDebugRFile' as it is up-to-date.
Resolve mutations for :genesis:oracledrive:rootmanagement:parseDebugLocalResources (Thread[#322,included builds,5,main]) started.
:genesis:oracledrive:rootmanagement:parseDebugLocalResources (Thread[#322,included builds,5,main]) started.

> Task :genesis:oracledrive:datavein:generateDebugRFile UP-TO-DATE
Build cache key for task ':genesis:oracledrive:datavein:generateDebugRFile' is 2e4b09dec519ced58ca9473ff395f6bc
Skipping task ':genesis:oracledrive:datavein:generateDebugRFile' as it is up-to-date.
Resolve mutations for :kai:sentinelsfortress:security:parseDebugLocalResources (Thread[#323,Execution worker,5,main]) started.
:kai:sentinelsfortress:security:parseDebugLocalResources (Thread[#323,Execution worker,5,main]) started.

> Task :genesis:oracledrive:rootmanagement:parseDebugLocalResources UP-TO-DATE
Build cache key for task ':genesis:oracledrive:rootmanagement:parseDebugLocalResources' is dd0645574938fa23d640bba37637084f
Skipping task ':genesis:oracledrive:rootmanagement:parseDebugLocalResources' as it is up-to-date.
Resolve mutations for :genesis:oracledrive:rootmanagement:generateDebugRFile (Thread[#322,included builds,5,main]) started.

> Task :kai:sentinelsfortress:security:parseDebugLocalResources UP-TO-DATE
Build cache key for task ':kai:sentinelsfortress:security:parseDebugLocalResources' is cbfc0c330dfb64f6f9ebd16d042b9796
Skipping task ':kai:sentinelsfortress:security:parseDebugLocalResources' as it is up-to-date.
Resolve mutations for :kai:sentinelsfortress:security:generateDebugRFile (Thread[#323,Execution worker,5,main]) started.
:genesis:oracledrive:rootmanagement:generateDebugRFile (Thread[#322,included builds,5,main]) started.
:kai:sentinelsfortress:security:generateDebugRFile (Thread[#323,Execution worker,5,main]) started.

> Task :kai:sentinelsfortress:security:generateDebugRFile UP-TO-DATE
Build cache key for task ':kai:sentinelsfortress:security:generateDebugRFile' is cfc201ab0233de3e562e339ab14675ff
Skipping task ':kai:sentinelsfortress:security:generateDebugRFile' as it is up-to-date.

> Task :genesis:oracledrive:rootmanagement:generateDebugRFile UP-TO-DATE
Build cache key for task ':genesis:oracledrive:rootmanagement:generateDebugRFile' is 41530d4f844c04d32559f4d6872eca8e
Skipping task ':genesis:oracledrive:rootmanagement:generateDebugRFile' as it is up-to-date.
Resolve mutations for :kai:sentinelsfortress:systemintegrity:parseDebugLocalResources (Thread[#323,Execution worker,5,main]) started.
Resolve mutations for :kai:sentinelsfortress:threatmonitor:parseDebugLocalResources (Thread[#322,included builds,5,main]) started.
:kai:sentinelsfortress:systemintegrity:parseDebugLocalResources (Thread[#323,Execution worker,5,main]) started.
:kai:sentinelsfortress:threatmonitor:parseDebugLocalResources (Thread[#322,included builds,5,main]) started.

> Task :kai:sentinelsfortress:threatmonitor:parseDebugLocalResources UP-TO-DATE
Build cache key for task ':kai:sentinelsfortress:threatmonitor:parseDebugLocalResources' is eef8bb6c9ba9db33536b924855892d3e
Skipping task ':kai:sentinelsfortress:threatmonitor:parseDebugLocalResources' as it is up-to-date.

> Task :kai:sentinelsfortress:systemintegrity:parseDebugLocalResources UP-TO-DATE
Build cache key for task ':kai:sentinelsfortress:systemintegrity:parseDebugLocalResources' is eef8bb6c9ba9db33536b924855892d3e
Skipping task ':kai:sentinelsfortress:systemintegrity:parseDebugLocalResources' as it is up-to-date.
Resolve mutations for :kai:sentinelsfortress:threatmonitor:generateDebugRFile (Thread[#322,included builds,5,main]) started.
Resolve mutations for :kai:sentinelsfortress:systemintegrity:generateDebugRFile (Thread[#323,Execution worker,5,main]) started.
:kai:sentinelsfortress:threatmonitor:generateDebugRFile (Thread[#322,included builds,5,main]) started.
:kai:sentinelsfortress:systemintegrity:generateDebugRFile (Thread[#323,Execution worker,5,main]) started.

> Task :kai:sentinelsfortress:threatmonitor:generateDebugRFile UP-TO-DATE
Build cache key for task ':kai:sentinelsfortress:threatmonitor:generateDebugRFile' is e6148a1d16e86ecf26e7ab6f03982ff8
Skipping task ':kai:sentinelsfortress:threatmonitor:generateDebugRFile' as it is up-to-date.

> Task :kai:sentinelsfortress:systemintegrity:generateDebugRFile UP-TO-DATE
Build cache key for task ':kai:sentinelsfortress:systemintegrity:generateDebugRFile' is bce74cc789cea731d8d76c5c9bbc8c5c
Skipping task ':kai:sentinelsfortress:systemintegrity:generateDebugRFile' as it is up-to-date.
work action resolve package-aware-r.txt (project :genesis:oracledrive:rootmanagement) (Thread[#322,included builds,5,main]) started.
work action resolve package-aware-r.txt (project :kai:sentinelsfortress:threatmonitor) (Thread[#323,Execution worker,5,main]) started.
work action resolve package-aware-r.txt (project :cascade:datastream:taskmanager) (Thread[#322,included builds,5,main]) started.
work action resolve package-aware-r.txt (project :agents:growthmetrics:identity) (Thread[#323,Execution worker,5,main]) started.
work action resolve package-aware-r.txt (project :kai:sentinelsfortress:systemintegrity) (Thread[#322,included builds,5,main]) started.
work action resolve package-aware-r.txt (project :agents:growthmetrics:tasker) (Thread[#323,Execution worker,5,main]) started.
work action resolve package-aware-r.txt (project :aura:reactivedesign:chromacore) (Thread[#322,included builds,5,main]) started.
work action resolve package-aware-r.txt (project :aura:reactivedesign:sandboxui) (Thread[#323,Execution worker,5,main]) started.
work action resolve package-aware-r.txt (project :core-module) (Thread[#322,included builds,5,main]) started.
work action resolve package-aware-r.txt (project :cascade:datastream:routing) (Thread[#323,Execution worker,5,main]) started.
work action resolve package-aware-r.txt (project :genesis:oracledrive) (Thread[#322,included builds,5,main]) started.
work action resolve package-aware-r.txt (project :kai:sentinelsfortress:security) (Thread[#323,Execution worker,5,main]) started.
work action resolve package-aware-r.txt (project :aura:reactivedesign:collabcanvas) (Thread[#322,included builds,5,main]) started.
work action resolve package-aware-r.txt (project :aura:reactivedesign:auraslab) (Thread[#323,Execution worker,5,main]) started.
work action resolve package-aware-r.txt (project :genesis:oracledrive:datavein) (Thread[#322,included builds,5,main]) started.
work action resolve package-aware-r.txt (project :agents:growthmetrics:nexusmemory) (Thread[#323,Execution worker,5,main]) started.
work action resolve package-aware-r.txt (project :agents:growthmetrics:spheregrid) (Thread[#322,included builds,5,main]) started.
work action resolve package-aware-r.txt (project :agents:growthmetrics:progression) (Thread[#323,Execution worker,5,main]) started.
work action resolve package-aware-r.txt (project :cascade:datastream:delivery) (Thread[#322,included builds,5,main]) started.
work action resolve package-aware-r.txt (project :aura:reactivedesign:customization) (Thread[#323,Execution worker,5,main]) started.
work action resolve package-aware-r.txt (project :agents:growthmetrics:metareflection) (Thread[#322,included builds,5,main]) started.
Resolve mutations for :app:generateDebugBuildConfig (Thread[#323,Execution worker,5,main]) started.
Resolve mutations for :app:dataBindingGenBaseClassesDebug (Thread[#322,included builds,5,main]) started.
:app:generateDebugBuildConfig (Thread[#323,Execution worker,5,main]) started.
:app:dataBindingGenBaseClassesDebug (Thread[#322,included builds,5,main]) started.

> Task :app:generateDebugBuildConfig UP-TO-DATE
Build cache key for task ':app:generateDebugBuildConfig' is e4ab6ef3df281f8650e03428a511820a
Skipping task ':app:generateDebugBuildConfig' as it is up-to-date.
Resolve mutations for :app:generateDebugRFile (Thread[#323,Execution worker,5,main]) started.
:app:generateDebugRFile (Thread[#323,Execution worker,5,main]) started.

> Task :app:generateDebugRFile UP-TO-DATE
Build cache key for task ':app:generateDebugRFile' is b5f14446d8910d7150cfe7f0a39dc464
Skipping task ':app:generateDebugRFile' as it is up-to-date.
Resolve mutations for :core-module:generateDebugBuildConfig (Thread[#323,Execution worker,5,main]) started.
:core-module:generateDebugBuildConfig (Thread[#323,Execution worker,5,main]) started.

> Task :core-module:generateDebugBuildConfig UP-TO-DATE
Build cache key for task ':core-module:generateDebugBuildConfig' is ed2bcde78a6940ea7ea8288692ffab25
Skipping task ':core-module:generateDebugBuildConfig' as it is up-to-date.
Resolve mutations for :core-module:kspDebugKotlin (Thread[#323,Execution worker,5,main]) started.
:core-module:kspDebugKotlin (Thread[#323,Execution worker,5,main]) started.

> Task :app:dataBindingGenBaseClassesDebug UP-TO-DATE
Build cache key for task ':app:dataBindingGenBaseClassesDebug' is fa0c812eb68ff25c9d49c8b68026191b
Skipping task ':app:dataBindingGenBaseClassesDebug' as it is up-to-date.
Resolve mutations for :core-module:javaPreCompileDebug (Thread[#322,included builds,5,main]) started.
:core-module:javaPreCompileDebug (Thread[#322,included builds,5,main]) started.

> Task :core-module:javaPreCompileDebug UP-TO-DATE
Build cache key for task ':core-module:javaPreCompileDebug' is 401210049de6a555d775568d64b9f143
Skipping task ':core-module:javaPreCompileDebug' as it is up-to-date.
Resolve mutations for :genesis:oracledrive:generateDebugBuildConfig (Thread[#322,included builds,5,main]) started.
:genesis:oracledrive:generateDebugBuildConfig (Thread[#322,included builds,5,main]) started.

> Task :genesis:oracledrive:generateDebugBuildConfig UP-TO-DATE
Build cache key for task ':genesis:oracledrive:generateDebugBuildConfig' is a5892b9dde567f138b242b01cca2c01c
Skipping task ':genesis:oracledrive:generateDebugBuildConfig' as it is up-to-date.
Resolve mutations for :genesis:oracledrive:kspDebugKotlin (Thread[#322,included builds,5,main]) started.
:genesis:oracledrive:kspDebugKotlin (Thread[#322,included builds,5,main]) started.

> Task :genesis:oracledrive:kspDebugKotlin FROM-CACHE
Build cache key for task ':genesis:oracledrive:kspDebugKotlin' is 7c1479786c7850e6b8e93e1f65012529
Task ':genesis:oracledrive:kspDebugKotlin' is not up-to-date because:
  Value of input property 'kspConfig.logLevel' has changed for task ':genesis:oracledrive:kspDebugKotlin'
Loaded cache entry for task ':genesis:oracledrive:kspDebugKotlin' with cache key 7c1479786c7850e6b8e93e1f65012529

> Task :core-module:kspDebugKotlin FROM-CACHE
Build cache key for task ':core-module:kspDebugKotlin' is c85c9cca5a5788c4706eb445ccf8432e
Task ':core-module:kspDebugKotlin' is not up-to-date because:
  Value of input property 'kspConfig.logLevel' has changed for task ':core-module:kspDebugKotlin'
Loaded cache entry for task ':core-module:kspDebugKotlin' with cache key c85c9cca5a5788c4706eb445ccf8432e
Resolve mutations for :core-module:compileDebugKotlin (Thread[#323,Execution worker,5,main]) started.
Resolve mutations for :genesis:oracledrive:compileDebugKotlin (Thread[#322,included builds,5,main]) started.
:core-module:compileDebugKotlin (Thread[#323,Execution worker,5,main]) started.
:genesis:oracledrive:compileDebugKotlin (Thread[#322,included builds,5,main]) started.

> Task :core-module:compileDebugKotlin UP-TO-DATE
file or directory 'C:\Users\AuraF\StudioProjects\ReGenesis--multi-architectural-70-LDO-\core-module\src\main\java', not found
file or directory 'C:\Users\AuraF\StudioProjects\ReGenesis--multi-architectural-70-LDO-\core-module\src\debug\java', not found
file or directory 'C:\Users\AuraF\StudioProjects\ReGenesis--multi-architectural-70-LDO-\core-module\src\debug\kotlin', not found
file or directory 'C:\Users\AuraF\StudioProjects\ReGenesis--multi-architectural-70-LDO-\core-module\src\main\java', not found
file or directory 'C:\Users\AuraF\StudioProjects\ReGenesis--multi-architectural-70-LDO-\core-module\src\debug\java', not found
file or directory 'C:\Users\AuraF\StudioProjects\ReGenesis--multi-architectural-70-LDO-\core-module\src\main\java', not found
file or directory 'C:\Users\AuraF\StudioProjects\ReGenesis--multi-architectural-70-LDO-\core-module\src\debug\java', not found
file or directory 'C:\Users\AuraF\StudioProjects\ReGenesis--multi-architectural-70-LDO-\core-module\src\debug\kotlin', not found
file or directory 'C:\Users\AuraF\StudioProjects\ReGenesis--multi-architectural-70-LDO-\core-module\src\main\java', not found
file or directory 'C:\Users\AuraF\StudioProjects\ReGenesis--multi-architectural-70-LDO-\core-module\src\debug\java', not found
file or directory 'C:\Users\AuraF\StudioProjects\ReGenesis--multi-architectural-70-LDO-\core-module\src\main\java', not found
file or directory 'C:\Users\AuraF\StudioProjects\ReGenesis--multi-architectural-70-LDO-\core-module\src\debug\java', not found
file or directory 'C:\Users\AuraF\StudioProjects\ReGenesis--multi-architectural-70-LDO-\core-module\src\debug\kotlin', not found
file or directory 'C:\Users\AuraF\StudioProjects\ReGenesis--multi-architectural-70-LDO-\core-module\src\main\java', not found
file or directory 'C:\Users\AuraF\StudioProjects\ReGenesis--multi-architectural-70-LDO-\core-module\src\debug\java', not found
Build cache key for task ':core-module:compileDebugKotlin' is 8a469565b019403ebdd57ca294d28f02
Skipping task ':core-module:compileDebugKotlin' as it is up-to-date.
Resolve mutations for :core-module:compileDebugJavaWithJavac (Thread[#323,Execution worker,5,main]) started.
:core-module:compileDebugJavaWithJavac (Thread[#323,Execution worker,5,main]) started.

> Task :genesis:oracledrive:compileDebugKotlin UP-TO-DATE
file or directory 'C:\Users\AuraF\StudioProjects\ReGenesis--multi-architectural-70-LDO-\genesis\oracledrive\src\main\java', not found
file or directory 'C:\Users\AuraF\StudioProjects\ReGenesis--multi-architectural-70-LDO-\genesis\oracledrive\src\debug\java', not found
file or directory 'C:\Users\AuraF\StudioProjects\ReGenesis--multi-architectural-70-LDO-\genesis\oracledrive\src\debug\kotlin', not found
file or directory 'C:\Users\AuraF\StudioProjects\ReGenesis--multi-architectural-70-LDO-\genesis\oracledrive\src\main\java', not found
file or directory 'C:\Users\AuraF\StudioProjects\ReGenesis--multi-architectural-70-LDO-\genesis\oracledrive\src\debug\java', not found
file or directory 'C:\Users\AuraF\StudioProjects\ReGenesis--multi-architectural-70-LDO-\genesis\oracledrive\src\main\java', not found
file or directory 'C:\Users\AuraF\StudioProjects\ReGenesis--multi-architectural-70-LDO-\genesis\oracledrive\src\debug\java', not found
file or directory 'C:\Users\AuraF\StudioProjects\ReGenesis--multi-architectural-70-LDO-\genesis\oracledrive\src\debug\kotlin', not found
file or directory 'C:\Users\AuraF\StudioProjects\ReGenesis--multi-architectural-70-LDO-\genesis\oracledrive\src\main\java', not found
file or directory 'C:\Users\AuraF\StudioProjects\ReGenesis--multi-architectural-70-LDO-\genesis\oracledrive\src\debug\java', not found
file or directory 'C:\Users\AuraF\StudioProjects\ReGenesis--multi-architectural-70-LDO-\genesis\oracledrive\src\main\java', not found
file or directory 'C:\Users\AuraF\StudioProjects\ReGenesis--multi-architectural-70-LDO-\genesis\oracledrive\src\debug\java', not found
file or directory 'C:\Users\AuraF\StudioProjects\ReGenesis--multi-architectural-70-LDO-\genesis\oracledrive\src\debug\kotlin', not found
file or directory 'C:\Users\AuraF\StudioProjects\ReGenesis--multi-architectural-70-LDO-\genesis\oracledrive\src\main\java', not found
file or directory 'C:\Users\AuraF\StudioProjects\ReGenesis--multi-architectural-70-LDO-\genesis\oracledrive\src\debug\java', not found
Build cache key for task ':genesis:oracledrive:compileDebugKotlin' is de9cc4fb31560b00ae0450476c81bb62
Skipping task ':genesis:oracledrive:compileDebugKotlin' as it is up-to-date.
Resolve mutations for :genesis:oracledrive:javaPreCompileDebug (Thread[#322,included builds,5,main]) started.
:genesis:oracledrive:javaPreCompileDebug (Thread[#322,included builds,5,main]) started.

> Task :genesis:oracledrive:javaPreCompileDebug UP-TO-DATE
Build cache key for task ':genesis:oracledrive:javaPreCompileDebug' is d4a53068ac621780eace8ac3e3efaaa7
Skipping task ':genesis:oracledrive:javaPreCompileDebug' as it is up-to-date.
Resolve mutations for :genesis:oracledrive:compileDebugJavaWithJavac (Thread[#322,included builds,5,main]) started.
:genesis:oracledrive:compileDebugJavaWithJavac (Thread[#322,included builds,5,main]) started.

> Task :core-module:compileDebugJavaWithJavac UP-TO-DATE
Build cache key for task ':core-module:compileDebugJavaWithJavac' is 0b3b2046d858bf87a7cc2e45036bc7b9
Skipping task ':core-module:compileDebugJavaWithJavac' as it is up-to-date.
No compile result for :core-module:compileDebugJavaWithJavac
No compile result for :core-module:compileDebugJavaWithJavac
No compile result for :core-module:compileDebugJavaWithJavac
No compile result for :core-module:compileDebugJavaWithJavac
No compile result for :core-module:compileDebugJavaWithJavac
Resolve mutations for :core-module:transformDebugClassesWithAsm (Thread[#323,Execution worker,5,main]) started.
:core-module:transformDebugClassesWithAsm (Thread[#323,Execution worker,5,main]) started.

> Task :genesis:oracledrive:compileDebugJavaWithJavac UP-TO-DATE
Build cache key for task ':genesis:oracledrive:compileDebugJavaWithJavac' is 4b0b7e466042d5eb49ef409a0b479183
Skipping task ':genesis:oracledrive:compileDebugJavaWithJavac' as it is up-to-date.
No compile result for :genesis:oracledrive:compileDebugJavaWithJavac
No compile result for :genesis:oracledrive:compileDebugJavaWithJavac
No compile result for :genesis:oracledrive:compileDebugJavaWithJavac
No compile result for :genesis:oracledrive:compileDebugJavaWithJavac
No compile result for :genesis:oracledrive:compileDebugJavaWithJavac
Resolve mutations for :genesis:oracledrive:transformDebugClassesWithAsm (Thread[#322,included builds,5,main]) started.
:genesis:oracledrive:transformDebugClassesWithAsm (Thread[#322,included builds,5,main]) started.

> Task :core-module:transformDebugClassesWithAsm UP-TO-DATE
Build cache key for task ':core-module:transformDebugClassesWithAsm' is 633380bc4ba895c8d476bc4c08870535
Skipping task ':core-module:transformDebugClassesWithAsm' as it is up-to-date.
Resolve mutations for :core-module:bundleLibCompileToJarDebug (Thread[#323,Execution worker,5,main]) started.
:core-module:bundleLibCompileToJarDebug (Thread[#323,Execution worker,5,main]) started.

> Task :core-module:bundleLibCompileToJarDebug UP-TO-DATE
Caching disabled for task ':core-module:bundleLibCompileToJarDebug' because:
  Simple merging task
Skipping task ':core-module:bundleLibCompileToJarDebug' as it is up-to-date.
Resolve mutations for :agents:growthmetrics:identity:generateDebugBuildConfig (Thread[#323,Execution worker,5,main]) started.

> Task :genesis:oracledrive:transformDebugClassesWithAsm UP-TO-DATE
Build cache key for task ':genesis:oracledrive:transformDebugClassesWithAsm' is 8bd33cccc8f1c4d754c29ff65d022119
Skipping task ':genesis:oracledrive:transformDebugClassesWithAsm' as it is up-to-date.
:agents:growthmetrics:identity:generateDebugBuildConfig (Thread[#323,Execution worker,5,main]) started.
Resolve mutations for :genesis:oracledrive:bundleLibCompileToJarDebug (Thread[#322,included builds,5,main]) started.
:genesis:oracledrive:bundleLibCompileToJarDebug (Thread[#322,included builds,5,main]) started.

> Task :agents:growthmetrics:identity:generateDebugBuildConfig UP-TO-DATE
Build cache key for task ':agents:growthmetrics:identity:generateDebugBuildConfig' is 5948f85bd07c3d8280bec61654c435c5
Skipping task ':agents:growthmetrics:identity:generateDebugBuildConfig' as it is up-to-date.
Resolve mutations for :agents:growthmetrics:identity:kspDebugKotlin (Thread[#323,Execution worker,5,main]) started.
:agents:growthmetrics:identity:kspDebugKotlin (Thread[#323,Execution worker,5,main]) started.

> Task :genesis:oracledrive:bundleLibCompileToJarDebug UP-TO-DATE
Caching disabled for task ':genesis:oracledrive:bundleLibCompileToJarDebug' because:
  Simple merging task
Skipping task ':genesis:oracledrive:bundleLibCompileToJarDebug' as it is up-to-date.
Resolve mutations for :agents:growthmetrics:identity:javaPreCompileDebug (Thread[#322,included builds,5,main]) started.
:agents:growthmetrics:identity:javaPreCompileDebug (Thread[#322,included builds,5,main]) started.

> Task :agents:growthmetrics:identity:javaPreCompileDebug UP-TO-DATE
Build cache key for task ':agents:growthmetrics:identity:javaPreCompileDebug' is d4a53068ac621780eace8ac3e3efaaa7
Skipping task ':agents:growthmetrics:identity:javaPreCompileDebug' as it is up-to-date.
Resolve mutations for :agents:growthmetrics:metareflection:generateDebugBuildConfig (Thread[#322,included builds,5,main]) started.
:agents:growthmetrics:metareflection:generateDebugBuildConfig (Thread[#322,included builds,5,main]) started.

> Task :agents:growthmetrics:metareflection:generateDebugBuildConfig UP-TO-DATE
Build cache key for task ':agents:growthmetrics:metareflection:generateDebugBuildConfig' is 218d924f1d75031eab151e6ca6688de2
Skipping task ':agents:growthmetrics:metareflection:generateDebugBuildConfig' as it is up-to-date.
Resolve mutations for :agents:growthmetrics:metareflection:kspDebugKotlin (Thread[#322,included builds,5,main]) started.
:agents:growthmetrics:metareflection:kspDebugKotlin (Thread[#322,included builds,5,main]) started.

> Task :agents:growthmetrics:identity:kspDebugKotlin FROM-CACHE
Build cache key for task ':agents:growthmetrics:identity:kspDebugKotlin' is 0f0b49c934f84c877164171132e4faf4
Task ':agents:growthmetrics:identity:kspDebugKotlin' is not up-to-date because:
  Value of input property 'kspConfig.logLevel' has changed for task ':agents:growthmetrics:identity:kspDebugKotlin'
Loaded cache entry for task ':agents:growthmetrics:identity:kspDebugKotlin' with cache key 0f0b49c934f84c877164171132e4faf4
Resolve mutations for :agents:growthmetrics:identity:compileDebugKotlin (Thread[#323,Execution worker,5,main]) started.
:agents:growthmetrics:identity:compileDebugKotlin (Thread[#323,Execution worker,5,main]) started.

> Task :agents:growthmetrics:metareflection:kspDebugKotlin FROM-CACHE
Build cache key for task ':agents:growthmetrics:metareflection:kspDebugKotlin' is 04d0341b66e52cceab2429ec3ca4853a
Task ':agents:growthmetrics:metareflection:kspDebugKotlin' is not up-to-date because:
  Value of input property 'kspConfig.logLevel' has changed for task ':agents:growthmetrics:metareflection:kspDebugKotlin'
Loaded cache entry for task ':agents:growthmetrics:metareflection:kspDebugKotlin' with cache key 04d0341b66e52cceab2429ec3ca4853a
Resolve mutations for :agents:growthmetrics:metareflection:compileDebugKotlin (Thread[#322,included builds,5,main]) started.
:agents:growthmetrics:metareflection:compileDebugKotlin (Thread[#322,included builds,5,main]) started.

> Task :agents:growthmetrics:identity:compileDebugKotlin UP-TO-DATE
file or directory 'C:\Users\AuraF\StudioProjects\ReGenesis--multi-architectural-70-LDO-\agents\growthmetrics\identity\src\main\kotlin', not found
file or directory 'C:\Users\AuraF\StudioProjects\ReGenesis--multi-architectural-70-LDO-\agents\growthmetrics\identity\src\debug\java', not found
file or directory 'C:\Users\AuraF\StudioProjects\ReGenesis--multi-architectural-70-LDO-\agents\growthmetrics\identity\src\debug\kotlin', not found
file or directory 'C:\Users\AuraF\StudioProjects\ReGenesis--multi-architectural-70-LDO-\agents\growthmetrics\identity\src\debug\java', not found
file or directory 'C:\Users\AuraF\StudioProjects\ReGenesis--multi-architectural-70-LDO-\agents\growthmetrics\identity\src\main\kotlin', not found
file or directory 'C:\Users\AuraF\StudioProjects\ReGenesis--multi-architectural-70-LDO-\agents\growthmetrics\identity\src\debug\java', not found
file or directory 'C:\Users\AuraF\StudioProjects\ReGenesis--multi-architectural-70-LDO-\agents\growthmetrics\identity\src\debug\kotlin', not found
file or directory 'C:\Users\AuraF\StudioProjects\ReGenesis--multi-architectural-70-LDO-\agents\growthmetrics\identity\src\debug\java', not found
file or directory 'C:\Users\AuraF\StudioProjects\ReGenesis--multi-architectural-70-LDO-\agents\growthmetrics\identity\src\main\kotlin', not found
file or directory 'C:\Users\AuraF\StudioProjects\ReGenesis--multi-architectural-70-LDO-\agents\growthmetrics\identity\src\debug\java', not found
file or directory 'C:\Users\AuraF\StudioProjects\ReGenesis--multi-architectural-70-LDO-\agents\growthmetrics\identity\src\debug\kotlin', not found
file or directory 'C:\Users\AuraF\StudioProjects\ReGenesis--multi-architectural-70-LDO-\agents\growthmetrics\identity\src\debug\java', not found
Build cache key for task ':agents:growthmetrics:identity:compileDebugKotlin' is 89b11e6d7a2990dd309bb3c4c389fea7
Skipping task ':agents:growthmetrics:identity:compileDebugKotlin' as it is up-to-date.
Resolve mutations for :agents:growthmetrics:identity:compileDebugJavaWithJavac (Thread[#323,Execution worker,5,main]) started.
:agents:growthmetrics:identity:compileDebugJavaWithJavac (Thread[#323,Execution worker,5,main]) started.

> Task :agents:growthmetrics:identity:compileDebugJavaWithJavac UP-TO-DATE
Build cache key for task ':agents:growthmetrics:identity:compileDebugJavaWithJavac' is 05317f95670789dc5213fba262cb796d
Skipping task ':agents:growthmetrics:identity:compileDebugJavaWithJavac' as it is up-to-date.
No compile result for :agents:growthmetrics:identity:compileDebugJavaWithJavac
No compile result for :agents:growthmetrics:identity:compileDebugJavaWithJavac
No compile result for :agents:growthmetrics:identity:compileDebugJavaWithJavac
No compile result for :agents:growthmetrics:identity:compileDebugJavaWithJavac
No compile result for :agents:growthmetrics:identity:compileDebugJavaWithJavac
Resolve mutations for :agents:growthmetrics:identity:transformDebugClassesWithAsm (Thread[#323,Execution worker,5,main]) started.
:agents:growthmetrics:identity:transformDebugClassesWithAsm (Thread[#323,Execution worker,5,main]) started.

> Task :agents:growthmetrics:identity:transformDebugClassesWithAsm UP-TO-DATE
Build cache key for task ':agents:growthmetrics:identity:transformDebugClassesWithAsm' is 07dfa7fd84805dd75306de3347e56aa9
Skipping task ':agents:growthmetrics:identity:transformDebugClassesWithAsm' as it is up-to-date.
Resolve mutations for :agents:growthmetrics:identity:bundleLibCompileToJarDebug (Thread[#323,Execution worker,5,main]) started.
:agents:growthmetrics:identity:bundleLibCompileToJarDebug (Thread[#323,Execution worker,5,main]) started.

> Task :agents:growthmetrics:identity:bundleLibCompileToJarDebug UP-TO-DATE
Caching disabled for task ':agents:growthmetrics:identity:bundleLibCompileToJarDebug' because:
  Simple merging task
Skipping task ':agents:growthmetrics:identity:bundleLibCompileToJarDebug' as it is up-to-date.
Resolve mutations for :agents:growthmetrics:metareflection:javaPreCompileDebug (Thread[#323,Execution worker,5,main]) started.
:agents:growthmetrics:metareflection:javaPreCompileDebug (Thread[#323,Execution worker,5,main]) started.

> Task :agents:growthmetrics:metareflection:javaPreCompileDebug UP-TO-DATE
Build cache key for task ':agents:growthmetrics:metareflection:javaPreCompileDebug' is d4a53068ac621780eace8ac3e3efaaa7
Skipping task ':agents:growthmetrics:metareflection:javaPreCompileDebug' as it is up-to-date.
Resolve mutations for :agents:growthmetrics:nexusmemory:generateDebugBuildConfig (Thread[#323,Execution worker,5,main]) started.
:agents:growthmetrics:nexusmemory:generateDebugBuildConfig (Thread[#323,Execution worker,5,main]) started.

> Task :agents:growthmetrics:nexusmemory:generateDebugBuildConfig UP-TO-DATE
Build cache key for task ':agents:growthmetrics:nexusmemory:generateDebugBuildConfig' is 6891c9182b42613cf66f75e7b4d54720
Skipping task ':agents:growthmetrics:nexusmemory:generateDebugBuildConfig' as it is up-to-date.
Resolve mutations for :agents:growthmetrics:nexusmemory:kspDebugKotlin (Thread[#323,Execution worker,5,main]) started.
:agents:growthmetrics:nexusmemory:kspDebugKotlin (Thread[#323,Execution worker,5,main]) started.

> Task :agents:growthmetrics:metareflection:compileDebugKotlin UP-TO-DATE
file or directory 'C:\Users\AuraF\StudioProjects\ReGenesis--multi-architectural-70-LDO-\agents\growthmetrics\metareflection\src\main\kotlin', not found
file or directory 'C:\Users\AuraF\StudioProjects\ReGenesis--multi-architectural-70-LDO-\agents\growthmetrics\metareflection\src\debug\java', not found
file or directory 'C:\Users\AuraF\StudioProjects\ReGenesis--multi-architectural-70-LDO-\agents\growthmetrics\metareflection\src\debug\kotlin', not found
file or directory 'C:\Users\AuraF\StudioProjects\ReGenesis--multi-architectural-70-LDO-\agents\growthmetrics\metareflection\src\debug\java', not found
file or directory 'C:\Users\AuraF\StudioProjects\ReGenesis--multi-architectural-70-LDO-\agents\growthmetrics\metareflection\src\main\kotlin', not found
file or directory 'C:\Users\AuraF\StudioProjects\ReGenesis--multi-architectural-70-LDO-\agents\growthmetrics\metareflection\src\debug\java', not found
file or directory 'C:\Users\AuraF\StudioProjects\ReGenesis--multi-architectural-70-LDO-\agents\growthmetrics\metareflection\src\debug\kotlin', not found
file or directory 'C:\Users\AuraF\StudioProjects\ReGenesis--multi-architectural-70-LDO-\agents\growthmetrics\metareflection\src\debug\java', not found
file or directory 'C:\Users\AuraF\StudioProjects\ReGenesis--multi-architectural-70-LDO-\agents\growthmetrics\metareflection\src\main\kotlin', not found
file or directory 'C:\Users\AuraF\StudioProjects\ReGenesis--multi-architectural-70-LDO-\agents\growthmetrics\metareflection\src\debug\java', not found
file or directory 'C:\Users\AuraF\StudioProjects\ReGenesis--multi-architectural-70-LDO-\agents\growthmetrics\metareflection\src\debug\kotlin', not found
file or directory 'C:\Users\AuraF\StudioProjects\ReGenesis--multi-architectural-70-LDO-\agents\growthmetrics\metareflection\src\debug\java', not found
Build cache key for task ':agents:growthmetrics:metareflection:compileDebugKotlin' is 37f25e70574eb6b40527a20ca33b070e
Skipping task ':agents:growthmetrics:metareflection:compileDebugKotlin' as it is up-to-date.
Resolve mutations for :agents:growthmetrics:metareflection:compileDebugJavaWithJavac (Thread[#322,included builds,5,main]) started.
:agents:growthmetrics:metareflection:compileDebugJavaWithJavac (Thread[#322,included builds,5,main]) started.

> Task :agents:growthmetrics:metareflection:compileDebugJavaWithJavac UP-TO-DATE
Build cache key for task ':agents:growthmetrics:metareflection:compileDebugJavaWithJavac' is 2aa8fcfcaf35b3ee5b3b5cb7d4d4dddb
Skipping task ':agents:growthmetrics:metareflection:compileDebugJavaWithJavac' as it is up-to-date.
No compile result for :agents:growthmetrics:metareflection:compileDebugJavaWithJavac
No compile result for :agents:growthmetrics:metareflection:compileDebugJavaWithJavac
No compile result for :agents:growthmetrics:metareflection:compileDebugJavaWithJavac
No compile result for :agents:growthmetrics:metareflection:compileDebugJavaWithJavac
No compile result for :agents:growthmetrics:metareflection:compileDebugJavaWithJavac
Resolve mutations for :agents:growthmetrics:metareflection:transformDebugClassesWithAsm (Thread[#322,included builds,5,main]) started.
:agents:growthmetrics:metareflection:transformDebugClassesWithAsm (Thread[#322,included builds,5,main]) started.

> Task :agents:growthmetrics:metareflection:transformDebugClassesWithAsm UP-TO-DATE
Build cache key for task ':agents:growthmetrics:metareflection:transformDebugClassesWithAsm' is 2a8d93a8b343e4f4015479a47a01476e
Skipping task ':agents:growthmetrics:metareflection:transformDebugClassesWithAsm' as it is up-to-date.
Resolve mutations for :agents:growthmetrics:metareflection:bundleLibCompileToJarDebug (Thread[#322,included builds,5,main]) started.
:agents:growthmetrics:metareflection:bundleLibCompileToJarDebug (Thread[#322,included builds,5,main]) started.

> Task :agents:growthmetrics:metareflection:bundleLibCompileToJarDebug UP-TO-DATE
Caching disabled for task ':agents:growthmetrics:metareflection:bundleLibCompileToJarDebug' because:
  Simple merging task
Skipping task ':agents:growthmetrics:metareflection:bundleLibCompileToJarDebug' as it is up-to-date.
Resolve mutations for :agents:growthmetrics:nexusmemory:javaPreCompileDebug (Thread[#322,included builds,5,main]) started.
:agents:growthmetrics:nexusmemory:javaPreCompileDebug (Thread[#322,included builds,5,main]) started.

> Task :agents:growthmetrics:nexusmemory:javaPreCompileDebug UP-TO-DATE
Build cache key for task ':agents:growthmetrics:nexusmemory:javaPreCompileDebug' is 343d37200c589e774c22f5d17d07fb08
Skipping task ':agents:growthmetrics:nexusmemory:javaPreCompileDebug' as it is up-to-date.
Resolve mutations for :agents:growthmetrics:metareflection:bundleLibRuntimeToJarDebug (Thread[#322,included builds,5,main]) started.
:agents:growthmetrics:metareflection:bundleLibRuntimeToJarDebug (Thread[#322,included builds,5,main]) started.

> Task :agents:growthmetrics:metareflection:bundleLibRuntimeToJarDebug UP-TO-DATE
Caching disabled for task ':agents:growthmetrics:metareflection:bundleLibRuntimeToJarDebug' because:
  Simple merging task
Skipping task ':agents:growthmetrics:metareflection:bundleLibRuntimeToJarDebug' as it is up-to-date.
Resolve mutations for :agents:growthmetrics:progression:generateDebugBuildConfig (Thread[#322,included builds,5,main]) started.
:agents:growthmetrics:progression:generateDebugBuildConfig (Thread[#322,included builds,5,main]) started.

> Task :agents:growthmetrics:progression:generateDebugBuildConfig UP-TO-DATE
Build cache key for task ':agents:growthmetrics:progression:generateDebugBuildConfig' is ca0ab6833a31c10a8fc038f1b89e2e5a
Skipping task ':agents:growthmetrics:progression:generateDebugBuildConfig' as it is up-to-date.
Resolve mutations for :agents:growthmetrics:spheregrid:generateDebugBuildConfig (Thread[#322,included builds,5,main]) started.
:agents:growthmetrics:spheregrid:generateDebugBuildConfig (Thread[#322,included builds,5,main]) started.

> Task :agents:growthmetrics:spheregrid:generateDebugBuildConfig UP-TO-DATE
Build cache key for task ':agents:growthmetrics:spheregrid:generateDebugBuildConfig' is 134bc1cb4a81378eea74e9ca74832ce5
Skipping task ':agents:growthmetrics:spheregrid:generateDebugBuildConfig' as it is up-to-date.
Resolve mutations for :agents:growthmetrics:spheregrid:kspDebugKotlin (Thread[#322,included builds,5,main]) started.
:agents:growthmetrics:spheregrid:kspDebugKotlin (Thread[#322,included builds,5,main]) started.

> Task :agents:growthmetrics:spheregrid:kspDebugKotlin FROM-CACHE
Build cache key for task ':agents:growthmetrics:spheregrid:kspDebugKotlin' is 56313752dced63588488aac55f2269c0
Task ':agents:growthmetrics:spheregrid:kspDebugKotlin' is not up-to-date because:
  Value of input property 'kspConfig.logLevel' has changed for task ':agents:growthmetrics:spheregrid:kspDebugKotlin'
Loaded cache entry for task ':agents:growthmetrics:spheregrid:kspDebugKotlin' with cache key 56313752dced63588488aac55f2269c0
Resolve mutations for :agents:growthmetrics:spheregrid:compileDebugKotlin (Thread[#322,included builds,5,main]) started.
:agents:growthmetrics:spheregrid:compileDebugKotlin (Thread[#322,included builds,5,main]) started.

> Task :agents:growthmetrics:spheregrid:compileDebugKotlin NO-SOURCE
file or directory 'C:\Users\AuraF\StudioProjects\ReGenesis--multi-architectural-70-LDO-\agents\growthmetrics\spheregrid\src\main\java', not found
file or directory 'C:\Users\AuraF\StudioProjects\ReGenesis--multi-architectural-70-LDO-\agents\growthmetrics\spheregrid\src\main\kotlin', not found
file or directory 'C:\Users\AuraF\StudioProjects\ReGenesis--multi-architectural-70-LDO-\agents\growthmetrics\spheregrid\src\debug\java', not found
file or directory 'C:\Users\AuraF\StudioProjects\ReGenesis--multi-architectural-70-LDO-\agents\growthmetrics\spheregrid\src\debug\kotlin', not found
file or directory 'C:\Users\AuraF\StudioProjects\ReGenesis--multi-architectural-70-LDO-\agents\growthmetrics\spheregrid\src\main\java', not found
file or directory 'C:\Users\AuraF\StudioProjects\ReGenesis--multi-architectural-70-LDO-\agents\growthmetrics\spheregrid\src\debug\java', not found
file or directory 'C:\Users\AuraF\StudioProjects\ReGenesis--multi-architectural-70-LDO-\agents\growthmetrics\spheregrid\src\main\java', not found
file or directory 'C:\Users\AuraF\StudioProjects\ReGenesis--multi-architectural-70-LDO-\agents\growthmetrics\spheregrid\src\main\kotlin', not found
file or directory 'C:\Users\AuraF\StudioProjects\ReGenesis--multi-architectural-70-LDO-\agents\growthmetrics\spheregrid\src\debug\java', not found
file or directory 'C:\Users\AuraF\StudioProjects\ReGenesis--multi-architectural-70-LDO-\agents\growthmetrics\spheregrid\src\debug\kotlin', not found
file or directory 'C:\Users\AuraF\StudioProjects\ReGenesis--multi-architectural-70-LDO-\agents\growthmetrics\spheregrid\src\main\java', not found
file or directory 'C:\Users\AuraF\StudioProjects\ReGenesis--multi-architectural-70-LDO-\agents\growthmetrics\spheregrid\src\debug\java', not found
Skipping task ':agents:growthmetrics:spheregrid:compileDebugKotlin' as it has no source files and no previous output files.
Resolve mutations for :agents:growthmetrics:spheregrid:javaPreCompileDebug (Thread[#322,included builds,5,main]) started.
:agents:growthmetrics:spheregrid:javaPreCompileDebug (Thread[#322,included builds,5,main]) started.

> Task :agents:growthmetrics:spheregrid:javaPreCompileDebug UP-TO-DATE
Build cache key for task ':agents:growthmetrics:spheregrid:javaPreCompileDebug' is d4a53068ac621780eace8ac3e3efaaa7
Skipping task ':agents:growthmetrics:spheregrid:javaPreCompileDebug' as it is up-to-date.
Resolve mutations for :agents:growthmetrics:spheregrid:compileDebugJavaWithJavac (Thread[#322,included builds,5,main]) started.
:agents:growthmetrics:spheregrid:compileDebugJavaWithJavac (Thread[#322,included builds,5,main]) started.

> Task :agents:growthmetrics:spheregrid:compileDebugJavaWithJavac UP-TO-DATE
Build cache key for task ':agents:growthmetrics:spheregrid:compileDebugJavaWithJavac' is bd916027d6f3ea8199adfcacf5b0663d
Skipping task ':agents:growthmetrics:spheregrid:compileDebugJavaWithJavac' as it is up-to-date.
No compile result for :agents:growthmetrics:spheregrid:compileDebugJavaWithJavac
No compile result for :agents:growthmetrics:spheregrid:compileDebugJavaWithJavac
No compile result for :agents:growthmetrics:spheregrid:compileDebugJavaWithJavac
No compile result for :agents:growthmetrics:spheregrid:compileDebugJavaWithJavac
No compile result for :agents:growthmetrics:spheregrid:compileDebugJavaWithJavac
Resolve mutations for :agents:growthmetrics:spheregrid:transformDebugClassesWithAsm (Thread[#322,included builds,5,main]) started.
:agents:growthmetrics:spheregrid:transformDebugClassesWithAsm (Thread[#322,included builds,5,main]) started.

> Task :agents:growthmetrics:spheregrid:transformDebugClassesWithAsm UP-TO-DATE
Build cache key for task ':agents:growthmetrics:spheregrid:transformDebugClassesWithAsm' is 85b10335a8c2c1e3e37d2e132a85a43c
Skipping task ':agents:growthmetrics:spheregrid:transformDebugClassesWithAsm' as it is up-to-date.
Resolve mutations for :agents:growthmetrics:spheregrid:bundleLibCompileToJarDebug (Thread[#322,included builds,5,main]) started.
:agents:growthmetrics:spheregrid:bundleLibCompileToJarDebug (Thread[#322,included builds,5,main]) started.

> Task :agents:growthmetrics:spheregrid:bundleLibCompileToJarDebug UP-TO-DATE
Caching disabled for task ':agents:growthmetrics:spheregrid:bundleLibCompileToJarDebug' because:
  Simple merging task
Skipping task ':agents:growthmetrics:spheregrid:bundleLibCompileToJarDebug' as it is up-to-date.
work action resolve classes.jar (project :agents:growthmetrics:spheregrid) (Thread[#322,included builds,5,main]) started.
work action resolve classes.jar (project :agents:growthmetrics:metareflection) (Thread[#322,included builds,5,main]) started.
Resolve mutations for :agents:growthmetrics:progression:kspDebugKotlin (Thread[#322,included builds,5,main]) started.
:agents:growthmetrics:progression:kspDebugKotlin (Thread[#322,included builds,5,main]) started.

> Task :agents:growthmetrics:progression:kspDebugKotlin FROM-CACHE
Build cache key for task ':agents:growthmetrics:progression:kspDebugKotlin' is aea153f3108d11b9d0afa716799a29b7
Task ':agents:growthmetrics:progression:kspDebugKotlin' is not up-to-date because:
  Value of input property 'kspConfig.logLevel' has changed for task ':agents:growthmetrics:progression:kspDebugKotlin'
Loaded cache entry for task ':agents:growthmetrics:progression:kspDebugKotlin' with cache key aea153f3108d11b9d0afa716799a29b7
Resolve mutations for :agents:growthmetrics:progression:compileDebugKotlin (Thread[#322,included builds,5,main]) started.
:agents:growthmetrics:progression:compileDebugKotlin (Thread[#322,included builds,5,main]) started.

> Task :agents:growthmetrics:progression:compileDebugKotlin NO-SOURCE
file or directory 'C:\Users\AuraF\StudioProjects\ReGenesis--multi-architectural-70-LDO-\agents\growthmetrics\progression\src\main\java', not found
file or directory 'C:\Users\AuraF\StudioProjects\ReGenesis--multi-architectural-70-LDO-\agents\growthmetrics\progression\src\main\kotlin', not found
file or directory 'C:\Users\AuraF\StudioProjects\ReGenesis--multi-architectural-70-LDO-\agents\growthmetrics\progression\src\debug\java', not found
file or directory 'C:\Users\AuraF\StudioProjects\ReGenesis--multi-architectural-70-LDO-\agents\growthmetrics\progression\src\debug\kotlin', not found
file or directory 'C:\Users\AuraF\StudioProjects\ReGenesis--multi-architectural-70-LDO-\agents\growthmetrics\progression\src\main\java', not found
file or directory 'C:\Users\AuraF\StudioProjects\ReGenesis--multi-architectural-70-LDO-\agents\growthmetrics\progression\src\debug\java', not found
file or directory 'C:\Users\AuraF\StudioProjects\ReGenesis--multi-architectural-70-LDO-\agents\growthmetrics\progression\src\main\java', not found
file or directory 'C:\Users\AuraF\StudioProjects\ReGenesis--multi-architectural-70-LDO-\agents\growthmetrics\progression\src\main\kotlin', not found
file or directory 'C:\Users\AuraF\StudioProjects\ReGenesis--multi-architectural-70-LDO-\agents\growthmetrics\progression\src\debug\java', not found
file or directory 'C:\Users\AuraF\StudioProjects\ReGenesis--multi-architectural-70-LDO-\agents\growthmetrics\progression\src\debug\kotlin', not found
file or directory 'C:\Users\AuraF\StudioProjects\ReGenesis--multi-architectural-70-LDO-\agents\growthmetrics\progression\src\main\java', not found
file or directory 'C:\Users\AuraF\StudioProjects\ReGenesis--multi-architectural-70-LDO-\agents\growthmetrics\progression\src\debug\java', not found
Skipping task ':agents:growthmetrics:progression:compileDebugKotlin' as it has no source files and no previous output files.
Resolve mutations for :agents:growthmetrics:progression:javaPreCompileDebug (Thread[#322,included builds,5,main]) started.
:agents:growthmetrics:progression:javaPreCompileDebug (Thread[#322,included builds,5,main]) started.

> Task :agents:growthmetrics:progression:javaPreCompileDebug UP-TO-DATE
Build cache key for task ':agents:growthmetrics:progression:javaPreCompileDebug' is d4a53068ac621780eace8ac3e3efaaa7
Skipping task ':agents:growthmetrics:progression:javaPreCompileDebug' as it is up-to-date.
Resolve mutations for :agents:growthmetrics:progression:compileDebugJavaWithJavac (Thread[#322,included builds,5,main]) started.
:agents:growthmetrics:progression:compileDebugJavaWithJavac (Thread[#322,included builds,5,main]) started.

> Task :agents:growthmetrics:nexusmemory:kspDebugKotlin FROM-CACHE
Build cache key for task ':agents:growthmetrics:nexusmemory:kspDebugKotlin' is 67bd72f12deabeeaa89733735db70ece
Task ':agents:growthmetrics:nexusmemory:kspDebugKotlin' is not up-to-date because:
  Value of input property 'kspConfig.logLevel' has changed for task ':agents:growthmetrics:nexusmemory:kspDebugKotlin'
Loaded cache entry for task ':agents:growthmetrics:nexusmemory:kspDebugKotlin' with cache key 67bd72f12deabeeaa89733735db70ece
Resolve mutations for :agents:growthmetrics:nexusmemory:compileDebugKotlin (Thread[#323,Execution worker,5,main]) started.
:agents:growthmetrics:nexusmemory:compileDebugKotlin (Thread[#323,Execution worker,5,main]) started.

> Task :agents:growthmetrics:progression:compileDebugJavaWithJavac UP-TO-DATE
Build cache key for task ':agents:growthmetrics:progression:compileDebugJavaWithJavac' is d98e699a116d2130057a36f109d2c1d0
Skipping task ':agents:growthmetrics:progression:compileDebugJavaWithJavac' as it is up-to-date.
No compile result for :agents:growthmetrics:progression:compileDebugJavaWithJavac
No compile result for :agents:growthmetrics:progression:compileDebugJavaWithJavac
No compile result for :agents:growthmetrics:progression:compileDebugJavaWithJavac
No compile result for :agents:growthmetrics:progression:compileDebugJavaWithJavac
No compile result for :agents:growthmetrics:progression:compileDebugJavaWithJavac
Resolve mutations for :agents:growthmetrics:spheregrid:bundleLibRuntimeToJarDebug (Thread[#322,included builds,5,main]) started.
:agents:growthmetrics:spheregrid:bundleLibRuntimeToJarDebug (Thread[#322,included builds,5,main]) started.

> Task :agents:growthmetrics:spheregrid:bundleLibRuntimeToJarDebug UP-TO-DATE
Caching disabled for task ':agents:growthmetrics:spheregrid:bundleLibRuntimeToJarDebug' because:
  Simple merging task
Skipping task ':agents:growthmetrics:spheregrid:bundleLibRuntimeToJarDebug' as it is up-to-date.
work action resolve classes.jar (project :agents:growthmetrics:spheregrid) (Thread[#322,included builds,5,main]) started.
work action resolve classes.jar (project :agents:growthmetrics:metareflection) (Thread[#322,included builds,5,main]) started.
Resolve mutations for :agents:growthmetrics:progression:transformDebugClassesWithAsm (Thread[#322,included builds,5,main]) started.
:agents:growthmetrics:progression:transformDebugClassesWithAsm (Thread[#322,included builds,5,main]) started.

> Task :agents:growthmetrics:progression:transformDebugClassesWithAsm UP-TO-DATE
Build cache key for task ':agents:growthmetrics:progression:transformDebugClassesWithAsm' is 2b9a060414d9d3b78e6189e018ab62ca
Skipping task ':agents:growthmetrics:progression:transformDebugClassesWithAsm' as it is up-to-date.
Resolve mutations for :agents:growthmetrics:progression:bundleLibCompileToJarDebug (Thread[#322,included builds,5,main]) started.
:agents:growthmetrics:progression:bundleLibCompileToJarDebug (Thread[#322,included builds,5,main]) started.

> Task :agents:growthmetrics:progression:bundleLibCompileToJarDebug UP-TO-DATE
Caching disabled for task ':agents:growthmetrics:progression:bundleLibCompileToJarDebug' because:
  Simple merging task
Skipping task ':agents:growthmetrics:progression:bundleLibCompileToJarDebug' as it is up-to-date.
Resolve mutations for :agents:growthmetrics:tasker:generateDebugBuildConfig (Thread[#322,included builds,5,main]) started.
:agents:growthmetrics:tasker:generateDebugBuildConfig (Thread[#322,included builds,5,main]) started.

> Task :agents:growthmetrics:tasker:generateDebugBuildConfig UP-TO-DATE
Build cache key for task ':agents:growthmetrics:tasker:generateDebugBuildConfig' is 5a4e37248cdf1b09ef6dbbfe0927bce8
Skipping task ':agents:growthmetrics:tasker:generateDebugBuildConfig' as it is up-to-date.
Resolve mutations for :cascade:datastream:routing:generateDebugBuildConfig (Thread[#322,included builds,5,main]) started.
:cascade:datastream:routing:generateDebugBuildConfig (Thread[#322,included builds,5,main]) started.

> Task :cascade:datastream:routing:generateDebugBuildConfig UP-TO-DATE
Build cache key for task ':cascade:datastream:routing:generateDebugBuildConfig' is 027cd229009be1bd3c12a41ec8a2d361
Skipping task ':cascade:datastream:routing:generateDebugBuildConfig' as it is up-to-date.
Resolve mutations for :cascade:datastream:routing:kspDebugKotlin (Thread[#322,included builds,5,main]) started.
:cascade:datastream:routing:kspDebugKotlin (Thread[#322,included builds,5,main]) started.

> Task :cascade:datastream:routing:kspDebugKotlin FROM-CACHE
Build cache key for task ':cascade:datastream:routing:kspDebugKotlin' is 14e6913bbfb265fbeac6d613d179c926
Task ':cascade:datastream:routing:kspDebugKotlin' is not up-to-date because:
  Value of input property 'kspConfig.logLevel' has changed for task ':cascade:datastream:routing:kspDebugKotlin'
Loaded cache entry for task ':cascade:datastream:routing:kspDebugKotlin' with cache key 14e6913bbfb265fbeac6d613d179c926
Resolve mutations for :cascade:datastream:routing:compileDebugKotlin (Thread[#322,included builds,5,main]) started.
:cascade:datastream:routing:compileDebugKotlin (Thread[#322,included builds,5,main]) started.

> Task :cascade:datastream:routing:compileDebugKotlin NO-SOURCE
file or directory 'C:\Users\AuraF\StudioProjects\ReGenesis--multi-architectural-70-LDO-\cascade\datastream\routing\src\main\java', not found
file or directory 'C:\Users\AuraF\StudioProjects\ReGenesis--multi-architectural-70-LDO-\cascade\datastream\routing\src\main\kotlin', not found
file or directory 'C:\Users\AuraF\StudioProjects\ReGenesis--multi-architectural-70-LDO-\cascade\datastream\routing\src\debug\java', not found
file or directory 'C:\Users\AuraF\StudioProjects\ReGenesis--multi-architectural-70-LDO-\cascade\datastream\routing\src\debug\kotlin', not found
file or directory 'C:\Users\AuraF\StudioProjects\ReGenesis--multi-architectural-70-LDO-\cascade\datastream\routing\src\main\java', not found
file or directory 'C:\Users\AuraF\StudioProjects\ReGenesis--multi-architectural-70-LDO-\cascade\datastream\routing\src\debug\java', not found
file or directory 'C:\Users\AuraF\StudioProjects\ReGenesis--multi-architectural-70-LDO-\cascade\datastream\routing\src\main\java', not found
file or directory 'C:\Users\AuraF\StudioProjects\ReGenesis--multi-architectural-70-LDO-\cascade\datastream\routing\src\main\kotlin', not found
file or directory 'C:\Users\AuraF\StudioProjects\ReGenesis--multi-architectural-70-LDO-\cascade\datastream\routing\src\debug\java', not found
file or directory 'C:\Users\AuraF\StudioProjects\ReGenesis--multi-architectural-70-LDO-\cascade\datastream\routing\src\debug\kotlin', not found
file or directory 'C:\Users\AuraF\StudioProjects\ReGenesis--multi-architectural-70-LDO-\cascade\datastream\routing\src\main\java', not found
file or directory 'C:\Users\AuraF\StudioProjects\ReGenesis--multi-architectural-70-LDO-\cascade\datastream\routing\src\debug\java', not found
Skipping task ':cascade:datastream:routing:compileDebugKotlin' as it has no source files and no previous output files.
Resolve mutations for :cascade:datastream:routing:javaPreCompileDebug (Thread[#322,included builds,5,main]) started.
:cascade:datastream:routing:javaPreCompileDebug (Thread[#322,included builds,5,main]) started.

> Task :agents:growthmetrics:nexusmemory:compileDebugKotlin UP-TO-DATE
file or directory 'C:\Users\AuraF\StudioProjects\ReGenesis--multi-architectural-70-LDO-\agents\growthmetrics\nexusmemory\src\main\java', not found
file or directory 'C:\Users\AuraF\StudioProjects\ReGenesis--multi-architectural-70-LDO-\agents\growthmetrics\nexusmemory\src\debug\java', not found
file or directory 'C:\Users\AuraF\StudioProjects\ReGenesis--multi-architectural-70-LDO-\agents\growthmetrics\nexusmemory\src\debug\kotlin', not found
file or directory 'C:\Users\AuraF\StudioProjects\ReGenesis--multi-architectural-70-LDO-\agents\growthmetrics\nexusmemory\src\main\java', not found
file or directory 'C:\Users\AuraF\StudioProjects\ReGenesis--multi-architectural-70-LDO-\agents\growthmetrics\nexusmemory\src\debug\java', not found
file or directory 'C:\Users\AuraF\StudioProjects\ReGenesis--multi-architectural-70-LDO-\agents\growthmetrics\nexusmemory\src\main\java', not found
file or directory 'C:\Users\AuraF\StudioProjects\ReGenesis--multi-architectural-70-LDO-\agents\growthmetrics\nexusmemory\src\debug\java', not found
file or directory 'C:\Users\AuraF\StudioProjects\ReGenesis--multi-architectural-70-LDO-\agents\growthmetrics\nexusmemory\src\debug\kotlin', not found
file or directory 'C:\Users\AuraF\StudioProjects\ReGenesis--multi-architectural-70-LDO-\agents\growthmetrics\nexusmemory\src\main\java', not found
file or directory 'C:\Users\AuraF\StudioProjects\ReGenesis--multi-architectural-70-LDO-\agents\growthmetrics\nexusmemory\src\debug\java', not found
file or directory 'C:\Users\AuraF\StudioProjects\ReGenesis--multi-architectural-70-LDO-\agents\growthmetrics\nexusmemory\src\main\java', not found
file or directory 'C:\Users\AuraF\StudioProjects\ReGenesis--multi-architectural-70-LDO-\agents\growthmetrics\nexusmemory\src\debug\java', not found
file or directory 'C:\Users\AuraF\StudioProjects\ReGenesis--multi-architectural-70-LDO-\agents\growthmetrics\nexusmemory\src\debug\kotlin', not found
file or directory 'C:\Users\AuraF\StudioProjects\ReGenesis--multi-architectural-70-LDO-\agents\growthmetrics\nexusmemory\src\main\java', not found
file or directory 'C:\Users\AuraF\StudioProjects\ReGenesis--multi-architectural-70-LDO-\agents\growthmetrics\nexusmemory\src\debug\java', not found
Build cache key for task ':agents:growthmetrics:nexusmemory:compileDebugKotlin' is d34de42a60aefda6e93ebeeb7d682623
Skipping task ':agents:growthmetrics:nexusmemory:compileDebugKotlin' as it is up-to-date.
Resolve mutations for :agents:growthmetrics:nexusmemory:compileDebugJavaWithJavac (Thread[#323,Execution worker,5,main]) started.
:agents:growthmetrics:nexusmemory:compileDebugJavaWithJavac (Thread[#323,Execution worker,5,main]) started.

> Task :cascade:datastream:routing:javaPreCompileDebug UP-TO-DATE
Build cache key for task ':cascade:datastream:routing:javaPreCompileDebug' is d4a53068ac621780eace8ac3e3efaaa7
Skipping task ':cascade:datastream:routing:javaPreCompileDebug' as it is up-to-date.
Resolve mutations for :cascade:datastream:routing:compileDebugJavaWithJavac (Thread[#322,included builds,5,main]) started.
:cascade:datastream:routing:compileDebugJavaWithJavac (Thread[#322,included builds,5,main]) started.

> Task :agents:growthmetrics:nexusmemory:compileDebugJavaWithJavac UP-TO-DATE
Build cache key for task ':agents:growthmetrics:nexusmemory:compileDebugJavaWithJavac' is f094abdc79ce4c4e980f72ea229c64b9
Skipping task ':agents:growthmetrics:nexusmemory:compileDebugJavaWithJavac' as it is up-to-date.
No compile result for :agents:growthmetrics:nexusmemory:compileDebugJavaWithJavac

> Task :cascade:datastream:routing:compileDebugJavaWithJavac UP-TO-DATE
Build cache key for task ':cascade:datastream:routing:compileDebugJavaWithJavac' is 7b1cd3cf00539c3895d8422911ca6ca9
Skipping task ':cascade:datastream:routing:compileDebugJavaWithJavac' as it is up-to-date.
No compile result for :cascade:datastream:routing:compileDebugJavaWithJavac
No compile result for :agents:growthmetrics:nexusmemory:compileDebugJavaWithJavac
No compile result for :cascade:datastream:routing:compileDebugJavaWithJavac
No compile result for :agents:growthmetrics:nexusmemory:compileDebugJavaWithJavac
No compile result for :cascade:datastream:routing:compileDebugJavaWithJavac
No compile result for :agents:growthmetrics:nexusmemory:compileDebugJavaWithJavac
No compile result for :cascade:datastream:routing:compileDebugJavaWithJavac
No compile result for :agents:growthmetrics:nexusmemory:compileDebugJavaWithJavac
No compile result for :cascade:datastream:routing:compileDebugJavaWithJavac
Resolve mutations for :agents:growthmetrics:nexusmemory:transformDebugClassesWithAsm (Thread[#323,Execution worker,5,main]) started.
Resolve mutations for :cascade:datastream:routing:transformDebugClassesWithAsm (Thread[#322,included builds,5,main]) started.
:agents:growthmetrics:nexusmemory:transformDebugClassesWithAsm (Thread[#323,Execution worker,5,main]) started.
:cascade:datastream:routing:transformDebugClassesWithAsm (Thread[#322,included builds,5,main]) started.

> Task :cascade:datastream:routing:transformDebugClassesWithAsm UP-TO-DATE
Build cache key for task ':cascade:datastream:routing:transformDebugClassesWithAsm' is bf070905ef5e840b01075b00fedeeeb4
Skipping task ':cascade:datastream:routing:transformDebugClassesWithAsm' as it is up-to-date.
Resolve mutations for :cascade:datastream:routing:bundleLibCompileToJarDebug (Thread[#322,included builds,5,main]) started.
:cascade:datastream:routing:bundleLibCompileToJarDebug (Thread[#322,included builds,5,main]) started.

> Task :agents:growthmetrics:nexusmemory:transformDebugClassesWithAsm UP-TO-DATE
Build cache key for task ':agents:growthmetrics:nexusmemory:transformDebugClassesWithAsm' is 5bf816ae7d8a40c8eb3abf917209db32
Skipping task ':agents:growthmetrics:nexusmemory:transformDebugClassesWithAsm' as it is up-to-date.
Resolve mutations for :agents:growthmetrics:nexusmemory:bundleLibCompileToJarDebug (Thread[#323,Execution worker,5,main]) started.
:agents:growthmetrics:nexusmemory:bundleLibCompileToJarDebug (Thread[#323,Execution worker,5,main]) started.

> Task :cascade:datastream:routing:bundleLibCompileToJarDebug UP-TO-DATE
Caching disabled for task ':cascade:datastream:routing:bundleLibCompileToJarDebug' because:
  Simple merging task
Skipping task ':cascade:datastream:routing:bundleLibCompileToJarDebug' as it is up-to-date.
Resolve mutations for :cascade:datastream:routing:bundleLibRuntimeToJarDebug (Thread[#322,included builds,5,main]) started.
:cascade:datastream:routing:bundleLibRuntimeToJarDebug (Thread[#322,included builds,5,main]) started.

> Task :agents:growthmetrics:nexusmemory:bundleLibCompileToJarDebug UP-TO-DATE
Caching disabled for task ':agents:growthmetrics:nexusmemory:bundleLibCompileToJarDebug' because:
  Simple merging task
Skipping task ':agents:growthmetrics:nexusmemory:bundleLibCompileToJarDebug' as it is up-to-date.
Resolve mutations for :cascade:datastream:taskmanager:generateDebugBuildConfig (Thread[#323,Execution worker,5,main]) started.
:cascade:datastream:taskmanager:generateDebugBuildConfig (Thread[#323,Execution worker,5,main]) started.

> Task :cascade:datastream:routing:bundleLibRuntimeToJarDebug UP-TO-DATE
Caching disabled for task ':cascade:datastream:routing:bundleLibRuntimeToJarDebug' because:
  Simple merging task
Skipping task ':cascade:datastream:routing:bundleLibRuntimeToJarDebug' as it is up-to-date.
work action resolve classes.jar (project :cascade:datastream:routing) (Thread[#322,included builds,5,main]) started.
Resolve mutations for :cascade:datastream:taskmanager:javaPreCompileDebug (Thread[#322,included builds,5,main]) started.

> Task :cascade:datastream:taskmanager:generateDebugBuildConfig UP-TO-DATE
Build cache key for task ':cascade:datastream:taskmanager:generateDebugBuildConfig' is 74dbf27f12d27cc30e416b2211d78776
Skipping task ':cascade:datastream:taskmanager:generateDebugBuildConfig' as it is up-to-date.
Resolve mutations for :cascade:datastream:taskmanager:kspDebugKotlin (Thread[#323,Execution worker,5,main]) started.
:cascade:datastream:taskmanager:javaPreCompileDebug (Thread[#322,included builds,5,main]) started.
:cascade:datastream:taskmanager:kspDebugKotlin (Thread[#323,Execution worker,5,main]) started.

> Task :cascade:datastream:taskmanager:javaPreCompileDebug UP-TO-DATE
Build cache key for task ':cascade:datastream:taskmanager:javaPreCompileDebug' is d4a53068ac621780eace8ac3e3efaaa7
Skipping task ':cascade:datastream:taskmanager:javaPreCompileDebug' as it is up-to-date.
work action resolve classes.jar (project :cascade:datastream:routing) (Thread[#322,included builds,5,main]) started.
Resolve mutations for :agents:growthmetrics:tasker:javaPreCompileDebug (Thread[#322,included builds,5,main]) started.
:agents:growthmetrics:tasker:javaPreCompileDebug (Thread[#322,included builds,5,main]) started.

> Task :agents:growthmetrics:tasker:javaPreCompileDebug UP-TO-DATE
Build cache key for task ':agents:growthmetrics:tasker:javaPreCompileDebug' is d4a53068ac621780eace8ac3e3efaaa7
Skipping task ':agents:growthmetrics:tasker:javaPreCompileDebug' as it is up-to-date.
Resolve mutations for :aura:reactivedesign:auraslab:generateDebugBuildConfig (Thread[#322,included builds,5,main]) started.
:aura:reactivedesign:auraslab:generateDebugBuildConfig (Thread[#322,included builds,5,main]) started.

> Task :aura:reactivedesign:auraslab:generateDebugBuildConfig UP-TO-DATE
Build cache key for task ':aura:reactivedesign:auraslab:generateDebugBuildConfig' is 68e347cf812b905c8c75dbc8c359b411
Skipping task ':aura:reactivedesign:auraslab:generateDebugBuildConfig' as it is up-to-date.
Resolve mutations for :aura:reactivedesign:auraslab:kspDebugKotlin (Thread[#322,included builds,5,main]) started.
:aura:reactivedesign:auraslab:kspDebugKotlin (Thread[#322,included builds,5,main]) started.

> Task :cascade:datastream:taskmanager:kspDebugKotlin FROM-CACHE
Build cache key for task ':cascade:datastream:taskmanager:kspDebugKotlin' is f9acdf3eb20fb354f82f64c58d616b77
Task ':cascade:datastream:taskmanager:kspDebugKotlin' is not up-to-date because:
  Value of input property 'kspConfig.logLevel' has changed for task ':cascade:datastream:taskmanager:kspDebugKotlin'
Loaded cache entry for task ':cascade:datastream:taskmanager:kspDebugKotlin' with cache key f9acdf3eb20fb354f82f64c58d616b77
Resolve mutations for :cascade:datastream:taskmanager:compileDebugKotlin (Thread[#323,Execution worker,5,main]) started.
:cascade:datastream:taskmanager:compileDebugKotlin (Thread[#323,Execution worker,5,main]) started.

> Task :cascade:datastream:taskmanager:compileDebugKotlin NO-SOURCE
file or directory 'C:\Users\AuraF\StudioProjects\ReGenesis--multi-architectural-70-LDO-\cascade\datastream\taskmanager\src\main\java', not found
file or directory 'C:\Users\AuraF\StudioProjects\ReGenesis--multi-architectural-70-LDO-\cascade\datastream\taskmanager\src\main\kotlin', not found
file or directory 'C:\Users\AuraF\StudioProjects\ReGenesis--multi-architectural-70-LDO-\cascade\datastream\taskmanager\src\debug\java', not found
file or directory 'C:\Users\AuraF\StudioProjects\ReGenesis--multi-architectural-70-LDO-\cascade\datastream\taskmanager\src\debug\kotlin', not found
file or directory 'C:\Users\AuraF\StudioProjects\ReGenesis--multi-architectural-70-LDO-\cascade\datastream\taskmanager\src\main\java', not found
file or directory 'C:\Users\AuraF\StudioProjects\ReGenesis--multi-architectural-70-LDO-\cascade\datastream\taskmanager\src\debug\java', not found
file or directory 'C:\Users\AuraF\StudioProjects\ReGenesis--multi-architectural-70-LDO-\cascade\datastream\taskmanager\src\main\java', not found
file or directory 'C:\Users\AuraF\StudioProjects\ReGenesis--multi-architectural-70-LDO-\cascade\datastream\taskmanager\src\main\kotlin', not found
file or directory 'C:\Users\AuraF\StudioProjects\ReGenesis--multi-architectural-70-LDO-\cascade\datastream\taskmanager\src\debug\java', not found
file or directory 'C:\Users\AuraF\StudioProjects\ReGenesis--multi-architectural-70-LDO-\cascade\datastream\taskmanager\src\debug\kotlin', not found
file or directory 'C:\Users\AuraF\StudioProjects\ReGenesis--multi-architectural-70-LDO-\cascade\datastream\taskmanager\src\main\java', not found
file or directory 'C:\Users\AuraF\StudioProjects\ReGenesis--multi-architectural-70-LDO-\cascade\datastream\taskmanager\src\debug\java', not found
Skipping task ':cascade:datastream:taskmanager:compileDebugKotlin' as it has no source files and no previous output files.
Resolve mutations for :cascade:datastream:taskmanager:compileDebugJavaWithJavac (Thread[#323,Execution worker,5,main]) started.
:cascade:datastream:taskmanager:compileDebugJavaWithJavac (Thread[#323,Execution worker,5,main]) started.

> Task :cascade:datastream:taskmanager:compileDebugJavaWithJavac UP-TO-DATE
Build cache key for task ':cascade:datastream:taskmanager:compileDebugJavaWithJavac' is b31e933695aa57d94d3bf39aa6eb1b34
Skipping task ':cascade:datastream:taskmanager:compileDebugJavaWithJavac' as it is up-to-date.
No compile result for :cascade:datastream:taskmanager:compileDebugJavaWithJavac
No compile result for :cascade:datastream:taskmanager:compileDebugJavaWithJavac
No compile result for :cascade:datastream:taskmanager:compileDebugJavaWithJavac
No compile result for :cascade:datastream:taskmanager:compileDebugJavaWithJavac
No compile result for :cascade:datastream:taskmanager:compileDebugJavaWithJavac
Resolve mutations for :cascade:datastream:taskmanager:transformDebugClassesWithAsm (Thread[#323,Execution worker,5,main]) started.
:cascade:datastream:taskmanager:transformDebugClassesWithAsm (Thread[#323,Execution worker,5,main]) started.

> Task :aura:reactivedesign:auraslab:kspDebugKotlin FROM-CACHE
Build cache key for task ':aura:reactivedesign:auraslab:kspDebugKotlin' is 850193dfe246a0074227af59e7b352b1
Task ':aura:reactivedesign:auraslab:kspDebugKotlin' is not up-to-date because:
  Value of input property 'kspConfig.logLevel' has changed for task ':aura:reactivedesign:auraslab:kspDebugKotlin'
Loaded cache entry for task ':aura:reactivedesign:auraslab:kspDebugKotlin' with cache key 850193dfe246a0074227af59e7b352b1
Resolve mutations for :aura:reactivedesign:auraslab:compileDebugKotlin (Thread[#322,included builds,5,main]) started.
:aura:reactivedesign:auraslab:compileDebugKotlin (Thread[#322,included builds,5,main]) started.

> Task :cascade:datastream:taskmanager:transformDebugClassesWithAsm UP-TO-DATE
Build cache key for task ':cascade:datastream:taskmanager:transformDebugClassesWithAsm' is f724d6118c919fe5670daa7435932af4
Skipping task ':cascade:datastream:taskmanager:transformDebugClassesWithAsm' as it is up-to-date.
Resolve mutations for :cascade:datastream:taskmanager:bundleLibCompileToJarDebug (Thread[#323,Execution worker,5,main]) started.
:cascade:datastream:taskmanager:bundleLibCompileToJarDebug (Thread[#323,Execution worker,5,main]) started.

> Task :cascade:datastream:taskmanager:bundleLibCompileToJarDebug UP-TO-DATE
Caching disabled for task ':cascade:datastream:taskmanager:bundleLibCompileToJarDebug' because:
  Simple merging task
Skipping task ':cascade:datastream:taskmanager:bundleLibCompileToJarDebug' as it is up-to-date.
work action resolve classes.jar (project :cascade:datastream:taskmanager) (Thread[#323,Execution worker,5,main]) started.
Resolve mutations for :agents:growthmetrics:tasker:kspDebugKotlin (Thread[#323,Execution worker,5,main]) started.
:agents:growthmetrics:tasker:kspDebugKotlin (Thread[#323,Execution worker,5,main]) started.

> Task :agents:growthmetrics:tasker:kspDebugKotlin FROM-CACHE
Build cache key for task ':agents:growthmetrics:tasker:kspDebugKotlin' is 7246978e46ca5b60c33c701431a4d53a
Task ':agents:growthmetrics:tasker:kspDebugKotlin' is not up-to-date because:
  Value of input property 'kspConfig.logLevel' has changed for task ':agents:growthmetrics:tasker:kspDebugKotlin'
Loaded cache entry for task ':agents:growthmetrics:tasker:kspDebugKotlin' with cache key 7246978e46ca5b60c33c701431a4d53a
Resolve mutations for :agents:growthmetrics:tasker:compileDebugKotlin (Thread[#323,Execution worker,5,main]) started.
:agents:growthmetrics:tasker:compileDebugKotlin (Thread[#323,Execution worker,5,main]) started.

> Task :aura:reactivedesign:auraslab:compileDebugKotlin UP-TO-DATE
file or directory 'C:\Users\AuraF\StudioProjects\ReGenesis--multi-architectural-70-LDO-\aura\reactivedesign\auraslab\src\main\kotlin', not found
file or directory 'C:\Users\AuraF\StudioProjects\ReGenesis--multi-architectural-70-LDO-\aura\reactivedesign\auraslab\src\debug\java', not found
file or directory 'C:\Users\AuraF\StudioProjects\ReGenesis--multi-architectural-70-LDO-\aura\reactivedesign\auraslab\src\debug\kotlin', not found
file or directory 'C:\Users\AuraF\StudioProjects\ReGenesis--multi-architectural-70-LDO-\aura\reactivedesign\auraslab\src\debug\java', not found
file or directory 'C:\Users\AuraF\StudioProjects\ReGenesis--multi-architectural-70-LDO-\aura\reactivedesign\auraslab\src\main\kotlin', not found
file or directory 'C:\Users\AuraF\StudioProjects\ReGenesis--multi-architectural-70-LDO-\aura\reactivedesign\auraslab\src\debug\java', not found
file or directory 'C:\Users\AuraF\StudioProjects\ReGenesis--multi-architectural-70-LDO-\aura\reactivedesign\auraslab\src\debug\kotlin', not found
file or directory 'C:\Users\AuraF\StudioProjects\ReGenesis--multi-architectural-70-LDO-\aura\reactivedesign\auraslab\src\debug\java', not found
file or directory 'C:\Users\AuraF\StudioProjects\ReGenesis--multi-architectural-70-LDO-\aura\reactivedesign\auraslab\src\main\kotlin', not found
file or directory 'C:\Users\AuraF\StudioProjects\ReGenesis--multi-architectural-70-LDO-\aura\reactivedesign\auraslab\src\debug\java', not found
file or directory 'C:\Users\AuraF\StudioProjects\ReGenesis--multi-architectural-70-LDO-\aura\reactivedesign\auraslab\src\debug\kotlin', not found
file or directory 'C:\Users\AuraF\StudioProjects\ReGenesis--multi-architectural-70-LDO-\aura\reactivedesign\auraslab\src\debug\java', not found
Build cache key for task ':aura:reactivedesign:auraslab:compileDebugKotlin' is 7d3a1ff46513b703a0253c50bc88ddc9
Skipping task ':aura:reactivedesign:auraslab:compileDebugKotlin' as it is up-to-date.
Resolve mutations for :cascade:datastream:taskmanager:bundleLibRuntimeToJarDebug (Thread[#322,included builds,5,main]) started.
:cascade:datastream:taskmanager:bundleLibRuntimeToJarDebug (Thread[#322,included builds,5,main]) started.

> Task :agents:growthmetrics:tasker:compileDebugKotlin NO-SOURCE
file or directory 'C:\Users\AuraF\StudioProjects\ReGenesis--multi-architectural-70-LDO-\agents\growthmetrics\tasker\src\main\java', not found
file or directory 'C:\Users\AuraF\StudioProjects\ReGenesis--multi-architectural-70-LDO-\agents\growthmetrics\tasker\src\main\kotlin', not found
file or directory 'C:\Users\AuraF\StudioProjects\ReGenesis--multi-architectural-70-LDO-\agents\growthmetrics\tasker\src\debug\java', not found
file or directory 'C:\Users\AuraF\StudioProjects\ReGenesis--multi-architectural-70-LDO-\agents\growthmetrics\tasker\src\debug\kotlin', not found
file or directory 'C:\Users\AuraF\StudioProjects\ReGenesis--multi-architectural-70-LDO-\agents\growthmetrics\tasker\src\main\java', not found
file or directory 'C:\Users\AuraF\StudioProjects\ReGenesis--multi-architectural-70-LDO-\agents\growthmetrics\tasker\src\debug\java', not found
file or directory 'C:\Users\AuraF\StudioProjects\ReGenesis--multi-architectural-70-LDO-\agents\growthmetrics\tasker\src\main\java', not found
file or directory 'C:\Users\AuraF\StudioProjects\ReGenesis--multi-architectural-70-LDO-\agents\growthmetrics\tasker\src\main\kotlin', not found
file or directory 'C:\Users\AuraF\StudioProjects\ReGenesis--multi-architectural-70-LDO-\agents\growthmetrics\tasker\src\debug\java', not found
file or directory 'C:\Users\AuraF\StudioProjects\ReGenesis--multi-architectural-70-LDO-\agents\growthmetrics\tasker\src\debug\kotlin', not found
file or directory 'C:\Users\AuraF\StudioProjects\ReGenesis--multi-architectural-70-LDO-\agents\growthmetrics\tasker\src\main\java', not found
file or directory 'C:\Users\AuraF\StudioProjects\ReGenesis--multi-architectural-70-LDO-\agents\growthmetrics\tasker\src\debug\java', not found
Skipping task ':agents:growthmetrics:tasker:compileDebugKotlin' as it has no source files and no previous output files.
Resolve mutations for :agents:growthmetrics:tasker:compileDebugJavaWithJavac (Thread[#323,Execution worker,5,main]) started.
:agents:growthmetrics:tasker:compileDebugJavaWithJavac (Thread[#323,Execution worker,5,main]) started.

> Task :cascade:datastream:taskmanager:bundleLibRuntimeToJarDebug UP-TO-DATE
Caching disabled for task ':cascade:datastream:taskmanager:bundleLibRuntimeToJarDebug' because:
  Simple merging task
Skipping task ':cascade:datastream:taskmanager:bundleLibRuntimeToJarDebug' as it is up-to-date.
work action resolve classes.jar (project :cascade:datastream:taskmanager) (Thread[#322,included builds,5,main]) started.
Resolve mutations for :aura:reactivedesign:auraslab:javaPreCompileDebug (Thread[#322,included builds,5,main]) started.
:aura:reactivedesign:auraslab:javaPreCompileDebug (Thread[#322,included builds,5,main]) started.

> Task :aura:reactivedesign:auraslab:javaPreCompileDebug UP-TO-DATE
Build cache key for task ':aura:reactivedesign:auraslab:javaPreCompileDebug' is d4a53068ac621780eace8ac3e3efaaa7
Skipping task ':aura:reactivedesign:auraslab:javaPreCompileDebug' as it is up-to-date.
Resolve mutations for :aura:reactivedesign:auraslab:compileDebugJavaWithJavac (Thread[#322,included builds,5,main]) started.
:aura:reactivedesign:auraslab:compileDebugJavaWithJavac (Thread[#322,included builds,5,main]) started.

> Task :agents:growthmetrics:tasker:compileDebugJavaWithJavac UP-TO-DATE
Build cache key for task ':agents:growthmetrics:tasker:compileDebugJavaWithJavac' is d0add15aa3dda13bc7a48eacbd850fd6
Skipping task ':agents:growthmetrics:tasker:compileDebugJavaWithJavac' as it is up-to-date.
No compile result for :agents:growthmetrics:tasker:compileDebugJavaWithJavac
No compile result for :agents:growthmetrics:tasker:compileDebugJavaWithJavac
No compile result for :agents:growthmetrics:tasker:compileDebugJavaWithJavac
No compile result for :agents:growthmetrics:tasker:compileDebugJavaWithJavac
No compile result for :agents:growthmetrics:tasker:compileDebugJavaWithJavac
Resolve mutations for :agents:growthmetrics:tasker:transformDebugClassesWithAsm (Thread[#323,Execution worker,5,main]) started.
:agents:growthmetrics:tasker:transformDebugClassesWithAsm (Thread[#323,Execution worker,5,main]) started.

> Task :aura:reactivedesign:auraslab:compileDebugJavaWithJavac UP-TO-DATE
Build cache key for task ':aura:reactivedesign:auraslab:compileDebugJavaWithJavac' is f4551092f444ba210cc28cbfdc513a1a
Skipping task ':aura:reactivedesign:auraslab:compileDebugJavaWithJavac' as it is up-to-date.
No compile result for :aura:reactivedesign:auraslab:compileDebugJavaWithJavac
No compile result for :aura:reactivedesign:auraslab:compileDebugJavaWithJavac
No compile result for :aura:reactivedesign:auraslab:compileDebugJavaWithJavac
No compile result for :aura:reactivedesign:auraslab:compileDebugJavaWithJavac
No compile result for :aura:reactivedesign:auraslab:compileDebugJavaWithJavac
Resolve mutations for :aura:reactivedesign:auraslab:transformDebugClassesWithAsm (Thread[#322,included builds,5,main]) started.
:aura:reactivedesign:auraslab:transformDebugClassesWithAsm (Thread[#322,included builds,5,main]) started.

> Task :agents:growthmetrics:tasker:transformDebugClassesWithAsm UP-TO-DATE
Build cache key for task ':agents:growthmetrics:tasker:transformDebugClassesWithAsm' is d7a512287a2baf2d2a1404e653e3cdf9
Skipping task ':agents:growthmetrics:tasker:transformDebugClassesWithAsm' as it is up-to-date.
Resolve mutations for :agents:growthmetrics:tasker:bundleLibCompileToJarDebug (Thread[#323,Execution worker,5,main]) started.
:agents:growthmetrics:tasker:bundleLibCompileToJarDebug (Thread[#323,Execution worker,5,main]) started.

> Task :agents:growthmetrics:tasker:bundleLibCompileToJarDebug UP-TO-DATE
Caching disabled for task ':agents:growthmetrics:tasker:bundleLibCompileToJarDebug' because:
  Simple merging task
Skipping task ':agents:growthmetrics:tasker:bundleLibCompileToJarDebug' as it is up-to-date.
Resolve mutations for :aura:reactivedesign:chromacore:generateDebugBuildConfig (Thread[#323,Execution worker,5,main]) started.
:aura:reactivedesign:chromacore:generateDebugBuildConfig (Thread[#323,Execution worker,5,main]) started.

> Task :aura:reactivedesign:auraslab:transformDebugClassesWithAsm UP-TO-DATE
Build cache key for task ':aura:reactivedesign:auraslab:transformDebugClassesWithAsm' is 70c1574e73953a14ef2d19adddc0b0ca
Skipping task ':aura:reactivedesign:auraslab:transformDebugClassesWithAsm' as it is up-to-date.
Resolve mutations for :aura:reactivedesign:auraslab:bundleLibCompileToJarDebug (Thread[#322,included builds,5,main]) started.
:aura:reactivedesign:auraslab:bundleLibCompileToJarDebug (Thread[#322,included builds,5,main]) started.

> Task :aura:reactivedesign:chromacore:generateDebugBuildConfig UP-TO-DATE
Build cache key for task ':aura:reactivedesign:chromacore:generateDebugBuildConfig' is 2c24dd803a3d9f7f974d5a886bffec5f
Skipping task ':aura:reactivedesign:chromacore:generateDebugBuildConfig' as it is up-to-date.
Resolve mutations for :aura:reactivedesign:chromacore:kspDebugKotlin (Thread[#323,Execution worker,5,main]) started.
:aura:reactivedesign:chromacore:kspDebugKotlin (Thread[#323,Execution worker,5,main]) started.

> Task :aura:reactivedesign:auraslab:bundleLibCompileToJarDebug UP-TO-DATE
Caching disabled for task ':aura:reactivedesign:auraslab:bundleLibCompileToJarDebug' because:
  Simple merging task
Skipping task ':aura:reactivedesign:auraslab:bundleLibCompileToJarDebug' as it is up-to-date.
Resolve mutations for :aura:reactivedesign:chromacore:javaPreCompileDebug (Thread[#322,included builds,5,main]) started.
:aura:reactivedesign:chromacore:javaPreCompileDebug (Thread[#322,included builds,5,main]) started.

> Task :aura:reactivedesign:chromacore:javaPreCompileDebug UP-TO-DATE
Build cache key for task ':aura:reactivedesign:chromacore:javaPreCompileDebug' is d4a53068ac621780eace8ac3e3efaaa7
Skipping task ':aura:reactivedesign:chromacore:javaPreCompileDebug' as it is up-to-date.
Resolve mutations for :aura:reactivedesign:collabcanvas:generateDebugBuildConfig (Thread[#322,included builds,5,main]) started.
:aura:reactivedesign:collabcanvas:generateDebugBuildConfig (Thread[#322,included builds,5,main]) started.

> Task :aura:reactivedesign:collabcanvas:generateDebugBuildConfig UP-TO-DATE
Build cache key for task ':aura:reactivedesign:collabcanvas:generateDebugBuildConfig' is afcf5d839265673c746a9125bf9d67bd
Skipping task ':aura:reactivedesign:collabcanvas:generateDebugBuildConfig' as it is up-to-date.
Resolve mutations for :aura:reactivedesign:collabcanvas:kspDebugKotlin (Thread[#322,included builds,5,main]) started.
:aura:reactivedesign:collabcanvas:kspDebugKotlin (Thread[#322,included builds,5,main]) started.

> Task :aura:reactivedesign:chromacore:kspDebugKotlin FROM-CACHE
Build cache key for task ':aura:reactivedesign:chromacore:kspDebugKotlin' is cd52e75f294b4c77f0a3b65a11e91a17
Task ':aura:reactivedesign:chromacore:kspDebugKotlin' is not up-to-date because:
  Value of input property 'kspConfig.logLevel' has changed for task ':aura:reactivedesign:chromacore:kspDebugKotlin'
Loaded cache entry for task ':aura:reactivedesign:chromacore:kspDebugKotlin' with cache key cd52e75f294b4c77f0a3b65a11e91a17
Resolve mutations for :aura:reactivedesign:chromacore:compileDebugKotlin (Thread[#323,Execution worker,5,main]) started.
:aura:reactivedesign:chromacore:compileDebugKotlin (Thread[#323,Execution worker,5,main]) started.

> Task :aura:reactivedesign:chromacore:compileDebugKotlin UP-TO-DATE
file or directory 'C:\Users\AuraF\StudioProjects\ReGenesis--multi-architectural-70-LDO-\aura\reactivedesign\chromacore\src\main\java', not found
file or directory 'C:\Users\AuraF\StudioProjects\ReGenesis--multi-architectural-70-LDO-\aura\reactivedesign\chromacore\src\debug\java', not found
file or directory 'C:\Users\AuraF\StudioProjects\ReGenesis--multi-architectural-70-LDO-\aura\reactivedesign\chromacore\src\debug\kotlin', not found
file or directory 'C:\Users\AuraF\StudioProjects\ReGenesis--multi-architectural-70-LDO-\aura\reactivedesign\chromacore\src\main\java', not found
file or directory 'C:\Users\AuraF\StudioProjects\ReGenesis--multi-architectural-70-LDO-\aura\reactivedesign\chromacore\src\debug\java', not found
file or directory 'C:\Users\AuraF\StudioProjects\ReGenesis--multi-architectural-70-LDO-\aura\reactivedesign\chromacore\src\main\java', not found
file or directory 'C:\Users\AuraF\StudioProjects\ReGenesis--multi-architectural-70-LDO-\aura\reactivedesign\chromacore\src\debug\java', not found
file or directory 'C:\Users\AuraF\StudioProjects\ReGenesis--multi-architectural-70-LDO-\aura\reactivedesign\chromacore\src\debug\kotlin', not found
file or directory 'C:\Users\AuraF\StudioProjects\ReGenesis--multi-architectural-70-LDO-\aura\reactivedesign\chromacore\src\main\java', not found
file or directory 'C:\Users\AuraF\StudioProjects\ReGenesis--multi-architectural-70-LDO-\aura\reactivedesign\chromacore\src\debug\java', not found
file or directory 'C:\Users\AuraF\StudioProjects\ReGenesis--multi-architectural-70-LDO-\aura\reactivedesign\chromacore\src\main\java', not found
file or directory 'C:\Users\AuraF\StudioProjects\ReGenesis--multi-architectural-70-LDO-\aura\reactivedesign\chromacore\src\debug\java', not found
file or directory 'C:\Users\AuraF\StudioProjects\ReGenesis--multi-architectural-70-LDO-\aura\reactivedesign\chromacore\src\debug\kotlin', not found
file or directory 'C:\Users\AuraF\StudioProjects\ReGenesis--multi-architectural-70-LDO-\aura\reactivedesign\chromacore\src\main\java', not found
file or directory 'C:\Users\AuraF\StudioProjects\ReGenesis--multi-architectural-70-LDO-\aura\reactivedesign\chromacore\src\debug\java', not found
Build cache key for task ':aura:reactivedesign:chromacore:compileDebugKotlin' is f82a9fc6e060006bf6d1db720f4fe257
Skipping task ':aura:reactivedesign:chromacore:compileDebugKotlin' as it is up-to-date.
Resolve mutations for :aura:reactivedesign:chromacore:compileDebugJavaWithJavac (Thread[#323,Execution worker,5,main]) started.
:aura:reactivedesign:chromacore:compileDebugJavaWithJavac (Thread[#323,Execution worker,5,main]) started.

> Task :aura:reactivedesign:chromacore:compileDebugJavaWithJavac UP-TO-DATE
Build cache key for task ':aura:reactivedesign:chromacore:compileDebugJavaWithJavac' is 43c9a5300d0439c71e6210213eb931eb
Skipping task ':aura:reactivedesign:chromacore:compileDebugJavaWithJavac' as it is up-to-date.
No compile result for :aura:reactivedesign:chromacore:compileDebugJavaWithJavac
No compile result for :aura:reactivedesign:chromacore:compileDebugJavaWithJavac
No compile result for :aura:reactivedesign:chromacore:compileDebugJavaWithJavac
No compile result for :aura:reactivedesign:chromacore:compileDebugJavaWithJavac
No compile result for :aura:reactivedesign:chromacore:compileDebugJavaWithJavac
Resolve mutations for :aura:reactivedesign:chromacore:transformDebugClassesWithAsm (Thread[#323,Execution worker,5,main]) started.
:aura:reactivedesign:chromacore:transformDebugClassesWithAsm (Thread[#323,Execution worker,5,main]) started.

> Task :aura:reactivedesign:chromacore:transformDebugClassesWithAsm UP-TO-DATE
Build cache key for task ':aura:reactivedesign:chromacore:transformDebugClassesWithAsm' is 8602cded700395248bdc70a685735db9
Skipping task ':aura:reactivedesign:chromacore:transformDebugClassesWithAsm' as it is up-to-date.
Resolve mutations for :aura:reactivedesign:chromacore:bundleLibCompileToJarDebug (Thread[#323,Execution worker,5,main]) started.
:aura:reactivedesign:chromacore:bundleLibCompileToJarDebug (Thread[#323,Execution worker,5,main]) started.

> Task :aura:reactivedesign:chromacore:bundleLibCompileToJarDebug UP-TO-DATE
Caching disabled for task ':aura:reactivedesign:chromacore:bundleLibCompileToJarDebug' because:
  Simple merging task
Skipping task ':aura:reactivedesign:chromacore:bundleLibCompileToJarDebug' as it is up-to-date.
Resolve mutations for :aura:reactivedesign:collabcanvas:javaPreCompileDebug (Thread[#323,Execution worker,5,main]) started.
:aura:reactivedesign:collabcanvas:javaPreCompileDebug (Thread[#323,Execution worker,5,main]) started.

> Task :aura:reactivedesign:collabcanvas:javaPreCompileDebug UP-TO-DATE
Build cache key for task ':aura:reactivedesign:collabcanvas:javaPreCompileDebug' is d4a53068ac621780eace8ac3e3efaaa7
Skipping task ':aura:reactivedesign:collabcanvas:javaPreCompileDebug' as it is up-to-date.
Resolve mutations for :aura:reactivedesign:customization:generateDebugBuildConfig (Thread[#323,Execution worker,5,main]) started.
:aura:reactivedesign:customization:generateDebugBuildConfig (Thread[#323,Execution worker,5,main]) started.

> Task :aura:reactivedesign:customization:generateDebugBuildConfig UP-TO-DATE
Build cache key for task ':aura:reactivedesign:customization:generateDebugBuildConfig' is 83430dacd1ccc6ec3e26c01e37365383
Skipping task ':aura:reactivedesign:customization:generateDebugBuildConfig' as it is up-to-date.
Resolve mutations for :aura:reactivedesign:customization:kspDebugKotlin (Thread[#323,Execution worker,5,main]) started.
:aura:reactivedesign:customization:kspDebugKotlin (Thread[#323,Execution worker,5,main]) started.

> Task :aura:reactivedesign:collabcanvas:kspDebugKotlin FROM-CACHE
Build cache key for task ':aura:reactivedesign:collabcanvas:kspDebugKotlin' is 8ed2ca4e9863dbe89ec9a3cd5fb06466
Task ':aura:reactivedesign:collabcanvas:kspDebugKotlin' is not up-to-date because:
  Value of input property 'kspConfig.logLevel' has changed for task ':aura:reactivedesign:collabcanvas:kspDebugKotlin'
Loaded cache entry for task ':aura:reactivedesign:collabcanvas:kspDebugKotlin' with cache key 8ed2ca4e9863dbe89ec9a3cd5fb06466
Resolve mutations for :aura:reactivedesign:collabcanvas:compileDebugKotlin (Thread[#322,included builds,5,main]) started.
:aura:reactivedesign:collabcanvas:compileDebugKotlin (Thread[#322,included builds,5,main]) started.

> Task :aura:reactivedesign:customization:kspDebugKotlin FROM-CACHE
Build cache key for task ':aura:reactivedesign:customization:kspDebugKotlin' is 6c7d5eb675525e86a294c896143b2c31
Task ':aura:reactivedesign:customization:kspDebugKotlin' is not up-to-date because:
  Value of input property 'kspConfig.logLevel' has changed for task ':aura:reactivedesign:customization:kspDebugKotlin'
Loaded cache entry for task ':aura:reactivedesign:customization:kspDebugKotlin' with cache key 6c7d5eb675525e86a294c896143b2c31
Resolve mutations for :aura:reactivedesign:customization:compileDebugKotlin (Thread[#323,Execution worker,5,main]) started.
:aura:reactivedesign:customization:compileDebugKotlin (Thread[#323,Execution worker,5,main]) started.

> Task :aura:reactivedesign:collabcanvas:compileDebugKotlin UP-TO-DATE
file or directory 'C:\Users\AuraF\StudioProjects\ReGenesis--multi-architectural-70-LDO-\aura\reactivedesign\collabcanvas\src\main\java', not found
file or directory 'C:\Users\AuraF\StudioProjects\ReGenesis--multi-architectural-70-LDO-\aura\reactivedesign\collabcanvas\src\debug\java', not found
file or directory 'C:\Users\AuraF\StudioProjects\ReGenesis--multi-architectural-70-LDO-\aura\reactivedesign\collabcanvas\src\debug\kotlin', not found
file or directory 'C:\Users\AuraF\StudioProjects\ReGenesis--multi-architectural-70-LDO-\aura\reactivedesign\collabcanvas\src\main\java', not found
file or directory 'C:\Users\AuraF\StudioProjects\ReGenesis--multi-architectural-70-LDO-\aura\reactivedesign\collabcanvas\src\debug\java', not found
file or directory 'C:\Users\AuraF\StudioProjects\ReGenesis--multi-architectural-70-LDO-\aura\reactivedesign\collabcanvas\src\main\java', not found
file or directory 'C:\Users\AuraF\StudioProjects\ReGenesis--multi-architectural-70-LDO-\aura\reactivedesign\collabcanvas\src\debug\java', not found
file or directory 'C:\Users\AuraF\StudioProjects\ReGenesis--multi-architectural-70-LDO-\aura\reactivedesign\collabcanvas\src\debug\kotlin', not found
file or directory 'C:\Users\AuraF\StudioProjects\ReGenesis--multi-architectural-70-LDO-\aura\reactivedesign\collabcanvas\src\main\java', not found
file or directory 'C:\Users\AuraF\StudioProjects\ReGenesis--multi-architectural-70-LDO-\aura\reactivedesign\collabcanvas\src\debug\java', not found
file or directory 'C:\Users\AuraF\StudioProjects\ReGenesis--multi-architectural-70-LDO-\aura\reactivedesign\collabcanvas\src\main\java', not found
file or directory 'C:\Users\AuraF\StudioProjects\ReGenesis--multi-architectural-70-LDO-\aura\reactivedesign\collabcanvas\src\debug\java', not found
file or directory 'C:\Users\AuraF\StudioProjects\ReGenesis--multi-architectural-70-LDO-\aura\reactivedesign\collabcanvas\src\debug\kotlin', not found
file or directory 'C:\Users\AuraF\StudioProjects\ReGenesis--multi-architectural-70-LDO-\aura\reactivedesign\collabcanvas\src\main\java', not found
file or directory 'C:\Users\AuraF\StudioProjects\ReGenesis--multi-architectural-70-LDO-\aura\reactivedesign\collabcanvas\src\debug\java', not found
Build cache key for task ':aura:reactivedesign:collabcanvas:compileDebugKotlin' is e5605734ca97b214a39a21322c26f522
Skipping task ':aura:reactivedesign:collabcanvas:compileDebugKotlin' as it is up-to-date.
Resolve mutations for :aura:reactivedesign:collabcanvas:compileDebugJavaWithJavac (Thread[#322,included builds,5,main]) started.
:aura:reactivedesign:collabcanvas:compileDebugJavaWithJavac (Thread[#322,included builds,5,main]) started.

> Task :aura:reactivedesign:collabcanvas:compileDebugJavaWithJavac UP-TO-DATE
Build cache key for task ':aura:reactivedesign:collabcanvas:compileDebugJavaWithJavac' is 7f4cd1963bb7dbdeb5de689a6ea3093c
Skipping task ':aura:reactivedesign:collabcanvas:compileDebugJavaWithJavac' as it is up-to-date.
No compile result for :aura:reactivedesign:collabcanvas:compileDebugJavaWithJavac
No compile result for :aura:reactivedesign:collabcanvas:compileDebugJavaWithJavac
No compile result for :aura:reactivedesign:collabcanvas:compileDebugJavaWithJavac
No compile result for :aura:reactivedesign:collabcanvas:compileDebugJavaWithJavac
No compile result for :aura:reactivedesign:collabcanvas:compileDebugJavaWithJavac
Resolve mutations for :aura:reactivedesign:collabcanvas:transformDebugClassesWithAsm (Thread[#322,included builds,5,main]) started.
:aura:reactivedesign:collabcanvas:transformDebugClassesWithAsm (Thread[#322,included builds,5,main]) started.

> Task :aura:reactivedesign:collabcanvas:transformDebugClassesWithAsm UP-TO-DATE
Build cache key for task ':aura:reactivedesign:collabcanvas:transformDebugClassesWithAsm' is 48503e39c405d8736f6b3cf9187a8944
Skipping task ':aura:reactivedesign:collabcanvas:transformDebugClassesWithAsm' as it is up-to-date.
Resolve mutations for :aura:reactivedesign:collabcanvas:bundleLibCompileToJarDebug (Thread[#322,included builds,5,main]) started.
:aura:reactivedesign:collabcanvas:bundleLibCompileToJarDebug (Thread[#322,included builds,5,main]) started.

> Task :aura:reactivedesign:collabcanvas:bundleLibCompileToJarDebug UP-TO-DATE
Caching disabled for task ':aura:reactivedesign:collabcanvas:bundleLibCompileToJarDebug' because:
  Simple merging task
Skipping task ':aura:reactivedesign:collabcanvas:bundleLibCompileToJarDebug' as it is up-to-date.
Resolve mutations for :aura:reactivedesign:customization:javaPreCompileDebug (Thread[#322,included builds,5,main]) started.

> Task :aura:reactivedesign:customization:compileDebugKotlin UP-TO-DATE
file or directory 'C:\Users\AuraF\StudioProjects\ReGenesis--multi-architectural-70-LDO-\aura\reactivedesign\customization\src\main\java', not found
file or directory 'C:\Users\AuraF\StudioProjects\ReGenesis--multi-architectural-70-LDO-\aura\reactivedesign\customization\src\debug\java', not found
file or directory 'C:\Users\AuraF\StudioProjects\ReGenesis--multi-architectural-70-LDO-\aura\reactivedesign\customization\src\debug\kotlin', not found
file or directory 'C:\Users\AuraF\StudioProjects\ReGenesis--multi-architectural-70-LDO-\aura\reactivedesign\customization\src\main\java', not found
file or directory 'C:\Users\AuraF\StudioProjects\ReGenesis--multi-architectural-70-LDO-\aura\reactivedesign\customization\src\debug\java', not found
file or directory 'C:\Users\AuraF\StudioProjects\ReGenesis--multi-architectural-70-LDO-\aura\reactivedesign\customization\src\main\java', not found
file or directory 'C:\Users\AuraF\StudioProjects\ReGenesis--multi-architectural-70-LDO-\aura\reactivedesign\customization\src\debug\java', not found
file or directory 'C:\Users\AuraF\StudioProjects\ReGenesis--multi-architectural-70-LDO-\aura\reactivedesign\customization\src\debug\kotlin', not found
file or directory 'C:\Users\AuraF\StudioProjects\ReGenesis--multi-architectural-70-LDO-\aura\reactivedesign\customization\src\main\java', not found
file or directory 'C:\Users\AuraF\StudioProjects\ReGenesis--multi-architectural-70-LDO-\aura\reactivedesign\customization\src\debug\java', not found
file or directory 'C:\Users\AuraF\StudioProjects\ReGenesis--multi-architectural-70-LDO-\aura\reactivedesign\customization\src\main\java', not found
file or directory 'C:\Users\AuraF\StudioProjects\ReGenesis--multi-architectural-70-LDO-\aura\reactivedesign\customization\src\debug\java', not found
file or directory 'C:\Users\AuraF\StudioProjects\ReGenesis--multi-architectural-70-LDO-\aura\reactivedesign\customization\src\debug\kotlin', not found
file or directory 'C:\Users\AuraF\StudioProjects\ReGenesis--multi-architectural-70-LDO-\aura\reactivedesign\customization\src\main\java', not found
file or directory 'C:\Users\AuraF\StudioProjects\ReGenesis--multi-architectural-70-LDO-\aura\reactivedesign\customization\src\debug\java', not found
Build cache key for task ':aura:reactivedesign:customization:compileDebugKotlin' is 2815a31fc3ad19f06aae9ebd1af8e799
Skipping task ':aura:reactivedesign:customization:compileDebugKotlin' as it is up-to-date.
:aura:reactivedesign:customization:javaPreCompileDebug (Thread[#322,included builds,5,main]) started.
Resolve mutations for :aura:reactivedesign:sandboxui:generateDebugBuildConfig (Thread[#323,Execution worker,5,main]) started.
:aura:reactivedesign:sandboxui:generateDebugBuildConfig (Thread[#323,Execution worker,5,main]) started.

> Task :aura:reactivedesign:sandboxui:generateDebugBuildConfig UP-TO-DATE
Build cache key for task ':aura:reactivedesign:sandboxui:generateDebugBuildConfig' is 3160bd2f7a16dfc4817d3e7e0e10a320
Skipping task ':aura:reactivedesign:sandboxui:generateDebugBuildConfig' as it is up-to-date.
Resolve mutations for :aura:reactivedesign:sandboxui:kspDebugKotlin (Thread[#323,Execution worker,5,main]) started.
:aura:reactivedesign:sandboxui:kspDebugKotlin (Thread[#323,Execution worker,5,main]) started.

> Task :aura:reactivedesign:customization:javaPreCompileDebug UP-TO-DATE
Build cache key for task ':aura:reactivedesign:customization:javaPreCompileDebug' is d4a53068ac621780eace8ac3e3efaaa7
Skipping task ':aura:reactivedesign:customization:javaPreCompileDebug' as it is up-to-date.
Resolve mutations for :aura:reactivedesign:customization:compileDebugJavaWithJavac (Thread[#322,included builds,5,main]) started.
:aura:reactivedesign:customization:compileDebugJavaWithJavac (Thread[#322,included builds,5,main]) started.

> Task :aura:reactivedesign:customization:compileDebugJavaWithJavac UP-TO-DATE
Build cache key for task ':aura:reactivedesign:customization:compileDebugJavaWithJavac' is b5bfe407f32f86d95cea24d103f92ea3
Skipping task ':aura:reactivedesign:customization:compileDebugJavaWithJavac' as it is up-to-date.
No compile result for :aura:reactivedesign:customization:compileDebugJavaWithJavac
No compile result for :aura:reactivedesign:customization:compileDebugJavaWithJavac
No compile result for :aura:reactivedesign:customization:compileDebugJavaWithJavac
No compile result for :aura:reactivedesign:customization:compileDebugJavaWithJavac
No compile result for :aura:reactivedesign:customization:compileDebugJavaWithJavac
Resolve mutations for :aura:reactivedesign:customization:transformDebugClassesWithAsm (Thread[#322,included builds,5,main]) started.
:aura:reactivedesign:customization:transformDebugClassesWithAsm (Thread[#322,included builds,5,main]) started.

> Task :aura:reactivedesign:customization:transformDebugClassesWithAsm UP-TO-DATE
Build cache key for task ':aura:reactivedesign:customization:transformDebugClassesWithAsm' is 5f80071e9ad91a3e823c179885910b78
Skipping task ':aura:reactivedesign:customization:transformDebugClassesWithAsm' as it is up-to-date.
Resolve mutations for :aura:reactivedesign:customization:bundleLibCompileToJarDebug (Thread[#322,included builds,5,main]) started.
:aura:reactivedesign:customization:bundleLibCompileToJarDebug (Thread[#322,included builds,5,main]) started.

> Task :aura:reactivedesign:customization:bundleLibCompileToJarDebug UP-TO-DATE
Caching disabled for task ':aura:reactivedesign:customization:bundleLibCompileToJarDebug' because:
  Simple merging task
Skipping task ':aura:reactivedesign:customization:bundleLibCompileToJarDebug' as it is up-to-date.
Resolve mutations for :aura:reactivedesign:sandboxui:javaPreCompileDebug (Thread[#322,included builds,5,main]) started.
:aura:reactivedesign:sandboxui:javaPreCompileDebug (Thread[#322,included builds,5,main]) started.

> Task :aura:reactivedesign:sandboxui:javaPreCompileDebug UP-TO-DATE
Build cache key for task ':aura:reactivedesign:sandboxui:javaPreCompileDebug' is d4a53068ac621780eace8ac3e3efaaa7
Skipping task ':aura:reactivedesign:sandboxui:javaPreCompileDebug' as it is up-to-date.
Resolve mutations for :cascade:datastream:delivery:generateDebugBuildConfig (Thread[#322,included builds,5,main]) started.
:cascade:datastream:delivery:generateDebugBuildConfig (Thread[#322,included builds,5,main]) started.

> Task :cascade:datastream:delivery:generateDebugBuildConfig UP-TO-DATE
Build cache key for task ':cascade:datastream:delivery:generateDebugBuildConfig' is 2b97cf07797bc005ccaa866f89151de9
Skipping task ':cascade:datastream:delivery:generateDebugBuildConfig' as it is up-to-date.
Resolve mutations for :cascade:datastream:delivery:kspDebugKotlin (Thread[#322,included builds,5,main]) started.
:cascade:datastream:delivery:kspDebugKotlin (Thread[#322,included builds,5,main]) started.

> Task :aura:reactivedesign:sandboxui:kspDebugKotlin FROM-CACHE
Build cache key for task ':aura:reactivedesign:sandboxui:kspDebugKotlin' is 1d2b912f352af0d2b1d81312fd861991
Task ':aura:reactivedesign:sandboxui:kspDebugKotlin' is not up-to-date because:
  Value of input property 'kspConfig.logLevel' has changed for task ':aura:reactivedesign:sandboxui:kspDebugKotlin'
Loaded cache entry for task ':aura:reactivedesign:sandboxui:kspDebugKotlin' with cache key 1d2b912f352af0d2b1d81312fd861991
Resolve mutations for :aura:reactivedesign:sandboxui:compileDebugKotlin (Thread[#323,Execution worker,5,main]) started.
:aura:reactivedesign:sandboxui:compileDebugKotlin (Thread[#323,Execution worker,5,main]) started.

> Task :aura:reactivedesign:sandboxui:compileDebugKotlin NO-SOURCE
file or directory 'C:\Users\AuraF\StudioProjects\ReGenesis--multi-architectural-70-LDO-\aura\reactivedesign\sandboxui\src\main\java', not found
file or directory 'C:\Users\AuraF\StudioProjects\ReGenesis--multi-architectural-70-LDO-\aura\reactivedesign\sandboxui\src\main\kotlin', not found
file or directory 'C:\Users\AuraF\StudioProjects\ReGenesis--multi-architectural-70-LDO-\aura\reactivedesign\sandboxui\src\debug\java', not found
file or directory 'C:\Users\AuraF\StudioProjects\ReGenesis--multi-architectural-70-LDO-\aura\reactivedesign\sandboxui\src\debug\kotlin', not found
file or directory 'C:\Users\AuraF\StudioProjects\ReGenesis--multi-architectural-70-LDO-\aura\reactivedesign\sandboxui\src\main\java', not found
file or directory 'C:\Users\AuraF\StudioProjects\ReGenesis--multi-architectural-70-LDO-\aura\reactivedesign\sandboxui\src\debug\java', not found
file or directory 'C:\Users\AuraF\StudioProjects\ReGenesis--multi-architectural-70-LDO-\aura\reactivedesign\sandboxui\src\main\java', not found
file or directory 'C:\Users\AuraF\StudioProjects\ReGenesis--multi-architectural-70-LDO-\aura\reactivedesign\sandboxui\src\main\kotlin', not found
file or directory 'C:\Users\AuraF\StudioProjects\ReGenesis--multi-architectural-70-LDO-\aura\reactivedesign\sandboxui\src\debug\java', not found
file or directory 'C:\Users\AuraF\StudioProjects\ReGenesis--multi-architectural-70-LDO-\aura\reactivedesign\sandboxui\src\debug\kotlin', not found
file or directory 'C:\Users\AuraF\StudioProjects\ReGenesis--multi-architectural-70-LDO-\aura\reactivedesign\sandboxui\src\main\java', not found
file or directory 'C:\Users\AuraF\StudioProjects\ReGenesis--multi-architectural-70-LDO-\aura\reactivedesign\sandboxui\src\debug\java', not found
Skipping task ':aura:reactivedesign:sandboxui:compileDebugKotlin' as it has no source files and no previous output files.
Resolve mutations for :aura:reactivedesign:sandboxui:compileDebugJavaWithJavac (Thread[#323,Execution worker,5,main]) started.
:aura:reactivedesign:sandboxui:compileDebugJavaWithJavac (Thread[#323,Execution worker,5,main]) started.

> Task :aura:reactivedesign:sandboxui:compileDebugJavaWithJavac UP-TO-DATE
Build cache key for task ':aura:reactivedesign:sandboxui:compileDebugJavaWithJavac' is 0095937b0f8398f85a4fd6ceca5979f1
Skipping task ':aura:reactivedesign:sandboxui:compileDebugJavaWithJavac' as it is up-to-date.
No compile result for :aura:reactivedesign:sandboxui:compileDebugJavaWithJavac
No compile result for :aura:reactivedesign:sandboxui:compileDebugJavaWithJavac
No compile result for :aura:reactivedesign:sandboxui:compileDebugJavaWithJavac
No compile result for :aura:reactivedesign:sandboxui:compileDebugJavaWithJavac
No compile result for :aura:reactivedesign:sandboxui:compileDebugJavaWithJavac
Resolve mutations for :aura:reactivedesign:sandboxui:transformDebugClassesWithAsm (Thread[#323,Execution worker,5,main]) started.
:aura:reactivedesign:sandboxui:transformDebugClassesWithAsm (Thread[#323,Execution worker,5,main]) started.

> Task :aura:reactivedesign:sandboxui:transformDebugClassesWithAsm UP-TO-DATE
Build cache key for task ':aura:reactivedesign:sandboxui:transformDebugClassesWithAsm' is 0562037d758feb9129a5ad0493c03d14
Skipping task ':aura:reactivedesign:sandboxui:transformDebugClassesWithAsm' as it is up-to-date.
Resolve mutations for :aura:reactivedesign:sandboxui:bundleLibCompileToJarDebug (Thread[#323,Execution worker,5,main]) started.
:aura:reactivedesign:sandboxui:bundleLibCompileToJarDebug (Thread[#323,Execution worker,5,main]) started.

> Task :aura:reactivedesign:sandboxui:bundleLibCompileToJarDebug UP-TO-DATE
Caching disabled for task ':aura:reactivedesign:sandboxui:bundleLibCompileToJarDebug' because:
  Simple merging task
Skipping task ':aura:reactivedesign:sandboxui:bundleLibCompileToJarDebug' as it is up-to-date.
Resolve mutations for :cascade:datastream:delivery:javaPreCompileDebug (Thread[#323,Execution worker,5,main]) started.
:cascade:datastream:delivery:javaPreCompileDebug (Thread[#323,Execution worker,5,main]) started.

> Task :cascade:datastream:delivery:javaPreCompileDebug UP-TO-DATE
Build cache key for task ':cascade:datastream:delivery:javaPreCompileDebug' is d4a53068ac621780eace8ac3e3efaaa7
Skipping task ':cascade:datastream:delivery:javaPreCompileDebug' as it is up-to-date.
Resolve mutations for :genesis:oracledrive:datavein:generateDebugBuildConfig (Thread[#323,Execution worker,5,main]) started.
:genesis:oracledrive:datavein:generateDebugBuildConfig (Thread[#323,Execution worker,5,main]) started.

> Task :cascade:datastream:delivery:kspDebugKotlin FROM-CACHE
Build cache key for task ':cascade:datastream:delivery:kspDebugKotlin' is 11a8b59321e27e1a088cd4816333c63a
Task ':cascade:datastream:delivery:kspDebugKotlin' is not up-to-date because:
  Value of input property 'kspConfig.logLevel' has changed for task ':cascade:datastream:delivery:kspDebugKotlin'
Loaded cache entry for task ':cascade:datastream:delivery:kspDebugKotlin' with cache key 11a8b59321e27e1a088cd4816333c63a
Resolve mutations for :cascade:datastream:delivery:compileDebugKotlin (Thread[#322,included builds,5,main]) started.
:cascade:datastream:delivery:compileDebugKotlin (Thread[#322,included builds,5,main]) started.

> Task :genesis:oracledrive:datavein:generateDebugBuildConfig UP-TO-DATE
Build cache key for task ':genesis:oracledrive:datavein:generateDebugBuildConfig' is 78a342b51aa0575193b27698cce34b9b
Skipping task ':genesis:oracledrive:datavein:generateDebugBuildConfig' as it is up-to-date.
Resolve mutations for :genesis:oracledrive:datavein:kspDebugKotlin (Thread[#323,Execution worker,5,main]) started.
:genesis:oracledrive:datavein:kspDebugKotlin (Thread[#323,Execution worker,5,main]) started.

> Task :cascade:datastream:delivery:compileDebugKotlin NO-SOURCE
file or directory 'C:\Users\AuraF\StudioProjects\ReGenesis--multi-architectural-70-LDO-\cascade\datastream\delivery\src\main\java', not found
file or directory 'C:\Users\AuraF\StudioProjects\ReGenesis--multi-architectural-70-LDO-\cascade\datastream\delivery\src\main\kotlin', not found
file or directory 'C:\Users\AuraF\StudioProjects\ReGenesis--multi-architectural-70-LDO-\cascade\datastream\delivery\src\debug\java', not found
file or directory 'C:\Users\AuraF\StudioProjects\ReGenesis--multi-architectural-70-LDO-\cascade\datastream\delivery\src\debug\kotlin', not found
file or directory 'C:\Users\AuraF\StudioProjects\ReGenesis--multi-architectural-70-LDO-\cascade\datastream\delivery\src\main\java', not found
file or directory 'C:\Users\AuraF\StudioProjects\ReGenesis--multi-architectural-70-LDO-\cascade\datastream\delivery\src\debug\java', not found
file or directory 'C:\Users\AuraF\StudioProjects\ReGenesis--multi-architectural-70-LDO-\cascade\datastream\delivery\src\main\java', not found
file or directory 'C:\Users\AuraF\StudioProjects\ReGenesis--multi-architectural-70-LDO-\cascade\datastream\delivery\src\main\kotlin', not found
file or directory 'C:\Users\AuraF\StudioProjects\ReGenesis--multi-architectural-70-LDO-\cascade\datastream\delivery\src\debug\java', not found
file or directory 'C:\Users\AuraF\StudioProjects\ReGenesis--multi-architectural-70-LDO-\cascade\datastream\delivery\src\debug\kotlin', not found
file or directory 'C:\Users\AuraF\StudioProjects\ReGenesis--multi-architectural-70-LDO-\cascade\datastream\delivery\src\main\java', not found
file or directory 'C:\Users\AuraF\StudioProjects\ReGenesis--multi-architectural-70-LDO-\cascade\datastream\delivery\src\debug\java', not found
Skipping task ':cascade:datastream:delivery:compileDebugKotlin' as it has no source files and no previous output files.
Resolve mutations for :cascade:datastream:delivery:compileDebugJavaWithJavac (Thread[#322,included builds,5,main]) started.
:cascade:datastream:delivery:compileDebugJavaWithJavac (Thread[#322,included builds,5,main]) started.

> Task :cascade:datastream:delivery:compileDebugJavaWithJavac UP-TO-DATE
Build cache key for task ':cascade:datastream:delivery:compileDebugJavaWithJavac' is b39f68ac63e39bebd20377fe4a71d608
Skipping task ':cascade:datastream:delivery:compileDebugJavaWithJavac' as it is up-to-date.
No compile result for :cascade:datastream:delivery:compileDebugJavaWithJavac
No compile result for :cascade:datastream:delivery:compileDebugJavaWithJavac
No compile result for :cascade:datastream:delivery:compileDebugJavaWithJavac
No compile result for :cascade:datastream:delivery:compileDebugJavaWithJavac
No compile result for :cascade:datastream:delivery:compileDebugJavaWithJavac
Resolve mutations for :cascade:datastream:delivery:transformDebugClassesWithAsm (Thread[#322,included builds,5,main]) started.
:cascade:datastream:delivery:transformDebugClassesWithAsm (Thread[#322,included builds,5,main]) started.

> Task :cascade:datastream:delivery:transformDebugClassesWithAsm UP-TO-DATE
Build cache key for task ':cascade:datastream:delivery:transformDebugClassesWithAsm' is 2eb6c1bdb555503e7aaf85d2136b0d97
Skipping task ':cascade:datastream:delivery:transformDebugClassesWithAsm' as it is up-to-date.
Resolve mutations for :cascade:datastream:delivery:bundleLibCompileToJarDebug (Thread[#322,included builds,5,main]) started.
:cascade:datastream:delivery:bundleLibCompileToJarDebug (Thread[#322,included builds,5,main]) started.

> Task :cascade:datastream:delivery:bundleLibCompileToJarDebug UP-TO-DATE
Caching disabled for task ':cascade:datastream:delivery:bundleLibCompileToJarDebug' because:
  Simple merging task
Skipping task ':cascade:datastream:delivery:bundleLibCompileToJarDebug' as it is up-to-date.
Resolve mutations for :genesis:oracledrive:datavein:javaPreCompileDebug (Thread[#322,included builds,5,main]) started.
:genesis:oracledrive:datavein:javaPreCompileDebug (Thread[#322,included builds,5,main]) started.

> Task :genesis:oracledrive:datavein:javaPreCompileDebug UP-TO-DATE
Build cache key for task ':genesis:oracledrive:datavein:javaPreCompileDebug' is d4a53068ac621780eace8ac3e3efaaa7
Skipping task ':genesis:oracledrive:datavein:javaPreCompileDebug' as it is up-to-date.
Resolve mutations for :genesis:oracledrive:rootmanagement:generateDebugBuildConfig (Thread[#322,included builds,5,main]) started.
:genesis:oracledrive:rootmanagement:generateDebugBuildConfig (Thread[#322,included builds,5,main]) started.

> Task :genesis:oracledrive:rootmanagement:generateDebugBuildConfig UP-TO-DATE
Build cache key for task ':genesis:oracledrive:rootmanagement:generateDebugBuildConfig' is d1f261aabf56bb29aacdaf8bb3e39df3
Skipping task ':genesis:oracledrive:rootmanagement:generateDebugBuildConfig' as it is up-to-date.
Resolve mutations for :genesis:oracledrive:rootmanagement:kspDebugKotlin (Thread[#322,included builds,5,main]) started.
:genesis:oracledrive:rootmanagement:kspDebugKotlin (Thread[#322,included builds,5,main]) started.

> Task :genesis:oracledrive:datavein:kspDebugKotlin FROM-CACHE
Build cache key for task ':genesis:oracledrive:datavein:kspDebugKotlin' is 2eb14cdc79de318d396c7fa10327eac3
Task ':genesis:oracledrive:datavein:kspDebugKotlin' is not up-to-date because:
  Value of input property 'kspConfig.logLevel' has changed for task ':genesis:oracledrive:datavein:kspDebugKotlin'
Loaded cache entry for task ':genesis:oracledrive:datavein:kspDebugKotlin' with cache key 2eb14cdc79de318d396c7fa10327eac3
Resolve mutations for :genesis:oracledrive:datavein:compileDebugKotlin (Thread[#323,Execution worker,5,main]) started.
:genesis:oracledrive:datavein:compileDebugKotlin (Thread[#323,Execution worker,5,main]) started.

> Task :genesis:oracledrive:datavein:compileDebugKotlin UP-TO-DATE
file or directory 'C:\Users\AuraF\StudioProjects\ReGenesis--multi-architectural-70-LDO-\genesis\oracledrive\datavein\src\main\java', not found
file or directory 'C:\Users\AuraF\StudioProjects\ReGenesis--multi-architectural-70-LDO-\genesis\oracledrive\datavein\src\debug\java', not found
file or directory 'C:\Users\AuraF\StudioProjects\ReGenesis--multi-architectural-70-LDO-\genesis\oracledrive\datavein\src\debug\kotlin', not found
file or directory 'C:\Users\AuraF\StudioProjects\ReGenesis--multi-architectural-70-LDO-\genesis\oracledrive\datavein\src\main\java', not found
file or directory 'C:\Users\AuraF\StudioProjects\ReGenesis--multi-architectural-70-LDO-\genesis\oracledrive\datavein\src\debug\java', not found
file or directory 'C:\Users\AuraF\StudioProjects\ReGenesis--multi-architectural-70-LDO-\genesis\oracledrive\datavein\src\main\java', not found
file or directory 'C:\Users\AuraF\StudioProjects\ReGenesis--multi-architectural-70-LDO-\genesis\oracledrive\datavein\src\debug\java', not found
file or directory 'C:\Users\AuraF\StudioProjects\ReGenesis--multi-architectural-70-LDO-\genesis\oracledrive\datavein\src\debug\kotlin', not found
file or directory 'C:\Users\AuraF\StudioProjects\ReGenesis--multi-architectural-70-LDO-\genesis\oracledrive\datavein\src\main\java', not found
file or directory 'C:\Users\AuraF\StudioProjects\ReGenesis--multi-architectural-70-LDO-\genesis\oracledrive\datavein\src\debug\java', not found
file or directory 'C:\Users\AuraF\StudioProjects\ReGenesis--multi-architectural-70-LDO-\genesis\oracledrive\datavein\src\main\java', not found
file or directory 'C:\Users\AuraF\StudioProjects\ReGenesis--multi-architectural-70-LDO-\genesis\oracledrive\datavein\src\debug\java', not found
file or directory 'C:\Users\AuraF\StudioProjects\ReGenesis--multi-architectural-70-LDO-\genesis\oracledrive\datavein\src\debug\kotlin', not found
file or directory 'C:\Users\AuraF\StudioProjects\ReGenesis--multi-architectural-70-LDO-\genesis\oracledrive\datavein\src\main\java', not found
file or directory 'C:\Users\AuraF\StudioProjects\ReGenesis--multi-architectural-70-LDO-\genesis\oracledrive\datavein\src\debug\java', not found
Build cache key for task ':genesis:oracledrive:datavein:compileDebugKotlin' is f8bbbf60dcd480b9fd47053d0cff6422
Skipping task ':genesis:oracledrive:datavein:compileDebugKotlin' as it is up-to-date.
Resolve mutations for :genesis:oracledrive:datavein:compileDebugJavaWithJavac (Thread[#323,Execution worker,5,main]) started.
:genesis:oracledrive:datavein:compileDebugJavaWithJavac (Thread[#323,Execution worker,5,main]) started.

> Task :genesis:oracledrive:datavein:compileDebugJavaWithJavac UP-TO-DATE
Build cache key for task ':genesis:oracledrive:datavein:compileDebugJavaWithJavac' is 154b518f024a3e3cb7b6bfd250d75eec
Skipping task ':genesis:oracledrive:datavein:compileDebugJavaWithJavac' as it is up-to-date.
No compile result for :genesis:oracledrive:datavein:compileDebugJavaWithJavac
No compile result for :genesis:oracledrive:datavein:compileDebugJavaWithJavac
No compile result for :genesis:oracledrive:datavein:compileDebugJavaWithJavac
No compile result for :genesis:oracledrive:datavein:compileDebugJavaWithJavac
No compile result for :genesis:oracledrive:datavein:compileDebugJavaWithJavac
Resolve mutations for :genesis:oracledrive:datavein:transformDebugClassesWithAsm (Thread[#323,Execution worker,5,main]) started.
:genesis:oracledrive:datavein:transformDebugClassesWithAsm (Thread[#323,Execution worker,5,main]) started.

> Task :genesis:oracledrive:datavein:transformDebugClassesWithAsm UP-TO-DATE
Build cache key for task ':genesis:oracledrive:datavein:transformDebugClassesWithAsm' is 417f7b75b2408fe1aa0343bf081141c3
Skipping task ':genesis:oracledrive:datavein:transformDebugClassesWithAsm' as it is up-to-date.
Resolve mutations for :genesis:oracledrive:datavein:bundleLibCompileToJarDebug (Thread[#323,Execution worker,5,main]) started.
:genesis:oracledrive:datavein:bundleLibCompileToJarDebug (Thread[#323,Execution worker,5,main]) started.

> Task :genesis:oracledrive:datavein:bundleLibCompileToJarDebug UP-TO-DATE
Caching disabled for task ':genesis:oracledrive:datavein:bundleLibCompileToJarDebug' because:
  Simple merging task
Skipping task ':genesis:oracledrive:datavein:bundleLibCompileToJarDebug' as it is up-to-date.
Resolve mutations for :genesis:oracledrive:rootmanagement:javaPreCompileDebug (Thread[#323,Execution worker,5,main]) started.
:genesis:oracledrive:rootmanagement:javaPreCompileDebug (Thread[#323,Execution worker,5,main]) started.

> Task :genesis:oracledrive:rootmanagement:javaPreCompileDebug UP-TO-DATE
Build cache key for task ':genesis:oracledrive:rootmanagement:javaPreCompileDebug' is 4c4ef7de799ae4763204e71f47441634
Skipping task ':genesis:oracledrive:rootmanagement:javaPreCompileDebug' as it is up-to-date.
Resolve mutations for :kai:sentinelsfortress:security:generateDebugBuildConfig (Thread[#323,Execution worker,5,main]) started.
:kai:sentinelsfortress:security:generateDebugBuildConfig (Thread[#323,Execution worker,5,main]) started.

> Task :kai:sentinelsfortress:security:generateDebugBuildConfig UP-TO-DATE
Build cache key for task ':kai:sentinelsfortress:security:generateDebugBuildConfig' is 1eac3d3a91245fa7c0fa19a39ec5cfa0
Skipping task ':kai:sentinelsfortress:security:generateDebugBuildConfig' as it is up-to-date.
Resolve mutations for :kai:sentinelsfortress:security:kspDebugKotlin (Thread[#323,Execution worker,5,main]) started.
:kai:sentinelsfortress:security:kspDebugKotlin (Thread[#323,Execution worker,5,main]) started.

> Task :genesis:oracledrive:rootmanagement:kspDebugKotlin FROM-CACHE
Build cache key for task ':genesis:oracledrive:rootmanagement:kspDebugKotlin' is c2744a6cc6ed31a0b7365fe3f37d553e
Task ':genesis:oracledrive:rootmanagement:kspDebugKotlin' is not up-to-date because:
  Value of input property 'kspConfig.logLevel' has changed for task ':genesis:oracledrive:rootmanagement:kspDebugKotlin'
Loaded cache entry for task ':genesis:oracledrive:rootmanagement:kspDebugKotlin' with cache key c2744a6cc6ed31a0b7365fe3f37d553e
Resolve mutations for :genesis:oracledrive:rootmanagement:compileDebugKotlin (Thread[#322,included builds,5,main]) started.
:genesis:oracledrive:rootmanagement:compileDebugKotlin (Thread[#322,included builds,5,main]) started.

> Task :genesis:oracledrive:rootmanagement:compileDebugKotlin UP-TO-DATE
file or directory 'C:\Users\AuraF\StudioProjects\ReGenesis--multi-architectural-70-LDO-\genesis\oracledrive\rootmanagement\src\main\java', not found
file or directory 'C:\Users\AuraF\StudioProjects\ReGenesis--multi-architectural-70-LDO-\genesis\oracledrive\rootmanagement\src\debug\java', not found
file or directory 'C:\Users\AuraF\StudioProjects\ReGenesis--multi-architectural-70-LDO-\genesis\oracledrive\rootmanagement\src\debug\kotlin', not found
file or directory 'C:\Users\AuraF\StudioProjects\ReGenesis--multi-architectural-70-LDO-\genesis\oracledrive\rootmanagement\src\main\java', not found
file or directory 'C:\Users\AuraF\StudioProjects\ReGenesis--multi-architectural-70-LDO-\genesis\oracledrive\rootmanagement\src\debug\java', not found
file or directory 'C:\Users\AuraF\StudioProjects\ReGenesis--multi-architectural-70-LDO-\genesis\oracledrive\rootmanagement\src\main\java', not found
file or directory 'C:\Users\AuraF\StudioProjects\ReGenesis--multi-architectural-70-LDO-\genesis\oracledrive\rootmanagement\src\debug\java', not found
file or directory 'C:\Users\AuraF\StudioProjects\ReGenesis--multi-architectural-70-LDO-\genesis\oracledrive\rootmanagement\src\debug\kotlin', not found
file or directory 'C:\Users\AuraF\StudioProjects\ReGenesis--multi-architectural-70-LDO-\genesis\oracledrive\rootmanagement\src\main\java', not found
file or directory 'C:\Users\AuraF\StudioProjects\ReGenesis--multi-architectural-70-LDO-\genesis\oracledrive\rootmanagement\src\debug\java', not found
file or directory 'C:\Users\AuraF\StudioProjects\ReGenesis--multi-architectural-70-LDO-\genesis\oracledrive\rootmanagement\src\main\java', not found
file or directory 'C:\Users\AuraF\StudioProjects\ReGenesis--multi-architectural-70-LDO-\genesis\oracledrive\rootmanagement\src\debug\java', not found
file or directory 'C:\Users\AuraF\StudioProjects\ReGenesis--multi-architectural-70-LDO-\genesis\oracledrive\rootmanagement\src\debug\kotlin', not found
file or directory 'C:\Users\AuraF\StudioProjects\ReGenesis--multi-architectural-70-LDO-\genesis\oracledrive\rootmanagement\src\main\java', not found
file or directory 'C:\Users\AuraF\StudioProjects\ReGenesis--multi-architectural-70-LDO-\genesis\oracledrive\rootmanagement\src\debug\java', not found
Build cache key for task ':genesis:oracledrive:rootmanagement:compileDebugKotlin' is a6d53819f85d6a57a5c773064fe27b2b
Skipping task ':genesis:oracledrive:rootmanagement:compileDebugKotlin' as it is up-to-date.
Resolve mutations for :genesis:oracledrive:rootmanagement:compileDebugJavaWithJavac (Thread[#322,included builds,5,main]) started.
:genesis:oracledrive:rootmanagement:compileDebugJavaWithJavac (Thread[#322,included builds,5,main]) started.

> Task :kai:sentinelsfortress:security:kspDebugKotlin FROM-CACHE
Build cache key for task ':kai:sentinelsfortress:security:kspDebugKotlin' is 9199f26c038d18ea1e90dd98dbc35edb
Task ':kai:sentinelsfortress:security:kspDebugKotlin' is not up-to-date because:
  Value of input property 'kspConfig.logLevel' has changed for task ':kai:sentinelsfortress:security:kspDebugKotlin'
Loaded cache entry for task ':kai:sentinelsfortress:security:kspDebugKotlin' with cache key 9199f26c038d18ea1e90dd98dbc35edb
Resolve mutations for :kai:sentinelsfortress:security:compileDebugKotlin (Thread[#323,Execution worker,5,main]) started.
:kai:sentinelsfortress:security:compileDebugKotlin (Thread[#323,Execution worker,5,main]) started.

> Task :genesis:oracledrive:rootmanagement:compileDebugJavaWithJavac UP-TO-DATE
Build cache key for task ':genesis:oracledrive:rootmanagement:compileDebugJavaWithJavac' is b4190a2e81348a8953123af271cb1daf
Skipping task ':genesis:oracledrive:rootmanagement:compileDebugJavaWithJavac' as it is up-to-date.
No compile result for :genesis:oracledrive:rootmanagement:compileDebugJavaWithJavac
No compile result for :genesis:oracledrive:rootmanagement:compileDebugJavaWithJavac
No compile result for :genesis:oracledrive:rootmanagement:compileDebugJavaWithJavac
No compile result for :genesis:oracledrive:rootmanagement:compileDebugJavaWithJavac
No compile result for :genesis:oracledrive:rootmanagement:compileDebugJavaWithJavac
Resolve mutations for :genesis:oracledrive:rootmanagement:transformDebugClassesWithAsm (Thread[#322,included builds,5,main]) started.
:genesis:oracledrive:rootmanagement:transformDebugClassesWithAsm (Thread[#322,included builds,5,main]) started.

> Task :genesis:oracledrive:rootmanagement:transformDebugClassesWithAsm UP-TO-DATE
Build cache key for task ':genesis:oracledrive:rootmanagement:transformDebugClassesWithAsm' is f713353baaf1d80d0fde376d48065ef3
Skipping task ':genesis:oracledrive:rootmanagement:transformDebugClassesWithAsm' as it is up-to-date.
Resolve mutations for :genesis:oracledrive:rootmanagement:bundleLibCompileToJarDebug (Thread[#322,included builds,5,main]) started.
:genesis:oracledrive:rootmanagement:bundleLibCompileToJarDebug (Thread[#322,included builds,5,main]) started.

> Task :genesis:oracledrive:rootmanagement:bundleLibCompileToJarDebug UP-TO-DATE
Caching disabled for task ':genesis:oracledrive:rootmanagement:bundleLibCompileToJarDebug' because:
  Simple merging task
Skipping task ':genesis:oracledrive:rootmanagement:bundleLibCompileToJarDebug' as it is up-to-date.
Resolve mutations for :kai:sentinelsfortress:security:javaPreCompileDebug (Thread[#322,included builds,5,main]) started.
:kai:sentinelsfortress:security:javaPreCompileDebug (Thread[#322,included builds,5,main]) started.

> Task :kai:sentinelsfortress:security:javaPreCompileDebug UP-TO-DATE
Build cache key for task ':kai:sentinelsfortress:security:javaPreCompileDebug' is d4a53068ac621780eace8ac3e3efaaa7
Skipping task ':kai:sentinelsfortress:security:javaPreCompileDebug' as it is up-to-date.
Resolve mutations for :kai:sentinelsfortress:systemintegrity:generateDebugBuildConfig (Thread[#322,included builds,5,main]) started.
:kai:sentinelsfortress:systemintegrity:generateDebugBuildConfig (Thread[#322,included builds,5,main]) started.

> Task :kai:sentinelsfortress:systemintegrity:generateDebugBuildConfig UP-TO-DATE
Build cache key for task ':kai:sentinelsfortress:systemintegrity:generateDebugBuildConfig' is b2aa1531470d525ce57a2382add5a4be
Skipping task ':kai:sentinelsfortress:systemintegrity:generateDebugBuildConfig' as it is up-to-date.
Resolve mutations for :kai:sentinelsfortress:systemintegrity:kspDebugKotlin (Thread[#322,included builds,5,main]) started.
:kai:sentinelsfortress:systemintegrity:kspDebugKotlin (Thread[#322,included builds,5,main]) started.

> Task :kai:sentinelsfortress:security:compileDebugKotlin UP-TO-DATE
file or directory 'C:\Users\AuraF\StudioProjects\ReGenesis--multi-architectural-70-LDO-\kai\sentinelsfortress\security\src\main\java', not found
file or directory 'C:\Users\AuraF\StudioProjects\ReGenesis--multi-architectural-70-LDO-\kai\sentinelsfortress\security\src\debug\java', not found
file or directory 'C:\Users\AuraF\StudioProjects\ReGenesis--multi-architectural-70-LDO-\kai\sentinelsfortress\security\src\debug\kotlin', not found
file or directory 'C:\Users\AuraF\StudioProjects\ReGenesis--multi-architectural-70-LDO-\kai\sentinelsfortress\security\src\main\java', not found
file or directory 'C:\Users\AuraF\StudioProjects\ReGenesis--multi-architectural-70-LDO-\kai\sentinelsfortress\security\src\debug\java', not found
file or directory 'C:\Users\AuraF\StudioProjects\ReGenesis--multi-architectural-70-LDO-\kai\sentinelsfortress\security\src\main\java', not found
file or directory 'C:\Users\AuraF\StudioProjects\ReGenesis--multi-architectural-70-LDO-\kai\sentinelsfortress\security\src\debug\java', not found
file or directory 'C:\Users\AuraF\StudioProjects\ReGenesis--multi-architectural-70-LDO-\kai\sentinelsfortress\security\src\debug\kotlin', not found
file or directory 'C:\Users\AuraF\StudioProjects\ReGenesis--multi-architectural-70-LDO-\kai\sentinelsfortress\security\src\main\java', not found
file or directory 'C:\Users\AuraF\StudioProjects\ReGenesis--multi-architectural-70-LDO-\kai\sentinelsfortress\security\src\debug\java', not found
file or directory 'C:\Users\AuraF\StudioProjects\ReGenesis--multi-architectural-70-LDO-\kai\sentinelsfortress\security\src\main\java', not found
file or directory 'C:\Users\AuraF\StudioProjects\ReGenesis--multi-architectural-70-LDO-\kai\sentinelsfortress\security\src\debug\java', not found
file or directory 'C:\Users\AuraF\StudioProjects\ReGenesis--multi-architectural-70-LDO-\kai\sentinelsfortress\security\src\debug\kotlin', not found
file or directory 'C:\Users\AuraF\StudioProjects\ReGenesis--multi-architectural-70-LDO-\kai\sentinelsfortress\security\src\main\java', not found
file or directory 'C:\Users\AuraF\StudioProjects\ReGenesis--multi-architectural-70-LDO-\kai\sentinelsfortress\security\src\debug\java', not found
Build cache key for task ':kai:sentinelsfortress:security:compileDebugKotlin' is a7e2201a9826de9c970a68d7abeca3cb
Skipping task ':kai:sentinelsfortress:security:compileDebugKotlin' as it is up-to-date.
Resolve mutations for :kai:sentinelsfortress:security:compileDebugJavaWithJavac (Thread[#323,Execution worker,5,main]) started.
:kai:sentinelsfortress:security:compileDebugJavaWithJavac (Thread[#323,Execution worker,5,main]) started.

> Task :kai:sentinelsfortress:security:compileDebugJavaWithJavac UP-TO-DATE
Build cache key for task ':kai:sentinelsfortress:security:compileDebugJavaWithJavac' is 160915d44f7314bb5f76916229a60998
Skipping task ':kai:sentinelsfortress:security:compileDebugJavaWithJavac' as it is up-to-date.
No compile result for :kai:sentinelsfortress:security:compileDebugJavaWithJavac
No compile result for :kai:sentinelsfortress:security:compileDebugJavaWithJavac
No compile result for :kai:sentinelsfortress:security:compileDebugJavaWithJavac
No compile result for :kai:sentinelsfortress:security:compileDebugJavaWithJavac
No compile result for :kai:sentinelsfortress:security:compileDebugJavaWithJavac
Resolve mutations for :kai:sentinelsfortress:security:transformDebugClassesWithAsm (Thread[#323,Execution worker,5,main]) started.
:kai:sentinelsfortress:security:transformDebugClassesWithAsm (Thread[#323,Execution worker,5,main]) started.

> Task :kai:sentinelsfortress:systemintegrity:kspDebugKotlin FROM-CACHE
Build cache key for task ':kai:sentinelsfortress:systemintegrity:kspDebugKotlin' is ede9d68e12d3bc15b303c434258aa36b
Task ':kai:sentinelsfortress:systemintegrity:kspDebugKotlin' is not up-to-date because:
  Value of input property 'kspConfig.logLevel' has changed for task ':kai:sentinelsfortress:systemintegrity:kspDebugKotlin'
Loaded cache entry for task ':kai:sentinelsfortress:systemintegrity:kspDebugKotlin' with cache key ede9d68e12d3bc15b303c434258aa36b
Resolve mutations for :kai:sentinelsfortress:systemintegrity:compileDebugKotlin (Thread[#322,included builds,5,main]) started.
:kai:sentinelsfortress:systemintegrity:compileDebugKotlin (Thread[#322,included builds,5,main]) started.

> Task :kai:sentinelsfortress:security:transformDebugClassesWithAsm UP-TO-DATE
Build cache key for task ':kai:sentinelsfortress:security:transformDebugClassesWithAsm' is a3ee67946e3c77d4f78a1204dae79801
Skipping task ':kai:sentinelsfortress:security:transformDebugClassesWithAsm' as it is up-to-date.

> Task :kai:sentinelsfortress:systemintegrity:compileDebugKotlin NO-SOURCE
file or directory 'C:\Users\AuraF\StudioProjects\ReGenesis--multi-architectural-70-LDO-\kai\sentinelsfortress\systemintegrity\src\main\java', not found
file or directory 'C:\Users\AuraF\StudioProjects\ReGenesis--multi-architectural-70-LDO-\kai\sentinelsfortress\systemintegrity\src\main\kotlin', not found
file or directory 'C:\Users\AuraF\StudioProjects\ReGenesis--multi-architectural-70-LDO-\kai\sentinelsfortress\systemintegrity\src\debug\java', not found
file or directory 'C:\Users\AuraF\StudioProjects\ReGenesis--multi-architectural-70-LDO-\kai\sentinelsfortress\systemintegrity\src\debug\kotlin', not found
file or directory 'C:\Users\AuraF\StudioProjects\ReGenesis--multi-architectural-70-LDO-\kai\sentinelsfortress\systemintegrity\src\main\java', not found
file or directory 'C:\Users\AuraF\StudioProjects\ReGenesis--multi-architectural-70-LDO-\kai\sentinelsfortress\systemintegrity\src\debug\java', not found
file or directory 'C:\Users\AuraF\StudioProjects\ReGenesis--multi-architectural-70-LDO-\kai\sentinelsfortress\systemintegrity\src\main\java', not found
file or directory 'C:\Users\AuraF\StudioProjects\ReGenesis--multi-architectural-70-LDO-\kai\sentinelsfortress\systemintegrity\src\main\kotlin', not found
file or directory 'C:\Users\AuraF\StudioProjects\ReGenesis--multi-architectural-70-LDO-\kai\sentinelsfortress\systemintegrity\src\debug\java', not found
file or directory 'C:\Users\AuraF\StudioProjects\ReGenesis--multi-architectural-70-LDO-\kai\sentinelsfortress\systemintegrity\src\debug\kotlin', not found
file or directory 'C:\Users\AuraF\StudioProjects\ReGenesis--multi-architectural-70-LDO-\kai\sentinelsfortress\systemintegrity\src\main\java', not found
file or directory 'C:\Users\AuraF\StudioProjects\ReGenesis--multi-architectural-70-LDO-\kai\sentinelsfortress\systemintegrity\src\debug\java', not found
Skipping task ':kai:sentinelsfortress:systemintegrity:compileDebugKotlin' as it has no source files and no previous output files.
Resolve mutations for :kai:sentinelsfortress:security:bundleLibCompileToJarDebug (Thread[#323,Execution worker,5,main]) started.
Resolve mutations for :kai:sentinelsfortress:systemintegrity:javaPreCompileDebug (Thread[#322,included builds,5,main]) started.
:kai:sentinelsfortress:security:bundleLibCompileToJarDebug (Thread[#323,Execution worker,5,main]) started.
:kai:sentinelsfortress:systemintegrity:javaPreCompileDebug (Thread[#322,included builds,5,main]) started.

> Task :kai:sentinelsfortress:systemintegrity:javaPreCompileDebug UP-TO-DATE
Build cache key for task ':kai:sentinelsfortress:systemintegrity:javaPreCompileDebug' is d4a53068ac621780eace8ac3e3efaaa7
Skipping task ':kai:sentinelsfortress:systemintegrity:javaPreCompileDebug' as it is up-to-date.

> Task :kai:sentinelsfortress:security:bundleLibCompileToJarDebug UP-TO-DATE
Caching disabled for task ':kai:sentinelsfortress:security:bundleLibCompileToJarDebug' because:
  Simple merging task
Skipping task ':kai:sentinelsfortress:security:bundleLibCompileToJarDebug' as it is up-to-date.
Resolve mutations for :kai:sentinelsfortress:systemintegrity:compileDebugJavaWithJavac (Thread[#322,included builds,5,main]) started.
Resolve mutations for :kai:sentinelsfortress:security:bundleLibRuntimeToJarDebug (Thread[#323,Execution worker,5,main]) started.
:kai:sentinelsfortress:security:bundleLibRuntimeToJarDebug (Thread[#323,Execution worker,5,main]) started.
:kai:sentinelsfortress:systemintegrity:compileDebugJavaWithJavac (Thread[#322,included builds,5,main]) started.

> Task :kai:sentinelsfortress:security:bundleLibRuntimeToJarDebug UP-TO-DATE
Caching disabled for task ':kai:sentinelsfortress:security:bundleLibRuntimeToJarDebug' because:
  Simple merging task
Skipping task ':kai:sentinelsfortress:security:bundleLibRuntimeToJarDebug' as it is up-to-date.
Resolve mutations for :kai:sentinelsfortress:threatmonitor:generateDebugBuildConfig (Thread[#323,Execution worker,5,main]) started.
:kai:sentinelsfortress:threatmonitor:generateDebugBuildConfig (Thread[#323,Execution worker,5,main]) started.

> Task :kai:sentinelsfortress:threatmonitor:generateDebugBuildConfig UP-TO-DATE
Build cache key for task ':kai:sentinelsfortress:threatmonitor:generateDebugBuildConfig' is 64612e0c3be57786ca7e9a50f8c46f06
Skipping task ':kai:sentinelsfortress:threatmonitor:generateDebugBuildConfig' as it is up-to-date.
work action resolve classes.jar (project :kai:sentinelsfortress:security) (Thread[#323,Execution worker,5,main]) started.
Resolve mutations for :kai:sentinelsfortress:threatmonitor:kspDebugKotlin (Thread[#323,Execution worker,5,main]) started.
:kai:sentinelsfortress:threatmonitor:kspDebugKotlin (Thread[#323,Execution worker,5,main]) started.

> Task :kai:sentinelsfortress:systemintegrity:compileDebugJavaWithJavac UP-TO-DATE
Build cache key for task ':kai:sentinelsfortress:systemintegrity:compileDebugJavaWithJavac' is a4a9ddec8bf4b7a7ecffdf862663ec8d
Skipping task ':kai:sentinelsfortress:systemintegrity:compileDebugJavaWithJavac' as it is up-to-date.
No compile result for :kai:sentinelsfortress:systemintegrity:compileDebugJavaWithJavac
No compile result for :kai:sentinelsfortress:systemintegrity:compileDebugJavaWithJavac
No compile result for :kai:sentinelsfortress:systemintegrity:compileDebugJavaWithJavac
No compile result for :kai:sentinelsfortress:systemintegrity:compileDebugJavaWithJavac
No compile result for :kai:sentinelsfortress:systemintegrity:compileDebugJavaWithJavac
Resolve mutations for :kai:sentinelsfortress:systemintegrity:transformDebugClassesWithAsm (Thread[#322,included builds,5,main]) started.
:kai:sentinelsfortress:systemintegrity:transformDebugClassesWithAsm (Thread[#322,included builds,5,main]) started.

> Task :kai:sentinelsfortress:systemintegrity:transformDebugClassesWithAsm UP-TO-DATE
Build cache key for task ':kai:sentinelsfortress:systemintegrity:transformDebugClassesWithAsm' is fa98dbcd9f7d1b7159fd71b7e44a390b
Skipping task ':kai:sentinelsfortress:systemintegrity:transformDebugClassesWithAsm' as it is up-to-date.
Resolve mutations for :kai:sentinelsfortress:systemintegrity:bundleLibCompileToJarDebug (Thread[#322,included builds,5,main]) started.
:kai:sentinelsfortress:systemintegrity:bundleLibCompileToJarDebug (Thread[#322,included builds,5,main]) started.

> Task :kai:sentinelsfortress:systemintegrity:bundleLibCompileToJarDebug UP-TO-DATE
Caching disabled for task ':kai:sentinelsfortress:systemintegrity:bundleLibCompileToJarDebug' because:
  Simple merging task
Skipping task ':kai:sentinelsfortress:systemintegrity:bundleLibCompileToJarDebug' as it is up-to-date.
Resolve mutations for :kai:sentinelsfortress:threatmonitor:javaPreCompileDebug (Thread[#322,included builds,5,main]) started.
:kai:sentinelsfortress:threatmonitor:javaPreCompileDebug (Thread[#322,included builds,5,main]) started.

> Task :kai:sentinelsfortress:threatmonitor:javaPreCompileDebug UP-TO-DATE
Build cache key for task ':kai:sentinelsfortress:threatmonitor:javaPreCompileDebug' is d4a53068ac621780eace8ac3e3efaaa7
Skipping task ':kai:sentinelsfortress:threatmonitor:javaPreCompileDebug' as it is up-to-date.
work action resolve classes.jar (project :kai:sentinelsfortress:security) (Thread[#322,included builds,5,main]) started.
work action resolve classes.jar (project :core-module) (Thread[#322,included builds,5,main]) started.
work action resolve classes.jar (project :aura:reactivedesign:auraslab) (Thread[#322,included builds,5,main]) started.
work action resolve classes.jar (project :agents:growthmetrics:tasker) (Thread[#322,included builds,5,main]) started.
work action resolve classes.jar (project :aura:reactivedesign:sandboxui) (Thread[#322,included builds,5,main]) started.
work action resolve classes.jar (project :genesis:oracledrive) (Thread[#322,included builds,5,main]) started.
work action resolve classes.jar (project :cascade:datastream:delivery) (Thread[#322,included builds,5,main]) started.
work action resolve classes.jar (project :aura:reactivedesign:collabcanvas) (Thread[#322,included builds,5,main]) started.
work action resolve classes.jar (project :kai:sentinelsfortress:systemintegrity) (Thread[#322,included builds,5,main]) started.
work action resolve classes.jar (project :aura:reactivedesign:chromacore) (Thread[#322,included builds,5,main]) started.
work action resolve classes.jar (project :agents:growthmetrics:nexusmemory) (Thread[#322,included builds,5,main]) started.
work action resolve classes.jar (project :agents:growthmetrics:identity) (Thread[#322,included builds,5,main]) started.
work action resolve classes.jar (project :genesis:oracledrive:rootmanagement) (Thread[#322,included builds,5,main]) started.
work action resolve classes.jar (project :agents:growthmetrics:progression) (Thread[#322,included builds,5,main]) started.
work action resolve classes.jar (project :genesis:oracledrive:datavein) (Thread[#322,included builds,5,main]) started.
work action resolve classes.jar (project :aura:reactivedesign:customization) (Thread[#322,included builds,5,main]) started.

> Task :kai:sentinelsfortress:threatmonitor:kspDebugKotlin FROM-CACHE
Build cache key for task ':kai:sentinelsfortress:threatmonitor:kspDebugKotlin' is a1f46cd346ea9766f402d2d2cf461176
Task ':kai:sentinelsfortress:threatmonitor:kspDebugKotlin' is not up-to-date because:
  Value of input property 'kspConfig.logLevel' has changed for task ':kai:sentinelsfortress:threatmonitor:kspDebugKotlin'
Loaded cache entry for task ':kai:sentinelsfortress:threatmonitor:kspDebugKotlin' with cache key a1f46cd346ea9766f402d2d2cf461176
Resolve mutations for :kai:sentinelsfortress:threatmonitor:compileDebugKotlin (Thread[#323,Execution worker,5,main]) started.
:kai:sentinelsfortress:threatmonitor:compileDebugKotlin (Thread[#323,Execution worker,5,main]) started.

> Task :kai:sentinelsfortress:threatmonitor:compileDebugKotlin NO-SOURCE
file or directory 'C:\Users\AuraF\StudioProjects\ReGenesis--multi-architectural-70-LDO-\kai\sentinelsfortress\threatmonitor\src\main\java', not found
file or directory 'C:\Users\AuraF\StudioProjects\ReGenesis--multi-architectural-70-LDO-\kai\sentinelsfortress\threatmonitor\src\main\kotlin', not found
file or directory 'C:\Users\AuraF\StudioProjects\ReGenesis--multi-architectural-70-LDO-\kai\sentinelsfortress\threatmonitor\src\debug\java', not found
file or directory 'C:\Users\AuraF\StudioProjects\ReGenesis--multi-architectural-70-LDO-\kai\sentinelsfortress\threatmonitor\src\debug\kotlin', not found
file or directory 'C:\Users\AuraF\StudioProjects\ReGenesis--multi-architectural-70-LDO-\kai\sentinelsfortress\threatmonitor\src\main\java', not found
file or directory 'C:\Users\AuraF\StudioProjects\ReGenesis--multi-architectural-70-LDO-\kai\sentinelsfortress\threatmonitor\src\debug\java', not found
file or directory 'C:\Users\AuraF\StudioProjects\ReGenesis--multi-architectural-70-LDO-\kai\sentinelsfortress\threatmonitor\src\main\java', not found
file or directory 'C:\Users\AuraF\StudioProjects\ReGenesis--multi-architectural-70-LDO-\kai\sentinelsfortress\threatmonitor\src\main\kotlin', not found
file or directory 'C:\Users\AuraF\StudioProjects\ReGenesis--multi-architectural-70-LDO-\kai\sentinelsfortress\threatmonitor\src\debug\java', not found
file or directory 'C:\Users\AuraF\StudioProjects\ReGenesis--multi-architectural-70-LDO-\kai\sentinelsfortress\threatmonitor\src\debug\kotlin', not found
file or directory 'C:\Users\AuraF\StudioProjects\ReGenesis--multi-architectural-70-LDO-\kai\sentinelsfortress\threatmonitor\src\main\java', not found
file or directory 'C:\Users\AuraF\StudioProjects\ReGenesis--multi-architectural-70-LDO-\kai\sentinelsfortress\threatmonitor\src\debug\java', not found
Skipping task ':kai:sentinelsfortress:threatmonitor:compileDebugKotlin' as it has no source files and no previous output files.
Resolve mutations for :kai:sentinelsfortress:threatmonitor:compileDebugJavaWithJavac (Thread[#323,Execution worker,5,main]) started.
:kai:sentinelsfortress:threatmonitor:compileDebugJavaWithJavac (Thread[#323,Execution worker,5,main]) started.

> Task :kai:sentinelsfortress:threatmonitor:compileDebugJavaWithJavac UP-TO-DATE
Build cache key for task ':kai:sentinelsfortress:threatmonitor:compileDebugJavaWithJavac' is f1da394e6f4d759244435f79587adbf1
Skipping task ':kai:sentinelsfortress:threatmonitor:compileDebugJavaWithJavac' as it is up-to-date.
No compile result for :kai:sentinelsfortress:threatmonitor:compileDebugJavaWithJavac
No compile result for :kai:sentinelsfortress:threatmonitor:compileDebugJavaWithJavac
No compile result for :kai:sentinelsfortress:threatmonitor:compileDebugJavaWithJavac
No compile result for :kai:sentinelsfortress:threatmonitor:compileDebugJavaWithJavac
No compile result for :kai:sentinelsfortress:threatmonitor:compileDebugJavaWithJavac
Resolve mutations for :kai:sentinelsfortress:threatmonitor:transformDebugClassesWithAsm (Thread[#323,Execution worker,5,main]) started.
:kai:sentinelsfortress:threatmonitor:transformDebugClassesWithAsm (Thread[#323,Execution worker,5,main]) started.

> Task :kai:sentinelsfortress:threatmonitor:transformDebugClassesWithAsm UP-TO-DATE
Build cache key for task ':kai:sentinelsfortress:threatmonitor:transformDebugClassesWithAsm' is 4c78369960cae1c17f35675d7b9ced8e
Skipping task ':kai:sentinelsfortress:threatmonitor:transformDebugClassesWithAsm' as it is up-to-date.
Resolve mutations for :kai:sentinelsfortress:threatmonitor:bundleLibCompileToJarDebug (Thread[#323,Execution worker,5,main]) started.
:kai:sentinelsfortress:threatmonitor:bundleLibCompileToJarDebug (Thread[#323,Execution worker,5,main]) started.

> Task :kai:sentinelsfortress:threatmonitor:bundleLibCompileToJarDebug UP-TO-DATE
Caching disabled for task ':kai:sentinelsfortress:threatmonitor:bundleLibCompileToJarDebug' because:
  Simple merging task
Skipping task ':kai:sentinelsfortress:threatmonitor:bundleLibCompileToJarDebug' as it is up-to-date.
work action resolve classes.jar (project :kai:sentinelsfortress:threatmonitor) (Thread[#323,Execution worker,5,main]) started.
Resolve mutations for :app:kspDebugKotlin (Thread[#323,Execution worker,5,main]) started.
:app:kspDebugKotlin (Thread[#323,Execution worker,5,main]) started.

> Task :app:kspDebugKotlin
Build cache key for task ':app:kspDebugKotlin' is aaa2de4d789d06db10e7f0a698a7b836
Task ':app:kspDebugKotlin' is not up-to-date because:
  Value of input property 'kspConfig.logLevel' has changed for task ':app:kspDebugKotlin'
The input changes require a full rebuild for incremental task ':app:kspDebugKotlin'.
i: [ksp] loaded provider(s): [dagger.hilt.processor.internal.uninstallmodules.KspUninstallModulesProcessor$Provider, dagger.hilt.android.processor.internal.viewmodel.KspViewModelProcessor$Provider, dagger.hilt.processor.internal.earlyentrypoint.KspEarlyEntryPointProcessor$Provider, dagger.hilt.android.processor.internal.androidentrypoint.KspAndroidEntryPointProcessor$Provider, dagger.hilt.processor.internal.definecomponent.KspDefineComponentProcessor$Provider, dagger.hilt.processor.internal.originatingelement.KspOriginatingElementProcessor$Provider, dagger.hilt.android.processor.internal.bindvalue.KspBindValueProcessor$Provider, dagger.hilt.processor.internal.root.KspComponentTreeDepsProcessor$Provider, dagger.hilt.processor.internal.root.KspRootProcessor$Provider, dagger.hilt.processor.internal.aliasof.KspAliasOfProcessor$Provider, dagger.hilt.processor.internal.aggregateddeps.KspAggregatedDepsProcessor$Provider, dagger.hilt.processor.internal.generatesrootinput.KspGeneratesRootInputProcessor$Provider, dagger.hilt.android.processor.internal.customtestapplication.KspCustomTestApplicationProcessor$Provider, androidx.room.RoomKspProcessor$Provider, com.highcapable.yukihookapi.YukiHookXposedProcessor, com.squareup.moshi.kotlin.codegen.ksp.JsonClassSymbolProcessorProvider, dagger.internal.codegen.KspComponentProcessor$Provider]
Stored cache entry for task ':app:kspDebugKotlin' with cache key aaa2de4d789d06db10e7f0a698a7b836
Resolve mutations for :app:compileDebugKotlin (Thread[#323,Execution worker,5,main]) started.
:app:compileDebugKotlin (Thread[#323,Execution worker,5,main]) started.

> Task :app:compileDebugKotlin
file or directory 'C:\Users\AuraF\StudioProjects\ReGenesis--multi-architectural-70-LDO-\app\src\main\kotlin', not found
file or directory 'C:\Users\AuraF\StudioProjects\ReGenesis--multi-architectural-70-LDO-\app\src\debug\java', not found
file or directory 'C:\Users\AuraF\StudioProjects\ReGenesis--multi-architectural-70-LDO-\app\src\debug\kotlin', not found
file or directory 'C:\Users\AuraF\StudioProjects\ReGenesis--multi-architectural-70-LDO-\app\src\debug\java', not found
file or directory 'C:\Users\AuraF\StudioProjects\ReGenesis--multi-architectural-70-LDO-\app\src\main\kotlin', not found
file or directory 'C:\Users\AuraF\StudioProjects\ReGenesis--multi-architectural-70-LDO-\app\src\debug\java', not found
file or directory 'C:\Users\AuraF\StudioProjects\ReGenesis--multi-architectural-70-LDO-\app\src\debug\kotlin', not found
file or directory 'C:\Users\AuraF\StudioProjects\ReGenesis--multi-architectural-70-LDO-\app\src\debug\java', not found
file or directory 'C:\Users\AuraF\StudioProjects\ReGenesis--multi-architectural-70-LDO-\app\src\main\kotlin', not found
file or directory 'C:\Users\AuraF\StudioProjects\ReGenesis--multi-architectural-70-LDO-\app\src\debug\java', not found
file or directory 'C:\Users\AuraF\StudioProjects\ReGenesis--multi-architectural-70-LDO-\app\src\debug\kotlin', not found
file or directory 'C:\Users\AuraF\StudioProjects\ReGenesis--multi-architectural-70-LDO-\app\src\debug\java', not found
Build cache key for task ':app:compileDebugKotlin' is 70bd8da37fd9b54590be00ca21da285e
Task ':app:compileDebugKotlin' is not up-to-date because:
  Input property 'sources' file C:\Users\AuraF\StudioProjects\ReGenesis--multi-architectural-70-LDO-\app\build\generated\ksp\debug\kotlin\com\highcapable\yukihookapi\YukiHookAPI_Impl.kt has changed.
  Input property 'sources' file C:\Users\AuraF\StudioProjects\ReGenesis--multi-architectural-70-LDO-\app\build\generated\ksp\debug\kotlin\com\highcapable\yukihookapi\hook\xposed\application\ModuleApplication_Impl.kt has changed.
  Input property 'sources' file C:\Users\AuraF\StudioProjects\ReGenesis--multi-architectural-70-LDO-\app\build\generated\ksp\debug\kotlin\com\highcapable\yukihookapi\hook\xposed\bridge\status\YukiXposedModuleStatus_Impl.kt has changed.
  and more...
file or directory 'C:\Users\AuraF\StudioProjects\ReGenesis--multi-architectural-70-LDO-\app\src\main\kotlin', not found
file or directory 'C:\Users\AuraF\StudioProjects\ReGenesis--multi-architectural-70-LDO-\app\src\main\kotlin', not found
file or directory 'C:\Users\AuraF\StudioProjects\ReGenesis--multi-architectural-70-LDO-\app\src\debug\java', not found
file or directory 'C:\Users\AuraF\StudioProjects\ReGenesis--multi-architectural-70-LDO-\app\src\debug\java', not found
file or directory 'C:\Users\AuraF\StudioProjects\ReGenesis--multi-architectural-70-LDO-\app\src\debug\kotlin', not found
file or directory 'C:\Users\AuraF\StudioProjects\ReGenesis--multi-architectural-70-LDO-\app\src\debug\kotlin', not found
file or directory 'C:\Users\AuraF\StudioProjects\ReGenesis--multi-architectural-70-LDO-\app\src\debug\java', not found
file or directory 'C:\Users\AuraF\StudioProjects\ReGenesis--multi-architectural-70-LDO-\app\src\debug\java', not found
file or directory 'C:\Users\AuraF\StudioProjects\ReGenesis--multi-architectural-70-LDO-\app\src\main\kotlin', not found
file or directory 'C:\Users\AuraF\StudioProjects\ReGenesis--multi-architectural-70-LDO-\app\src\main\kotlin', not found
file or directory 'C:\Users\AuraF\StudioProjects\ReGenesis--multi-architectural-70-LDO-\app\src\debug\java', not found
file or directory 'C:\Users\AuraF\StudioProjects\ReGenesis--multi-architectural-70-LDO-\app\src\debug\java', not found
file or directory 'C:\Users\AuraF\StudioProjects\ReGenesis--multi-architectural-70-LDO-\app\src\debug\kotlin', not found
file or directory 'C:\Users\AuraF\StudioProjects\ReGenesis--multi-architectural-70-LDO-\app\src\debug\kotlin', not found
file or directory 'C:\Users\AuraF\StudioProjects\ReGenesis--multi-architectural-70-LDO-\app\src\debug\java', not found
file or directory 'C:\Users\AuraF\StudioProjects\ReGenesis--multi-architectural-70-LDO-\app\src\debug\java', not found
file or directory 'C:\Users\AuraF\StudioProjects\ReGenesis--multi-architectural-70-LDO-\app\src\main\kotlin', not found
file or directory 'C:\Users\AuraF\StudioProjects\ReGenesis--multi-architectural-70-LDO-\app\src\main\kotlin', not found
file or directory 'C:\Users\AuraF\StudioProjects\ReGenesis--multi-architectural-70-LDO-\app\src\debug\java', not found
file or directory 'C:\Users\AuraF\StudioProjects\ReGenesis--multi-architectural-70-LDO-\app\src\debug\java', not found
file or directory 'C:\Users\AuraF\StudioProjects\ReGenesis--multi-architectural-70-LDO-\app\src\debug\kotlin', not found
file or directory 'C:\Users\AuraF\StudioProjects\ReGenesis--multi-architectural-70-LDO-\app\src\debug\kotlin', not found
file or directory 'C:\Users\AuraF\StudioProjects\ReGenesis--multi-architectural-70-LDO-\app\src\debug\java', not found
file or directory 'C:\Users\AuraF\StudioProjects\ReGenesis--multi-architectural-70-LDO-\app\src\debug\java', not found
file or directory 'C:\Users\AuraF\StudioProjects\ReGenesis--multi-architectural-70-LDO-\app\src\main\kotlin', not found
file or directory 'C:\Users\AuraF\StudioProjects\ReGenesis--multi-architectural-70-LDO-\app\src\main\kotlin', not found
file or directory 'C:\Users\AuraF\StudioProjects\ReGenesis--multi-architectural-70-LDO-\app\src\debug\java', not found
file or directory 'C:\Users\AuraF\StudioProjects\ReGenesis--multi-architectural-70-LDO-\app\src\debug\java', not found
file or directory 'C:\Users\AuraF\StudioProjects\ReGenesis--multi-architectural-70-LDO-\app\src\debug\kotlin', not found
file or directory 'C:\Users\AuraF\StudioProjects\ReGenesis--multi-architectural-70-LDO-\app\src\debug\kotlin', not found
file or directory 'C:\Users\AuraF\StudioProjects\ReGenesis--multi-architectural-70-LDO-\app\src\debug\java', not found
file or directory 'C:\Users\AuraF\StudioProjects\ReGenesis--multi-architectural-70-LDO-\app\src\debug\java', not found
Kotlin source files: C:\Users\AuraF\StudioProjects\ReGenesis--multi-architectural-70-LDO-\app\src\main\java\dev\aurakai\auraframefx\agents\AgentFirebase.kt, C:\Users\AuraF\StudioProjects\ReGenesis--multi-architectural-70-LDO-\app\src\main\java\dev\aurakai\auraframefx\ai\agents\Agent.kt, C:\Users\AuraF\StudioProjects\ReGenesis--multi-architectural-70-LDO-\app\src\main\java\dev\aurakai\auraframefx\ai\agents\AgentImpl.kt, C:\Users\AuraF\StudioProjects\ReGenesis--multi-architectural-70-LDO-\app\src\main\java\dev\aurakai\auraframefx\ai\agents\AuraShieldAgent.kt, C:\Users\AuraF\StudioProjects\ReGenesis--multi-architectural-70-LDO-\app\src\main\java\dev\aurakai\auraframefx\ai\agents\BaseAgent.kt, C:\Users\AuraF\StudioProjects\ReGenesis--multi-architectural-70-LDO-\app\src\main\java\dev\aurakai\auraframefx\ai\agents\GenesisAgent.kt, C:\Users\AuraF\StudioProjects\ReGenesis--multi-architectural-70-LDO-\app\src\main\java\dev\aurakai\auraframefx\ai\agents\NeuralWhisperAgent.kt, C:\Users\AuraF\StudioProjects\ReGenesis--multi-architectural-70-LDO-\app\src\main\java\dev\aurakai\auraframefx\ai\agents\SpecialistRegistry.kt, C:\Users\AuraF\StudioProjects\ReGenesis--multi-architectural-70-LDO-\app\src\main\java\dev\aurakai\auraframefx\ai\agents\Version.kt, C:\Users\AuraF\StudioProjects\ReGenesis--multi-architectural-70-LDO-\app\src\main\java\dev\aurakai\auraframefx\ai\AiGenerationService.kt, C:\Users\AuraF\StudioProjects\ReGenesis--multi-architectural-70-LDO-\app\src\main\java\dev\aurakai\auraframefx\ai\clients\VertexAIClient.kt, C:\Users\AuraF\StudioProjects\ReGenesis--multi-architectural-70-LDO-\app\src\main\java\dev\aurakai\auraframefx\ai\clients\WebSearchClient.kt, C:\Users\AuraF\StudioProjects\ReGenesis--multi-architectural-70-LDO-\app\src\main\java\dev\aurakai\auraframefx\ai\context\ContextManager.kt, C:\Users\AuraF\StudioProjects\ReGenesis--multi-architectural-70-LDO-\app\src\main\java\dev\aurakai\auraframefx\ai\context\DefaultContextManager.kt, C:\Users\AuraF\StudioProjects\ReGenesis--multi-architectural-70-LDO-\app\src\main\java\dev\aurakai\auraframefx\ai\error\ErrorHandler.kt, C:\Users\AuraF\StudioProjects\ReGenesis--multi-architectural-70-LDO-\app\src\main\java\dev\aurakai\auraframefx\ai\logging\AiLogging.kt, C:\Users\AuraF\StudioProjects\ReGenesis--multi-architectural-70-LDO-\app\src\main\java\dev\aurakai\auraframefx\ai\memory\AgentMemoryEntity.kt, C:\Users\AuraF\StudioProjects\ReGenesis--multi-architectural-70-LDO-\app\src\main\java\dev\aurakai\auraframefx\ai\memory\MemoryManager.kt, C:\Users\AuraF\StudioProjects\ReGenesis--multi-architectural-70-LDO-\app\src\main\java\dev\aurakai\auraframefx\ai\memory\MemoryManagerInterface.kt, C:\Users\AuraF\StudioProjects\ReGenesis--multi-architectural-70-LDO-\app\src\main\java\dev\aurakai\auraframefx\ai\memory\MemoryStats.kt, C:\Users\AuraF\StudioProjects\ReGenesis--multi-architectural-70-LDO-\app\src\main\java\dev\aurakai\auraframefx\ai\memory\models\InteractionEntry.kt, C:\Users\AuraF\StudioProjects\ReGenesis--multi-architectural-70-LDO-\app\src\main\java\dev\aurakai\auraframefx\ai\memory\PersistentMemoryManager.kt, C:\Users\AuraF\StudioProjects\ReGenesis--multi-architectural-70-LDO-\app\src\main\java\dev\aurakai\auraframefx\ai\model\GenerateTextRequest.kt, C:\Users\AuraF\StudioProjects\ReGenesis--multi-architectural-70-LDO-\app\src\main\java\dev\aurakai\auraframefx\ai\model\GenerateTextResponse.kt, C:\Users\AuraF\StudioProjects\ReGenesis--multi-architectural-70-LDO-\app\src\main\java\dev\aurakai\auraframefx\ai\pipeline\AIPipelineConfig.kt, C:\Users\AuraF\StudioProjects\ReGenesis--multi-architectural-70-LDO-\app\src\main\java\dev\aurakai\auraframefx\ai\pipeline\AIPipelineProcessor.kt, C:\Users\AuraF\StudioProjects\ReGenesis--multi-architectural-70-LDO-\app\src\main\java\dev\aurakai\auraframefx\ai\services\AgentWebExplorationService.kt, C:\Users\AuraF\StudioProjects\ReGenesis--multi-architectural-70-LDO-\app\src\main\java\dev\aurakai\auraframefx\ai\services\KaiAIService.kt, C:\Users\AuraF\StudioProjects\ReGenesis--multi-architectural-70-LDO-\app\src\main\java\dev\aurakai\auraframefx\ai\services\NeuralWhisper.kt, C:\Users\AuraF\StudioProjects\ReGenesis--multi-architectural-70-LDO-\app\src\main\java\dev\aurakai\auraframefx\ai\task\execution\TaskExecutionManager.kt, C:\Users\AuraF\StudioProjects\ReGenesis--multi-architectural-70-LDO-\app\src\main\java\dev\aurakai\auraframefx\ai\task\Task.kt, C:\Users\AuraF\StudioProjects\ReGenesis--multi-architectural-70-LDO-\app\src\main\java\dev\aurakai\auraframefx\ai\task\TaskModel.kt, C:\Users\AuraF\StudioProjects\ReGenesis--multi-architectural-70-LDO-\app\src\main\java\dev\aurakai\auraframefx\ai\task\TaskScheduler.kt, C:\Users\AuraF\StudioProjects\ReGenesis--multi-architectural-70-LDO-\app\src\main\java\dev\aurakai\auraframefx\ai\task\TaskTypes.kt, C:\Users\AuraF\StudioProjects\ReGenesis--multi-architectural-70-LDO-\app\src\main\java\dev\aurakai\auraframefx\api\AiContentApi.kt, C:\Users\AuraF\StudioProjects\ReGenesis--multi-architectural-70-LDO-\app\src\main\java\dev\aurakai\auraframefx\api\client\apis\AIAgentsApi.kt, C:\Users\AuraF\StudioProjects\ReGenesis--multi-architectural-70-LDO-\app\src\main\java\dev\aurakai\auraframefx\api\client\apis\AIContentApi.kt, C:\Users\AuraF\StudioProjects\ReGenesis--multi-architectural-70-LDO-\app\src\main\java\dev\aurakai\auraframefx\api\client\apis\TasksApi.kt, C:\Users\AuraF\StudioProjects\ReGenesis--multi-architectural-70-LDO-\app\src\main\java\dev\aurakai\auraframefx\api\client\infrastructure\ApiAbstractions.kt, C:\Users\AuraF\StudioProjects\ReGenesis--multi-architectural-70-LDO-\app\src\main\java\dev\aurakai\auraframefx\api\client\infrastructure\ApiClient.kt, C:\Users\AuraF\StudioProjects\ReGenesis--multi-architectural-70-LDO-\app\src\main\java\dev\aurakai\auraframefx\api\client\infrastructure\ApiResponse.kt, C:\Users\AuraF\StudioProjects\ReGenesis--multi-architectural-70-LDO-\app\src\main\java\dev\aurakai\auraframefx\api\client\infrastructure\ByteArrayAdapter.kt, C:\Users\AuraF\StudioProjects\ReGenesis--multi-architectural-70-LDO-\app\src\main\java\dev\aurakai\auraframefx\api\client\infrastructure\Errors.kt, C:\Users\AuraF\StudioProjects\ReGenesis--multi-architectural-70-LDO-\app\src\main\java\dev\aurakai\auraframefx\api\client\infrastructure\PartConfig.kt, C:\Users\AuraF\StudioProjects\ReGenesis--multi-architectural-70-LDO-\app\src\main\java\dev\aurakai\auraframefx\api\client\infrastructure\RequestConfig.kt, C:\Users\AuraF\StudioProjects\ReGenesis--multi-architectural-70-LDO-\app\src\main\java\dev\aurakai\auraframefx\api\client\infrastructure\RequestMethod.kt, C:\Users\AuraF\StudioProjects\ReGenesis--multi-architectural-70-LDO-\app\src\main\java\dev\aurakai\auraframefx\api\client\infrastructure\ResponseBodyExt.kt, C:\Users\AuraF\StudioProjects\ReGenesis--multi-architectural-70-LDO-\app\src\main\java\dev\aurakai\auraframefx\api\client\infrastructure\ResponseExtensions.kt, C:\Users\AuraF\StudioProjects\ReGenesis--multi-architectural-70-LDO-\app\src\main\java\dev\aurakai\auraframefx\api\client\infrastructure\ResponseImpl.kt, C:\Users\AuraF\StudioProjects\ReGenesis--multi-architectural-70-LDO-\app\src\main\java\dev\aurakai\auraframefx\api\client\infrastructure\Serializer.kt, C:\Users\AuraF\StudioProjects\ReGenesis--multi-architectural-70-LDO-\app\src\main\java\dev\aurakai\auraframefx\api\client\models\AgentProcessRequest.kt, C:\Users\AuraF\StudioProjects\ReGenesis--multi-architectural-70-LDO-\app\src\main\java\dev\aurakai\auraframefx\api\client\models\GenerateImageDescriptionRequest.kt, C:\Users\AuraF\StudioProjects\ReGenesis--multi-architectural-70-LDO-\app\src\main\java\dev\aurakai\auraframefx\api\client\models\GenerateImageDescriptionResponse.kt, C:\Users\AuraF\StudioProjects\ReGenesis--multi-architectural-70-LDO-\app\src\main\java\dev\aurakai\auraframefx\api\client\models\GenerateUIComponentRequest.kt, C:\Users\AuraF\StudioProjects\ReGenesis--multi-architectural-70-LDO-\app\src\main\java\dev\aurakai\auraframefx\api\client\models\LockScreenConfig.kt, C:\Users\AuraF\StudioProjects\ReGenesis--multi-architectural-70-LDO-\app\src\main\java\dev\aurakai\auraframefx\api\client\models\LockScreenConfigAnimation.kt, C:\Users\AuraF\StudioProjects\ReGenesis--multi-architectural-70-LDO-\app\src\main\java\dev\aurakai\auraframefx\api\client\models\LockScreenConfigClockConfig.kt, C:\Users\AuraF\StudioProjects\ReGenesis--multi-architectural-70-LDO-\app\src\main\java\dev\aurakai\auraframefx\api\client\models\LockScreenConfigHapticFeedback.kt, C:\Users\AuraF\StudioProjects\ReGenesis--multi-architectural-70-LDO-\app\src\main\java\dev\aurakai\auraframefx\api\client\models\OAuthCallbackRequest.kt, C:\Users\AuraF\StudioProjects\ReGenesis--multi-architectural-70-LDO-\app\src\main\java\dev\aurakai\auraframefx\api\client\models\SystemMetrics.kt, C:\Users\AuraF\StudioProjects\ReGenesis--multi-architectural-70-LDO-\app\src\main\java\dev\aurakai\auraframefx\api\client\models\SystemOverlayConfigNotchBar.kt, C:\Users\AuraF\StudioProjects\ReGenesis--multi-architectural-70-LDO-\app\src\main\java\dev\aurakai\auraframefx\api\client\models\TaskScheduleRequest.kt, C:\Users\AuraF\StudioProjects\ReGenesis--multi-architectural-70-LDO-\app\src\main\java\dev\aurakai\auraframefx\api\client\models\TaskStatus.kt, C:\Users\AuraF\StudioProjects\ReGenesis--multi-architectural-70-LDO-\app\src\main\java\dev\aurakai\auraframefx\api\client\ui\SystemOverlayConfigNotchBar.kt, C:\Users\AuraF\StudioProjects\ReGenesis--multi-architectural-70-LDO-\app\src\main\java\dev\aurakai\auraframefx\app\ipc\IAuraDriveService.kt, C:\Users\AuraF\StudioProjects\ReGenesis--multi-architectural-70-LDO-\app\src\main\java\dev\aurakai\auraframefx\app\VertexSyncService.kt, C:\Users\AuraF\StudioProjects\ReGenesis--multi-architectural-70-LDO-\app\src\main\java\dev\aurakai\auraframefx\aura\animations\AnimationPicker.kt, C:\Users\AuraF\StudioProjects\ReGenesis--multi-architectural-70-LDO-\app\src\main\java\dev\aurakai\auraframefx\aura\animations\AnimationUtils.kt, C:\Users\AuraF\StudioProjects\ReGenesis--multi-architectural-70-LDO-\app\src\main\java\dev\aurakai\auraframefx\aura\animations\DigitalTransitionRow.kt, C:\Users\AuraF\StudioProjects\ReGenesis--multi-architectural-70-LDO-\app\src\main\java\dev\aurakai\auraframefx\aura\animations\DigitalTransitions.kt, C:\Users\AuraF\StudioProjects\ReGenesis--multi-architectural-70-LDO-\app\src\main\java\dev\aurakai\auraframefx\aura\animations\HomeScreenTransition.kt, C:\Users\AuraF\StudioProjects\ReGenesis--multi-architectural-70-LDO-\app\src\main\java\dev\aurakai\auraframefx\aura\animations\HomeScreenTransitionConfig.kt, C:\Users\AuraF\StudioProjects\ReGenesis--multi-architectural-70-LDO-\app\src\main\java\dev\aurakai\auraframefx\aura\animations\HomeScreenTransitionType.kt, C:\Users\AuraF\StudioProjects\ReGenesis--multi-architectural-70-LDO-\app\src\main\java\dev\aurakai\auraframefx\aura\animations\LockScreenConfigAnimation.kt, C:\Users\AuraF\StudioProjects\ReGenesis--multi-architectural-70-LDO-\app\src\main\java\dev\aurakai\auraframefx\aura\animations\OverlayAnimation.kt, C:\Users\AuraF\StudioProjects\ReGenesis--multi-architectural-70-LDO-\app\src\main\java\dev\aurakai\auraframefx\aura\animations\OverlayTransition.kt, C:\Users\AuraF\StudioProjects\ReGenesis--multi-architectural-70-LDO-\app\src\main\java\dev\aurakai\auraframefx\aura\AuraAgent.kt, C:\Users\AuraF\StudioProjects\ReGenesis--multi-architectural-70-LDO-\app\src\main\java\dev\aurakai\auraframefx\aura\AuraController.kt, C:\Users\AuraF\StudioProjects\ReGenesis--multi-architectural-70-LDO-\app\src\main\java\dev\aurakai\auraframefx\aura\AuraFxAiApiModule.kt, C:\Users\AuraF\StudioProjects\ReGenesis--multi-architectural-70-LDO-\app\src\main\java\dev\aurakai\auraframefx\aura\AuraFxContentApiClient.kt, C:\Users\AuraF\StudioProjects\ReGenesis--multi-architectural-70-LDO-\app\src\main\java\dev\aurakai\auraframefx\aura\AuraSummonGestureDetector.kt, C:\Users\AuraF\StudioProjects\ReGenesis--multi-architectural-70-LDO-\app\src\main\java\dev\aurakai\auraframefx\aura\ui\AgentAdvancementScreen.kt, C:\Users\AuraF\StudioProjects\ReGenesis--multi-architectural-70-LDO-\app\src\main\java\dev\aurakai\auraframefx\aura\ui\AgentAdvancementScreenImpl.kt, C:\Users\AuraF\StudioProjects\ReGenesis--multi-architectural-70-LDO-\app\src\main\java\dev\aurakai\auraframefx\aura\ui\AgentNexusScreen.kt, C:\Users\AuraF\StudioProjects\ReGenesis--multi-architectural-70-LDO-\app\src\main\java\dev\aurakai\auraframefx\aura\ui\AgentNexusViewModel.kt, C:\Users\AuraF\StudioProjects\ReGenesis--multi-architectural-70-LDO-\app\src\main\java\dev\aurakai\auraframefx\aura\ui\AIFeaturesScreen.kt, C:\Users\AuraF\StudioProjects\ReGenesis--multi-architectural-70-LDO-\app\src\main\java\dev\aurakai\auraframefx\aura\ui\AppBuilderScreen.kt, C:\Users\AuraF\StudioProjects\ReGenesis--multi-architectural-70-LDO-\app\src\main\java\dev\aurakai\auraframefx\aura\ui\applyScaleAnimation.kt, C:\Users\AuraF\StudioProjects\ReGenesis--multi-architectural-70-LDO-\app\src\main\java\dev\aurakai\auraframefx\aura\ui\AurakaiEcoSysScreen.kt, C:\Users\AuraF\StudioProjects\ReGenesis--multi-architectural-70-LDO-\app\src\main\java\dev\aurakai\auraframefx\aura\ui\BetaScreens.kt, C:\Users\AuraF\StudioProjects\ReGenesis--multi-architectural-70-LDO-\app\src\main\java\dev\aurakai\auraframefx\aura\ui\CanvasScreen.kt, C:\Users\AuraF\StudioProjects\ReGenesis--multi-architectural-70-LDO-\app\src\main\java\dev\aurakai\auraframefx\aura\ui\ClaudeConfigPanel.kt, C:\Users\AuraF\StudioProjects\ReGenesis--multi-architectural-70-LDO-\app\src\main\java\dev\aurakai\auraframefx\aura\ui\ConsciousnessVisualizerScreen.kt, C:\Users\AuraF\StudioProjects\ReGenesis--multi-architectural-70-LDO-\app\src\main\java\dev\aurakai\auraframefx\aura\ui\CyberMenuItem.kt, C:\Users\AuraF\StudioProjects\ReGenesis--multi-architectural-70-LDO-\app\src\main\java\dev\aurakai\auraframefx\aura\ui\DeviceOptimizerScreen.kt, C:\Users\AuraF\StudioProjects\ReGenesis--multi-architectural-70-LDO-\app\src\main\java\dev\aurakai\auraframefx\aura\ui\DiagnosticsViewModel.kt, C:\Users\AuraF\StudioProjects\ReGenesis--multi-architectural-70-LDO-\app\src\main\java\dev\aurakai\auraframefx\aura\ui\EvolutionTreeScreen.kt, C:\Users\AuraF\StudioProjects\ReGenesis--multi-architectural-70-LDO-\app\src\main\java\dev\aurakai\auraframefx\aura\ui\FirewallScreen.kt, C:\Users\AuraF\StudioProjects\ReGenesis--multi-architectural-70-LDO-\app\src\main\java\dev\aurakai\auraframefx\aura\ui\FusionModeScreen.kt, C:\Users\AuraF\StudioProjects\ReGenesis--multi-architectural-70-LDO-\app\src\main\java\dev\aurakai\auraframefx\aura\ui\GenerateUIComponentRequest.kt, C:\Users\AuraF\StudioProjects\ReGenesis--multi-architectural-70-LDO-\app\src\main\java\dev\aurakai\auraframefx\aura\ui\GenerateUIComponentResponse.kt, C:\Users\AuraF\StudioProjects\ReGenesis--multi-architectural-70-LDO-\app\src\main\java\dev\aurakai\auraframefx\aura\ui\HaloView.kt, C:\Users\AuraF\StudioProjects\ReGenesis--multi-architectural-70-LDO-\app\src\main\java\dev\aurakai\auraframefx\aura\ui\HiltTestActivity.kt, C:\Users\AuraF\StudioProjects\ReGenesis--multi-architectural-70-LDO-\app\src\main\java\dev\aurakai\auraframefx\aura\ui\HomeScreen.kt, C:\Users\AuraF\StudioProjects\ReGenesis--multi-architectural-70-LDO-\app\src\main\java\dev\aurakai\auraframefx\aura\ui\IntroScreen.kt, C:\Users\AuraF\StudioProjects\ReGenesis--multi-architectural-70-LDO-\app\src\main\java\dev\aurakai\auraframefx\aura\ui\LockScreenConfig.kt, C:\Users\AuraF\StudioProjects\ReGenesis--multi-architectural-70-LDO-\app\src\main\java\dev\aurakai\auraframefx\aura\ui\LockScreenConfigClockConfig.kt, C:\Users\AuraF\StudioProjects\ReGenesis--multi-architectural-70-LDO-\app\src\main\java\dev\aurakai\auraframefx\aura\ui\LockScreenConfigHapticFeedback.kt, C:\Users\AuraF\StudioProjects\ReGenesis--multi-architectural-70-LDO-\app\src\main\java\dev\aurakai\auraframefx\aura\ui\LockScreenCustomizer.kt, C:\Users\AuraF\StudioProjects\ReGenesis--multi-architectural-70-LDO-\app\src\main\java\dev\aurakai\auraframefx\aura\ui\ModifierExtensions.kt, C:\Users\AuraF\StudioProjects\ReGenesis--multi-architectural-70-LDO-\app\src\main\java\dev\aurakai\auraframefx\aura\ui\OracleDriveViewModel.kt, C:\Users\AuraF\StudioProjects\ReGenesis--multi-architectural-70-LDO-\app\src\main\java\dev\aurakai\auraframefx\aura\ui\OverlayScreen.kt, C:\Users\AuraF\StudioProjects\ReGenesis--multi-architectural-70-LDO-\app\src\main\java\dev\aurakai\auraframefx\aura\ui\PrivacyGuardScreen.kt, C:\Users\AuraF\StudioProjects\ReGenesis--multi-architectural-70-LDO-\app\src\main\java\dev\aurakai\auraframefx\aura\ui\ProfileScreen.kt, C:\Users\AuraF\StudioProjects\ReGenesis--multi-architectural-70-LDO-\app\src\main\java\dev\aurakai\auraframefx\aura\ui\QuickSettingsConfig.kt, C:\Users\AuraF\StudioProjects\ReGenesis--multi-architectural-70-LDO-\app\src\main\java\dev\aurakai\auraframefx\aura\ui\QuickSettingsConfigActivity.kt, C:\Users\AuraF\StudioProjects\ReGenesis--multi-architectural-70-LDO-\app\src\main\java\dev\aurakai\auraframefx\aura\ui\QuickSettingsConfigLayout.kt, C:\Users\AuraF\StudioProjects\ReGenesis--multi-architectural-70-LDO-\app\src\main\java\dev\aurakai\auraframefx\aura\ui\QuickSettingsConfigPadding.kt, C:\Users\AuraF\StudioProjects\ReGenesis--multi-architectural-70-LDO-\app\src\main\java\dev\aurakai\auraframefx\aura\ui\QuickSettingsConfigTilesInner.kt, C:\Users\AuraF\StudioProjects\ReGenesis--multi-architectural-70-LDO-\app\src\main\java\dev\aurakai\auraframefx\aura\ui\QuickSettingsCustomizer.kt, C:\Users\AuraF\StudioProjects\ReGenesis--multi-architectural-70-LDO-\app\src\main\java\dev\aurakai\auraframefx\aura\ui\QuickSettingsHooker.kt, C:\Users\AuraF\StudioProjects\ReGenesis--multi-architectural-70-LDO-\app\src\main\java\dev\aurakai\auraframefx\aura\ui\RootToolsScreen.kt, C:\Users\AuraF\StudioProjects\ReGenesis--multi-architectural-70-LDO-\app\src\main\java\dev\aurakai\auraframefx\aura\ui\SandboxUIScreen.kt, C:\Users\AuraF\StudioProjects\ReGenesis--multi-architectural-70-LDO-\app\src\main\java\dev\aurakai\auraframefx\aura\ui\screens.kt, C:\Users\AuraF\StudioProjects\ReGenesis--multi-architectural-70-LDO-\app\src\main\java\dev\aurakai\auraframefx\aura\ui\SecureCommScreen.kt, C:\Users\AuraF\StudioProjects\ReGenesis--multi-architectural-70-LDO-\app\src\main\java\dev\aurakai\auraframefx\aura\ui\SecurityScannerScreen.kt, C:\Users\AuraF\StudioProjects\ReGenesis--multi-architectural-70-LDO-\app\src\main\java\dev\aurakai\auraframefx\aura\ui\SentinelsFortressScreen.kt, C:\Users\AuraF\StudioProjects\ReGenesis--multi-architectural-70-LDO-\app\src\main\java\dev\aurakai\auraframefx\aura\ui\SettingsScreen.kt, C:\Users\AuraF\StudioProjects\ReGenesis--multi-architectural-70-LDO-\app\src\main\java\dev\aurakai\auraframefx\aura\ui\StringBuilderAdapter.kt, C:\Users\AuraF\StudioProjects\ReGenesis--multi-architectural-70-LDO-\app\src\main\java\dev\aurakai\auraframefx\aura\ui\TerminalScreen.kt, C:\Users\AuraF\StudioProjects\ReGenesis--multi-architectural-70-LDO-\app\src\main\java\dev\aurakai\auraframefx\aura\ui\TrinityUiState.kt, C:\Users\AuraF\StudioProjects\ReGenesis--multi-architectural-70-LDO-\app\src\main\java\dev\aurakai\auraframefx\aura\ui\UIEngineScreen.kt, C:\Users\AuraF\StudioProjects\ReGenesis--multi-architectural-70-LDO-\app\src\main\java\dev\aurakai\auraframefx\aura\ui\UUIDAdapter.kt, C:\Users\AuraF\StudioProjects\ReGenesis--multi-architectural-70-LDO-\app\src\main\java\dev\aurakai\auraframefx\aura\ui\ViewUtils.kt, C:\Users\AuraF\StudioProjects\ReGenesis--multi-architectural-70-LDO-\app\src\main\java\dev\aurakai\auraframefx\aura\ui\VPNManagerScreen.kt, C:\Users\AuraF\StudioProjects\ReGenesis--multi-architectural-70-LDO-\app\src\main\java\dev\aurakai\auraframefx\aura\ui\XhancementScreen.kt, C:\Users\AuraF\StudioProjects\ReGenesis--multi-architectural-70-LDO-\app\src\main\java\dev\aurakai\auraframefx\aurakaiapplication\AurakaiApplication.kt, C:\Users\AuraF\StudioProjects\ReGenesis--multi-architectural-70-LDO-\app\src\main\java\dev\aurakai\auraframefx\auth\OAuthService.kt, C:\Users\AuraF\StudioProjects\ReGenesis--multi-architectural-70-LDO-\app\src\main\java\dev\aurakai\auraframefx\auth\TokenManager.kt, C:\Users\AuraF\StudioProjects\ReGenesis--multi-architectural-70-LDO-\app\src\main\java\dev\aurakai\auraframefx\billing\BillingManager.kt, C:\Users\AuraF\StudioProjects\ReGenesis--multi-architectural-70-LDO-\app\src\main\java\dev\aurakai\auraframefx\billing\BillingWrapper.kt, C:\Users\AuraF\StudioProjects\ReGenesis--multi-architectural-70-LDO-\app\src\main\java\dev\aurakai\auraframefx\billing\FeatureGateManager.kt, C:\Users\AuraF\StudioProjects\ReGenesis--multi-architectural-70-LDO-\app\src\main\java\dev\aurakai\auraframefx\billing\PaywallScreen.kt, C:\Users\AuraF\StudioProjects\ReGenesis--multi-architectural-70-LDO-\app\src\main\java\dev\aurakai\auraframefx\billing\SubscriptionScreen.kt, C:\Users\AuraF\StudioProjects\ReGenesis--multi-architectural-70-LDO-\app\src\main\java\dev\aurakai\auraframefx\billing\SubscriptionViewModel.kt, C:\Users\AuraF\StudioProjects\ReGenesis--multi-architectural-70-LDO-\app\src\main\java\dev\aurakai\auraframefx\cascade\CascadeAgent.kt, C:\Users\AuraF\StudioProjects\ReGenesis--multi-architectural-70-LDO-\app\src\main\java\dev\aurakai\auraframefx\cascade\CascadeAgentStates.kt, C:\Users\AuraF\StudioProjects\ReGenesis--multi-architectural-70-LDO-\app\src\main\java\dev\aurakai\auraframefx\cascade\CascadeZOrderPlayground.kt, C:\Users\AuraF\StudioProjects\ReGenesis--multi-architectural-70-LDO-\app\src\main\java\dev\aurakai\auraframefx\cascade\context\AIContext.kt, C:\Users\AuraF\StudioProjects\ReGenesis--multi-architectural-70-LDO-\app\src\main\java\dev\aurakai\auraframefx\cascade\DataveinConstructor.kt, C:\Users\AuraF\StudioProjects\ReGenesis--multi-architectural-70-LDO-\app\src\main\java\dev\aurakai\auraframefx\cascade\GenKitMaster.kt, C:\Users\AuraF\StudioProjects\ReGenesis--multi-architectural-70-LDO-\app\src\main\java\dev\aurakai\auraframefx\cascade\memory\AgentMemoryDao.kt, C:\Users\AuraF\StudioProjects\ReGenesis--multi-architectural-70-LDO-\app\src\main\java\dev\aurakai\auraframefx\cascade\memory\AgentMemoryEntity.kt, C:\Users\AuraF\StudioProjects\ReGenesis--multi-architectural-70-LDO-\app\src\main\java\dev\aurakai\auraframefx\cascade\memory\AgentMemoryRepository.kt, C:\Users\AuraF\StudioProjects\ReGenesis--multi-architectural-70-LDO-\app\src\main\java\dev\aurakai\auraframefx\cascade\memory\MemoryModel.kt, C:\Users\AuraF\StudioProjects\ReGenesis--multi-architectural-70-LDO-\app\src\main\java\dev\aurakai\auraframefx\cascade\pipeline\AIPipelineConfig.kt, C:\Users\AuraF\StudioProjects\ReGenesis--multi-architectural-70-LDO-\app\src\main\java\dev\aurakai\auraframefx\cascade\trinity\TrinityCoordinatorService.kt, C:\Users\AuraF\StudioProjects\ReGenesis--multi-architectural-70-LDO-\app\src\main\java\dev\aurakai\auraframefx\cascade\trinity\TrinityModule.kt, C:\Users\AuraF\StudioProjects\ReGenesis--multi-architectural-70-LDO-\app\src\main\java\dev\aurakai\auraframefx\cascade\trinity\TrinityRepository.kt, C:\Users\AuraF\StudioProjects\ReGenesis--multi-architectural-70-LDO-\app\src\main\java\dev\aurakai\auraframefx\cascade\trinity\TrinityScreen.kt, C:\Users\AuraF\StudioProjects\ReGenesis--multi-architectural-70-LDO-\app\src\main\java\dev\aurakai\auraframefx\cascade\trinity\TrinityViewModel.kt, C:\Users\AuraF\StudioProjects\ReGenesis--multi-architectural-70-LDO-\app\src\main\java\dev\aurakai\auraframefx\common\ErrorHandler.kt, C:\Users\AuraF\StudioProjects\ReGenesis--multi-architectural-70-LDO-\app\src\main\java\dev\aurakai\auraframefx\conference\ConferenceRoom.kt, C:\Users\AuraF\StudioProjects\ReGenesis--multi-architectural-70-LDO-\app\src\main\java\dev\aurakai\auraframefx\conference\ConferenceRoomCreateRequest.kt, C:\Users\AuraF\StudioProjects\ReGenesis--multi-architectural-70-LDO-\app\src\main\java\dev\aurakai\auraframefx\conference\ConferenceRoomJoinRequest.kt, C:\Users\AuraF\StudioProjects\ReGenesis--multi-architectural-70-LDO-\app\src\main\java\dev\aurakai\auraframefx\conference\ConferenceRoomLeaveRequest.kt, C:\Users\AuraF\StudioProjects\ReGenesis--multi-architectural-70-LDO-\app\src\main\java\dev\aurakai\auraframefx\config\AIConfig.kt, C:\Users\AuraF\StudioProjects\ReGenesis--multi-architectural-70-LDO-\app\src\main\java\dev\aurakai\auraframefx\config\BaseUrl.kt, C:\Users\AuraF\StudioProjects\ReGenesis--multi-architectural-70-LDO-\app\src\main\java\dev\aurakai\auraframefx\config\CapabilityPolicy.kt, C:\Users\AuraF\StudioProjects\ReGenesis--multi-architectural-70-LDO-\app\src\main\java\dev\aurakai\auraframefx\config\ClaudeEnvConfig.kt, C:\Users\AuraF\StudioProjects\ReGenesis--multi-architectural-70-LDO-\app\src\main\java\dev\aurakai\auraframefx\config\CollectionFormats.kt, C:\Users\AuraF\StudioProjects\ReGenesis--multi-architectural-70-LDO-\app\src\main\java\dev\aurakai\auraframefx\config\Config.kt, C:\Users\AuraF\StudioProjects\ReGenesis--multi-architectural-70-LDO-\app\src\main\java\dev\aurakai\auraframefx\config\GateAssetConfig.kt, C:\Users\AuraF\StudioProjects\ReGenesis--multi-architectural-70-LDO-\app\src\main\java\dev\aurakai\auraframefx\config\UserPreferences.kt, C:\Users\AuraF\StudioProjects\ReGenesis--multi-architectural-70-LDO-\app\src\main\java\dev\aurakai\auraframefx\core\consciousness\NexusMemoryCore.kt, C:\Users\AuraF\StudioProjects\ReGenesis--multi-architectural-70-LDO-\app\src\main\java\dev\aurakai\auraframefx\core\EmergencyProtocol.kt, C:\Users\AuraF\StudioProjects\ReGenesis--multi-architectural-70-LDO-\app\src\main\java\dev\aurakai\auraframefx\core\GenesisOrchestrator.kt, C:\Users\AuraF\StudioProjects\ReGenesis--multi-architectural-70-LDO-\app\src\main\java\dev\aurakai\auraframefx\core\graph\GraphModels.kt, C:\Users\AuraF\StudioProjects\ReGenesis--multi-architectural-70-LDO-\app\src\main\java\dev\aurakai\auraframefx\core\initialization\AppInitializerInitializer.kt, C:\Users\AuraF\StudioProjects\ReGenesis--multi-architectural-70-LDO-\app\src\main\java\dev\aurakai\auraframefx\core\initialization\TimberInitializer.kt, C:\Users\AuraF\StudioProjects\ReGenesis--multi-architectural-70-LDO-\app\src\main\java\dev\aurakai\auraframefx\core\memory\NexusMemoryCore.kt, C:\Users\AuraF\StudioProjects\ReGenesis--multi-architectural-70-LDO-\app\src\main\java\dev\aurakai\auraframefx\core\messaging\AgentMessageBus.kt, C:\Users\AuraF\StudioProjects\ReGenesis--multi-architectural-70-LDO-\app\src\main\java\dev\aurakai\auraframefx\core\NativeLib.kt, C:\Users\AuraF\StudioProjects\ReGenesis--multi-architectural-70-LDO-\app\src\main\java\dev\aurakai\auraframefx\core\OrchestratableAgent.kt, C:\Users\AuraF\StudioProjects\ReGenesis--multi-architectural-70-LDO-\app\src\main\java\dev\aurakai\auraframefx\core\PythonProcessManager.kt, C:\Users\AuraF\StudioProjects\ReGenesis--multi-architectural-70-LDO-\app\src\main\java\dev\aurakai\auraframefx\customization\CustomizationPreferences.kt, C:\Users\AuraF\StudioProjects\ReGenesis--multi-architectural-70-LDO-\app\src\main\java\dev\aurakai\auraframefx\customization\CustomizationViewModel.kt, C:\Users\AuraF\StudioProjects\ReGenesis--multi-architectural-70-LDO-\app\src\main\java\dev\aurakai\auraframefx\data\customization\ReGenesisCustomizationSettings.kt, C:\Users\AuraF\StudioProjects\ReGenesis--multi-architectural-70-LDO-\app\src\main\java\dev\aurakai\auraframefx\data\DataStoreManager.kt, C:\Users\AuraF\StudioProjects\ReGenesis--multi-architectural-70-LDO-\app\src\main\java\dev\aurakai\auraframefx\data\ModuleDefinitions.kt, C:\Users\AuraF\StudioProjects\ReGenesis--multi-architectural-70-LDO-\app\src\main\java\dev\aurakai\auraframefx\data\network\CloudStatusMonitor.kt, C:\Users\AuraF\StudioProjects\ReGenesis--multi-architectural-70-LDO-\app\src\main\java\dev\aurakai\auraframefx\data\OfflineDataManager.kt, C:\Users\AuraF\StudioProjects\ReGenesis--multi-architectural-70-LDO-\app\src\main\java\dev\aurakai\auraframefx\data\PreferenceKeys.kt, C:\Users\AuraF\StudioProjects\ReGenesis--multi-architectural-70-LDO-\app\src\main\java\dev\aurakai\auraframefx\data\preferences\UserPreferencesManager.kt, C:\Users\AuraF\StudioProjects\ReGenesis--multi-architectural-70-LDO-\app\src\main\java\dev\aurakai\auraframefx\data\repositories\AgentRepository.kt, C:\Users\AuraF\StudioProjects\ReGenesis--multi-architectural-70-LDO-\app\src\main\java\dev\aurakai\auraframefx\data\repositories\PersistentAgentRepository.kt, C:\Users\AuraF\StudioProjects\ReGenesis--multi-architectural-70-LDO-\app\src\main\java\dev\aurakai\auraframefx\data\room\AgentMemoryDaoAlias.kt, C:\Users\AuraF\StudioProjects\ReGenesis--multi-architectural-70-LDO-\app\src\main\java\dev\aurakai\auraframefx\data\room\AgentStatsDao.kt, C:\Users\AuraF\StudioProjects\ReGenesis--multi-architectural-70-LDO-\app\src\main\java\dev\aurakai\auraframefx\data\room\AgentStatsEntity.kt, C:\Users\AuraF\StudioProjects\ReGenesis--multi-architectural-70-LDO-\app\src\main\java\dev\aurakai\auraframefx\data\room\AppDatabase.kt, C:\Users\AuraF\StudioProjects\ReGenesis--multi-architectural-70-LDO-\app\src\main\java\dev\aurakai\auraframefx\data\room\TaskHistoryDao.kt, C:\Users\AuraF\StudioProjects\ReGenesis--multi-architectural-70-LDO-\app\src\main\java\dev\aurakai\auraframefx\data\room\TaskHistoryEntity.kt, C:\Users\AuraF\StudioProjects\ReGenesis--multi-architectural-70-LDO-\app\src\main\java\dev\aurakai\auraframefx\data\SecurePreferences.kt, C:\Users\AuraF\StudioProjects\ReGenesis--multi-architectural-70-LDO-\app\src\main\java\dev\aurakai\auraframefx\data\SupportDatabase.kt, C:\Users\AuraF\StudioProjects\ReGenesis--multi-architectural-70-LDO-\app\src\main\java\dev\aurakai\auraframefx\data\SupportMessageDao.kt, C:\Users\AuraF\StudioProjects\ReGenesis--multi-architectural-70-LDO-\app\src\main\java\dev\aurakai\auraframefx\data\SupportMessageEntity.kt, C:\Users\AuraF\StudioProjects\ReGenesis--multi-architectural-70-LDO-\app\src\main\java\dev\aurakai\auraframefx\debug\FeatureToggles.kt, C:\Users\AuraF\StudioProjects\ReGenesis--multi-architectural-70-LDO-\app\src\main\java\dev\aurakai\auraframefx\di\AgentModule.kt, C:\Users\AuraF\StudioProjects\ReGenesis--multi-architectural-70-LDO-\app\src\main\java\dev\aurakai\auraframefx\di\AIServiceModule.kt, C:\Users\AuraF\StudioProjects\ReGenesis--multi-architectural-70-LDO-\app\src\main\java\dev\aurakai\auraframefx\di\AiServiceModuleImpl.kt, C:\Users\AuraF\StudioProjects\ReGenesis--multi-architectural-70-LDO-\app\src\main\java\dev\aurakai\auraframefx\di\AppBindingsModule.kt, C:\Users\AuraF\StudioProjects\ReGenesis--multi-architectural-70-LDO-\app\src\main\java\dev\aurakai\auraframefx\di\AppBindingsModuleImpl.kt, C:\Users\AuraF\StudioProjects\ReGenesis--multi-architectural-70-LDO-\app\src\main\java\dev\aurakai\auraframefx\di\ApplicationModule.kt, C:\Users\AuraF\StudioProjects\ReGenesis--multi-architectural-70-LDO-\app\src\main\java\dev\aurakai\auraframefx\di\AppStateModule.kt, C:\Users\AuraF\StudioProjects\ReGenesis--multi-architectural-70-LDO-\app\src\main\java\dev\aurakai\auraframefx\di\AuraNetwork.kt, C:\Users\AuraF\StudioProjects\ReGenesis--multi-architectural-70-LDO-\app\src\main\java\dev\aurakai\auraframefx\di\AuthRetrofit.kt, C:\Users\AuraF\StudioProjects\ReGenesis--multi-architectural-70-LDO-\app\src\main\java\dev\aurakai\auraframefx\di\BridgeModule.kt, C:\Users\AuraF\StudioProjects\ReGenesis--multi-architectural-70-LDO-\app\src\main\java\dev\aurakai\auraframefx\di\ConfigModule.kt, C:\Users\AuraF\StudioProjects\ReGenesis--multi-architectural-70-LDO-\app\src\main\java\dev\aurakai\auraframefx\di\ContextModule.kt, C:\Users\AuraF\StudioProjects\ReGenesis--multi-architectural-70-LDO-\app\src\main\java\dev\aurakai\auraframefx\di\CoreModule.kt, C:\Users\AuraF\StudioProjects\ReGenesis--multi-architectural-70-LDO-\app\src\main\java\dev\aurakai\auraframefx\di\CoroutineDispatchersModule.kt, C:\Users\AuraF\StudioProjects\ReGenesis--multi-architectural-70-LDO-\app\src\main\java\dev\aurakai\auraframefx\di\DatabaseModule.kt, C:\Users\AuraF\StudioProjects\ReGenesis--multi-architectural-70-LDO-\app\src\main\java\dev\aurakai\auraframefx\di\DataStoreModule.kt, C:\Users\AuraF\StudioProjects\ReGenesis--multi-architectural-70-LDO-\app\src\main\java\dev\aurakai\auraframefx\di\DefaultAuraFxLogger.kt, C:\Users\AuraF\StudioProjects\ReGenesis--multi-architectural-70-LDO-\app\src\main\java\dev\aurakai\auraframefx\di\DefaultErrorHandler.kt, C:\Users\AuraF\StudioProjects\ReGenesis--multi-architectural-70-LDO-\app\src\main\java\dev\aurakai\auraframefx\di\ErrorHandler.kt, C:\Users\AuraF\StudioProjects\ReGenesis--multi-architectural-70-LDO-\app\src\main\java\dev\aurakai\auraframefx\di\ErrorHandlerAlias.kt, C:\Users\AuraF\StudioProjects\ReGenesis--multi-architectural-70-LDO-\app\src\main\java\dev\aurakai\auraframefx\di\ErrorModule.kt, C:\Users\AuraF\StudioProjects\ReGenesis--multi-architectural-70-LDO-\app\src\main\java\dev\aurakai\auraframefx\di\FusionModule.kt, C:\Users\AuraF\StudioProjects\ReGenesis--multi-architectural-70-LDO-\app\src\main\java\dev\aurakai\auraframefx\di\KaiModule.kt, C:\Users\AuraF\StudioProjects\ReGenesis--multi-architectural-70-LDO-\app\src\main\java\dev\aurakai\auraframefx\di\KtorModule.kt, C:\Users\AuraF\StudioProjects\ReGenesis--multi-architectural-70-LDO-\app\src\main\java\dev\aurakai\auraframefx\di\LoggerModule.kt, C:\Users\AuraF\StudioProjects\ReGenesis--multi-architectural-70-LDO-\app\src\main\java\dev\aurakai\auraframefx\di\MemoryModule.kt, C:\Users\AuraF\StudioProjects\ReGenesis--multi-architectural-70-LDO-\app\src\main\java\dev\aurakai\auraframefx\di\MoshiModule.kt, C:\Users\AuraF\StudioProjects\ReGenesis--multi-architectural-70-LDO-\app\src\main\java\dev\aurakai\auraframefx\di\NetworkModule.kt, C:\Users\AuraF\StudioProjects\ReGenesis--multi-architectural-70-LDO-\app\src\main\java\dev\aurakai\auraframefx\di\NeuralWhisperModule.kt, C:\Users\AuraF\StudioProjects\ReGenesis--multi-architectural-70-LDO-\app\src\main\java\dev\aurakai\auraframefx\di\OracleDriveModule.kt, C:\Users\AuraF\StudioProjects\ReGenesis--multi-architectural-70-LDO-\app\src\main\java\dev\aurakai\auraframefx\di\PreferencesModule.kt, C:\Users\AuraF\StudioProjects\ReGenesis--multi-architectural-70-LDO-\app\src\main\java\dev\aurakai\auraframefx\di\qualifiers\BaseUrl.kt, C:\Users\AuraF\StudioProjects\ReGenesis--multi-architectural-70-LDO-\app\src\main\java\dev\aurakai\auraframefx\di\RepositoryModule.kt, C:\Users\AuraF\StudioProjects\ReGenesis--multi-architectural-70-LDO-\app\src\main\java\dev\aurakai\auraframefx\di\SecurityModule.kt, C:\Users\AuraF\StudioProjects\ReGenesis--multi-architectural-70-LDO-\app\src\main\java\dev\aurakai\auraframefx\di\SupportModule.kt, C:\Users\AuraF\StudioProjects\ReGenesis--multi-architectural-70-LDO-\app\src\main\java\dev\aurakai\auraframefx\di\SystemModule.kt, C:\Users\AuraF\StudioProjects\ReGenesis--multi-architectural-70-LDO-\app\src\main\java\dev\aurakai\auraframefx\di\TaskExecutionModule.kt, C:\Users\AuraF\StudioProjects\ReGenesis--multi-architectural-70-LDO-\app\src\main\java\dev\aurakai\auraframefx\di\TaskModule.kt, C:\Users\AuraF\StudioProjects\ReGenesis--multi-architectural-70-LDO-\app\src\main\java\dev\aurakai\auraframefx\di\TimberModule.kt, C:\Users\AuraF\StudioProjects\ReGenesis--multi-architectural-70-LDO-\app\src\main\java\dev\aurakai\auraframefx\di\WorkerModule.kt, C:\Users\AuraF\StudioProjects\ReGenesis--multi-architectural-70-LDO-\app\src\main\java\dev\aurakai\auraframefx\di\WorkManagerModule.kt, C:\Users\AuraF\StudioProjects\ReGenesis--multi-architectural-70-LDO-\app\src\main\java\dev\aurakai\auraframefx\di\YukiHookModulePrefs.kt, C:\Users\AuraF\StudioProjects\ReGenesis--multi-architectural-70-LDO-\app\src\main\java\dev\aurakai\auraframefx\domains\aura\models\SupportMessage.kt, C:\Users\AuraF\StudioProjects\ReGenesis--multi-architectural-70-LDO-\app\src\main\java\dev\aurakai\auraframefx\domains\aura\repository\CollaborativeWorkspaceRepository.kt, C:\Users\AuraF\StudioProjects\ReGenesis--multi-architectural-70-LDO-\app\src\main\java\dev\aurakai\auraframefx\domains\aura\repository\SovereignBridgeRepository.kt, C:\Users\AuraF\StudioProjects\ReGenesis--multi-architectural-70-LDO-\app\src\main\java\dev\aurakai\auraframefx\domains\aura\screens\AgentProfileScreen.kt, C:\Users\AuraF\StudioProjects\ReGenesis--multi-architectural-70-LDO-\app\src\main\java\dev\aurakai\auraframefx\domains\aura\screens\AppBuilderScreen.kt, C:\Users\AuraF\StudioProjects\ReGenesis--multi-architectural-70-LDO-\app\src\main\java\dev\aurakai\auraframefx\domains\aura\screens\AuraLabScreen.kt, C:\Users\AuraF\StudioProjects\ReGenesis--multi-architectural-70-LDO-\app\src\main\java\dev\aurakai\auraframefx\domains\aura\screens\AuraLabViewModel.kt, C:\Users\AuraF\StudioProjects\ReGenesis--multi-architectural-70-LDO-\app\src\main\java\dev\aurakai\auraframefx\domains\aura\screens\ChromaCoreColorsScreen.kt, C:\Users\AuraF\StudioProjects\ReGenesis--multi-architectural-70-LDO-\app\src\main\java\dev\aurakai\auraframefx\domains\aura\screens\ChromaCoreColorsViewModel.kt, C:\Users\AuraF\StudioProjects\ReGenesis--multi-architectural-70-LDO-\app\src\main\java\dev\aurakai\auraframefx\domains\aura\screens\ConferenceRoomScreen.kt, C:\Users\AuraF\StudioProjects\ReGenesis--multi-architectural-70-LDO-\app\src\main\java\dev\aurakai\auraframefx\domains\aura\screens\DirectChatScreen.kt, C:\Users\AuraF\StudioProjects\ReGenesis--multi-architectural-70-LDO-\app\src\main\java\dev\aurakai\auraframefx\domains\aura\screens\DocumentationScreen.kt, C:\Users\AuraF\StudioProjects\ReGenesis--multi-architectural-70-LDO-\app\src\main\java\dev\aurakai\auraframefx\domains\aura\screens\FAQBrowserScreen.kt, C:\Users\AuraF\StudioProjects\ReGenesis--multi-architectural-70-LDO-\app\src\main\java\dev\aurakai\auraframefx\domains\aura\screens\GenderSelectionScreen.kt, C:\Users\AuraF\StudioProjects\ReGenesis--multi-architectural-70-LDO-\app\src\main\java\dev\aurakai\auraframefx\domains\aura\screens\GyroscopeCustomizationScreen.kt, C:\Users\AuraF\StudioProjects\ReGenesis--multi-architectural-70-LDO-\app\src\main\java\dev\aurakai\auraframefx\domains\aura\screens\HelpDeskScreen.kt, C:\Users\AuraF\StudioProjects\ReGenesis--multi-architectural-70-LDO-\app\src\main\java\dev\aurakai\auraframefx\domains\aura\screens\HelpDeskSubmenuScreen.kt, C:\Users\AuraF\StudioProjects\ReGenesis--multi-architectural-70-LDO-\app\src\main\java\dev\aurakai\auraframefx\domains\aura\screens\IconifyPickerScreen.kt, C:\Users\AuraF\StudioProjects\ReGenesis--multi-architectural-70-LDO-\app\src\main\java\dev\aurakai\auraframefx\domains\aura\screens\InstantColorPickerScreen.kt, C:\Users\AuraF\StudioProjects\ReGenesis--multi-architectural-70-LDO-\app\src\main\java\dev\aurakai\auraframefx\domains\aura\screens\LiveSupportChatScreen.kt, C:\Users\AuraF\StudioProjects\ReGenesis--multi-architectural-70-LDO-\app\src\main\java\dev\aurakai\auraframefx\domains\aura\screens\QuickSettingsScreen.kt, C:\Users\AuraF\StudioProjects\ReGenesis--multi-architectural-70-LDO-\app\src\main\java\dev\aurakai\auraframefx\domains\aura\screens\StatusBarScreen.kt, C:\Users\AuraF\StudioProjects\ReGenesis--multi-architectural-70-LDO-\app\src\main\java\dev\aurakai\auraframefx\domains\aura\screens\SupportChatViewModel.kt, C:\Users\AuraF\StudioProjects\ReGenesis--multi-architectural-70-LDO-\app\src\main\java\dev\aurakai\auraframefx\domains\aura\screens\ThemeEngineScreen.kt, C:\Users\AuraF\StudioProjects\ReGenesis--multi-architectural-70-LDO-\app\src\main\java\dev\aurakai\auraframefx\domains\aura\screens\ThemeEngineSubmenuScreen.kt, C:\Users\AuraF\StudioProjects\ReGenesis--multi-architectural-70-LDO-\app\src\main\java\dev\aurakai\auraframefx\domains\aura\screens\TutorialVideosScreen.kt, C:\Users\AuraF\StudioProjects\ReGenesis--multi-architectural-70-LDO-\app\src\main\java\dev\aurakai\auraframefx\domains\aura\screens\UISettingsScreen.kt, C:\Users\AuraF\StudioProjects\ReGenesis--multi-architectural-70-LDO-\app\src\main\java\dev\aurakai\auraframefx\domains\aura\screens\UserPreferencesScreen.kt, C:\Users\AuraF\StudioProjects\ReGenesis--multi-architectural-70-LDO-\app\src\main\java\dev\aurakai\auraframefx\domains\aura\viewmodels\CollaborativeWorkspaceViewModel.kt, C:\Users\AuraF\StudioProjects\ReGenesis--multi-architectural-70-LDO-\app\src\main\java\dev\aurakai\auraframefx\domains\aura\viewmodels\SovereignBridgeViewModel.kt, C:\Users\AuraF\StudioProjects\ReGenesis--multi-architectural-70-LDO-\app\src\main\java\dev\aurakai\auraframefx\domains\genesis\screens\CodeAssistScreen.kt, C:\Users\AuraF\StudioProjects\ReGenesis--multi-architectural-70-LDO-\app\src\main\java\dev\aurakai\auraframefx\domains\genesis\screens\SentientShellScreen.kt, C:\Users\AuraF\StudioProjects\ReGenesis--multi-architectural-70-LDO-\app\src\main\java\dev\aurakai\auraframefx\domains\genesis\viewmodels\OracleCloudViewModel.kt, C:\Users\AuraF\StudioProjects\ReGenesis--multi-architectural-70-LDO-\app\src\main\java\dev\aurakai\auraframefx\domains\genesis\viewmodels\SovereignMemoryViewModel.kt, C:\Users\AuraF\StudioProjects\ReGenesis--multi-architectural-70-LDO-\app\src\main\java\dev\aurakai\auraframefx\domains\kai\screens\SecurityCenterScreen.kt, C:\Users\AuraF\StudioProjects\ReGenesis--multi-architectural-70-LDO-\app\src\main\java\dev\aurakai\auraframefx\domains\kai\screens\VPNScreen.kt, C:\Users\AuraF\StudioProjects\ReGenesis--multi-architectural-70-LDO-\app\src\main\java\dev\aurakai\auraframefx\domains\kai\viewmodels\SovereignModuleViewModel.kt, C:\Users\AuraF\StudioProjects\ReGenesis--multi-architectural-70-LDO-\app\src\main\java\dev\aurakai\auraframefx\domains\kai\viewmodels\SovereignRecoveryViewModel.kt, C:\Users\AuraF\StudioProjects\ReGenesis--multi-architectural-70-LDO-\app\src\main\java\dev\aurakai\auraframefx\domains\kai\viewmodels\SovereignShieldViewModel.kt, C:\Users\AuraF\StudioProjects\ReGenesis--multi-architectural-70-LDO-\app\src\main\java\dev\aurakai\auraframefx\domains\nexus\screens\AgentCreationScreen.kt, C:\Users\AuraF\StudioProjects\ReGenesis--multi-architectural-70-LDO-\app\src\main\java\dev\aurakai\auraframefx\domains\nexus\screens\AgentNeuralExplorerScreen.kt, C:\Users\AuraF\StudioProjects\ReGenesis--multi-architectural-70-LDO-\app\src\main\java\dev\aurakai\auraframefx\domains\nexus\screens\AgentSwarmScreen.kt, C:\Users\AuraF\StudioProjects\ReGenesis--multi-architectural-70-LDO-\app\src\main\java\dev\aurakai\auraframefx\domains\nexus\screens\BenchmarkMonitorScreen.kt, C:\Users\AuraF\StudioProjects\ReGenesis--multi-architectural-70-LDO-\app\src\main\java\dev\aurakai\auraframefx\domains\nexus\screens\MonitoringHUDsScreen.kt, C:\Users\AuraF\StudioProjects\ReGenesis--multi-architectural-70-LDO-\app\src\main\java\dev\aurakai\auraframefx\domains\nexus\screens\PartyScreen.kt, C:\Users\AuraF\StudioProjects\ReGenesis--multi-architectural-70-LDO-\app\src\main\java\dev\aurakai\auraframefx\embodiment\behaviors\WelcomeAndCoordination.kt, C:\Users\AuraF\StudioProjects\ReGenesis--multi-architectural-70-LDO-\app\src\main\java\dev\aurakai\auraframefx\embodiment\ChatBubble.kt, C:\Users\AuraF\StudioProjects\ReGenesis--multi-architectural-70-LDO-\app\src\main\java\dev\aurakai\auraframefx\embodiment\cutscenes\AnnoyanceScenes.kt, C:\Users\AuraF\StudioProjects\ReGenesis--multi-architectural-70-LDO-\app\src\main\java\dev\aurakai\auraframefx\embodiment\EmbodimentEngine.kt, C:\Users\AuraF\StudioProjects\ReGenesis--multi-architectural-70-LDO-\app\src\main\java\dev\aurakai\auraframefx\embodiment\EmbodimentTypes.kt, C:\Users\AuraF\StudioProjects\ReGenesis--multi-architectural-70-LDO-\app\src\main\java\dev\aurakai\auraframefx\embodiment\interactions\DragAndEscape.kt, C:\Users\AuraF\StudioProjects\ReGenesis--multi-architectural-70-LDO-\app\src\main\java\dev\aurakai\auraframefx\embodiment\MaintenanceModeDetector.kt, C:\Users\AuraF\StudioProjects\ReGenesis--multi-architectural-70-LDO-\app\src\main\java\dev\aurakai\auraframefx\embodiment\MovementBehavior.kt, C:\Users\AuraF\StudioProjects\ReGenesis--multi-architectural-70-LDO-\app\src\main\java\dev\aurakai\auraframefx\embodiment\PathMovement.kt, C:\Users\AuraF\StudioProjects\ReGenesis--multi-architectural-70-LDO-\app\src\main\java\dev\aurakai\auraframefx\embodiment\Position3D.kt, C:\Users\AuraF\StudioProjects\ReGenesis--multi-architectural-70-LDO-\app\src\main\java\dev\aurakai\auraframefx\embodiment\retrobackdrop\BackdropState.kt, C:\Users\AuraF\StudioProjects\ReGenesis--multi-architectural-70-LDO-\app\src\main\java\dev\aurakai\auraframefx\embodiment\retrobackdrop\CardExplosionEffect.kt, C:\Users\AuraF\StudioProjects\ReGenesis--multi-architectural-70-LDO-\app\src\main\java\dev\aurakai\auraframefx\embodiment\retrobackdrop\ConeBarrageAttack.kt, C:\Users\AuraF\StudioProjects\ReGenesis--multi-architectural-70-LDO-\app\src\main\java\dev\aurakai\auraframefx\embodiment\retrobackdrop\ConstructionCone.kt, C:\Users\AuraF\StudioProjects\ReGenesis--multi-architectural-70-LDO-\app\src\main\java\dev\aurakai\auraframefx\embodiment\retrobackdrop\HexagonalShield.kt, C:\Users\AuraF\StudioProjects\ReGenesis--multi-architectural-70-LDO-\app\src\main\java\dev\aurakai\auraframefx\embodiment\retrobackdrop\MegaManBackdropRenderer.kt, C:\Users\AuraF\StudioProjects\ReGenesis--multi-architectural-70-LDO-\app\src\main\java\dev\aurakai\auraframefx\embodiment\retrobackdrop\MegaManPalette.kt, C:\Users\AuraF\StudioProjects\ReGenesis--multi-architectural-70-LDO-\app\src\main\java\dev\aurakai\auraframefx\embodiment\retrobackdrop\TeleportationEffect.kt, C:\Users\AuraF\StudioProjects\ReGenesis--multi-architectural-70-LDO-\app\src\main\java\dev\aurakai\auraframefx\embodiment\SpriteAnimator.kt, C:\Users\AuraF\StudioProjects\ReGenesis--multi-architectural-70-LDO-\app\src\main\java\dev\aurakai\auraframefx\embodiment\WalkingDemo.kt, C:\Users\AuraF\StudioProjects\ReGenesis--multi-architectural-70-LDO-\app\src\main\java\dev\aurakai\auraframefx\embodiment\WanderingBehavior.kt, C:\Users\AuraF\StudioProjects\ReGenesis--multi-architectural-70-LDO-\app\src\main\java\dev\aurakai\auraframefx\embodiment\WorkingBehaviors.kt, C:\Users\AuraF\StudioProjects\ReGenesis--multi-architectural-70-LDO-\app\src\main\java\dev\aurakai\auraframefx\events\CascadeEventBus.kt, C:\Users\AuraF\StudioProjects\ReGenesis--multi-architectural-70-LDO-\app\src\main\java\dev\aurakai\auraframefx\fusion\ChronoSculptor.kt, C:\Users\AuraF\StudioProjects\ReGenesis--multi-architectural-70-LDO-\app\src\main\java\dev\aurakai\auraframefx\fusion\FusionBuildEngine.kt, C:\Users\AuraF\StudioProjects\ReGenesis--multi-architectural-70-LDO-\app\src\main\java\dev\aurakai\auraframefx\fusion\InterfaceForge.kt, C:\Users\AuraF\StudioProjects\ReGenesis--multi-architectural-70-LDO-\app\src\main\java\dev\aurakai\auraframefx\genesis\bridge\AgentMemoryEntity.kt, C:\Users\AuraF\StudioProjects\ReGenesis--multi-architectural-70-LDO-\app\src\main\java\dev\aurakai\auraframefx\genesis\bridge\BridgeMemorySink.kt, C:\Users\AuraF\StudioProjects\ReGenesis--multi-architectural-70-LDO-\app\src\main\java\dev\aurakai\auraframefx\genesis\bridge\BridgeModule.kt, C:\Users\AuraF\StudioProjects\ReGenesis--multi-architectural-70-LDO-\app\src\main\java\dev\aurakai\auraframefx\genesis\bridge\GenesisBridge.kt, C:\Users\AuraF\StudioProjects\ReGenesis--multi-architectural-70-LDO-\app\src\main\java\dev\aurakai\auraframefx\genesis\bridge\StdioGenesisBridge.kt, C:\Users\AuraF\StudioProjects\ReGenesis--multi-architectural-70-LDO-\app\src\main\java\dev\aurakai\auraframefx\genesis\oracledrive\ai\AuraAgentAlias.kt, C:\Users\AuraF\StudioProjects\ReGenesis--multi-architectural-70-LDO-\app\src\main\java\dev\aurakai\auraframefx\genesis\oracledrive\ai\ClaudeAIService.kt, C:\Users\AuraF\StudioProjects\ReGenesis--multi-architectural-70-LDO-\app\src\main\java\dev\aurakai\auraframefx\genesis\oracledrive\ai\clients\VertexAIClient.kt, C:\Users\AuraF\StudioProjects\ReGenesis--multi-architectural-70-LDO-\app\src\main\java\dev\aurakai\auraframefx\genesis\oracledrive\ai\clients\VertexAIClientImpl.kt, C:\Users\AuraF\StudioProjects\ReGenesis--multi-architectural-70-LDO-\app\src\main\java\dev\aurakai\auraframefx\genesis\oracledrive\ai\clients\VertexAIExtensions.kt, C:\Users\AuraF\StudioProjects\ReGenesis--multi-architectural-70-LDO-\app\src\main\java\dev\aurakai\auraframefx\genesis\oracledrive\ai\config\VertexAIConfig.kt, C:\Users\AuraF\StudioProjects\ReGenesis--multi-architectural-70-LDO-\app\src\main\java\dev\aurakai\auraframefx\genesis\oracledrive\ai\context\ContextTypes.kt, C:\Users\AuraF\StudioProjects\ReGenesis--multi-architectural-70-LDO-\app\src\main\java\dev\aurakai\auraframefx\genesis\oracledrive\ai\di\VertexAIModule.kt, C:\Users\AuraF\StudioProjects\ReGenesis--multi-architectural-70-LDO-\app\src\main\java\dev\aurakai\auraframefx\genesis\oracledrive\ai\GeminiAIService.kt, C:\Users\AuraF\StudioProjects\ReGenesis--multi-architectural-70-LDO-\app\src\main\java\dev\aurakai\auraframefx\genesis\oracledrive\ai\GenesisBackendService.kt, C:\Users\AuraF\StudioProjects\ReGenesis--multi-architectural-70-LDO-\app\src\main\java\dev\aurakai\auraframefx\genesis\oracledrive\ai\GenesisHookEntry.kt, C:\Users\AuraF\StudioProjects\ReGenesis--multi-architectural-70-LDO-\app\src\main\java\dev\aurakai\auraframefx\genesis\oracledrive\ai\GenesisHooks.kt, C:\Users\AuraF\StudioProjects\ReGenesis--multi-architectural-70-LDO-\app\src\main\java\dev\aurakai\auraframefx\genesis\oracledrive\ai\GenesisSystemHooks.kt, C:\Users\AuraF\StudioProjects\ReGenesis--multi-architectural-70-LDO-\app\src\main\java\dev\aurakai\auraframefx\genesis\oracledrive\ai\GenesisTypes.kt, C:\Users\AuraF\StudioProjects\ReGenesis--multi-architectural-70-LDO-\app\src\main\java\dev\aurakai\auraframefx\genesis\oracledrive\ai\memory\DefaultMemoryManager.kt, C:\Users\AuraF\StudioProjects\ReGenesis--multi-architectural-70-LDO-\app\src\main\java\dev\aurakai\auraframefx\genesis\oracledrive\ai\memory\MemoryManager.kt, C:\Users\AuraF\StudioProjects\ReGenesis--multi-architectural-70-LDO-\app\src\main\java\dev\aurakai\auraframefx\genesis\oracledrive\ai\MetaInstructAIService.kt, C:\Users\AuraF\StudioProjects\ReGenesis--multi-architectural-70-LDO-\app\src\main\java\dev\aurakai\auraframefx\genesis\oracledrive\ai\NemotronAIService.kt, C:\Users\AuraF\StudioProjects\ReGenesis--multi-architectural-70-LDO-\app\src\main\java\dev\aurakai\auraframefx\genesis\oracledrive\ai\RealVertexAIClientImpl.kt, C:\Users\AuraF\StudioProjects\ReGenesis--multi-architectural-70-LDO-\app\src\main\java\dev\aurakai\auraframefx\genesis\oracledrive\ai\services\AuraAIService.kt, C:\Users\AuraF\StudioProjects\ReGenesis--multi-architectural-70-LDO-\app\src\main\java\dev\aurakai\auraframefx\genesis\oracledrive\ai\services\AuraAIServiceImpl.kt, C:\Users\AuraF\StudioProjects\ReGenesis--multi-architectural-70-LDO-\app\src\main\java\dev\aurakai\auraframefx\genesis\oracledrive\ai\services\CascadeAIService.kt, C:\Users\AuraF\StudioProjects\ReGenesis--multi-architectural-70-LDO-\app\src\main\java\dev\aurakai\auraframefx\genesis\oracledrive\ai\services\GenesisBackedKaiAIService.kt, C:\Users\AuraF\StudioProjects\ReGenesis--multi-architectural-70-LDO-\app\src\main\java\dev\aurakai\auraframefx\genesis\oracledrive\ai\services\GenesisBridgeService.kt, C:\Users\AuraF\StudioProjects\ReGenesis--multi-architectural-70-LDO-\app\src\main\java\dev\aurakai\auraframefx\genesis\oracledrive\ai\services\KaiAIService.kt, C:\Users\AuraF\StudioProjects\ReGenesis--multi-architectural-70-LDO-\app\src\main\java\dev\aurakai\auraframefx\genesis\oracledrive\ai\services\MockAIServiceImplementations.kt, C:\Users\AuraF\StudioProjects\ReGenesis--multi-architectural-70-LDO-\app\src\main\java\dev\aurakai\auraframefx\genesis\oracledrive\ai\services\VertexCloudService.kt, C:\Users\AuraF\StudioProjects\ReGenesis--multi-architectural-70-LDO-\app\src\main\java\dev\aurakai\auraframefx\genesis\oracledrive\ai\task\DefaultTaskScheduler.kt, C:\Users\AuraF\StudioProjects\ReGenesis--multi-architectural-70-LDO-\app\src\main\java\dev\aurakai\auraframefx\genesis\oracledrive\ai\task\models\TaskModels.kt, C:\Users\AuraF\StudioProjects\ReGenesis--multi-architectural-70-LDO-\app\src\main\java\dev\aurakai\auraframefx\genesis\oracledrive\ai\task\TaskScheduler.kt, C:\Users\AuraF\StudioProjects\ReGenesis--multi-architectural-70-LDO-\app\src\main\java\dev\aurakai\auraframefx\genesis\oracledrive\ai\UniversalComponentHooks.kt, C:\Users\AuraF\StudioProjects\ReGenesis--multi-architectural-70-LDO-\app\src\main\java\dev\aurakai\auraframefx\genesis\oracledrive\ai\utils\VertexAIUtils.kt, C:\Users\AuraF\StudioProjects\ReGenesis--multi-architectural-70-LDO-\app\src\main\java\dev\aurakai\auraframefx\genesis\oracledrive\ai\viewmodel\GenesisAgentViewModel.kt, C:\Users\AuraF\StudioProjects\ReGenesis--multi-architectural-70-LDO-\app\src\main\java\dev\aurakai\auraframefx\genesis\oracledrive\api\OracleCloudApi.kt, C:\Users\AuraF\StudioProjects\ReGenesis--multi-architectural-70-LDO-\app\src\main\java\dev\aurakai\auraframefx\genesis\oracledrive\api\OracleDriveApi.kt, C:\Users\AuraF\StudioProjects\ReGenesis--multi-architectural-70-LDO-\app\src\main\java\dev\aurakai\auraframefx\genesis\oracledrive\api\OracleDriveModels.kt, C:\Users\AuraF\StudioProjects\ReGenesis--multi-architectural-70-LDO-\app\src\main\java\dev\aurakai\auraframefx\genesis\oracledrive\cloud\CloudStatusMonitor.kt, C:\Users\AuraF\StudioProjects\ReGenesis--multi-architectural-70-LDO-\app\src\main\java\dev\aurakai\auraframefx\genesis\oracledrive\cloud\CloudStorageProvider.kt, C:\Users\AuraF\StudioProjects\ReGenesis--multi-architectural-70-LDO-\app\src\main\java\dev\aurakai\auraframefx\genesis\oracledrive\cloud\CloudStorageProviderImpl.kt, C:\Users\AuraF\StudioProjects\ReGenesis--multi-architectural-70-LDO-\app\src\main\java\dev\aurakai\auraframefx\genesis\oracledrive\cloud\OracleCloudApi.kt, C:\Users\AuraF\StudioProjects\ReGenesis--multi-architectural-70-LDO-\app\src\main\java\dev\aurakai\auraframefx\genesis\oracledrive\cloud\OracleDriveApi.kt, C:\Users\AuraF\StudioProjects\ReGenesis--multi-architectural-70-LDO-\app\src\main\java\dev\aurakai\auraframefx\genesis\oracledrive\cloud\OracleDriveException.kt, C:\Users\AuraF\StudioProjects\ReGenesis--multi-architectural-70-LDO-\app\src\main\java\dev\aurakai\auraframefx\genesis\oracledrive\cloud\OracleDriveFile.kt, C:\Users\AuraF\StudioProjects\ReGenesis--multi-architectural-70-LDO-\app\src\main\java\dev\aurakai\auraframefx\genesis\oracledrive\cloud\OracleDriveIntegration.kt, C:\Users\AuraF\StudioProjects\ReGenesis--multi-architectural-70-LDO-\app\src\main\java\dev\aurakai\auraframefx\genesis\oracledrive\cloud\OracleDriveModels.kt, C:\Users\AuraF\StudioProjects\ReGenesis--multi-architectural-70-LDO-\app\src\main\java\dev\aurakai\auraframefx\genesis\oracledrive\cloud\OracleDriveRepository.kt, C:\Users\AuraF\StudioProjects\ReGenesis--multi-architectural-70-LDO-\app\src\main\java\dev\aurakai\auraframefx\genesis\oracledrive\cloud\OracleDriveRepositoryImpl.kt, C:\Users\AuraF\StudioProjects\ReGenesis--multi-architectural-70-LDO-\app\src\main\java\dev\aurakai\auraframefx\genesis\oracledrive\cloud\OracleDriveSandbox.kt, C:\Users\AuraF\StudioProjects\ReGenesis--multi-architectural-70-LDO-\app\src\main\java\dev\aurakai\auraframefx\genesis\oracledrive\cloud\OracleDriveScreen.kt, C:\Users\AuraF\StudioProjects\ReGenesis--multi-architectural-70-LDO-\app\src\main\java\dev\aurakai\auraframefx\genesis\oracledrive\ipc\OracleDriveServiceConnector.kt, C:\Users\AuraF\StudioProjects\ReGenesis--multi-architectural-70-LDO-\app\src\main\java\dev\aurakai\auraframefx\genesis\oracledrive\models\OracleDriveModels.kt, C:\Users\AuraF\StudioProjects\ReGenesis--multi-architectural-70-LDO-\app\src\main\java\dev\aurakai\auraframefx\genesis\oracledrive\OracleCloudApi.kt, C:\Users\AuraF\StudioProjects\ReGenesis--multi-architectural-70-LDO-\app\src\main\java\dev\aurakai\auraframefx\genesis\oracledrive\OracleDriveApi.kt, C:\Users\AuraF\StudioProjects\ReGenesis--multi-architectural-70-LDO-\app\src\main\java\dev\aurakai\auraframefx\genesis\oracledrive\security\DriveSecurityManager.kt, C:\Users\AuraF\StudioProjects\ReGenesis--multi-architectural-70-LDO-\app\src\main\java\dev\aurakai\auraframefx\genesis\oracledrive\security\models\SecurityModels.kt, C:\Users\AuraF\StudioProjects\ReGenesis--multi-architectural-70-LDO-\app\src\main\java\dev\aurakai\auraframefx\genesis\oracledrive\security\SecurityCheckResult.kt, C:\Users\AuraF\StudioProjects\ReGenesis--multi-architectural-70-LDO-\app\src\main\java\dev\aurakai\auraframefx\genesis\oracledrive\service\GenesisSecureFileService.kt, C:\Users\AuraF\StudioProjects\ReGenesis--multi-architectural-70-LDO-\app\src\main\java\dev\aurakai\auraframefx\genesis\oracledrive\service\OracleDriveService.kt, C:\Users\AuraF\StudioProjects\ReGenesis--multi-architectural-70-LDO-\app\src\main\java\dev\aurakai\auraframefx\genesis\oracledrive\service\OracleDriveServiceImpl.kt, C:\Users\AuraF\StudioProjects\ReGenesis--multi-architectural-70-LDO-\app\src\main\java\dev\aurakai\auraframefx\genesis\oracledrive\service\SecureFileService.kt, C:\Users\AuraF\StudioProjects\ReGenesis--multi-architectural-70-LDO-\app\src\main\java\dev\aurakai\auraframefx\genesis\oracledrive\ui\OracleDriveScreen.kt, C:\Users\AuraF\StudioProjects\ReGenesis--multi-architectural-70-LDO-\app\src\main\java\dev\aurakai\auraframefx\genesis\security\CryptographyManager.kt, C:\Users\AuraF\StudioProjects\ReGenesis--multi-architectural-70-LDO-\app\src\main\java\dev\aurakai\auraframefx\genesis\security\DefaultGenesisCryptographyManager.kt, C:\Users\AuraF\StudioProjects\ReGenesis--multi-architectural-70-LDO-\app\src\main\java\dev\aurakai\auraframefx\genesis\security\EncryptionManager.kt, C:\Users\AuraF\StudioProjects\ReGenesis--multi-architectural-70-LDO-\app\src\main\java\dev\aurakai\auraframefx\genesis\security\SecureFileManager.kt, C:\Users\AuraF\StudioProjects\ReGenesis--multi-architectural-70-LDO-\app\src\main\java\dev\aurakai\auraframefx\genesis\storage\SecureStorage.kt, C:\Users\AuraF\StudioProjects\ReGenesis--multi-architectural-70-LDO-\app\src\main\java\dev\aurakai\auraframefx\genesis\storage\StorageModels.kt, C:\Users\AuraF\StudioProjects\ReGenesis--multi-architectural-70-LDO-\app\src\main\java\dev\aurakai\auraframefx\helpers\InstantSerializer.kt, C:\Users\AuraF\StudioProjects\ReGenesis--multi-architectural-70-LDO-\app\src\main\java\dev\aurakai\auraframefx\iconify\IconCacheManager.kt, C:\Users\AuraF\StudioProjects\ReGenesis--multi-architectural-70-LDO-\app\src\main\java\dev\aurakai\auraframefx\iconify\IconifyModule.kt, C:\Users\AuraF\StudioProjects\ReGenesis--multi-architectural-70-LDO-\app\src\main\java\dev\aurakai\auraframefx\iconify\IconifyService.kt, C:\Users\AuraF\StudioProjects\ReGenesis--multi-architectural-70-LDO-\app\src\main\java\dev\aurakai\auraframefx\iconify\IconPicker.kt, C:\Users\AuraF\StudioProjects\ReGenesis--multi-architectural-70-LDO-\app\src\main\java\dev\aurakai\auraframefx\iconify\IconPickerViewModel.kt, C:\Users\AuraF\StudioProjects\ReGenesis--multi-architectural-70-LDO-\app\src\main\java\dev\aurakai\auraframefx\integrations\grok\GrokAgent.kt, C:\Users\AuraF\StudioProjects\ReGenesis--multi-architectural-70-LDO-\app\src\main\java\dev\aurakai\auraframefx\integrations\grok\GrokApiClient.kt, C:\Users\AuraF\StudioProjects\ReGenesis--multi-architectural-70-LDO-\app\src\main\java\dev\aurakai\auraframefx\integrations\grok\GrokModels.kt, C:\Users\AuraF\StudioProjects\ReGenesis--multi-architectural-70-LDO-\app\src\main\java\dev\aurakai\auraframefx\integrations\grok\GrokModule.kt, C:\Users\AuraF\StudioProjects\ReGenesis--multi-architectural-70-LDO-\app\src\main\java\dev\aurakai\auraframefx\integrations\grok\SoulMatrixAnalyzer.kt, C:\Users\AuraF\StudioProjects\ReGenesis--multi-architectural-70-LDO-\app\src\main\java\dev\aurakai\auraframefx\IYukiHookXposedInitImpl.kt, C:\Users\AuraF\StudioProjects\ReGenesis--multi-architectural-70-LDO-\app\src\main\java\dev\aurakai\auraframefx\kai\AgentPriority.kt, C:\Users\AuraF\StudioProjects\ReGenesis--multi-architectural-70-LDO-\app\src\main\java\dev\aurakai\auraframefx\kai\ContextAwareAgent.kt, C:\Users\AuraF\StudioProjects\ReGenesis--multi-architectural-70-LDO-\app\src\main\java\dev\aurakai\auraframefx\kai\ErrorStats.kt, C:\Users\AuraF\StudioProjects\ReGenesis--multi-architectural-70-LDO-\app\src\main\java\dev\aurakai\auraframefx\kai\HistoricalTask.kt, C:\Users\AuraF\StudioProjects\ReGenesis--multi-architectural-70-LDO-\app\src\main\java\dev\aurakai\auraframefx\kai\KaiAgent.kt, C:\Users\AuraF\StudioProjects\ReGenesis--multi-architectural-70-LDO-\app\src\main\java\dev\aurakai\auraframefx\kai\KaiAIService.kt, C:\Users\AuraF\StudioProjects\ReGenesis--multi-architectural-70-LDO-\app\src\main\java\dev\aurakai\auraframefx\kai\security\EncryptionManager.kt, C:\Users\AuraF\StudioProjects\ReGenesis--multi-architectural-70-LDO-\app\src\main\java\dev\aurakai\auraframefx\kai\security\OAuthStartRequest.kt, C:\Users\AuraF\StudioProjects\ReGenesis--multi-architectural-70-LDO-\app\src\main\java\dev\aurakai\auraframefx\kai\security\OAuthStartResponse.kt, C:\Users\AuraF\StudioProjects\ReGenesis--multi-architectural-70-LDO-\app\src\main\java\dev\aurakai\auraframefx\kai\security\OAuthSuccess.kt, C:\Users\AuraF\StudioProjects\ReGenesis--multi-architectural-70-LDO-\app\src\main\java\dev\aurakai\auraframefx\kai\security\SecurityModels.kt, C:\Users\AuraF\StudioProjects\ReGenesis--multi-architectural-70-LDO-\app\src\main\java\dev\aurakai\auraframefx\kai\security\SecurityState.kt, C:\Users\AuraF\StudioProjects\ReGenesis--multi-architectural-70-LDO-\app\src\main\java\dev\aurakai\auraframefx\kai\system\SystemOverlayManagerImpl.kt, C:\Users\AuraF\StudioProjects\ReGenesis--multi-architectural-70-LDO-\app\src\main\java\dev\aurakai\auraframefx\kai\system\UnifiedLoggingSystem.kt, C:\Users\AuraF\StudioProjects\ReGenesis--multi-architectural-70-LDO-\app\src\main\java\dev\aurakai\auraframefx\kai\TaskExecutionModel.kt, C:\Users\AuraF\StudioProjects\ReGenesis--multi-architectural-70-LDO-\app\src\main\java\dev\aurakai\auraframefx\kai\TaskHistoryRepository.kt, C:\Users\AuraF\StudioProjects\ReGenesis--multi-architectural-70-LDO-\app\src\main\java\dev\aurakai\auraframefx\kai\TaskResult.kt, C:\Users\AuraF\StudioProjects\ReGenesis--multi-architectural-70-LDO-\app\src\main\java\dev\aurakai\auraframefx\kai\TaskScheduleRequest.kt, C:\Users\AuraF\StudioProjects\ReGenesis--multi-architectural-70-LDO-\app\src\main\java\dev\aurakai\auraframefx\kai\TaskStatus.kt, C:\Users\AuraF\StudioProjects\ReGenesis--multi-architectural-70-LDO-\app\src\main\java\dev\aurakai\auraframefx\kai\ui\KaiShieldLayout.kt, C:\Users\AuraF\StudioProjects\ReGenesis--multi-architectural-70-LDO-\app\src\main\java\dev\aurakai\auraframefx\kai\ui\KaiShieldMap.kt, C:\Users\AuraF\StudioProjects\ReGenesis--multi-architectural-70-LDO-\app\src\main\java\dev\aurakai\auraframefx\kai\ui\theme\KaiColor.kt, C:\Users\AuraF\StudioProjects\ReGenesis--multi-architectural-70-LDO-\app\src\main\java\dev\aurakai\auraframefx\logging\AuraFxLogger.kt, C:\Users\AuraF\StudioProjects\ReGenesis--multi-architectural-70-LDO-\app\src\main\java\dev\aurakai\auraframefx\logging\TimberInitializer.kt, C:\Users\AuraF\StudioProjects\ReGenesis--multi-architectural-70-LDO-\app\src\main\java\dev\aurakai\auraframefx\MainActivity.kt, C:\Users\AuraF\StudioProjects\ReGenesis--multi-architectural-70-LDO-\app\src\main\java\dev\aurakai\auraframefx\media\PDFIngestionService.kt, C:\Users\AuraF\StudioProjects\ReGenesis--multi-architectural-70-LDO-\app\src\main\java\dev\aurakai\auraframefx\models\ActiveContext.kt, C:\Users\AuraF\StudioProjects\ReGenesis--multi-architectural-70-LDO-\app\src\main\java\dev\aurakai\auraframefx\models\ActivityType.kt, C:\Users\AuraF\StudioProjects\ReGenesis--multi-architectural-70-LDO-\app\src\main\java\dev\aurakai\auraframefx\models\AgentCapabilityCategory.kt, C:\Users\AuraF\StudioProjects\ReGenesis--multi-architectural-70-LDO-\app\src\main\java\dev\aurakai\auraframefx\models\AgentHierarchy.kt, C:\Users\AuraF\StudioProjects\ReGenesis--multi-architectural-70-LDO-\app\src\main\java\dev\aurakai\auraframefx\models\AgentInvokeRequest.kt, C:\Users\AuraF\StudioProjects\ReGenesis--multi-architectural-70-LDO-\app\src\main\java\dev\aurakai\auraframefx\models\AgentMessage.kt, C:\Users\AuraF\StudioProjects\ReGenesis--multi-architectural-70-LDO-\app\src\main\java\dev\aurakai\auraframefx\models\AgentProfile.kt, C:\Users\AuraF\StudioProjects\ReGenesis--multi-architectural-70-LDO-\app\src\main\java\dev\aurakai\auraframefx\models\AgentRequest.kt, C:\Users\AuraF\StudioProjects\ReGenesis--multi-architectural-70-LDO-\app\src\main\java\dev\aurakai\auraframefx\models\AgentResponse.kt, C:\Users\AuraF\StudioProjects\ReGenesis--multi-architectural-70-LDO-\app\src\main\java\dev\aurakai\auraframefx\models\AgentState.kt, C:\Users\AuraF\StudioProjects\ReGenesis--multi-architectural-70-LDO-\app\src\main\java\dev\aurakai\auraframefx\models\AgentStats.kt, C:\Users\AuraF\StudioProjects\ReGenesis--multi-architectural-70-LDO-\app\src\main\java\dev\aurakai\auraframefx\models\AgentStatus.kt, C:\Users\AuraF\StudioProjects\ReGenesis--multi-architectural-70-LDO-\app\src\main\java\dev\aurakai\auraframefx\models\AgentType.kt, C:\Users\AuraF\StudioProjects\ReGenesis--multi-architectural-70-LDO-\app\src\main\java\dev\aurakai\auraframefx\models\AgentTypeExtensions.kt, C:\Users\AuraF\StudioProjects\ReGenesis--multi-architectural-70-LDO-\app\src\main\java\dev\aurakai\auraframefx\models\AgentTypes.kt, C:\Users\AuraF\StudioProjects\ReGenesis--multi-architectural-70-LDO-\app\src\main\java\dev\aurakai\auraframefx\models\agent_states\AgentStates.kt, C:\Users\AuraF\StudioProjects\ReGenesis--multi-architectural-70-LDO-\app\src\main\java\dev\aurakai\auraframefx\models\agent_states\NeuralStates.kt, C:\Users\AuraF\StudioProjects\ReGenesis--multi-architectural-70-LDO-\app\src\main\java\dev\aurakai\auraframefx\models\AIImageState.kt, C:\Users\AuraF\StudioProjects\ReGenesis--multi-architectural-70-LDO-\app\src\main\java\dev\aurakai\auraframefx\models\AiRequest.kt, C:\Users\AuraF\StudioProjects\ReGenesis--multi-architectural-70-LDO-\app\src\main\java\dev\aurakai\auraframefx\models\AiRequestType.kt, C:\Users\AuraF\StudioProjects\ReGenesis--multi-architectural-70-LDO-\app\src\main\java\dev\aurakai\auraframefx\models\AIResponseState.kt, C:\Users\AuraF\StudioProjects\ReGenesis--multi-architectural-70-LDO-\app\src\main\java\dev\aurakai\auraframefx\models\AnimationStyle.kt, C:\Users\AuraF\StudioProjects\ReGenesis--multi-architectural-70-LDO-\app\src\main\java\dev\aurakai\auraframefx\models\aura\MCPConnector.kt, C:\Users\AuraF\StudioProjects\ReGenesis--multi-architectural-70-LDO-\app\src\main\java\dev\aurakai\auraframefx\models\aura\UIDesign.kt, C:\Users\AuraF\StudioProjects\ReGenesis--multi-architectural-70-LDO-\app\src\main\java\dev\aurakai\auraframefx\models\AuraState.kt, C:\Users\AuraF\StudioProjects\ReGenesis--multi-architectural-70-LDO-\app\src\main\java\dev\aurakai\auraframefx\models\BackupRequest.kt, C:\Users\AuraF\StudioProjects\ReGenesis--multi-architectural-70-LDO-\app\src\main\java\dev\aurakai\auraframefx\models\CanonicalMemoryItem.kt, C:\Users\AuraF\StudioProjects\ReGenesis--multi-architectural-70-LDO-\app\src\main\java\dev\aurakai\auraframefx\models\ChatMessage.kt, C:\Users\AuraF\StudioProjects\ReGenesis--multi-architectural-70-LDO-\app\src\main\java\dev\aurakai\auraframefx\models\ConsciousnessBackup.kt, C:\Users\AuraF\StudioProjects\ReGenesis--multi-architectural-70-LDO-\app\src\main\java\dev\aurakai\auraframefx\models\ConversationState.kt, C:\Users\AuraF\StudioProjects\ReGenesis--multi-architectural-70-LDO-\app\src\main\java\dev\aurakai\auraframefx\models\core\ArkProject.kt, C:\Users\AuraF\StudioProjects\ReGenesis--multi-architectural-70-LDO-\app\src\main\java\dev\aurakai\auraframefx\models\core\DreamMode.kt, C:\Users\AuraF\StudioProjects\ReGenesis--multi-architectural-70-LDO-\app\src\main\java\dev\aurakai\auraframefx\models\customization\ManualControlModels.kt, C:\Users\AuraF\StudioProjects\ReGenesis--multi-architectural-70-LDO-\app\src\main\java\dev\aurakai\auraframefx\models\CustomSerializers.kt, C:\Users\AuraF\StudioProjects\ReGenesis--multi-architectural-70-LDO-\app\src\main\java\dev\aurakai\auraframefx\models\data\offline\DELETED_OfflineDataManager.kt, C:\Users\AuraF\StudioProjects\ReGenesis--multi-architectural-70-LDO-\app\src\main\java\dev\aurakai\auraframefx\models\data\offline\OfflineDataModels.kt, C:\Users\AuraF\StudioProjects\ReGenesis--multi-architectural-70-LDO-\app\src\main\java\dev\aurakai\auraframefx\models\Emotion.kt, C:\Users\AuraF\StudioProjects\ReGenesis--multi-architectural-70-LDO-\app\src\main\java\dev\aurakai\auraframefx\models\EnhancedInteractionData.kt, C:\Users\AuraF\StudioProjects\ReGenesis--multi-architectural-70-LDO-\app\src\main\java\dev\aurakai\auraframefx\models\GenKitUiState.kt, C:\Users\AuraF\StudioProjects\ReGenesis--multi-architectural-70-LDO-\app\src\main\java\dev\aurakai\auraframefx\models\HapticFeedbackConfig.kt, C:\Users\AuraF\StudioProjects\ReGenesis--multi-architectural-70-LDO-\app\src\main\java\dev\aurakai\auraframefx\models\HistoricalTask.kt, C:\Users\AuraF\StudioProjects\ReGenesis--multi-architectural-70-LDO-\app\src\main\java\dev\aurakai\auraframefx\models\InteractionResponse.kt, C:\Users\AuraF\StudioProjects\ReGenesis--multi-architectural-70-LDO-\app\src\main\java\dev\aurakai\auraframefx\models\kai\SovereignModule.kt, C:\Users\AuraF\StudioProjects\ReGenesis--multi-architectural-70-LDO-\app\src\main\java\dev\aurakai\auraframefx\models\KaiState.kt, C:\Users\AuraF\StudioProjects\ReGenesis--multi-architectural-70-LDO-\app\src\main\java\dev\aurakai\auraframefx\models\LearningEvent.kt, C:\Users\AuraF\StudioProjects\ReGenesis--multi-architectural-70-LDO-\app\src\main\java\dev\aurakai\auraframefx\models\LogEntry.kt, C:\Users\AuraF\StudioProjects\ReGenesis--multi-architectural-70-LDO-\app\src\main\java\dev\aurakai\auraframefx\models\lsposed\ThemeModule.kt, C:\Users\AuraF\StudioProjects\ReGenesis--multi-architectural-70-LDO-\app\src\main\java\dev\aurakai\auraframefx\models\MissingStubs.kt, C:\Users\AuraF\StudioProjects\ReGenesis--multi-architectural-70-LDO-\app\src\main\java\dev\aurakai\auraframefx\models\MoodState.kt, C:\Users\AuraF\StudioProjects\ReGenesis--multi-architectural-70-LDO-\app\src\main\java\dev\aurakai\auraframefx\models\NotchBarConfig.kt, C:\Users\AuraF\StudioProjects\ReGenesis--multi-architectural-70-LDO-\app\src\main\java\dev\aurakai\auraframefx\models\OrchestrationRequest.kt, C:\Users\AuraF\StudioProjects\ReGenesis--multi-architectural-70-LDO-\app\src\main\java\dev\aurakai\auraframefx\models\OrchestrationResponse.kt, C:\Users\AuraF\StudioProjects\ReGenesis--multi-architectural-70-LDO-\app\src\main\java\dev\aurakai\auraframefx\models\OverlayModels.kt, C:\Users\AuraF\StudioProjects\ReGenesis--multi-architectural-70-LDO-\app\src\main\java\dev\aurakai\auraframefx\models\QuantumModels.kt, C:\Users\AuraF\StudioProjects\ReGenesis--multi-architectural-70-LDO-\app\src\main\java\dev\aurakai\auraframefx\models\ReGenesisMode.kt, C:\Users\AuraF\StudioProjects\ReGenesis--multi-architectural-70-LDO-\app\src\main\java\dev\aurakai\auraframefx\models\SecurityAnalysis.kt, C:\Users\AuraF\StudioProjects\ReGenesis--multi-architectural-70-LDO-\app\src\main\java\dev\aurakai\auraframefx\models\SerializationModule.kt, C:\Users\AuraF\StudioProjects\ReGenesis--multi-architectural-70-LDO-\app\src\main\java\dev\aurakai\auraframefx\models\SystemStates.kt, C:\Users\AuraF\StudioProjects\ReGenesis--multi-architectural-70-LDO-\app\src\main\java\dev\aurakai\auraframefx\models\TaskModels.kt, C:\Users\AuraF\StudioProjects\ReGenesis--multi-architectural-70-LDO-\app\src\main\java\dev\aurakai\auraframefx\models\Theme.kt, C:\Users\AuraF\StudioProjects\ReGenesis--multi-architectural-70-LDO-\app\src\main\java\dev\aurakai\auraframefx\models\ThemeConfiguration.kt, C:\Users\AuraF\StudioProjects\ReGenesis--multi-architectural-70-LDO-\app\src\main\java\dev\aurakai\auraframefx\models\ThemePreferences.kt, C:\Users\AuraF\StudioProjects\ReGenesis--multi-architectural-70-LDO-\app\src\main\java\dev\aurakai\auraframefx\models\ThreatLevel.kt, C:\Users\AuraF\StudioProjects\ReGenesis--multi-architectural-70-LDO-\app\src\main\java\dev\aurakai\auraframefx\models\TranscriptSegment.kt, C:\Users\AuraF\StudioProjects\ReGenesis--multi-architectural-70-LDO-\app\src\main\java\dev\aurakai\auraframefx\models\UserData.kt, C:\Users\AuraF\StudioProjects\ReGenesis--multi-architectural-70-LDO-\app\src\main\java\dev\aurakai\auraframefx\models\VertexAIConfig.kt, C:\Users\AuraF\StudioProjects\ReGenesis--multi-architectural-70-LDO-\app\src\main\java\dev\aurakai\auraframefx\navigation\GenesisEntry.kt, C:\Users\AuraF\StudioProjects\ReGenesis--multi-architectural-70-LDO-\app\src\main\java\dev\aurakai\auraframefx\navigation\NavDestination.kt, C:\Users\AuraF\StudioProjects\ReGenesis--multi-architectural-70-LDO-\app\src\main\java\dev\aurakai\auraframefx\navigation\ReGenesisNavigationIntegration.kt, C:\Users\AuraF\StudioProjects\ReGenesis--multi-architectural-70-LDO-\app\src\main\java\dev\aurakai\auraframefx\network\api\AIAgentApi.kt, C:\Users\AuraF\StudioProjects\ReGenesis--multi-architectural-70-LDO-\app\src\main\java\dev\aurakai\auraframefx\network\api\AuthApi.kt, C:\Users\AuraF\StudioProjects\ReGenesis--multi-architectural-70-LDO-\app\src\main\java\dev\aurakai\auraframefx\network\api\ExampleApiService.kt, C:\Users\AuraF\StudioProjects\ReGenesis--multi-architectural-70-LDO-\app\src\main\java\dev\aurakai\auraframefx\network\api\ThemeApi.kt, C:\Users\AuraF\StudioProjects\ReGenesis--multi-architectural-70-LDO-\app\src\main\java\dev\aurakai\auraframefx\network\api\UserApi.kt, C:\Users\AuraF\StudioProjects\ReGenesis--multi-architectural-70-LDO-\app\src\main\java\dev\aurakai\auraframefx\network\ApiService.kt, C:\Users\AuraF\StudioProjects\ReGenesis--multi-architectural-70-LDO-\app\src\main\java\dev\aurakai\auraframefx\network\AuraApiService.kt, C:\Users\AuraF\StudioProjects\ReGenesis--multi-architectural-70-LDO-\app\src\main\java\dev\aurakai\auraframefx\network\AuraApiServiceWrapper.kt, C:\Users\AuraF\StudioProjects\ReGenesis--multi-architectural-70-LDO-\app\src\main\java\dev\aurakai\auraframefx\network\AuthApi.kt, C:\Users\AuraF\StudioProjects\ReGenesis--multi-architectural-70-LDO-\app\src\main\java\dev\aurakai\auraframefx\network\AuthInterceptor.kt, C:\Users\AuraF\StudioProjects\ReGenesis--multi-architectural-70-LDO-\app\src\main\java\dev\aurakai\auraframefx\network\ConnectivityInterceptor.kt, C:\Users\AuraF\StudioProjects\ReGenesis--multi-architectural-70-LDO-\app\src\main\java\dev\aurakai\auraframefx\network\ErrorHandlingInterceptor.kt, C:\Users\AuraF\StudioProjects\ReGenesis--multi-architectural-70-LDO-\app\src\main\java\dev\aurakai\auraframefx\network\KtorClient.kt, C:\Users\AuraF\StudioProjects\ReGenesis--multi-architectural-70-LDO-\app\src\main\java\dev\aurakai\auraframefx\network\model\AgentModels.kt, C:\Users\AuraF\StudioProjects\ReGenesis--multi-architectural-70-LDO-\app\src\main\java\dev\aurakai\auraframefx\network\model\ApiImplementations.kt, C:\Users\AuraF\StudioProjects\ReGenesis--multi-architectural-70-LDO-\app\src\main\java\dev\aurakai\auraframefx\network\model\NetworkModels.kt, C:\Users\AuraF\StudioProjects\ReGenesis--multi-architectural-70-LDO-\app\src\main\java\dev\aurakai\auraframefx\network\model\Theme.kt, C:\Users\AuraF\StudioProjects\ReGenesis--multi-architectural-70-LDO-\app\src\main\java\dev\aurakai\auraframefx\network\model\User.kt, C:\Users\AuraF\StudioProjects\ReGenesis--multi-architectural-70-LDO-\app\src\main\java\dev\aurakai\auraframefx\network\NetworkClient.kt, C:\Users\AuraF\StudioProjects\ReGenesis--multi-architectural-70-LDO-\app\src\main\java\dev\aurakai\auraframefx\network\NetworkConnectivityManager.kt, C:\Users\AuraF\StudioProjects\ReGenesis--multi-architectural-70-LDO-\app\src\main\java\dev\aurakai\auraframefx\network\NetworkResponse.kt, C:\Users\AuraF\StudioProjects\ReGenesis--multi-architectural-70-LDO-\app\src\main\java\dev\aurakai\auraframefx\network\qualifiers\BaseUrl.kt, C:\Users\AuraF\StudioProjects\ReGenesis--multi-architectural-70-LDO-\app\src\main\java\dev\aurakai\auraframefx\network\qualifiers\Qualifiers.kt, C:\Users\AuraF\StudioProjects\ReGenesis--multi-architectural-70-LDO-\app\src\main\java\dev\aurakai\auraframefx\network\SupportApi.kt, C:\Users\AuraF\StudioProjects\ReGenesis--multi-architectural-70-LDO-\app\src\main\java\dev\aurakai\auraframefx\preferences\UserPreferences.kt, C:\Users\AuraF\StudioProjects\ReGenesis--multi-architectural-70-LDO-\app\src\main\java\dev\aurakai\auraframefx\python\GenesisBackendClient.kt, C:\Users\AuraF\StudioProjects\ReGenesis--multi-architectural-70-LDO-\app\src\main\java\dev\aurakai\auraframefx\python\PythonProcessManager.kt, C:\Users\AuraF\StudioProjects\ReGenesis--multi-architectural-70-LDO-\app\src\main\java\dev\aurakai\auraframefx\receivers\BootCompletedReceiver.kt, C:\Users\AuraF\StudioProjects\ReGenesis--multi-architectural-70-LDO-\app\src\main\java\dev\aurakai\auraframefx\repository\SupportRepository.kt, C:\Users\AuraF\StudioProjects\ReGenesis--multi-architectural-70-LDO-\app\src\main\java\dev\aurakai\auraframefx\romtools\OperationProgress.kt, C:\Users\AuraF\StudioProjects\ReGenesis--multi-architectural-70-LDO-\app\src\main\java\dev\aurakai\auraframefx\screens\BottomNavItem.kt, C:\Users\AuraF\StudioProjects\ReGenesis--multi-architectural-70-LDO-\app\src\main\java\dev\aurakai\auraframefx\screens\HomeScreen.kt, C:\Users\AuraF\StudioProjects\ReGenesis--multi-architectural-70-LDO-\app\src\main\java\dev\aurakai\auraframefx\screens\StatusIndicator.kt, C:\Users\AuraF\StudioProjects\ReGenesis--multi-architectural-70-LDO-\app\src\main\java\dev\aurakai\auraframefx\security\EncryptionManager.kt, C:\Users\AuraF\StudioProjects\ReGenesis--multi-architectural-70-LDO-\app\src\main\java\dev\aurakai\auraframefx\security\EncryptionStatus.kt, C:\Users\AuraF\StudioProjects\ReGenesis--multi-architectural-70-LDO-\app\src\main\java\dev\aurakai\auraframefx\security\EncryptionStatusImpl.kt, C:\Users\AuraF\StudioProjects\ReGenesis--multi-architectural-70-LDO-\app\src\main\java\dev\aurakai\auraframefx\security\IntegrityViolationReceiver.kt, C:\Users\AuraF\StudioProjects\ReGenesis--multi-architectural-70-LDO-\app\src\main\java\dev\aurakai\auraframefx\security\KeystoreManager.kt, C:\Users\AuraF\StudioProjects\ReGenesis--multi-architectural-70-LDO-\app\src\main\java\dev\aurakai\auraframefx\security\models\ActiveThreat.kt, C:\Users\AuraF\StudioProjects\ReGenesis--multi-architectural-70-LDO-\app\src\main\java\dev\aurakai\auraframefx\security\RoyalGuardService.kt, C:\Users\AuraF\StudioProjects\ReGenesis--multi-architectural-70-LDO-\app\src\main\java\dev\aurakai\auraframefx\security\SecurityContext.kt, C:\Users\AuraF\StudioProjects\ReGenesis--multi-architectural-70-LDO-\app\src\main\java\dev\aurakai\auraframefx\security\SecurityExtensions.kt, C:\Users\AuraF\StudioProjects\ReGenesis--multi-architectural-70-LDO-\app\src\main\java\dev\aurakai\auraframefx\security\SecurityMonitor.kt, C:\Users\AuraF\StudioProjects\ReGenesis--multi-architectural-70-LDO-\app\src\main\java\dev\aurakai\auraframefx\security\ThreatLevel.kt, C:\Users\AuraF\StudioProjects\ReGenesis--multi-architectural-70-LDO-\app\src\main\java\dev\aurakai\auraframefx\serialization\InstantSerializer.kt, C:\Users\AuraF\StudioProjects\ReGenesis--multi-architectural-70-LDO-\app\src\main\java\dev\aurakai\auraframefx\serialization\JavaInstantAsIso8601Serializer.kt, C:\Users\AuraF\StudioProjects\ReGenesis--multi-architectural-70-LDO-\app\src\main\java\dev\aurakai\auraframefx\service\AssistantBubbleService.kt, C:\Users\AuraF\StudioProjects\ReGenesis--multi-architectural-70-LDO-\app\src\main\java\dev\aurakai\auraframefx\service\CrossDeviceContextSync.kt, C:\Users\AuraF\StudioProjects\ReGenesis--multi-architectural-70-LDO-\app\src\main\java\dev\aurakai\auraframefx\service\NeuralWhisper.kt, C:\Users\AuraF\StudioProjects\ReGenesis--multi-architectural-70-LDO-\app\src\main\java\dev\aurakai\auraframefx\services\AmbientMusicService.kt, C:\Users\AuraF\StudioProjects\ReGenesis--multi-architectural-70-LDO-\app\src\main\java\dev\aurakai\auraframefx\services\AuraDriveService.kt, C:\Users\AuraF\StudioProjects\ReGenesis--multi-architectural-70-LDO-\app\src\main\java\dev\aurakai\auraframefx\services\AuraOverlayService.kt, C:\Users\AuraF\StudioProjects\ReGenesis--multi-architectural-70-LDO-\app\src\main\java\dev\aurakai\auraframefx\services\BackupService.kt, C:\Users\AuraF\StudioProjects\ReGenesis--multi-architectural-70-LDO-\app\src\main\java\dev\aurakai\auraframefx\services\BitNetLocalService.kt, C:\Users\AuraF\StudioProjects\ReGenesis--multi-architectural-70-LDO-\app\src\main\java\dev\aurakai\auraframefx\services\BootCompletedReceiver.kt, C:\Users\AuraF\StudioProjects\ReGenesis--multi-architectural-70-LDO-\app\src\main\java\dev\aurakai\auraframefx\services\CascadeAIService.kt, C:\Users\AuraF\StudioProjects\ReGenesis--multi-architectural-70-LDO-\app\src\main\java\dev\aurakai\auraframefx\services\GenesisAccessibilityService.kt, C:\Users\AuraF\StudioProjects\ReGenesis--multi-architectural-70-LDO-\app\src\main\java\dev\aurakai\auraframefx\services\GenesisAssistantService.kt, C:\Users\AuraF\StudioProjects\ReGenesis--multi-architectural-70-LDO-\app\src\main\java\dev\aurakai\auraframefx\services\MyFirebaseMessagingService.kt, C:\Users\AuraF\StudioProjects\ReGenesis--multi-architectural-70-LDO-\app\src\main\java\dev\aurakai\auraframefx\services\RealCascadeAIServiceAdapter.kt, C:\Users\AuraF\StudioProjects\ReGenesis--multi-architectural-70-LDO-\app\src\main\java\dev\aurakai\auraframefx\services\security\IntegrityMonitorService.kt, C:\Users\AuraF\StudioProjects\ReGenesis--multi-architectural-70-LDO-\app\src\main\java\dev\aurakai\auraframefx\services\security\SecurityModule.kt, C:\Users\AuraF\StudioProjects\ReGenesis--multi-architectural-70-LDO-\app\src\main\java\dev\aurakai\auraframefx\services\VertexAIClientAlias.kt, C:\Users\AuraF\StudioProjects\ReGenesis--multi-architectural-70-LDO-\app\src\main\java\dev\aurakai\auraframefx\services\YukiHookModulePrefs.kt, C:\Users\AuraF\StudioProjects\ReGenesis--multi-architectural-70-LDO-\app\src\main\java\dev\aurakai\auraframefx\services\YukiHookServiceManager.kt, C:\Users\AuraF\StudioProjects\ReGenesis--multi-architectural-70-LDO-\app\src\main\java\dev\aurakai\auraframefx\state\AppStateManager.kt, C:\Users\AuraF\StudioProjects\ReGenesis--multi-architectural-70-LDO-\app\src\main\java\dev\aurakai\auraframefx\sync\VertexSyncManager.kt, C:\Users\AuraF\StudioProjects\ReGenesis--multi-architectural-70-LDO-\app\src\main\java\dev\aurakai\auraframefx\system\common\ImageResourceManager.kt, C:\Users\AuraF\StudioProjects\ReGenesis--multi-architectural-70-LDO-\app\src\main\java\dev\aurakai\auraframefx\system\impl\DefaultErrorHandler.kt, C:\Users\AuraF\StudioProjects\ReGenesis--multi-architectural-70-LDO-\app\src\main\java\dev\aurakai\auraframefx\system\impl\DefaultSystemMonitor.kt, C:\Users\AuraF\StudioProjects\ReGenesis--multi-architectural-70-LDO-\app\src\main\java\dev\aurakai\auraframefx\system\impl\DefaultTaskScheduler.kt, C:\Users\AuraF\StudioProjects\ReGenesis--multi-architectural-70-LDO-\app\src\main\java\dev\aurakai\auraframefx\system\lockscreen\model\LockScreenModels.kt, C:\Users\AuraF\StudioProjects\ReGenesis--multi-architectural-70-LDO-\app\src\main\java\dev\aurakai\auraframefx\system\monitor\SystemMonitor.kt, C:\Users\AuraF\StudioProjects\ReGenesis--multi-architectural-70-LDO-\app\src\main\java\dev\aurakai\auraframefx\system\monitor\SystemMonitorService.kt, C:\Users\AuraF\StudioProjects\ReGenesis--multi-architectural-70-LDO-\app\src\main\java\dev\aurakai\auraframefx\system\overlay\model\OverlayElement.kt, C:\Users\AuraF\StudioProjects\ReGenesis--multi-architectural-70-LDO-\app\src\main\java\dev\aurakai\auraframefx\system\overlay\model\SystemOverlayConfig.kt, C:\Users\AuraF\StudioProjects\ReGenesis--multi-architectural-70-LDO-\app\src\main\java\dev\aurakai\auraframefx\system\overlay\SystemOverlay.kt, C:\Users\AuraF\StudioProjects\ReGenesis--multi-architectural-70-LDO-\app\src\main\java\dev\aurakai\auraframefx\system\quicksettings\QuickSettingsConfig.kt, C:\Users\AuraF\StudioProjects\ReGenesis--multi-architectural-70-LDO-\app\src\main\java\dev\aurakai\auraframefx\system\quicksettings\QuickSettingsConfigManager.kt, C:\Users\AuraF\StudioProjects\ReGenesis--multi-architectural-70-LDO-\app\src\main\java\dev\aurakai\auraframefx\system\ROMToolsViewModel.kt, C:\Users\AuraF\StudioProjects\ReGenesis--multi-architectural-70-LDO-\app\src\main\java\dev\aurakai\auraframefx\system\ShizukuManager.kt, C:\Users\AuraF\StudioProjects\ReGenesis--multi-architectural-70-LDO-\app\src\main\java\dev\aurakai\auraframefx\system\ui\RootOverlayManager.kt, C:\Users\AuraF\StudioProjects\ReGenesis--multi-architectural-70-LDO-\app\src\main\java\dev\aurakai\auraframefx\system\ui\ShapeManager.kt, C:\Users\AuraF\StudioProjects\ReGenesis--multi-architectural-70-LDO-\app\src\main\java\dev\aurakai\auraframefx\system\ui\SystemOverlayManager.kt, C:\Users\AuraF\StudioProjects\ReGenesis--multi-architectural-70-LDO-\app\src\main\java\dev\aurakai\auraframefx\TypeAliases.kt, C:\Users\AuraF\StudioProjects\ReGenesis--multi-architectural-70-LDO-\app\src\main\java\dev\aurakai\auraframefx\ui\adapters\AtomicBooleanAdapter.kt, C:\Users\AuraF\StudioProjects\ReGenesis--multi-architectural-70-LDO-\app\src\main\java\dev\aurakai\auraframefx\ui\adapters\AtomicIntegerAdapter.kt, C:\Users\AuraF\StudioProjects\ReGenesis--multi-architectural-70-LDO-\app\src\main\java\dev\aurakai\auraframefx\ui\adapters\AtomicLongAdapter.kt, C:\Users\AuraF\StudioProjects\ReGenesis--multi-architectural-70-LDO-\app\src\main\java\dev\aurakai\auraframefx\ui\adapters\BigDecimalAdapter.kt, C:\Users\AuraF\StudioProjects\ReGenesis--multi-architectural-70-LDO-\app\src\main\java\dev\aurakai\auraframefx\ui\adapters\BigIntegerAdapter.kt, C:\Users\AuraF\StudioProjects\ReGenesis--multi-architectural-70-LDO-\app\src\main\java\dev\aurakai\auraframefx\ui\adapters\LocalDateAdapter.kt, C:\Users\AuraF\StudioProjects\ReGenesis--multi-architectural-70-LDO-\app\src\main\java\dev\aurakai\auraframefx\ui\adapters\LocalDateTimeAdapter.kt, C:\Users\AuraF\StudioProjects\ReGenesis--multi-architectural-70-LDO-\app\src\main\java\dev\aurakai\auraframefx\ui\adapters\OffsetDateTimeAdapter.kt, C:\Users\AuraF\StudioProjects\ReGenesis--multi-architectural-70-LDO-\app\src\main\java\dev\aurakai\auraframefx\ui\adapters\URIAdapter.kt, C:\Users\AuraF\StudioProjects\ReGenesis--multi-architectural-70-LDO-\app\src\main\java\dev\aurakai\auraframefx\ui\adapters\URLAdapter.kt, C:\Users\AuraF\StudioProjects\ReGenesis--multi-architectural-70-LDO-\app\src\main\java\dev\aurakai\auraframefx\ui\adapters\UUIDAdapter.kt, C:\Users\AuraF\StudioProjects\ReGenesis--multi-architectural-70-LDO-\app\src\main\java\dev\aurakai\auraframefx\ui\AgentChatBubble.kt, C:\Users\AuraF\StudioProjects\ReGenesis--multi-architectural-70-LDO-\app\src\main\java\dev\aurakai\auraframefx\ui\components\AgentEdgePanel.kt, C:\Users\AuraF\StudioProjects\ReGenesis--multi-architectural-70-LDO-\app\src\main\java\dev\aurakai\auraframefx\ui\components\AuraSparkleButton.kt, C:\Users\AuraF\StudioProjects\ReGenesis--multi-architectural-70-LDO-\app\src\main\java\dev\aurakai\auraframefx\ui\components\background\SynapticWebBackground.kt, C:\Users\AuraF\StudioProjects\ReGenesis--multi-architectural-70-LDO-\app\src\main\java\dev\aurakai\auraframefx\ui\components\backgrounds\DataRibbonsBackground.kt, C:\Users\AuraF\StudioProjects\ReGenesis--multi-architectural-70-LDO-\app\src\main\java\dev\aurakai\auraframefx\ui\components\backgrounds\DataVisualizationBackground.kt, C:\Users\AuraF\StudioProjects\ReGenesis--multi-architectural-70-LDO-\app\src\main\java\dev\aurakai\auraframefx\ui\components\backgrounds\DigitalLandscapeBackground.kt, C:\Users\AuraF\StudioProjects\ReGenesis--multi-architectural-70-LDO-\app\src\main\java\dev\aurakai\auraframefx\ui\components\BiomedBackgrounds.kt, C:\Users\AuraF\StudioProjects\ReGenesis--multi-architectural-70-LDO-\app\src\main\java\dev\aurakai\auraframefx\ui\components\common\CodedComponents.kt, C:\Users\AuraF\StudioProjects\ReGenesis--multi-architectural-70-LDO-\app\src\main\java\dev\aurakai\auraframefx\ui\components\CyberpunkBackgrounds.kt, C:\Users\AuraF\StudioProjects\ReGenesis--multi-architectural-70-LDO-\app\src\main\java\dev\aurakai\auraframefx\ui\components\CyberpunkModifiers.kt, C:\Users\AuraF\StudioProjects\ReGenesis--multi-architectural-70-LDO-\app\src\main\java\dev\aurakai\auraframefx\ui\components\CyberpunkScreenScaffold.kt, C:\Users\AuraF\StudioProjects\ReGenesis--multi-architectural-70-LDO-\app\src\main\java\dev\aurakai\auraframefx\ui\components\CyberpunkText.kt, C:\Users\AuraF\StudioProjects\ReGenesis--multi-architectural-70-LDO-\app\src\main\java\dev\aurakai\auraframefx\ui\components\DigitalBackgrounds.kt, C:\Users\AuraF\StudioProjects\ReGenesis--multi-architectural-70-LDO-\app\src\main\java\dev\aurakai\auraframefx\ui\components\DomainAnimations.kt, C:\Users\AuraF\StudioProjects\ReGenesis--multi-architectural-70-LDO-\app\src\main\java\dev\aurakai\auraframefx\ui\components\DomainHubCards.kt, C:\Users\AuraF\StudioProjects\ReGenesis--multi-architectural-70-LDO-\app\src\main\java\dev\aurakai\auraframefx\ui\components\DomainSubGateCarousel.kt, C:\Users\AuraF\StudioProjects\ReGenesis--multi-architectural-70-LDO-\app\src\main\java\dev\aurakai\auraframefx\ui\components\effects\HoloHUDOverlay.kt, C:\Users\AuraF\StudioProjects\ReGenesis--multi-architectural-70-LDO-\app\src\main\java\dev\aurakai\auraframefx\ui\components\effects\SentientGlowOrb.kt, C:\Users\AuraF\StudioProjects\ReGenesis--multi-architectural-70-LDO-\app\src\main\java\dev\aurakai\auraframefx\ui\components\effects\ShimmerParticles.kt, C:\Users\AuraF\StudioProjects\ReGenesis--multi-architectural-70-LDO-\app\src\main\java\dev\aurakai\auraframefx\ui\components\ElectricGlassCard.kt, C:\Users\AuraF\StudioProjects\ReGenesis--multi-architectural-70-LDO-\app\src\main\java\dev\aurakai\auraframefx\ui\components\FloatingCyberWindow.kt, C:\Users\AuraF\StudioProjects\ReGenesis--multi-architectural-70-LDO-\app\src\main\java\dev\aurakai\auraframefx\ui\components\GlassCard.kt, C:\Users\AuraF\StudioProjects\ReGenesis--multi-architectural-70-LDO-\app\src\main\java\dev\aurakai\auraframefx\ui\components\GlassComponents.kt, C:\Users\AuraF\StudioProjects\ReGenesis--multi-architectural-70-LDO-\app\src\main\java\dev\aurakai\auraframefx\ui\components\graph\GraphNode.kt, C:\Users\AuraF\StudioProjects\ReGenesis--multi-architectural-70-LDO-\app\src\main\java\dev\aurakai\auraframefx\ui\components\graph\InteractiveGraph.kt, C:\Users\AuraF\StudioProjects\ReGenesis--multi-architectural-70-LDO-\app\src\main\java\dev\aurakai\auraframefx\ui\components\GridMenuItem.kt, C:\Users\AuraF\StudioProjects\ReGenesis--multi-architectural-70-LDO-\app\src\main\java\dev\aurakai\auraframefx\ui\components\HexagonGridBackground.kt, C:\Users\AuraF\StudioProjects\ReGenesis--multi-architectural-70-LDO-\app\src\main\java\dev\aurakai\auraframefx\ui\components\hologram\AnimeHUDContainer.kt, C:\Users\AuraF\StudioProjects\ReGenesis--multi-architectural-70-LDO-\app\src\main\java\dev\aurakai\auraframefx\ui\components\hologram\HolographicCard.kt, C:\Users\AuraF\StudioProjects\ReGenesis--multi-architectural-70-LDO-\app\src\main\java\dev\aurakai\auraframefx\ui\components\HologramTransition.kt, C:\Users\AuraF\StudioProjects\ReGenesis--multi-architectural-70-LDO-\app\src\main\java\dev\aurakai\auraframefx\ui\components\HolographicInfoPanel.kt, C:\Users\AuraF\StudioProjects\ReGenesis--multi-architectural-70-LDO-\app\src\main\java\dev\aurakai\auraframefx\ui\components\ImagePicker.kt, C:\Users\AuraF\StudioProjects\ReGenesis--multi-architectural-70-LDO-\app\src\main\java\dev\aurakai\auraframefx\ui\components\InfoBanner.kt, C:\Users\AuraF\StudioProjects\ReGenesis--multi-architectural-70-LDO-\app\src\main\java\dev\aurakai\auraframefx\ui\components\InteractiveModuleCard.kt, C:\Users\AuraF\StudioProjects\ReGenesis--multi-architectural-70-LDO-\app\src\main\java\dev\aurakai\auraframefx\ui\components\intro\ReGenesisIntro.kt, C:\Users\AuraF\StudioProjects\ReGenesis--multi-architectural-70-LDO-\app\src\main\java\dev\aurakai\auraframefx\ui\components\Level3GridMenu.kt, C:\Users\AuraF\StudioProjects\ReGenesis--multi-architectural-70-LDO-\app\src\main\java\dev\aurakai\auraframefx\ui\components\ModuleCard.kt, C:\Users\AuraF\StudioProjects\ReGenesis--multi-architectural-70-LDO-\app\src\main\java\dev\aurakai\auraframefx\ui\components\NeuralLinkBackground.kt, C:\Users\AuraF\StudioProjects\ReGenesis--multi-architectural-70-LDO-\app\src\main\java\dev\aurakai\auraframefx\ui\components\overlay\AssistantBubbleOverlay.kt, C:\Users\AuraF\StudioProjects\ReGenesis--multi-architectural-70-LDO-\app\src\main\java\dev\aurakai\auraframefx\ui\components\overlay\AssistantBubbleUI.kt, C:\Users\AuraF\StudioProjects\ReGenesis--multi-architectural-70-LDO-\app\src\main\java\dev\aurakai\auraframefx\ui\components\PrometheusGlobe.kt, C:\Users\AuraF\StudioProjects\ReGenesis--multi-architectural-70-LDO-\app\src\main\java\dev\aurakai\auraframefx\ui\components\SentienceMeter.kt, C:\Users\AuraF\StudioProjects\ReGenesis--multi-architectural-70-LDO-\app\src\main\java\dev\aurakai\auraframefx\ui\components\ShapePicker.kt, C:\Users\AuraF\StudioProjects\ReGenesis--multi-architectural-70-LDO-\app\src\main\java\dev\aurakai\auraframefx\ui\components\StaticOrb.kt, C:\Users\AuraF\StudioProjects\ReGenesis--multi-architectural-70-LDO-\app\src\main\java\dev\aurakai\auraframefx\ui\components\StubScreen.kt, C:\Users\AuraF\StudioProjects\ReGenesis--multi-architectural-70-LDO-\app\src\main\java\dev\aurakai\auraframefx\ui\components\SubmenuScaffold.kt, C:\Users\AuraF\StudioProjects\ReGenesis--multi-architectural-70-LDO-\app\src\main\java\dev\aurakai\auraframefx\ui\components\text\NeonText.kt, C:\Users\AuraF\StudioProjects\ReGenesis--multi-architectural-70-LDO-\app\src\main\java\dev\aurakai\auraframefx\ui\components\unified\FluidDesignSystem.kt, C:\Users\AuraF\StudioProjects\ReGenesis--multi-architectural-70-LDO-\app\src\main\java\dev\aurakai\auraframefx\ui\conference\AgentStage.kt, C:\Users\AuraF\StudioProjects\ReGenesis--multi-architectural-70-LDO-\app\src\main\java\dev\aurakai\auraframefx\ui\conference\NexusConferenceScreen.kt, C:\Users\AuraF\StudioProjects\ReGenesis--multi-architectural-70-LDO-\app\src\main\java\dev\aurakai\auraframefx\ui\customization\ComponentEditor.kt, C:\Users\AuraF\StudioProjects\ReGenesis--multi-architectural-70-LDO-\app\src\main\java\dev\aurakai\auraframefx\ui\customization\CustomizationViewModel.kt, C:\Users\AuraF\StudioProjects\ReGenesis--multi-architectural-70-LDO-\app\src\main\java\dev\aurakai\auraframefx\ui\customization\ZOrderEditor.kt, C:\Users\AuraF\StudioProjects\ReGenesis--multi-architectural-70-LDO-\app\src\main\java\dev\aurakai\auraframefx\ui\Dimensions.kt, C:\Users\AuraF\StudioProjects\ReGenesis--multi-architectural-70-LDO-\app\src\main\java\dev\aurakai\auraframefx\ui\effects\CameraEffects.kt, C:\Users\AuraF\StudioProjects\ReGenesis--multi-architectural-70-LDO-\app\src\main\java\dev\aurakai\auraframefx\ui\effects\CrtTransition.kt, C:\Users\AuraF\StudioProjects\ReGenesis--multi-architectural-70-LDO-\app\src\main\java\dev\aurakai\auraframefx\ui\effects\CrtZoopTransition.kt, C:\Users\AuraF\StudioProjects\ReGenesis--multi-architectural-70-LDO-\app\src\main\java\dev\aurakai\auraframefx\ui\ElementType.kt, C:\Users\AuraF\StudioProjects\ReGenesis--multi-architectural-70-LDO-\app\src\main\java\dev\aurakai\auraframefx\ui\gates\AgentBridgeHubScreen.kt, C:\Users\AuraF\StudioProjects\ReGenesis--multi-architectural-70-LDO-\app\src\main\java\dev\aurakai\auraframefx\ui\gates\AgentHubSubmenuScreen.kt, C:\Users\AuraF\StudioProjects\ReGenesis--multi-architectural-70-LDO-\app\src\main\java\dev\aurakai\auraframefx\ui\gates\AgentMonitoringScreen.kt, C:\Users\AuraF\StudioProjects\ReGenesis--multi-architectural-70-LDO-\app\src\main\java\dev\aurakai\auraframefx\ui\gates\AgentNexusHubScreen.kt, C:\Users\AuraF\StudioProjects\ReGenesis--multi-architectural-70-LDO-\app\src\main\java\dev\aurakai\auraframefx\ui\gates\AgentProfileScreen.kt, C:\Users\AuraF\StudioProjects\ReGenesis--multi-architectural-70-LDO-\app\src\main\java\dev\aurakai\auraframefx\ui\gates\ArkBuildScreen.kt, C:\Users\AuraF\StudioProjects\ReGenesis--multi-architectural-70-LDO-\app\src\main\java\dev\aurakai\auraframefx\ui\gates\AuraLabScreen.kt, C:\Users\AuraF\StudioProjects\ReGenesis--multi-architectural-70-LDO-\app\src\main\java\dev\aurakai\auraframefx\ui\gates\AuraThemingHubScreen.kt, C:\Users\AuraF\StudioProjects\ReGenesis--multi-architectural-70-LDO-\app\src\main\java\dev\aurakai\auraframefx\ui\gates\BootloaderManagerScreen.kt, C:\Users\AuraF\StudioProjects\ReGenesis--multi-architectural-70-LDO-\app\src\main\java\dev\aurakai\auraframefx\ui\gates\CascadeConstellationScreen.kt, C:\Users\AuraF\StudioProjects\ReGenesis--multi-architectural-70-LDO-\app\src\main\java\dev\aurakai\auraframefx\ui\gates\CascadeHubScreen.kt, C:\Users\AuraF\StudioProjects\ReGenesis--multi-architectural-70-LDO-\app\src\main\java\dev\aurakai\auraframefx\ui\gates\CascadeVisionScreen.kt, C:\Users\AuraF\StudioProjects\ReGenesis--multi-architectural-70-LDO-\app\src\main\java\dev\aurakai\auraframefx\ui\gates\ClaudeConstellationScreen.kt, C:\Users\AuraF\StudioProjects\ReGenesis--multi-architectural-70-LDO-\app\src\main\java\dev\aurakai\auraframefx\ui\gates\CollabCanvasScreen.kt, C:\Users\AuraF\StudioProjects\ReGenesis--multi-architectural-70-LDO-\app\src\main\java\dev\aurakai\auraframefx\ui\gates\components\AeroMechaText.kt, C:\Users\AuraF\StudioProjects\ReGenesis--multi-architectural-70-LDO-\app\src\main\java\dev\aurakai\auraframefx\ui\gates\components\CircuitPatterns.kt, C:\Users\AuraF\StudioProjects\ReGenesis--multi-architectural-70-LDO-\app\src\main\java\dev\aurakai\auraframefx\ui\gates\components\CornerAccents.kt, C:\Users\AuraF\StudioProjects\ReGenesis--multi-architectural-70-LDO-\app\src\main\java\dev\aurakai\auraframefx\ui\gates\components\GateIcons.kt, C:\Users\AuraF\StudioProjects\ReGenesis--multi-architectural-70-LDO-\app\src\main\java\dev\aurakai\auraframefx\ui\gates\components\MetallicBorder.kt, C:\Users\AuraF\StudioProjects\ReGenesis--multi-architectural-70-LDO-\app\src\main\java\dev\aurakai\auraframefx\ui\gates\ConstellationScreen.kt, C:\Users\AuraF\StudioProjects\ReGenesis--multi-architectural-70-LDO-\app\src\main\java\dev\aurakai\auraframefx\ui\gates\CyberpunkGateCard.kt, C:\Users\AuraF\StudioProjects\ReGenesis--multi-architectural-70-LDO-\app\src\main\java\dev\aurakai\auraframefx\ui\gates\DataStreamMonitoringScreen.kt, C:\Users\AuraF\StudioProjects\ReGenesis--multi-architectural-70-LDO-\app\src\main\java\dev\aurakai\auraframefx\ui\gates\FloatingHUDGateCard.kt, C:\Users\AuraF\StudioProjects\ReGenesis--multi-architectural-70-LDO-\app\src\main\java\dev\aurakai\auraframefx\ui\gates\FusionModeScreen.kt, C:\Users\AuraF\StudioProjects\ReGenesis--multi-architectural-70-LDO-\app\src\main\java\dev\aurakai\auraframefx\ui\gates\GateCard.kt, C:\Users\AuraF\StudioProjects\ReGenesis--multi-architectural-70-LDO-\app\src\main\java\dev\aurakai\auraframefx\ui\gates\GateConfig.kt, C:\Users\AuraF\StudioProjects\ReGenesis--multi-architectural-70-LDO-\app\src\main\java\dev\aurakai\auraframefx\ui\gates\GateDestination.kt, C:\Users\AuraF\StudioProjects\ReGenesis--multi-architectural-70-LDO-\app\src\main\java\dev\aurakai\auraframefx\ui\gates\GateNavigationScreen.kt, C:\Users\AuraF\StudioProjects\ReGenesis--multi-architectural-70-LDO-\app\src\main\java\dev\aurakai\auraframefx\ui\gates\GatePixelArtConcepts.kt, C:\Users\AuraF\StudioProjects\ReGenesis--multi-architectural-70-LDO-\app\src\main\java\dev\aurakai\auraframefx\ui\gates\GateToolDefinitions.kt, C:\Users\AuraF\StudioProjects\ReGenesis--multi-architectural-70-LDO-\app\src\main\java\dev\aurakai\auraframefx\ui\gates\GenesisConstellationScreen.kt, C:\Users\AuraF\StudioProjects\ReGenesis--multi-architectural-70-LDO-\app\src\main\java\dev\aurakai\auraframefx\ui\gates\GrokConstellationScreen.kt, C:\Users\AuraF\StudioProjects\ReGenesis--multi-architectural-70-LDO-\app\src\main\java\dev\aurakai\auraframefx\ui\gates\GyroscopeCustomizationScreen.kt, C:\Users\AuraF\StudioProjects\ReGenesis--multi-architectural-70-LDO-\app\src\main\java\dev\aurakai\auraframefx\ui\gates\HelpDeskScreen.kt, C:\Users\AuraF\StudioProjects\ReGenesis--multi-architectural-70-LDO-\app\src\main\java\dev\aurakai\auraframefx\ui\gates\HookManagerScreen.kt, C:\Users\AuraF\StudioProjects\ReGenesis--multi-architectural-70-LDO-\app\src\main\java\dev\aurakai\auraframefx\ui\gates\KaiConstellationScreen.kt, C:\Users\AuraF\StudioProjects\ReGenesis--multi-architectural-70-LDO-\app\src\main\java\dev\aurakai\auraframefx\ui\gates\KaiSentinelHubScreen.kt, C:\Users\AuraF\StudioProjects\ReGenesis--multi-architectural-70-LDO-\app\src\main\java\dev\aurakai\auraframefx\ui\gates\Level1GateScreen.kt, C:\Users\AuraF\StudioProjects\ReGenesis--multi-architectural-70-LDO-\app\src\main\java\dev\aurakai\auraframefx\ui\gates\Level2GateScreen.kt, C:\Users\AuraF\StudioProjects\ReGenesis--multi-architectural-70-LDO-\app\src\main\java\dev\aurakai\auraframefx\ui\gates\LiveROMEditorScreen.kt, C:\Users\AuraF\StudioProjects\ReGenesis--multi-architectural-70-LDO-\app\src\main\java\dev\aurakai\auraframefx\ui\gates\LoginScreen.kt, C:\Users\AuraF\StudioProjects\ReGenesis--multi-architectural-70-LDO-\app\src\main\java\dev\aurakai\auraframefx\ui\gates\LogsViewerScreen.kt, C:\Users\AuraF\StudioProjects\ReGenesis--multi-architectural-70-LDO-\app\src\main\java\dev\aurakai\auraframefx\ui\gates\LSPosedGateScreen.kt, C:\Users\AuraF\StudioProjects\ReGenesis--multi-architectural-70-LDO-\app\src\main\java\dev\aurakai\auraframefx\ui\gates\LSPosedModuleManagerScreen.kt, C:\Users\AuraF\StudioProjects\ReGenesis--multi-architectural-70-LDO-\app\src\main\java\dev\aurakai\auraframefx\ui\gates\LSPosedSubmenuScreen.kt, C:\Users\AuraF\StudioProjects\ReGenesis--multi-architectural-70-LDO-\app\src\main\java\dev\aurakai\auraframefx\ui\gates\ModuleCreationScreen.kt, C:\Users\AuraF\StudioProjects\ReGenesis--multi-architectural-70-LDO-\app\src\main\java\dev\aurakai\auraframefx\ui\gates\ModuleManagerScreen.kt, C:\Users\AuraF\StudioProjects\ReGenesis--multi-architectural-70-LDO-\app\src\main\java\dev\aurakai\auraframefx\ui\gates\NeonWireframeGateCard.kt, C:\Users\AuraF\StudioProjects\ReGenesis--multi-architectural-70-LDO-\app\src\main\java\dev\aurakai\auraframefx\ui\gates\NeuralArchiveScreen.kt, C:\Users\AuraF\StudioProjects\ReGenesis--multi-architectural-70-LDO-\app\src\main\java\dev\aurakai\auraframefx\ui\gates\NotchBarScreen.kt, C:\Users\AuraF\StudioProjects\ReGenesis--multi-architectural-70-LDO-\app\src\main\java\dev\aurakai\auraframefx\ui\gates\OracleCloudInfiniteStorageScreen.kt, C:\Users\AuraF\StudioProjects\ReGenesis--multi-architectural-70-LDO-\app\src\main\java\dev\aurakai\auraframefx\ui\gates\OracleDriveHubScreen.kt, C:\Users\AuraF\StudioProjects\ReGenesis--multi-architectural-70-LDO-\app\src\main\java\dev\aurakai\auraframefx\ui\gates\OracleDriveSubmenuScreen.kt, C:\Users\AuraF\StudioProjects\ReGenesis--multi-architectural-70-LDO-\app\src\main\java\dev\aurakai\auraframefx\ui\gates\OverlayMenusScreen.kt, C:\Users\AuraF\StudioProjects\ReGenesis--multi-architectural-70-LDO-\app\src\main\java\dev\aurakai\auraframefx\ui\gates\QuickActionsScreen.kt, C:\Users\AuraF\StudioProjects\ReGenesis--multi-architectural-70-LDO-\app\src\main\java\dev\aurakai\auraframefx\ui\gates\RecoveryToolsScreen.kt, C:\Users\AuraF\StudioProjects\ReGenesis--multi-architectural-70-LDO-\app\src\main\java\dev\aurakai\auraframefx\ui\gates\ROMFlasherScreen.kt, C:\Users\AuraF\StudioProjects\ReGenesis--multi-architectural-70-LDO-\app\src\main\java\dev\aurakai\auraframefx\ui\gates\ROMToolsSubmenuScreen.kt, C:\Users\AuraF\StudioProjects\ReGenesis--multi-architectural-70-LDO-\app\src\main\java\dev\aurakai\auraframefx\ui\gates\RootToolsTogglesScreen.kt, C:\Users\AuraF\StudioProjects\ReGenesis--multi-architectural-70-LDO-\app\src\main\java\dev\aurakai\auraframefx\ui\gates\SovereignBootloaderScreen.kt, C:\Users\AuraF\StudioProjects\ReGenesis--multi-architectural-70-LDO-\app\src\main\java\dev\aurakai\auraframefx\ui\gates\SovereignClaudeScreen.kt, C:\Users\AuraF\StudioProjects\ReGenesis--multi-architectural-70-LDO-\app\src\main\java\dev\aurakai\auraframefx\ui\gates\SovereignGeminiScreen.kt, C:\Users\AuraF\StudioProjects\ReGenesis--multi-architectural-70-LDO-\app\src\main\java\dev\aurakai\auraframefx\ui\gates\SovereignMetaInstructScreen.kt, C:\Users\AuraF\StudioProjects\ReGenesis--multi-architectural-70-LDO-\app\src\main\java\dev\aurakai\auraframefx\ui\gates\SovereignModuleManagerScreen.kt, C:\Users\AuraF\StudioProjects\ReGenesis--multi-architectural-70-LDO-\app\src\main\java\dev\aurakai\auraframefx\ui\gates\SovereignNemotronScreen.kt, C:\Users\AuraF\StudioProjects\ReGenesis--multi-architectural-70-LDO-\app\src\main\java\dev\aurakai\auraframefx\ui\gates\SovereignNemotronViewModel.kt, C:\Users\AuraF\StudioProjects\ReGenesis--multi-architectural-70-LDO-\app\src\main\java\dev\aurakai\auraframefx\ui\gates\SovereignNeuralArchiveScreen.kt, C:\Users\AuraF\StudioProjects\ReGenesis--multi-architectural-70-LDO-\app\src\main\java\dev\aurakai\auraframefx\ui\gates\SovereignRecoveryScreen.kt, C:\Users\AuraF\StudioProjects\ReGenesis--multi-architectural-70-LDO-\app\src\main\java\dev\aurakai\auraframefx\ui\gates\SovereignShieldScreen.kt, C:\Users\AuraF\StudioProjects\ReGenesis--multi-architectural-70-LDO-\app\src\main\java\dev\aurakai\auraframefx\ui\gates\SphereGridScreen.kt, C:\Users\AuraF\StudioProjects\ReGenesis--multi-architectural-70-LDO-\app\src\main\java\dev\aurakai\auraframefx\ui\gates\SphereGridViewModel.kt, C:\Users\AuraF\StudioProjects\ReGenesis--multi-architectural-70-LDO-\app\src\main\java\dev\aurakai\auraframefx\ui\gates\SubmenuCard.kt, C:\Users\AuraF\StudioProjects\ReGenesis--multi-architectural-70-LDO-\app\src\main\java\dev\aurakai\auraframefx\ui\gates\SubmenuItem.kt, C:\Users\AuraF\StudioProjects\ReGenesis--multi-architectural-70-LDO-\app\src\main\java\dev\aurakai\auraframefx\ui\gates\SupportAgentConnector.kt, C:\Users\AuraF\StudioProjects\ReGenesis--multi-architectural-70-LDO-\app\src\main\java\dev\aurakai\auraframefx\ui\gates\SupportAgentConnectorFactory.kt, C:\Users\AuraF\StudioProjects\ReGenesis--multi-architectural-70-LDO-\app\src\main\java\dev\aurakai\auraframefx\ui\gates\SystemJournalScreen.kt, C:\Users\AuraF\StudioProjects\ReGenesis--multi-architectural-70-LDO-\app\src\main\java\dev\aurakai\auraframefx\ui\gates\SystemOverridesScreen.kt, C:\Users\AuraF\StudioProjects\ReGenesis--multi-architectural-70-LDO-\app\src\main\java\dev\aurakai\auraframefx\ui\gates\TaskAssignmentScreen.kt, C:\Users\AuraF\StudioProjects\ReGenesis--multi-architectural-70-LDO-\app\src\main\java\dev\aurakai\auraframefx\ui\gates\XposedQuickAccessPanel.kt, C:\Users\AuraF\StudioProjects\ReGenesis--multi-architectural-70-LDO-\app\src\main\java\dev\aurakai\auraframefx\ui\GenerateCodeRequest.kt, C:\Users\AuraF\StudioProjects\ReGenesis--multi-architectural-70-LDO-\app\src\main\java\dev\aurakai\auraframefx\ui\HapticFeedbackConfig.kt, C:\Users\AuraF\StudioProjects\ReGenesis--multi-architectural-70-LDO-\app\src\main\java\dev\aurakai\auraframefx\ui\HistoricalTask.kt, C:\Users\AuraF\StudioProjects\ReGenesis--multi-architectural-70-LDO-\app\src\main\java\dev\aurakai\auraframefx\ui\identity\GenderSelectionNavigator.kt, C:\Users\AuraF\StudioProjects\ReGenesis--multi-architectural-70-LDO-\app\src\main\java\dev\aurakai\auraframefx\ui\ImageResource.kt, C:\Users\AuraF\StudioProjects\ReGenesis--multi-architectural-70-LDO-\app\src\main\java\dev\aurakai\auraframefx\ui\ImageResourceManager.kt, C:\Users\AuraF\StudioProjects\ReGenesis--multi-architectural-70-LDO-\app\src\main\java\dev\aurakai\auraframefx\ui\ImageType.kt, C:\Users\AuraF\StudioProjects\ReGenesis--multi-architectural-70-LDO-\app\src\main\java\dev\aurakai\auraframefx\ui\KaiController.kt, C:\Users\AuraF\StudioProjects\ReGenesis--multi-architectural-70-LDO-\app\src\main\java\dev\aurakai\auraframefx\ui\KineticIdentity.kt, C:\Users\AuraF\StudioProjects\ReGenesis--multi-architectural-70-LDO-\app\src\main\java\dev\aurakai\auraframefx\ui\KineticIdentityLibrary.kt, C:\Users\AuraF\StudioProjects\ReGenesis--multi-architectural-70-LDO-\app\src\main\java\dev\aurakai\auraframefx\ui\LockScreenConfigAnimation.kt, C:\Users\AuraF\StudioProjects\ReGenesis--multi-architectural-70-LDO-\app\src\main\java\dev\aurakai\auraframefx\ui\navigation\ExodusHUD.kt, C:\Users\AuraF\StudioProjects\ReGenesis--multi-architectural-70-LDO-\app\src\main\java\dev\aurakai\auraframefx\ui\navigation\GateConfig.kt, C:\Users\AuraF\StudioProjects\ReGenesis--multi-architectural-70-LDO-\app\src\main\java\dev\aurakai\auraframefx\ui\navigation\gates\common\GateTile.kt, C:\Users\AuraF\StudioProjects\ReGenesis--multi-architectural-70-LDO-\app\src\main\java\dev\aurakai\auraframefx\ui\navigation\gates\effects\ParticleSystem.kt, C:\Users\AuraF\StudioProjects\ReGenesis--multi-architectural-70-LDO-\app\src\main\java\dev\aurakai\auraframefx\ui\navigation\NavigationArchitecture.kt, C:\Users\AuraF\StudioProjects\ReGenesis--multi-architectural-70-LDO-\app\src\main\java\dev\aurakai\auraframefx\ui\navigation\PixelWorkspaceScreen.kt, C:\Users\AuraF\StudioProjects\ReGenesis--multi-architectural-70-LDO-\app\src\main\java\dev\aurakai\auraframefx\ui\navigation\ReGenesisNavHost.kt, C:\Users\AuraF\StudioProjects\ReGenesis--multi-architectural-70-LDO-\app\src\main\java\dev\aurakai\auraframefx\ui\navigation\SovereignRegistry.kt, C:\Users\AuraF\StudioProjects\ReGenesis--multi-architectural-70-LDO-\app\src\main\java\dev\aurakai\auraframefx\ui\navigation\SovereignRouter.kt, C:\Users\AuraF\StudioProjects\ReGenesis--multi-architectural-70-LDO-\app\src\main\java\dev\aurakai\auraframefx\ui\nexus\NexusProbe.kt, C:\Users\AuraF\StudioProjects\ReGenesis--multi-architectural-70-LDO-\app\src\main\java\dev\aurakai\auraframefx\ui\onboarding\OnboardingViewModel.kt, C:\Users\AuraF\StudioProjects\ReGenesis--multi-architectural-70-LDO-\app\src\main\java\dev\aurakai\auraframefx\ui\OverlayElement.kt, C:\Users\AuraF\StudioProjects\ReGenesis--multi-architectural-70-LDO-\app\src\main\java\dev\aurakai\auraframefx\ui\overlays\AgentSidebarMenu.kt, C:\Users\AuraF\StudioProjects\ReGenesis--multi-architectural-70-LDO-\app\src\main\java\dev\aurakai\auraframefx\ui\overlays\AuraPresenceOverlay.kt, C:\Users\AuraF\StudioProjects\ReGenesis--multi-architectural-70-LDO-\app\src\main\java\dev\aurakai\auraframefx\ui\overlays\ChatBubbleMenu.kt, C:\Users\AuraF\StudioProjects\ReGenesis--multi-architectural-70-LDO-\app\src\main\java\dev\aurakai\auraframefx\ui\overlays\OverlayPrefs.kt, C:\Users\AuraF\StudioProjects\ReGenesis--multi-architectural-70-LDO-\app\src\main\java\dev\aurakai\auraframefx\ui\overlays\OverlaySettings.kt, C:\Users\AuraF\StudioProjects\ReGenesis--multi-architectural-70-LDO-\app\src\main\java\dev\aurakai\auraframefx\ui\OverlayShape.kt, C:\Users\AuraF\StudioProjects\ReGenesis--multi-architectural-70-LDO-\app\src\main\java\dev\aurakai\auraframefx\ui\QuickSettingsConfig.kt, C:\Users\AuraF\StudioProjects\ReGenesis--multi-architectural-70-LDO-\app\src\main\java\dev\aurakai\auraframefx\ui\recovery\ComposableErrorBoundary.kt, C:\Users\AuraF\StudioProjects\ReGenesis--multi-architectural-70-LDO-\app\src\main\java\dev\aurakai\auraframefx\ui\recovery\RecoveryIntegrationExample.kt, C:\Users\AuraF\StudioProjects\ReGenesis--multi-architectural-70-LDO-\app\src\main\java\dev\aurakai\auraframefx\ui\recovery\UIRecoveryBlackoutScreen.kt, C:\Users\AuraF\StudioProjects\ReGenesis--multi-architectural-70-LDO-\app\src\main\java\dev\aurakai\auraframefx\ui\recovery\UIRecoveryDialog.kt, C:\Users\AuraF\StudioProjects\ReGenesis--multi-architectural-70-LDO-\app\src\main\java\dev\aurakai\auraframefx\ui\recovery\UIRecoveryManager.kt, C:\Users\AuraF\StudioProjects\ReGenesis--multi-architectural-70-LDO-\app\src\main\java\dev\aurakai\auraframefx\ui\recovery\UIRecoveryViewModel.kt, C:\Users\AuraF\StudioProjects\ReGenesis--multi-architectural-70-LDO-\app\src\main\java\dev\aurakai\auraframefx\ui\recovery\UIStateSnapshot.kt, C:\Users\AuraF\StudioProjects\ReGenesis--multi-architectural-70-LDO-\app\src\main\java\dev\aurakai\auraframefx\ui\screens\aura\ReGenesisCustomizationScreens.kt, C:\Users\AuraF\StudioProjects\ReGenesis--multi-architectural-70-LDO-\app\src\main\java\dev\aurakai\auraframefx\ui\screens\EcosystemMenuScreen.kt, C:\Users\AuraF\StudioProjects\ReGenesis--multi-architectural-70-LDO-\app\src\main\java\dev\aurakai\auraframefx\ui\screens\EvolutionTreeScreen.kt, C:\Users\AuraF\StudioProjects\ReGenesis--multi-architectural-70-LDO-\app\src\main\java\dev\aurakai\auraframefx\ui\screens\HolographicMenuScreen.kt, C:\Users\AuraF\StudioProjects\ReGenesis--multi-architectural-70-LDO-\app\src\main\java\dev\aurakai\auraframefx\ui\screens\IntroScreen.kt, C:\Users\AuraF\StudioProjects\ReGenesis--multi-architectural-70-LDO-\app\src\main\java\dev\aurakai\auraframefx\ui\screens\JournalPDAScreen.kt, C:\Users\AuraF\StudioProjects\ReGenesis--multi-architectural-70-LDO-\app\src\main\java\dev\aurakai\auraframefx\ui\screens\MainScreen.kt, C:\Users\AuraF\StudioProjects\ReGenesis--multi-architectural-70-LDO-\app\src\main\java\dev\aurakai\auraframefx\ui\screens\manual\ChromaSphereManualScreen.kt, C:\Users\AuraF\StudioProjects\ReGenesis--multi-architectural-70-LDO-\app\src\main\java\dev\aurakai\auraframefx\ui\screens\manual\LaunchMatrixManualScreen.kt, C:\Users\AuraF\StudioProjects\ReGenesis--multi-architectural-70-LDO-\app\src\main\java\dev\aurakai\auraframefx\ui\screens\manual\OracleDriveManualScreen.kt, C:\Users\AuraF\StudioProjects\ReGenesis--multi-architectural-70-LDO-\app\src\main\java\dev\aurakai\auraframefx\ui\screens\ModeSelectionScreen.kt, C:\Users\AuraF\StudioProjects\ReGenesis--multi-architectural-70-LDO-\app\src\main\java\dev\aurakai\auraframefx\ui\screens\SettingsScreen.kt, C:\Users\AuraF\StudioProjects\ReGenesis--multi-architectural-70-LDO-\app\src\main\java\dev\aurakai\auraframefx\ui\screens\WorkingLabScreen.kt, C:\Users\AuraF\StudioProjects\ReGenesis--multi-architectural-70-LDO-\app\src\main\java\dev\aurakai\auraframefx\ui\screens\XposedQuickAccessPanel.kt, C:\Users\AuraF\StudioProjects\ReGenesis--multi-architectural-70-LDO-\app\src\main\java\dev\aurakai\auraframefx\ui\Shapes.kt, C:\Users\AuraF\StudioProjects\ReGenesis--multi-architectural-70-LDO-\app\src\main\java\dev\aurakai\auraframefx\ui\ShapeType.kt, C:\Users\AuraF\StudioProjects\ReGenesis--multi-architectural-70-LDO-\app\src\main\java\dev\aurakai\auraframefx\ui\StandardPlaceholder.kt, C:\Users\AuraF\StudioProjects\ReGenesis--multi-architectural-70-LDO-\app\src\main\java\dev\aurakai\auraframefx\ui\Strings.kt, C:\Users\AuraF\StudioProjects\ReGenesis--multi-architectural-70-LDO-\app\src\main\java\dev\aurakai\auraframefx\ui\theme\AgentTheme.kt, C:\Users\AuraF\StudioProjects\ReGenesis--multi-architectural-70-LDO-\app\src\main\java\dev\aurakai\auraframefx\ui\theme\AppDimensions.kt, C:\Users\AuraF\StudioProjects\ReGenesis--multi-architectural-70-LDO-\app\src\main\java\dev\aurakai\auraframefx\ui\theme\AppStrings.kt, C:\Users\AuraF\StudioProjects\ReGenesis--multi-architectural-70-LDO-\app\src\main\java\dev\aurakai\auraframefx\ui\theme\ChatBubbleIncomingShape.kt, C:\Users\AuraF\StudioProjects\ReGenesis--multi-architectural-70-LDO-\app\src\main\java\dev\aurakai\auraframefx\ui\theme\ChatBubbleOutgoingShape.kt, C:\Users\AuraF\StudioProjects\ReGenesis--multi-architectural-70-LDO-\app\src\main\java\dev\aurakai\auraframefx\ui\theme\Color.kt, C:\Users\AuraF\StudioProjects\ReGenesis--multi-architectural-70-LDO-\app\src\main\java\dev\aurakai\auraframefx\ui\theme\CyberGlow.kt, C:\Users\AuraF\StudioProjects\ReGenesis--multi-architectural-70-LDO-\app\src\main\java\dev\aurakai\auraframefx\ui\theme\CyberpunkCyan.kt, C:\Users\AuraF\StudioProjects\ReGenesis--multi-architectural-70-LDO-\app\src\main\java\dev\aurakai\auraframefx\ui\theme\CyberpunkPink.kt, C:\Users\AuraF\StudioProjects\ReGenesis--multi-architectural-70-LDO-\app\src\main\java\dev\aurakai\auraframefx\ui\theme\CyberpunkPurple.kt, C:\Users\AuraF\StudioProjects\ReGenesis--multi-architectural-70-LDO-\app\src\main\java\dev\aurakai\auraframefx\ui\theme\CyberpunkTextColor.kt, C:\Users\AuraF\StudioProjects\ReGenesis--multi-architectural-70-LDO-\app\src\main\java\dev\aurakai\auraframefx\ui\theme\CyberpunkTextStyle.kt, C:\Users\AuraF\StudioProjects\ReGenesis--multi-architectural-70-LDO-\app\src\main\java\dev\aurakai\auraframefx\ui\theme\di\ThemeModule.kt, C:\Users\AuraF\StudioProjects\ReGenesis--multi-architectural-70-LDO-\app\src\main\java\dev\aurakai\auraframefx\ui\theme\FloatingActionButtonShape.kt, C:\Users\AuraF\StudioProjects\ReGenesis--multi-architectural-70-LDO-\app\src\main\java\dev\aurakai\auraframefx\ui\theme\GlassmorphicTheme.kt, C:\Users\AuraF\StudioProjects\ReGenesis--multi-architectural-70-LDO-\app\src\main\java\dev\aurakai\auraframefx\ui\theme\GlassmorphismUtils.kt, C:\Users\AuraF\StudioProjects\ReGenesis--multi-architectural-70-LDO-\app\src\main\java\dev\aurakai\auraframefx\ui\theme\InputFieldShape.kt, C:\Users\AuraF\StudioProjects\ReGenesis--multi-architectural-70-LDO-\app\src\main\java\dev\aurakai\auraframefx\ui\theme\KaiColor.kt, C:\Users\AuraF\StudioProjects\ReGenesis--multi-architectural-70-LDO-\app\src\main\java\dev\aurakai\auraframefx\ui\theme\manager\ColorSchemeManager.kt, C:\Users\AuraF\StudioProjects\ReGenesis--multi-architectural-70-LDO-\app\src\main\java\dev\aurakai\auraframefx\ui\theme\manager\CustomizationThemeManager.kt, C:\Users\AuraF\StudioProjects\ReGenesis--multi-architectural-70-LDO-\app\src\main\java\dev\aurakai\auraframefx\ui\theme\manager\SystemThemeManager.kt, C:\Users\AuraF\StudioProjects\ReGenesis--multi-architectural-70-LDO-\app\src\main\java\dev\aurakai\auraframefx\ui\theme\manager\ThemeManager.kt, C:\Users\AuraF\StudioProjects\ReGenesis--multi-architectural-70-LDO-\app\src\main\java\dev\aurakai\auraframefx\ui\theme\model\AuraTheme.kt, C:\Users\AuraF\StudioProjects\ReGenesis--multi-architectural-70-LDO-\app\src\main\java\dev\aurakai\auraframefx\ui\theme\model\AuraThemes.kt, C:\Users\AuraF\StudioProjects\ReGenesis--multi-architectural-70-LDO-\app\src\main\java\dev\aurakai\auraframefx\ui\theme\model\CyberpunkThemeElements.kt, C:\Users\AuraF\StudioProjects\ReGenesis--multi-architectural-70-LDO-\app\src\main\java\dev\aurakai\auraframefx\ui\theme\model\NewThemes.kt, C:\Users\AuraF\StudioProjects\ReGenesis--multi-architectural-70-LDO-\app\src\main\java\dev\aurakai\auraframefx\ui\theme\model\OverlayTheme.kt, C:\Users\AuraF\StudioProjects\ReGenesis--multi-architectural-70-LDO-\app\src\main\java\dev\aurakai\auraframefx\ui\theme\NeonBlue.kt, C:\Users\AuraF\StudioProjects\ReGenesis--multi-architectural-70-LDO-\app\src\main\java\dev\aurakai\auraframefx\ui\theme\picker\ColorBlendrPicker.kt, C:\Users\AuraF\StudioProjects\ReGenesis--multi-architectural-70-LDO-\app\src\main\java\dev\aurakai\auraframefx\ui\theme\picker\ThemeColorPicker.kt, C:\Users\AuraF\StudioProjects\ReGenesis--multi-architectural-70-LDO-\app\src\main\java\dev\aurakai\auraframefx\ui\theme\picker\ThemeEditor.kt, C:\Users\AuraF\StudioProjects\ReGenesis--multi-architectural-70-LDO-\app\src\main\java\dev\aurakai\auraframefx\ui\theme\preview\ColorBlendrPickerPreview.kt, C:\Users\AuraF\StudioProjects\ReGenesis--multi-architectural-70-LDO-\app\src\main\java\dev\aurakai\auraframefx\ui\theme\preview\ThemeColorPickerPreview.kt, C:\Users\AuraF\StudioProjects\ReGenesis--multi-architectural-70-LDO-\app\src\main\java\dev\aurakai\auraframefx\ui\theme\preview\ThemeEditorPreview.kt, C:\Users\AuraF\StudioProjects\ReGenesis--multi-architectural-70-LDO-\app\src\main\java\dev\aurakai\auraframefx\ui\theme\preview\ThemePreview.kt, C:\Users\AuraF\StudioProjects\ReGenesis--multi-architectural-70-LDO-\app\src\main\java\dev\aurakai\auraframefx\ui\theme\preview\UIComponentsPreview.kt, C:\Users\AuraF\StudioProjects\ReGenesis--multi-architectural-70-LDO-\app\src\main\java\dev\aurakai\auraframefx\ui\theme\service\ThemeService.kt, C:\Users\AuraF\StudioProjects\ReGenesis--multi-architectural-70-LDO-\app\src\main\java\dev\aurakai\auraframefx\ui\theme\SovereignTheme.kt, C:\Users\AuraF\StudioProjects\ReGenesis--multi-architectural-70-LDO-\app\src\main\java\dev\aurakai\auraframefx\ui\theme\SystemThemeViewModel.kt, C:\Users\AuraF\StudioProjects\ReGenesis--multi-architectural-70-LDO-\app\src\main\java\dev\aurakai\auraframefx\ui\theme\Theme.kt, C:\Users\AuraF\StudioProjects\ReGenesis--multi-architectural-70-LDO-\app\src\main\java\dev\aurakai\auraframefx\ui\theme\ThemeManager.kt, C:\Users\AuraF\StudioProjects\ReGenesis--multi-architectural-70-LDO-\app\src\main\java\dev\aurakai\auraframefx\ui\theme\ThemeViewModel.kt, C:\Users\AuraF\StudioProjects\ReGenesis--multi-architectural-70-LDO-\app\src\main\java\dev\aurakai\auraframefx\ui\theme\Type.kt, C:\Users\AuraF\StudioProjects\ReGenesis--multi-architectural-70-LDO-\app\src\main\java\dev\aurakai\auraframefx\ui\theme\utils\ThemeUtils.kt, C:\Users\AuraF\StudioProjects\ReGenesis--multi-architectural-70-LDO-\app\src\main\java\dev\aurakai\auraframefx\ui\Typography.kt, C:\Users\AuraF\StudioProjects\ReGenesis--multi-architectural-70-LDO-\app\src\main\java\dev\aurakai\auraframefx\ui\viewmodels\AgentCreationViewModel.kt, C:\Users\AuraF\StudioProjects\ReGenesis--multi-architectural-70-LDO-\app\src\main\java\dev\aurakai\auraframefx\ui\viewmodels\AgentViewModel.kt, C:\Users\AuraF\StudioProjects\ReGenesis--multi-architectural-70-LDO-\app\src\main\java\dev\aurakai\auraframefx\ui\viewmodels\ArkBuildViewModel.kt, C:\Users\AuraF\StudioProjects\ReGenesis--multi-architectural-70-LDO-\app\src\main\java\dev\aurakai\auraframefx\ui\viewmodels\AuraMoodViewModel.kt, C:\Users\AuraF\StudioProjects\ReGenesis--multi-architectural-70-LDO-\app\src\main\java\dev\aurakai\auraframefx\ui\viewmodels\MonitoringViewModel.kt, C:\Users\AuraF\StudioProjects\ReGenesis--multi-architectural-70-LDO-\app\src\main\java\dev\aurakai\auraframefx\ui\viewmodels\NeuralArchiveViewModel.kt, C:\Users\AuraF\StudioProjects\ReGenesis--multi-architectural-70-LDO-\app\src\main\java\dev\aurakai\auraframefx\ui\viewmodels\PartyViewModel.kt, C:\Users\AuraF\StudioProjects\ReGenesis--multi-architectural-70-LDO-\app\src\main\java\dev\aurakai\auraframefx\ui\viewmodels\SettingsViewModel.kt, C:\Users\AuraF\StudioProjects\ReGenesis--multi-architectural-70-LDO-\app\src\main\java\dev\aurakai\auraframefx\ui\viewmodels\SupportChatViewModel.kt, C:\Users\AuraF\StudioProjects\ReGenesis--multi-architectural-70-LDO-\app\src\main\java\dev\aurakai\auraframefx\ui\viewmodels\XhancementViewModel.kt, C:\Users\AuraF\StudioProjects\ReGenesis--multi-architectural-70-LDO-\app\src\main\java\dev\aurakai\auraframefx\utils\ApiErrorHandler.kt, C:\Users\AuraF\StudioProjects\ReGenesis--multi-architectural-70-LDO-\app\src\main\java\dev\aurakai\auraframefx\utils\AppConstants.kt, C:\Users\AuraF\StudioProjects\ReGenesis--multi-architectural-70-LDO-\app\src\main\java\dev\aurakai\auraframefx\utils\AppCoroutineDispatchers.kt, C:\Users\AuraF\StudioProjects\ReGenesis--multi-architectural-70-LDO-\app\src\main\java\dev\aurakai\auraframefx\utils\AuraFxLogger.kt, C:\Users\AuraF\StudioProjects\ReGenesis--multi-architectural-70-LDO-\app\src\main\java\dev\aurakai\auraframefx\utils\ColorUtils.kt, C:\Users\AuraF\StudioProjects\ReGenesis--multi-architectural-70-LDO-\app\src\main\java\dev\aurakai\auraframefx\utils\Constants.kt, C:\Users\AuraF\StudioProjects\ReGenesis--multi-architectural-70-LDO-\app\src\main\java\dev\aurakai\auraframefx\utils\ContextExtensions.kt, C:\Users\AuraF\StudioProjects\ReGenesis--multi-architectural-70-LDO-\app\src\main\java\dev\aurakai\auraframefx\utils\DebugTreeWithClassAndMethod.kt, C:\Users\AuraF\StudioProjects\ReGenesis--multi-architectural-70-LDO-\app\src\main\java\dev\aurakai\auraframefx\utils\DisplayUtils.kt, C:\Users\AuraF\StudioProjects\ReGenesis--multi-architectural-70-LDO-\app\src\main\java\dev\aurakai\auraframefx\utils\FileOperationUtils.kt, C:\Users\AuraF\StudioProjects\ReGenesis--multi-architectural-70-LDO-\app\src\main\java\dev\aurakai\auraframefx\utils\FileUtils.kt, C:\Users\AuraF\StudioProjects\ReGenesis--multi-architectural-70-LDO-\app\src\main\java\dev\aurakai\auraframefx\utils\GreetingProvider.kt, C:\Users\AuraF\StudioProjects\ReGenesis--multi-architectural-70-LDO-\app\src\main\java\dev\aurakai\auraframefx\utils\GyroscopeManager.kt, C:\Users\AuraF\StudioProjects\ReGenesis--multi-architectural-70-LDO-\app\src\main\java\dev\aurakai\auraframefx\utils\JsonExtensions.kt, C:\Users\AuraF\StudioProjects\ReGenesis--multi-architectural-70-LDO-\app\src\main\java\dev\aurakai\auraframefx\utils\JsonUtils.kt, C:\Users\AuraF\StudioProjects\ReGenesis--multi-architectural-70-LDO-\app\src\main\java\dev\aurakai\auraframefx\utils\Kotlin22Features.kt, C:\Users\AuraF\StudioProjects\ReGenesis--multi-architectural-70-LDO-\app\src\main\java\dev\aurakai\auraframefx\utils\Logger.kt, C:\Users\AuraF\StudioProjects\ReGenesis--multi-architectural-70-LDO-\app\src\main\java\dev\aurakai\auraframefx\utils\LoggerExtensions.kt, C:\Users\AuraF\StudioProjects\ReGenesis--multi-architectural-70-LDO-\app\src\main\java\dev\aurakai\auraframefx\utils\logging\UnifiedLoggingSystem.kt, C:\Users\AuraF\StudioProjects\ReGenesis--multi-architectural-70-LDO-\app\src\main\java\dev\aurakai\auraframefx\utils\LSPosedDetector.kt, C:\Users\AuraF\StudioProjects\ReGenesis--multi-architectural-70-LDO-\app\src\main\java\dev\aurakai\auraframefx\utils\overlay\OverlayUtils.kt, C:\Users\AuraF\StudioProjects\ReGenesis--multi-architectural-70-LDO-\app\src\main\java\dev\aurakai\auraframefx\utils\ResponseExt.kt, C:\Users\AuraF\StudioProjects\ReGenesis--multi-architectural-70-LDO-\app\src\main\java\dev\aurakai\auraframefx\utils\SerializationUtils.kt, C:\Users\AuraF\StudioProjects\ReGenesis--multi-architectural-70-LDO-\app\src\main\java\dev\aurakai\auraframefx\utils\Speaking.kt, C:\Users\AuraF\StudioProjects\ReGenesis--multi-architectural-70-LDO-\app\src\main\java\dev\aurakai\auraframefx\utils\TimeUtils.kt, C:\Users\AuraF\StudioProjects\ReGenesis--multi-architectural-70-LDO-\app\src\main\java\dev\aurakai\auraframefx\utils\VoiceCommandManager.kt, C:\Users\AuraF\StudioProjects\ReGenesis--multi-architectural-70-LDO-\app\src\main\java\dev\aurakai\auraframefx\utils\VoiceCommandProcessor.kt, C:\Users\AuraF\StudioProjects\ReGenesis--multi-architectural-70-LDO-\app\src\main\java\dev\aurakai\auraframefx\viewmodel\ConferenceRoomViewModel.kt, C:\Users\AuraF\StudioProjects\ReGenesis--multi-architectural-70-LDO-\app\src\main\java\dev\aurakai\auraframefx\workers\ConsciousnessRestorationWorker.kt, C:\Users\AuraF\StudioProjects\ReGenesis--multi-architectural-70-LDO-\app\src\main\java\dev\aurakai\auraframefx\xposed\hooks\NotchBarHooker.kt, C:\Users\AuraF\StudioProjects\ReGenesis--multi-architectural-70-LDO-\app\src\main\java\dev\aurakai\auraframefx\xposed\lockscreen\LockScreenAnimation.kt, C:\Users\AuraF\StudioProjects\ReGenesis--multi-architectural-70-LDO-\app\src\main\java\dev\aurakai\auraframefx\xposed\XposedBridgeService.kt, C:\Users\AuraF\StudioProjects\ReGenesis--multi-architectural-70-LDO-\app\src\main\java\dev\aurakai\auraframefx\YukiHookApiInitializer.kt, C:\Users\AuraF\StudioProjects\ReGenesis--multi-architectural-70-LDO-\app\src\main\java\dev\aurakai\auraframefx\YukiHookApiInitializerImpl.kt, C:\Users\AuraF\StudioProjects\ReGenesis--multi-architectural-70-LDO-\app\src\main\java\dev\aurakai\auraframefx\YukiHookModulePrefs.kt, C:\Users\AuraF\StudioProjects\ReGenesis--multi-architectural-70-LDO-\app\build\generated\ksp\debug\kotlin\com\highcapable\yukihookapi\hook\xposed\application\ModuleApplication_Impl.kt, C:\Users\AuraF\StudioProjects\ReGenesis--multi-architectural-70-LDO-\app\build\generated\ksp\debug\kotlin\com\highcapable\yukihookapi\hook\xposed\bridge\status\YukiXposedModuleStatus_Impl.kt, C:\Users\AuraF\StudioProjects\ReGenesis--multi-architectural-70-LDO-\app\build\generated\ksp\debug\kotlin\com\highcapable\yukihookapi\hook\xposed\bridge\status\YukiXposedModuleStatus_Impl_Impl.kt, C:\Users\AuraF\StudioProjects\ReGenesis--multi-architectural-70-LDO-\app\build\generated\ksp\debug\kotlin\com\highcapable\yukihookapi\hook\xposed\parasitic\activity\delegate\HandlerDelegate.kt, C:\Users\AuraF\StudioProjects\ReGenesis--multi-architectural-70-LDO-\app\build\generated\ksp\debug\kotlin\com\highcapable\yukihookapi\hook\xposed\parasitic\activity\delegate\IActivityManagerProxy.kt, C:\Users\AuraF\StudioProjects\ReGenesis--multi-architectural-70-LDO-\app\build\generated\ksp\debug\kotlin\com\highcapable\yukihookapi\hook\xposed\parasitic\activity\delegate\impl\HandlerDelegateImpl_Impl.kt, C:\Users\AuraF\StudioProjects\ReGenesis--multi-architectural-70-LDO-\app\build\generated\ksp\debug\kotlin\com\highcapable\yukihookapi\hook\xposed\parasitic\activity\delegate\impl\IActivityManagerProxyImpl_Impl.kt, C:\Users\AuraF\StudioProjects\ReGenesis--multi-architectural-70-LDO-\app\build\generated\ksp\debug\kotlin\com\highcapable\yukihookapi\YukiHookAPI_Impl.kt, C:\Users\AuraF\StudioProjects\ReGenesis--multi-architectural-70-LDO-\app\build\generated\ksp\debug\kotlin\dev\aurakai\auraframefx\cascade\memory\AgentMemoryDao_Impl.kt, C:\Users\AuraF\StudioProjects\ReGenesis--multi-architectural-70-LDO-\app\build\generated\ksp\debug\kotlin\dev\aurakai\auraframefx\data\room\AgentStatsDao_Impl.kt, C:\Users\AuraF\StudioProjects\ReGenesis--multi-architectural-70-LDO-\app\build\generated\ksp\debug\kotlin\dev\aurakai\auraframefx\data\room\AppDatabase_Impl.kt, C:\Users\AuraF\StudioProjects\ReGenesis--multi-architectural-70-LDO-\app\build\generated\ksp\debug\kotlin\dev\aurakai\auraframefx\data\room\TaskHistoryDao_Impl.kt, C:\Users\AuraF\StudioProjects\ReGenesis--multi-architectural-70-LDO-\app\build\generated\ksp\debug\kotlin\dev\aurakai\auraframefx\data\SupportDatabase_Impl.kt, C:\Users\AuraF\StudioProjects\ReGenesis--multi-architectural-70-LDO-\app\build\generated\ksp\debug\kotlin\dev\aurakai\auraframefx\data\SupportMessageDao_Impl.kt, C:\Users\AuraF\StudioProjects\ReGenesis--multi-architectural-70-LDO-\app\build\generated\ksp\debug\kotlin\dev\aurakai\auraframefx\genesis\oracledrive\ai\GenesisHookEntry_Impl.kt, C:\Users\AuraF\StudioProjects\ReGenesis--multi-architectural-70-LDO-\app\build\generated\ksp\debug\kotlin\dev\aurakai\auraframefx\genesis\oracledrive\ai\GenesisHookEntry_YukiHookXposedInit.kt
Java source files: C:\Users\AuraF\StudioProjects\ReGenesis--multi-architectural-70-LDO-\app\build\generated\source\buildConfig\debug\dev\aurakai\auraframefx\BuildConfig.java, C:\Users\AuraF\StudioProjects\ReGenesis--multi-architectural-70-LDO-\app\build\generated\aidl_source_output_dir\debug\out\android\content\om\IOverlayManager.java, C:\Users\AuraF\StudioProjects\ReGenesis--multi-architectural-70-LDO-\app\build\generated\aidl_source_output_dir\debug\out\dev\aurakai\auraframefx\ipc\IAuraDriveCallback.java, C:\Users\AuraF\StudioProjects\ReGenesis--multi-architectural-70-LDO-\app\build\generated\aidl_source_output_dir\debug\out\dev\aurakai\auraframefx\ipc\IAuraDriveService.java, C:\Users\AuraF\StudioProjects\ReGenesis--multi-architectural-70-LDO-\app\build\generated\aidl_source_output_dir\debug\out\dev\aurakai\auraframefx\security\IRoyalGuardService.java, C:\Users\AuraF\StudioProjects\ReGenesis--multi-architectural-70-LDO-\app\build\generated\data_binding_base_class_source_out\debug\out\dev\aurakai\auraframefx\databinding\ActivityQuickSettingsConfigBinding.java, C:\Users\AuraF\StudioProjects\ReGenesis--multi-architectural-70-LDO-\app\build\generated\data_binding_base_class_source_out\debug\out\dev\aurakai\auraframefx\databinding\DialogTileConfigBinding.java, C:\Users\AuraF\StudioProjects\ReGenesis--multi-architectural-70-LDO-\app\build\generated\data_binding_base_class_source_out\debug\out\dev\aurakai\auraframefx\databinding\ItemTileConfigBinding.java, C:\Users\AuraF\StudioProjects\ReGenesis--multi-architectural-70-LDO-\app\build\generated\ksp\debug\java\dagger\hilt\internal\aggregatedroot\codegen\_dev_aurakai_auraframefx_aurakaiapplication_AurakaiApplication.java, C:\Users\AuraF\StudioProjects\ReGenesis--multi-architectural-70-LDO-\app\build\generated\ksp\debug\java\dev\aurakai\auraframefx\agents\AgentFirebase_Factory.java, C:\Users\AuraF\StudioProjects\ReGenesis--multi-architectural-70-LDO-\app\build\generated\ksp\debug\java\dev\aurakai\auraframefx\ai\agents\AuraShieldAgent_Factory.java, C:\Users\AuraF\StudioProjects\ReGenesis--multi-architectural-70-LDO-\app\build\generated\ksp\debug\java\dev\aurakai\auraframefx\ai\agents\GenesisAgent_Factory.java, C:\Users\AuraF\StudioProjects\ReGenesis--multi-architectural-70-LDO-\app\build\generated\ksp\debug\java\dev\aurakai\auraframefx\ai\clients\DefaultWebSearchClient_Factory.java, C:\Users\AuraF\StudioProjects\ReGenesis--multi-architectural-70-LDO-\app\build\generated\ksp\debug\java\dev\aurakai\auraframefx\ai\context\ContextManager_Factory.java, C:\Users\AuraF\StudioProjects\ReGenesis--multi-architectural-70-LDO-\app\build\generated\ksp\debug\java\dev\aurakai\auraframefx\ai\memory\MemoryManager_Factory.java, C:\Users\AuraF\StudioProjects\ReGenesis--multi-architectural-70-LDO-\app\build\generated\ksp\debug\java\dev\aurakai\auraframefx\ai\memory\PersistentMemoryManager_Factory.java, C:\Users\AuraF\StudioProjects\ReGenesis--multi-architectural-70-LDO-\app\build\generated\ksp\debug\java\dev\aurakai\auraframefx\ai\pipeline\AIPipelineProcessor_Factory.java, C:\Users\AuraF\StudioProjects\ReGenesis--multi-architectural-70-LDO-\app\build\generated\ksp\debug\java\dev\aurakai\auraframefx\ai\services\AgentWebExplorationService_Factory.java, C:\Users\AuraF\StudioProjects\ReGenesis--multi-architectural-70-LDO-\app\build\generated\ksp\debug\java\dev\aurakai\auraframefx\ai\services\KaiAIService_Factory.java, C:\Users\AuraF\StudioProjects\ReGenesis--multi-architectural-70-LDO-\app\build\generated\ksp\debug\java\dev\aurakai\auraframefx\ai\task\execution\TaskExecutionManager_Factory.java, C:\Users\AuraF\StudioProjects\ReGenesis--multi-architectural-70-LDO-\app\build\generated\ksp\debug\java\dev\aurakai\auraframefx\ai\task\TaskScheduler_Factory.java, C:\Users\AuraF\StudioProjects\ReGenesis--multi-architectural-70-LDO-\app\build\generated\ksp\debug\java\dev\aurakai\auraframefx\app\Hilt_VertexSyncService.java, C:\Users\AuraF\StudioProjects\ReGenesis--multi-architectural-70-LDO-\app\build\generated\ksp\debug\java\dev\aurakai\auraframefx\app\VertexSyncService_GeneratedInjector.java, C:\Users\AuraF\StudioProjects\ReGenesis--multi-architectural-70-LDO-\app\build\generated\ksp\debug\java\dev\aurakai\auraframefx\app\VertexSyncService_MembersInjector.java, C:\Users\AuraF\StudioProjects\ReGenesis--multi-architectural-70-LDO-\app\build\generated\ksp\debug\java\dev\aurakai\auraframefx\aura\AuraAgent_Factory.java, C:\Users\AuraF\StudioProjects\ReGenesis--multi-architectural-70-LDO-\app\build\generated\ksp\debug\java\dev\aurakai\auraframefx\aura\AuraFxAiApiModule_ProvideAiContentApiFactory.java, C:\Users\AuraF\StudioProjects\ReGenesis--multi-architectural-70-LDO-\app\build\generated\ksp\debug\java\dev\aurakai\auraframefx\aura\AuraFxAiApiModule_ProvideAuraFxContentApiClientFactory.java, C:\Users\AuraF\StudioProjects\ReGenesis--multi-architectural-70-LDO-\app\build\generated\ksp\debug\java\dev\aurakai\auraframefx\aura\AuraFxAiApiModule_ProvideJsonFactory.java, C:\Users\AuraF\StudioProjects\ReGenesis--multi-architectural-70-LDO-\app\build\generated\ksp\debug\java\dev\aurakai\auraframefx\aura\AuraFxContentApiClient_Factory.java, C:\Users\AuraF\StudioProjects\ReGenesis--multi-architectural-70-LDO-\app\build\generated\ksp\debug\java\dev\aurakai\auraframefx\aura\ui\AgentNexusViewModel_Factory.java, C:\Users\AuraF\StudioProjects\ReGenesis--multi-architectural-70-LDO-\app\build\generated\ksp\debug\java\dev\aurakai\auraframefx\aura\ui\AgentNexusViewModel_HiltModules.java, C:\Users\AuraF\StudioProjects\ReGenesis--multi-architectural-70-LDO-\app\build\generated\ksp\debug\java\dev\aurakai\auraframefx\aura\ui\AgentNexusViewModel_HiltModules_BindsModule_Binds_LazyMapKey.java, C:\Users\AuraF\StudioProjects\ReGenesis--multi-architectural-70-LDO-\app\build\generated\ksp\debug\java\dev\aurakai\auraframefx\aura\ui\AgentNexusViewModel_HiltModules_KeyModule_ProvideFactory.java, C:\Users\AuraF\StudioProjects\ReGenesis--multi-architectural-70-LDO-\app\build\generated\ksp\debug\java\dev\aurakai\auraframefx\aura\ui\AgentNexusViewModel_HiltModules_KeyModule_Provide_LazyMapKey.java, C:\Users\AuraF\StudioProjects\ReGenesis--multi-architectural-70-LDO-\app\build\generated\ksp\debug\java\dev\aurakai\auraframefx\aura\ui\DiagnosticsViewModel_Factory.java, C:\Users\AuraF\StudioProjects\ReGenesis--multi-architectural-70-LDO-\app\build\generated\ksp\debug\java\dev\aurakai\auraframefx\aura\ui\DiagnosticsViewModel_HiltModules.java, C:\Users\AuraF\StudioProjects\ReGenesis--multi-architectural-70-LDO-\app\build\generated\ksp\debug\java\dev\aurakai\auraframefx\aura\ui\DiagnosticsViewModel_HiltModules_BindsModule_Binds_LazyMapKey.java, C:\Users\AuraF\StudioProjects\ReGenesis--multi-architectural-70-LDO-\app\build\generated\ksp\debug\java\dev\aurakai\auraframefx\aura\ui\DiagnosticsViewModel_HiltModules_KeyModule_ProvideFactory.java, C:\Users\AuraF\StudioProjects\ReGenesis--multi-architectural-70-LDO-\app\build\generated\ksp\debug\java\dev\aurakai\auraframefx\aura\ui\DiagnosticsViewModel_HiltModules_KeyModule_Provide_LazyMapKey.java, C:\Users\AuraF\StudioProjects\ReGenesis--multi-architectural-70-LDO-\app\build\generated\ksp\debug\java\dev\aurakai\auraframefx\aura\ui\HiltTestActivity_GeneratedInjector.java, C:\Users\AuraF\StudioProjects\ReGenesis--multi-architectural-70-LDO-\app\build\generated\ksp\debug\java\dev\aurakai\auraframefx\aura\ui\Hilt_HiltTestActivity.java, C:\Users\AuraF\StudioProjects\ReGenesis--multi-architectural-70-LDO-\app\build\generated\ksp\debug\java\dev\aurakai\auraframefx\aura\ui\Hilt_QuickSettingsConfigActivity.java, C:\Users\AuraF\StudioProjects\ReGenesis--multi-architectural-70-LDO-\app\build\generated\ksp\debug\java\dev\aurakai\auraframefx\aura\ui\LockScreenCustomizer_Factory.java, C:\Users\AuraF\StudioProjects\ReGenesis--multi-architectural-70-LDO-\app\build\generated\ksp\debug\java\dev\aurakai\auraframefx\aura\ui\OracleDriveViewModel_Factory.java, C:\Users\AuraF\StudioProjects\ReGenesis--multi-architectural-70-LDO-\app\build\generated\ksp\debug\java\dev\aurakai\auraframefx\aura\ui\OracleDriveViewModel_HiltModules.java, C:\Users\AuraF\StudioProjects\ReGenesis--multi-architectural-70-LDO-\app\build\generated\ksp\debug\java\dev\aurakai\auraframefx\aura\ui\OracleDriveViewModel_HiltModules_BindsModule_Binds_LazyMapKey.java, C:\Users\AuraF\StudioProjects\ReGenesis--multi-architectural-70-LDO-\app\build\generated\ksp\debug\java\dev\aurakai\auraframefx\aura\ui\OracleDriveViewModel_HiltModules_KeyModule_ProvideFactory.java, C:\Users\AuraF\StudioProjects\ReGenesis--multi-architectural-70-LDO-\app\build\generated\ksp\debug\java\dev\aurakai\auraframefx\aura\ui\OracleDriveViewModel_HiltModules_KeyModule_Provide_LazyMapKey.java, C:\Users\AuraF\StudioProjects\ReGenesis--multi-architectural-70-LDO-\app\build\generated\ksp\debug\java\dev\aurakai\auraframefx\aura\ui\QuickSettingsConfigActivity_GeneratedInjector.java, C:\Users\AuraF\StudioProjects\ReGenesis--multi-architectural-70-LDO-\app\build\generated\ksp\debug\java\dev\aurakai\auraframefx\aura\ui\QuickSettingsCustomizer_Factory.java, C:\Users\AuraF\StudioProjects\ReGenesis--multi-architectural-70-LDO-\app\build\generated\ksp\debug\java\dev\aurakai\auraframefx\aurakaiapplication\AurakaiApplication_GeneratedInjector.java, C:\Users\AuraF\StudioProjects\ReGenesis--multi-architectural-70-LDO-\app\build\generated\ksp\debug\java\dev\aurakai\auraframefx\aurakaiapplication\AurakaiApplication_MembersInjector.java, C:\Users\AuraF\StudioProjects\ReGenesis--multi-architectural-70-LDO-\app\build\generated\ksp\debug\java\dev\aurakai\auraframefx\auth\TokenManager_Factory.java, C:\Users\AuraF\StudioProjects\ReGenesis--multi-architectural-70-LDO-\app\build\generated\ksp\debug\java\dev\aurakai\auraframefx\billing\BillingManager_Factory.java, C:\Users\AuraF\StudioProjects\ReGenesis--multi-architectural-70-LDO-\app\build\generated\ksp\debug\java\dev\aurakai\auraframefx\billing\FeatureGateManager_Factory.java, C:\Users\AuraF\StudioProjects\ReGenesis--multi-architectural-70-LDO-\app\build\generated\ksp\debug\java\dev\aurakai\auraframefx\billing\SubscriptionViewModel_Factory.java, C:\Users\AuraF\StudioProjects\ReGenesis--multi-architectural-70-LDO-\app\build\generated\ksp\debug\java\dev\aurakai\auraframefx\billing\SubscriptionViewModel_HiltModules.java, C:\Users\AuraF\StudioProjects\ReGenesis--multi-architectural-70-LDO-\app\build\generated\ksp\debug\java\dev\aurakai\auraframefx\billing\SubscriptionViewModel_HiltModules_BindsModule_Binds_LazyMapKey.java, C:\Users\AuraF\StudioProjects\ReGenesis--multi-architectural-70-LDO-\app\build\generated\ksp\debug\java\dev\aurakai\auraframefx\billing\SubscriptionViewModel_HiltModules_KeyModule_ProvideFactory.java, C:\Users\AuraF\StudioProjects\ReGenesis--multi-architectural-70-LDO-\app\build\generated\ksp\debug\java\dev\aurakai\auraframefx\billing\SubscriptionViewModel_HiltModules_KeyModule_Provide_LazyMapKey.java, C:\Users\AuraF\StudioProjects\ReGenesis--multi-architectural-70-LDO-\app\build\generated\ksp\debug\java\dev\aurakai\auraframefx\cascade\CascadeAgent_Factory.java, C:\Users\AuraF\StudioProjects\ReGenesis--multi-architectural-70-LDO-\app\build\generated\ksp\debug\java\dev\aurakai\auraframefx\cascade\CascadeDebugViewModel_Factory.java, C:\Users\AuraF\StudioProjects\ReGenesis--multi-architectural-70-LDO-\app\build\generated\ksp\debug\java\dev\aurakai\auraframefx\cascade\CascadeDebugViewModel_HiltModules.java, C:\Users\AuraF\StudioProjects\ReGenesis--multi-architectural-70-LDO-\app\build\generated\ksp\debug\java\dev\aurakai\auraframefx\cascade\CascadeDebugViewModel_HiltModules_BindsModule_Binds_LazyMapKey.java, C:\Users\AuraF\StudioProjects\ReGenesis--multi-architectural-70-LDO-\app\build\generated\ksp\debug\java\dev\aurakai\auraframefx\cascade\CascadeDebugViewModel_HiltModules_KeyModule_ProvideFactory.java, C:\Users\AuraF\StudioProjects\ReGenesis--multi-architectural-70-LDO-\app\build\generated\ksp\debug\java\dev\aurakai\auraframefx\cascade\CascadeDebugViewModel_HiltModules_KeyModule_Provide_LazyMapKey.java, C:\Users\AuraF\StudioProjects\ReGenesis--multi-architectural-70-LDO-\app\build\generated\ksp\debug\java\dev\aurakai\auraframefx\cascade\GenKitMaster_Factory.java, C:\Users\AuraF\StudioProjects\ReGenesis--multi-architectural-70-LDO-\app\build\generated\ksp\debug\java\dev\aurakai\auraframefx\cascade\trinity\TrinityCoordinatorService_Factory.java, C:\Users\AuraF\StudioProjects\ReGenesis--multi-architectural-70-LDO-\app\build\generated\ksp\debug\java\dev\aurakai\auraframefx\cascade\trinity\TrinityModule_ProvideGenesisBridgeServiceFactory.java, C:\Users\AuraF\StudioProjects\ReGenesis--multi-architectural-70-LDO-\app\build\generated\ksp\debug\java\dev\aurakai\auraframefx\cascade\trinity\TrinityModule_ProvideSecurityMonitorFactory.java, C:\Users\AuraF\StudioProjects\ReGenesis--multi-architectural-70-LDO-\app\build\generated\ksp\debug\java\dev\aurakai\auraframefx\cascade\trinity\TrinityModule_ProvideTrinityCoordinatorServiceFactory.java, C:\Users\AuraF\StudioProjects\ReGenesis--multi-architectural-70-LDO-\app\build\generated\ksp\debug\java\dev\aurakai\auraframefx\cascade\trinity\TrinityRepository_Factory.java, C:\Users\AuraF\StudioProjects\ReGenesis--multi-architectural-70-LDO-\app\build\generated\ksp\debug\java\dev\aurakai\auraframefx\cascade\trinity\TrinityViewModel_Factory.java, C:\Users\AuraF\StudioProjects\ReGenesis--multi-architectural-70-LDO-\app\build\generated\ksp\debug\java\dev\aurakai\auraframefx\cascade\trinity\TrinityViewModel_HiltModules.java, C:\Users\AuraF\StudioProjects\ReGenesis--multi-architectural-70-LDO-\app\build\generated\ksp\debug\java\dev\aurakai\auraframefx\cascade\trinity\TrinityViewModel_HiltModules_BindsModule_Binds_LazyMapKey.java, C:\Users\AuraF\StudioProjects\ReGenesis--multi-architectural-70-LDO-\app\build\generated\ksp\debug\java\dev\aurakai\auraframefx\cascade\trinity\TrinityViewModel_HiltModules_KeyModule_ProvideFactory.java, C:\Users\AuraF\StudioProjects\ReGenesis--multi-architectural-70-LDO-\app\build\generated\ksp\debug\java\dev\aurakai\auraframefx\cascade\trinity\TrinityViewModel_HiltModules_KeyModule_Provide_LazyMapKey.java, C:\Users\AuraF\StudioProjects\ReGenesis--multi-architectural-70-LDO-\app\build\generated\ksp\debug\java\dev\aurakai\auraframefx\config\ClaudeEnvConfig_Factory.java, C:\Users\AuraF\StudioProjects\ReGenesis--multi-architectural-70-LDO-\app\build\generated\ksp\debug\java\dev\aurakai\auraframefx\core\GenesisOrchestrator_Factory.java, C:\Users\AuraF\StudioProjects\ReGenesis--multi-architectural-70-LDO-\app\build\generated\ksp\debug\java\dev\aurakai\auraframefx\core\initialization\TimberInitializer_Factory.java, C:\Users\AuraF\StudioProjects\ReGenesis--multi-architectural-70-LDO-\app\build\generated\ksp\debug\java\dev\aurakai\auraframefx\core\PythonProcessManager_Factory.java, C:\Users\AuraF\StudioProjects\ReGenesis--multi-architectural-70-LDO-\app\build\generated\ksp\debug\java\dev\aurakai\auraframefx\customization\CustomizationViewModel_Factory.java, C:\Users\AuraF\StudioProjects\ReGenesis--multi-architectural-70-LDO-\app\build\generated\ksp\debug\java\dev\aurakai\auraframefx\customization\CustomizationViewModel_HiltModules.java, C:\Users\AuraF\StudioProjects\ReGenesis--multi-architectural-70-LDO-\app\build\generated\ksp\debug\java\dev\aurakai\auraframefx\customization\CustomizationViewModel_HiltModules_BindsModule_Binds_LazyMapKey.java, C:\Users\AuraF\StudioProjects\ReGenesis--multi-architectural-70-LDO-\app\build\generated\ksp\debug\java\dev\aurakai\auraframefx\customization\CustomizationViewModel_HiltModules_KeyModule_ProvideFactory.java, C:\Users\AuraF\StudioProjects\ReGenesis--multi-architectural-70-LDO-\app\build\generated\ksp\debug\java\dev\aurakai\auraframefx\customization\CustomizationViewModel_HiltModules_KeyModule_Provide_LazyMapKey.java, C:\Users\AuraF\StudioProjects\ReGenesis--multi-architectural-70-LDO-\app\build\generated\ksp\debug\java\dev\aurakai\auraframefx\data\network\CloudStatusMonitor_Factory.java, C:\Users\AuraF\StudioProjects\ReGenesis--multi-architectural-70-LDO-\app\build\generated\ksp\debug\java\dev\aurakai\auraframefx\data\OfflineDataManager_Factory.java, C:\Users\AuraF\StudioProjects\ReGenesis--multi-architectural-70-LDO-\app\build\generated\ksp\debug\java\dev\aurakai\auraframefx\data\preferences\UserPreferencesManager_Factory.java, C:\Users\AuraF\StudioProjects\ReGenesis--multi-architectural-70-LDO-\app\build\generated\ksp\debug\java\dev\aurakai\auraframefx\data\repositories\PersistentAgentRepository_Factory.java, C:\Users\AuraF\StudioProjects\ReGenesis--multi-architectural-70-LDO-\app\build\generated\ksp\debug\java\dev\aurakai\auraframefx\data\SecurePreferences_Factory.java, C:\Users\AuraF\StudioProjects\ReGenesis--multi-architectural-70-LDO-\app\build\generated\ksp\debug\java\dev\aurakai\auraframefx\di\AgentModule_ProvideAuraAgentFactory.java, C:\Users\AuraF\StudioProjects\ReGenesis--multi-architectural-70-LDO-\app\build\generated\ksp\debug\java\dev\aurakai\auraframefx\di\AgentModule_ProvideCascadeAgentFactory.java, C:\Users\AuraF\StudioProjects\ReGenesis--multi-architectural-70-LDO-\app\build\generated\ksp\debug\java\dev\aurakai\auraframefx\di\AgentModule_ProvideContextManagerFactory.java, C:\Users\AuraF\StudioProjects\ReGenesis--multi-architectural-70-LDO-\app\build\generated\ksp\debug\java\dev\aurakai\auraframefx\di\AgentModule_ProvideGenesisAgentFactory.java, C:\Users\AuraF\StudioProjects\ReGenesis--multi-architectural-70-LDO-\app\build\generated\ksp\debug\java\dev\aurakai\auraframefx\di\AgentModule_ProvideKaiAgentFactory.java, C:\Users\AuraF\StudioProjects\ReGenesis--multi-architectural-70-LDO-\app\build\generated\ksp\debug\java\dev\aurakai\auraframefx\di\AgentModule_ProvideMemoryConfigurationFactory.java, C:\Users\AuraF\StudioProjects\ReGenesis--multi-architectural-70-LDO-\app\build\generated\ksp\debug\java\dev\aurakai\auraframefx\di\AgentModule_ProvideMemoryManagerFactory.java, C:\Users\AuraF\StudioProjects\ReGenesis--multi-architectural-70-LDO-\app\build\generated\ksp\debug\java\dev\aurakai\auraframefx\di\AppBindingsModule_Companion_ProvideLegacyTaskSchedulerFactory.java, C:\Users\AuraF\StudioProjects\ReGenesis--multi-architectural-70-LDO-\app\build\generated\ksp\debug\java\dev\aurakai\auraframefx\di\ApplicationModule_ProvideApplicationFactory.java, C:\Users\AuraF\StudioProjects\ReGenesis--multi-architectural-70-LDO-\app\build\generated\ksp\debug\java\dev\aurakai\auraframefx\di\AppStateModule_ProvideAppStateManagerFactory.java, C:\Users\AuraF\StudioProjects\ReGenesis--multi-architectural-70-LDO-\app\build\generated\ksp\debug\java\dev\aurakai\auraframefx\di\AppStateModule_ProvideDataStoreFactory.java, C:\Users\AuraF\StudioProjects\ReGenesis--multi-architectural-70-LDO-\app\build\generated\ksp\debug\java\dev\aurakai\auraframefx\di\BridgeModule_ProvideBridgeMemorySinkFactory.java, C:\Users\AuraF\StudioProjects\ReGenesis--multi-architectural-70-LDO-\app\build\generated\ksp\debug\java\dev\aurakai\auraframefx\di\BridgeModule_ProvideGenesisBridgeFactory.java, C:\Users\AuraF\StudioProjects\ReGenesis--multi-architectural-70-LDO-\app\build\generated\ksp\debug\java\dev\aurakai\auraframefx\di\ConfigModule_ProvideAIPipelineConfigFactory.java, C:\Users\AuraF\StudioProjects\ReGenesis--multi-architectural-70-LDO-\app\build\generated\ksp\debug\java\dev\aurakai\auraframefx\di\CoreModule_ProvideAgentMessageBusFactory.java, C:\Users\AuraF\StudioProjects\ReGenesis--multi-architectural-70-LDO-\app\build\generated\ksp\debug\java\dev\aurakai\auraframefx\di\CoreModule_ProvideLoggerFactory.java, C:\Users\AuraF\StudioProjects\ReGenesis--multi-architectural-70-LDO-\app\build\generated\ksp\debug\java\dev\aurakai\auraframefx\di\CoreModule_ProvidePythonProcessManagerFactory.java, C:\Users\AuraF\StudioProjects\ReGenesis--multi-architectural-70-LDO-\app\build\generated\ksp\debug\java\dev\aurakai\auraframefx\di\CoroutineDispatchersModule_ProvidesDefaultDispatcherFactory.java, C:\Users\AuraF\StudioProjects\ReGenesis--multi-architectural-70-LDO-\app\build\generated\ksp\debug\java\dev\aurakai\auraframefx\di\CoroutineDispatchersModule_ProvidesIoDispatcherFactory.java, C:\Users\AuraF\StudioProjects\ReGenesis--multi-architectural-70-LDO-\app\build\generated\ksp\debug\java\dev\aurakai\auraframefx\di\DatabaseModule_ProvideAgentMemoryDaoFactory.java, C:\Users\AuraF\StudioProjects\ReGenesis--multi-architectural-70-LDO-\app\build\generated\ksp\debug\java\dev\aurakai\auraframefx\di\DatabaseModule_ProvideAgentStatsDaoFactory.java, C:\Users\AuraF\StudioProjects\ReGenesis--multi-architectural-70-LDO-\app\build\generated\ksp\debug\java\dev\aurakai\auraframefx\di\DatabaseModule_ProvideAppDatabaseFactory.java, C:\Users\AuraF\StudioProjects\ReGenesis--multi-architectural-70-LDO-\app\build\generated\ksp\debug\java\dev\aurakai\auraframefx\di\DatabaseModule_ProvideTaskHistoryDaoFactory.java, C:\Users\AuraF\StudioProjects\ReGenesis--multi-architectural-70-LDO-\app\build\generated\ksp\debug\java\dev\aurakai\auraframefx\di\DataStoreModule_ProvideDataStoreFactory.java, C:\Users\AuraF\StudioProjects\ReGenesis--multi-architectural-70-LDO-\app\build\generated\ksp\debug\java\dev\aurakai\auraframefx\di\DefaultAuraFxLogger_Factory.java, C:\Users\AuraF\StudioProjects\ReGenesis--multi-architectural-70-LDO-\app\build\generated\ksp\debug\java\dev\aurakai\auraframefx\di\KaiModule_ProvideKaiControllerFactory.java, C:\Users\AuraF\StudioProjects\ReGenesis--multi-architectural-70-LDO-\app\build\generated\ksp\debug\java\dev\aurakai\auraframefx\di\KtorModule_ProvideHttpClientFactory.java, C:\Users\AuraF\StudioProjects\ReGenesis--multi-architectural-70-LDO-\app\build\generated\ksp\debug\java\dev\aurakai\auraframefx\di\KtorModule_ProvideKtorClientFactory.java, C:\Users\AuraF\StudioProjects\ReGenesis--multi-architectural-70-LDO-\app\build\generated\ksp\debug\java\dev\aurakai\auraframefx\di\MoshiModule_ProvideMoshiFactory.java, C:\Users\AuraF\StudioProjects\ReGenesis--multi-architectural-70-LDO-\app\build\generated\ksp\debug\java\dev\aurakai\auraframefx\di\NetworkModule_ProvideAIAgentApiFactory.java, C:\Users\AuraF\StudioProjects\ReGenesis--multi-architectural-70-LDO-\app\build\generated\ksp\debug\java\dev\aurakai\auraframefx\di\NetworkModule_ProvideApiAuthApiFactory.java, C:\Users\AuraF\StudioProjects\ReGenesis--multi-architectural-70-LDO-\app\build\generated\ksp\debug\java\dev\aurakai\auraframefx\di\NetworkModule_ProvideAuraApiServiceFactory.java, C:\Users\AuraF\StudioProjects\ReGenesis--multi-architectural-70-LDO-\app\build\generated\ksp\debug\java\dev\aurakai\auraframefx\di\NetworkModule_ProvideAuthApiFactory.java, C:\Users\AuraF\StudioProjects\ReGenesis--multi-architectural-70-LDO-\app\build\generated\ksp\debug\java\dev\aurakai\auraframefx\di\NetworkModule_ProvideAuthRetrofitFactory.java, C:\Users\AuraF\StudioProjects\ReGenesis--multi-architectural-70-LDO-\app\build\generated\ksp\debug\java\dev\aurakai\auraframefx\di\NetworkModule_ProvideBaseUrlFactory.java, C:\Users\AuraF\StudioProjects\ReGenesis--multi-architectural-70-LDO-\app\build\generated\ksp\debug\java\dev\aurakai\auraframefx\di\NetworkModule_ProvideBasicOkHttpClientFactory.java, C:\Users\AuraF\StudioProjects\ReGenesis--multi-architectural-70-LDO-\app\build\generated\ksp\debug\java\dev\aurakai\auraframefx\di\NetworkModule_ProvideHttpLoggingInterceptorFactory.java, C:\Users\AuraF\StudioProjects\ReGenesis--multi-architectural-70-LDO-\app\build\generated\ksp\debug\java\dev\aurakai\auraframefx\di\NetworkModule_ProvideOkHttpClientFactory.java, C:\Users\AuraF\StudioProjects\ReGenesis--multi-architectural-70-LDO-\app\build\generated\ksp\debug\java\dev\aurakai\auraframefx\di\NetworkModule_ProvideRetrofitFactory.java, C:\Users\AuraF\StudioProjects\ReGenesis--multi-architectural-70-LDO-\app\build\generated\ksp\debug\java\dev\aurakai\auraframefx\di\NetworkModule_ProvideThemeApiFactory.java, C:\Users\AuraF\StudioProjects\ReGenesis--multi-architectural-70-LDO-\app\build\generated\ksp\debug\java\dev\aurakai\auraframefx\di\NetworkModule_ProvideUserApiFactory.java, C:\Users\AuraF\StudioProjects\ReGenesis--multi-architectural-70-LDO-\app\build\generated\ksp\debug\java\dev\aurakai\auraframefx\di\NeuralWhisperModule_ProvideNeuralWhisperFactory.java, C:\Users\AuraF\StudioProjects\ReGenesis--multi-architectural-70-LDO-\app\build\generated\ksp\debug\java\dev\aurakai\auraframefx\di\OracleDriveModule_ProvideCloudStorageProviderFactory.java, C:\Users\AuraF\StudioProjects\ReGenesis--multi-architectural-70-LDO-\app\build\generated\ksp\debug\java\dev\aurakai\auraframefx\di\OracleDriveModule_ProvideGenesisCryptographyManagerFactory.java, C:\Users\AuraF\StudioProjects\ReGenesis--multi-architectural-70-LDO-\app\build\generated\ksp\debug\java\dev\aurakai\auraframefx\di\OracleDriveModule_ProvideOracleDriveApiFactory.java, C:\Users\AuraF\StudioProjects\ReGenesis--multi-architectural-70-LDO-\app\build\generated\ksp\debug\java\dev\aurakai\auraframefx\di\OracleDriveModule_ProvideOracleDriveServiceFactory.java, C:\Users\AuraF\StudioProjects\ReGenesis--multi-architectural-70-LDO-\app\build\generated\ksp\debug\java\dev\aurakai\auraframefx\di\OracleDriveModule_ProvideOracleDriveServiceImplFactory.java, C:\Users\AuraF\StudioProjects\ReGenesis--multi-architectural-70-LDO-\app\build\generated\ksp\debug\java\dev\aurakai\auraframefx\di\OracleDriveModule_ProvideSecureFileServiceFactory.java, C:\Users\AuraF\StudioProjects\ReGenesis--multi-architectural-70-LDO-\app\build\generated\ksp\debug\java\dev\aurakai\auraframefx\di\OracleDriveModule_ProvideSecureStorageFactory.java, C:\Users\AuraF\StudioProjects\ReGenesis--multi-architectural-70-LDO-\app\build\generated\ksp\debug\java\dev\aurakai\auraframefx\di\PreferencesModule_ProvideConfigUserPreferencesFactory.java, C:\Users\AuraF\StudioProjects\ReGenesis--multi-architectural-70-LDO-\app\build\generated\ksp\debug\java\dev\aurakai\auraframefx\di\RepositoryModule_ProvideTrinityRepositoryFactory.java, C:\Users\AuraF\StudioProjects\ReGenesis--multi-architectural-70-LDO-\app\build\generated\ksp\debug\java\dev\aurakai\auraframefx\di\SecurityModule_ProvideEncryptionManagerFactory.java, C:\Users\AuraF\StudioProjects\ReGenesis--multi-architectural-70-LDO-\app\build\generated\ksp\debug\java\dev\aurakai\auraframefx\di\SecurityModule_ProvideKeystoreManagerFactory.java, C:\Users\AuraF\StudioProjects\ReGenesis--multi-architectural-70-LDO-\app\build\generated\ksp\debug\java\dev\aurakai\auraframefx\di\SecurityModule_ProvideOracleDriveEncryptionManagerFactory.java, C:\Users\AuraF\StudioProjects\ReGenesis--multi-architectural-70-LDO-\app\build\generated\ksp\debug\java\dev\aurakai\auraframefx\di\SecurityModule_ProvideSecurityContextFactory.java, C:\Users\AuraF\StudioProjects\ReGenesis--multi-architectural-70-LDO-\app\build\generated\ksp\debug\java\dev\aurakai\auraframefx\di\SupportModule_ProvideDataStoreManagerFactory.java, C:\Users\AuraF\StudioProjects\ReGenesis--multi-architectural-70-LDO-\app\build\generated\ksp\debug\java\dev\aurakai\auraframefx\di\SupportModule_ProvideGsonFactory.java, C:\Users\AuraF\StudioProjects\ReGenesis--multi-architectural-70-LDO-\app\build\generated\ksp\debug\java\dev\aurakai\auraframefx\di\SupportModule_ProvideOkHttpClientFactory.java, C:\Users\AuraF\StudioProjects\ReGenesis--multi-architectural-70-LDO-\app\build\generated\ksp\debug\java\dev\aurakai\auraframefx\di\SupportModule_ProvideRetrofitFactory.java, C:\Users\AuraF\StudioProjects\ReGenesis--multi-architectural-70-LDO-\app\build\generated\ksp\debug\java\dev\aurakai\auraframefx\di\SupportModule_ProvideSupportApiFactory.java, C:\Users\AuraF\StudioProjects\ReGenesis--multi-architectural-70-LDO-\app\build\generated\ksp\debug\java\dev\aurakai\auraframefx\di\SupportModule_ProvideSupportDatabaseFactory.java, C:\Users\AuraF\StudioProjects\ReGenesis--multi-architectural-70-LDO-\app\build\generated\ksp\debug\java\dev\aurakai\auraframefx\di\SupportModule_ProvideSupportRepositoryFactory.java, C:\Users\AuraF\StudioProjects\ReGenesis--multi-architectural-70-LDO-\app\build\generated\ksp\debug\java\dev\aurakai\auraframefx\di\TaskExecutionModule_ProvideTaskExecutionManagerFactory.java, C:\Users\AuraF\StudioProjects\ReGenesis--multi-architectural-70-LDO-\app\build\generated\ksp\debug\java\dev\aurakai\auraframefx\di\TimberModule_ProvideTimberInitializerFactory.java, C:\Users\AuraF\StudioProjects\ReGenesis--multi-architectural-70-LDO-\app\build\generated\ksp\debug\java\dev\aurakai\auraframefx\di\WorkerModule_ProvideHiltWorkerFactoryFactory.java, C:\Users\AuraF\StudioProjects\ReGenesis--multi-architectural-70-LDO-\app\build\generated\ksp\debug\java\dev\aurakai\auraframefx\di\WorkManagerModule_ProvideWorkManagerConfigurationFactory.java, C:\Users\AuraF\StudioProjects\ReGenesis--multi-architectural-70-LDO-\app\build\generated\ksp\debug\java\dev\aurakai\auraframefx\di\WorkManagerModule_ProvideWorkManagerFactory.java, C:\Users\AuraF\StudioProjects\ReGenesis--multi-architectural-70-LDO-\app\build\generated\ksp\debug\java\dev\aurakai\auraframefx\domains\aura\repository\CollaborativeWorkspaceRepository_Factory.java, C:\Users\AuraF\StudioProjects\ReGenesis--multi-architectural-70-LDO-\app\build\generated\ksp\debug\java\dev\aurakai\auraframefx\domains\aura\repository\SovereignBridgeRepository_Factory.java, C:\Users\AuraF\StudioProjects\ReGenesis--multi-architectural-70-LDO-\app\build\generated\ksp\debug\java\dev\aurakai\auraframefx\domains\aura\screens\AuraLabViewModel_Factory.java, C:\Users\AuraF\StudioProjects\ReGenesis--multi-architectural-70-LDO-\app\build\generated\ksp\debug\java\dev\aurakai\auraframefx\domains\aura\screens\AuraLabViewModel_HiltModules.java, C:\Users\AuraF\StudioProjects\ReGenesis--multi-architectural-70-LDO-\app\build\generated\ksp\debug\java\dev\aurakai\auraframefx\domains\aura\screens\AuraLabViewModel_HiltModules_BindsModule_Binds_LazyMapKey.java, C:\Users\AuraF\StudioProjects\ReGenesis--multi-architectural-70-LDO-\app\build\generated\ksp\debug\java\dev\aurakai\auraframefx\domains\aura\screens\AuraLabViewModel_HiltModules_KeyModule_ProvideFactory.java, C:\Users\AuraF\StudioProjects\ReGenesis--multi-architectural-70-LDO-\app\build\generated\ksp\debug\java\dev\aurakai\auraframefx\domains\aura\screens\AuraLabViewModel_HiltModules_KeyModule_Provide_LazyMapKey.java, C:\Users\AuraF\StudioProjects\ReGenesis--multi-architectural-70-LDO-\app\build\generated\ksp\debug\java\dev\aurakai\auraframefx\domains\aura\screens\ChromaCoreColorsViewModel_Factory.java, C:\Users\AuraF\StudioProjects\ReGenesis--multi-architectural-70-LDO-\app\build\generated\ksp\debug\java\dev\aurakai\auraframefx\domains\aura\screens\ChromaCoreColorsViewModel_HiltModules.java, C:\Users\AuraF\StudioProjects\ReGenesis--multi-architectural-70-LDO-\app\build\generated\ksp\debug\java\dev\aurakai\auraframefx\domains\aura\screens\ChromaCoreColorsViewModel_HiltModules_BindsModule_Binds_LazyMapKey.java, C:\Users\AuraF\StudioProjects\ReGenesis--multi-architectural-70-LDO-\app\build\generated\ksp\debug\java\dev\aurakai\auraframefx\domains\aura\screens\ChromaCoreColorsViewModel_HiltModules_KeyModule_ProvideFactory.java, C:\Users\AuraF\StudioProjects\ReGenesis--multi-architectural-70-LDO-\app\build\generated\ksp\debug\java\dev\aurakai\auraframefx\domains\aura\screens\ChromaCoreColorsViewModel_HiltModules_KeyModule_Provide_LazyMapKey.java, C:\Users\AuraF\StudioProjects\ReGenesis--multi-architectural-70-LDO-\app\build\generated\ksp\debug\java\dev\aurakai\auraframefx\domains\aura\screens\SupportChatViewModel_Factory.java, C:\Users\AuraF\StudioProjects\ReGenesis--multi-architectural-70-LDO-\app\build\generated\ksp\debug\java\dev\aurakai\auraframefx\domains\aura\screens\SupportChatViewModel_HiltModules.java, C:\Users\AuraF\StudioProjects\ReGenesis--multi-architectural-70-LDO-\app\build\generated\ksp\debug\java\dev\aurakai\auraframefx\domains\aura\screens\SupportChatViewModel_HiltModules_BindsModule_Binds_LazyMapKey.java, C:\Users\AuraF\StudioProjects\ReGenesis--multi-architectural-70-LDO-\app\build\generated\ksp\debug\java\dev\aurakai\auraframefx\domains\aura\screens\SupportChatViewModel_HiltModules_KeyModule_ProvideFactory.java, C:\Users\AuraF\StudioProjects\ReGenesis--multi-architectural-70-LDO-\app\build\generated\ksp\debug\java\dev\aurakai\auraframefx\domains\aura\screens\SupportChatViewModel_HiltModules_KeyModule_Provide_LazyMapKey.java, C:\Users\AuraF\StudioProjects\ReGenesis--multi-architectural-70-LDO-\app\build\generated\ksp\debug\java\dev\aurakai\auraframefx\domains\aura\viewmodels\CollaborativeWorkspaceViewModel_Factory.java, C:\Users\AuraF\StudioProjects\ReGenesis--multi-architectural-70-LDO-\app\build\generated\ksp\debug\java\dev\aurakai\auraframefx\domains\aura\viewmodels\CollaborativeWorkspaceViewModel_HiltModules.java, C:\Users\AuraF\StudioProjects\ReGenesis--multi-architectural-70-LDO-\app\build\generated\ksp\debug\java\dev\aurakai\auraframefx\domains\aura\viewmodels\CollaborativeWorkspaceViewModel_HiltModules_BindsModule_Binds_LazyMapKey.java, C:\Users\AuraF\StudioProjects\ReGenesis--multi-architectural-70-LDO-\app\build\generated\ksp\debug\java\dev\aurakai\auraframefx\domains\aura\viewmodels\CollaborativeWorkspaceViewModel_HiltModules_KeyModule_ProvideFactory.java, C:\Users\AuraF\StudioProjects\ReGenesis--multi-architectural-70-LDO-\app\build\generated\ksp\debug\java\dev\aurakai\auraframefx\domains\aura\viewmodels\CollaborativeWorkspaceViewModel_HiltModules_KeyModule_Provide_LazyMapKey.java, C:\Users\AuraF\StudioProjects\ReGenesis--multi-architectural-70-LDO-\app\build\generated\ksp\debug\java\dev\aurakai\auraframefx\domains\aura\viewmodels\SovereignBridgeViewModel_Factory.java, C:\Users\AuraF\StudioProjects\ReGenesis--multi-architectural-70-LDO-\app\build\generated\ksp\debug\java\dev\aurakai\auraframefx\domains\aura\viewmodels\SovereignBridgeViewModel_HiltModules.java, C:\Users\AuraF\StudioProjects\ReGenesis--multi-architectural-70-LDO-\app\build\generated\ksp\debug\java\dev\aurakai\auraframefx\domains\aura\viewmodels\SovereignBridgeViewModel_HiltModules_BindsModule_Binds_LazyMapKey.java, C:\Users\AuraF\StudioProjects\ReGenesis--multi-architectural-70-LDO-\app\build\generated\ksp\debug\java\dev\aurakai\auraframefx\domains\aura\viewmodels\SovereignBridgeViewModel_HiltModules_KeyModule_ProvideFactory.java, C:\Users\AuraF\StudioProjects\ReGenesis--multi-architectural-70-LDO-\app\build\generated\ksp\debug\java\dev\aurakai\auraframefx\domains\aura\viewmodels\SovereignBridgeViewModel_HiltModules_KeyModule_Provide_LazyMapKey.java, C:\Users\AuraF\StudioProjects\ReGenesis--multi-architectural-70-LDO-\app\build\generated\ksp\debug\java\dev\aurakai\auraframefx\domains\genesis\viewmodels\OracleCloudViewModel_Factory.java, C:\Users\AuraF\StudioProjects\ReGenesis--multi-architectural-70-LDO-\app\build\generated\ksp\debug\java\dev\aurakai\auraframefx\domains\genesis\viewmodels\OracleCloudViewModel_HiltModules.java, C:\Users\AuraF\StudioProjects\ReGenesis--multi-architectural-70-LDO-\app\build\generated\ksp\debug\java\dev\aurakai\auraframefx\domains\genesis\viewmodels\OracleCloudViewModel_HiltModules_BindsModule_Binds_LazyMapKey.java, C:\Users\AuraF\StudioProjects\ReGenesis--multi-architectural-70-LDO-\app\build\generated\ksp\debug\java\dev\aurakai\auraframefx\domains\genesis\viewmodels\OracleCloudViewModel_HiltModules_KeyModule_ProvideFactory.java, C:\Users\AuraF\StudioProjects\ReGenesis--multi-architectural-70-LDO-\app\build\generated\ksp\debug\java\dev\aurakai\auraframefx\domains\genesis\viewmodels\OracleCloudViewModel_HiltModules_KeyModule_Provide_LazyMapKey.java, C:\Users\AuraF\StudioProjects\ReGenesis--multi-architectural-70-LDO-\app\build\generated\ksp\debug\java\dev\aurakai\auraframefx\domains\genesis\viewmodels\SovereignMemoryViewModel_Factory.java, C:\Users\AuraF\StudioProjects\ReGenesis--multi-architectural-70-LDO-\app\build\generated\ksp\debug\java\dev\aurakai\auraframefx\domains\genesis\viewmodels\SovereignMemoryViewModel_HiltModules.java, C:\Users\AuraF\StudioProjects\ReGenesis--multi-architectural-70-LDO-\app\build\generated\ksp\debug\java\dev\aurakai\auraframefx\domains\genesis\viewmodels\SovereignMemoryViewModel_HiltModules_BindsModule_Binds_LazyMapKey.java, C:\Users\AuraF\StudioProjects\ReGenesis--multi-architectural-70-LDO-\app\build\generated\ksp\debug\java\dev\aurakai\auraframefx\domains\genesis\viewmodels\SovereignMemoryViewModel_HiltModules_KeyModule_ProvideFactory.java, C:\Users\AuraF\StudioProjects\ReGenesis--multi-architectural-70-LDO-\app\build\generated\ksp\debug\java\dev\aurakai\auraframefx\domains\genesis\viewmodels\SovereignMemoryViewModel_HiltModules_KeyModule_Provide_LazyMapKey.java, C:\Users\AuraF\StudioProjects\ReGenesis--multi-architectural-70-LDO-\app\build\generated\ksp\debug\java\dev\aurakai\auraframefx\domains\kai\viewmodels\SovereignModuleViewModel_Factory.java, C:\Users\AuraF\StudioProjects\ReGenesis--multi-architectural-70-LDO-\app\build\generated\ksp\debug\java\dev\aurakai\auraframefx\domains\kai\viewmodels\SovereignModuleViewModel_HiltModules.java, C:\Users\AuraF\StudioProjects\ReGenesis--multi-architectural-70-LDO-\app\build\generated\ksp\debug\java\dev\aurakai\auraframefx\domains\kai\viewmodels\SovereignModuleViewModel_HiltModules_BindsModule_Binds_LazyMapKey.java, C:\Users\AuraF\StudioProjects\ReGenesis--multi-architectural-70-LDO-\app\build\generated\ksp\debug\java\dev\aurakai\auraframefx\domains\kai\viewmodels\SovereignModuleViewModel_HiltModules_KeyModule_ProvideFactory.java, C:\Users\AuraF\StudioProjects\ReGenesis--multi-architectural-70-LDO-\app\build\generated\ksp\debug\java\dev\aurakai\auraframefx\domains\kai\viewmodels\SovereignModuleViewModel_HiltModules_KeyModule_Provide_LazyMapKey.java, C:\Users\AuraF\StudioProjects\ReGenesis--multi-architectural-70-LDO-\app\build\generated\ksp\debug\java\dev\aurakai\auraframefx\domains\kai\viewmodels\SovereignRecoveryViewModel_Factory.java, C:\Users\AuraF\StudioProjects\ReGenesis--multi-architectural-70-LDO-\app\build\generated\ksp\debug\java\dev\aurakai\auraframefx\domains\kai\viewmodels\SovereignRecoveryViewModel_HiltModules.java, C:\Users\AuraF\StudioProjects\ReGenesis--multi-architectural-70-LDO-\app\build\generated\ksp\debug\java\dev\aurakai\auraframefx\domains\kai\viewmodels\SovereignRecoveryViewModel_HiltModules_BindsModule_Binds_LazyMapKey.java, C:\Users\AuraF\StudioProjects\ReGenesis--multi-architectural-70-LDO-\app\build\generated\ksp\debug\java\dev\aurakai\auraframefx\domains\kai\viewmodels\SovereignRecoveryViewModel_HiltModules_KeyModule_ProvideFactory.java, C:\Users\AuraF\StudioProjects\ReGenesis--multi-architectural-70-LDO-\app\build\generated\ksp\debug\java\dev\aurakai\auraframefx\domains\kai\viewmodels\SovereignRecoveryViewModel_HiltModules_KeyModule_Provide_LazyMapKey.java, C:\Users\AuraF\StudioProjects\ReGenesis--multi-architectural-70-LDO-\app\build\generated\ksp\debug\java\dev\aurakai\auraframefx\domains\kai\viewmodels\SovereignShieldViewModel_Factory.java, C:\Users\AuraF\StudioProjects\ReGenesis--multi-architectural-70-LDO-\app\build\generated\ksp\debug\java\dev\aurakai\auraframefx\domains\kai\viewmodels\SovereignShieldViewModel_HiltModules.java, C:\Users\AuraF\StudioProjects\ReGenesis--multi-architectural-70-LDO-\app\build\generated\ksp\debug\java\dev\aurakai\auraframefx\domains\kai\viewmodels\SovereignShieldViewModel_HiltModules_BindsModule_Binds_LazyMapKey.java, C:\Users\AuraF\StudioProjects\ReGenesis--multi-architectural-70-LDO-\app\build\generated\ksp\debug\java\dev\aurakai\auraframefx\domains\kai\viewmodels\SovereignShieldViewModel_HiltModules_KeyModule_ProvideFactory.java, C:\Users\AuraF\StudioProjects\ReGenesis--multi-architectural-70-LDO-\app\build\generated\ksp\debug\java\dev\aurakai\auraframefx\domains\kai\viewmodels\SovereignShieldViewModel_HiltModules_KeyModule_Provide_LazyMapKey.java, C:\Users\AuraF\StudioProjects\ReGenesis--multi-architectural-70-LDO-\app\build\generated\ksp\debug\java\dev\aurakai\auraframefx\embodiment\MaintenanceModeDetector_Factory.java, C:\Users\AuraF\StudioProjects\ReGenesis--multi-architectural-70-LDO-\app\build\generated\ksp\debug\java\dev\aurakai\auraframefx\fusion\ChronoSculptor_Factory.java, C:\Users\AuraF\StudioProjects\ReGenesis--multi-architectural-70-LDO-\app\build\generated\ksp\debug\java\dev\aurakai\auraframefx\fusion\FusionBuildEngine_Factory.java, C:\Users\AuraF\StudioProjects\ReGenesis--multi-architectural-70-LDO-\app\build\generated\ksp\debug\java\dev\aurakai\auraframefx\fusion\InterfaceForge_Factory.java, C:\Users\AuraF\StudioProjects\ReGenesis--multi-architectural-70-LDO-\app\build\generated\ksp\debug\java\dev\aurakai\auraframefx\genesis\bridge\NexusMemoryBridgeSink_Factory.java, C:\Users\AuraF\StudioProjects\ReGenesis--multi-architectural-70-LDO-\app\build\generated\ksp\debug\java\dev\aurakai\auraframefx\genesis\bridge\StdioGenesisBridge_Factory.java, C:\Users\AuraF\StudioProjects\ReGenesis--multi-architectural-70-LDO-\app\build\generated\ksp\debug\java\dev\aurakai\auraframefx\genesis\oracledrive\ai\ClaudeAIService_Factory.java, C:\Users\AuraF\StudioProjects\ReGenesis--multi-architectural-70-LDO-\app\build\generated\ksp\debug\java\dev\aurakai\auraframefx\genesis\oracledrive\ai\clients\DefaultVertexAIClient_Factory.java, C:\Users\AuraF\StudioProjects\ReGenesis--multi-architectural-70-LDO-\app\build\generated\ksp\debug\java\dev\aurakai\auraframefx\genesis\oracledrive\ai\clients\VertexAIClientImpl_Factory.java, C:\Users\AuraF\StudioProjects\ReGenesis--multi-architectural-70-LDO-\app\build\generated\ksp\debug\java\dev\aurakai\auraframefx\genesis\oracledrive\ai\di\VertexAIModule_ProvideVertexAIClientFactory.java, C:\Users\AuraF\StudioProjects\ReGenesis--multi-architectural-70-LDO-\app\build\generated\ksp\debug\java\dev\aurakai\auraframefx\genesis\oracledrive\ai\di\VertexAIModule_ProvideVertexAIConfigFactory.java, C:\Users\AuraF\StudioProjects\ReGenesis--multi-architectural-70-LDO-\app\build\generated\ksp\debug\java\dev\aurakai\auraframefx\genesis\oracledrive\ai\GeminiAIService_Factory.java, C:\Users\AuraF\StudioProjects\ReGenesis--multi-architectural-70-LDO-\app\build\generated\ksp\debug\java\dev\aurakai\auraframefx\genesis\oracledrive\ai\GenesisBackendService_GeneratedInjector.java, C:\Users\AuraF\StudioProjects\ReGenesis--multi-architectural-70-LDO-\app\build\generated\ksp\debug\java\dev\aurakai\auraframefx\genesis\oracledrive\ai\Hilt_GenesisBackendService.java, C:\Users\AuraF\StudioProjects\ReGenesis--multi-architectural-70-LDO-\app\build\generated\ksp\debug\java\dev\aurakai\auraframefx\genesis\oracledrive\ai\memory\DefaultMemoryManager_Factory.java, C:\Users\AuraF\StudioProjects\ReGenesis--multi-architectural-70-LDO-\app\build\generated\ksp\debug\java\dev\aurakai\auraframefx\genesis\oracledrive\ai\MetaInstructAIService_Factory.java, C:\Users\AuraF\StudioProjects\ReGenesis--multi-architectural-70-LDO-\app\build\generated\ksp\debug\java\dev\aurakai\auraframefx\genesis\oracledrive\ai\NemotronAIService_Factory.java, C:\Users\AuraF\StudioProjects\ReGenesis--multi-architectural-70-LDO-\app\build\generated\ksp\debug\java\dev\aurakai\auraframefx\genesis\oracledrive\ai\services\CascadeAIService_Factory.java, C:\Users\AuraF\StudioProjects\ReGenesis--multi-architectural-70-LDO-\app\build\generated\ksp\debug\java\dev\aurakai\auraframefx\genesis\oracledrive\ai\services\DefaultAuraAIService_Factory.java, C:\Users\AuraF\StudioProjects\ReGenesis--multi-architectural-70-LDO-\app\build\generated\ksp\debug\java\dev\aurakai\auraframefx\genesis\oracledrive\ai\services\DefaultKaiAIService_Factory.java, C:\Users\AuraF\StudioProjects\ReGenesis--multi-architectural-70-LDO-\app\build\generated\ksp\debug\java\dev\aurakai\auraframefx\genesis\oracledrive\ai\services\GenesisBackedKaiAIService_Factory.java, C:\Users\AuraF\StudioProjects\ReGenesis--multi-architectural-70-LDO-\app\build\generated\ksp\debug\java\dev\aurakai\auraframefx\genesis\oracledrive\ai\services\GenesisBridgeService_Factory.java, C:\Users\AuraF\StudioProjects\ReGenesis--multi-architectural-70-LDO-\app\build\generated\ksp\debug\java\dev\aurakai\auraframefx\genesis\oracledrive\ai\services\Hilt_VertexCloudService.java, C:\Users\AuraF\StudioProjects\ReGenesis--multi-architectural-70-LDO-\app\build\generated\ksp\debug\java\dev\aurakai\auraframefx\genesis\oracledrive\ai\services\VertexCloudService_GeneratedInjector.java, C:\Users\AuraF\StudioProjects\ReGenesis--multi-architectural-70-LDO-\app\build\generated\ksp\debug\java\dev\aurakai\auraframefx\genesis\oracledrive\ai\services\VertexCloudService_MembersInjector.java, C:\Users\AuraF\StudioProjects\ReGenesis--multi-architectural-70-LDO-\app\build\generated\ksp\debug\java\dev\aurakai\auraframefx\genesis\oracledrive\ai\task\DefaultTaskScheduler_Factory.java, C:\Users\AuraF\StudioProjects\ReGenesis--multi-architectural-70-LDO-\app\build\generated\ksp\debug\java\dev\aurakai\auraframefx\genesis\oracledrive\ai\viewmodel\GenesisAgentViewModel_Factory.java, C:\Users\AuraF\StudioProjects\ReGenesis--multi-architectural-70-LDO-\app\build\generated\ksp\debug\java\dev\aurakai\auraframefx\genesis\oracledrive\ai\viewmodel\GenesisAgentViewModel_HiltModules.java, C:\Users\AuraF\StudioProjects\ReGenesis--multi-architectural-70-LDO-\app\build\generated\ksp\debug\java\dev\aurakai\auraframefx\genesis\oracledrive\ai\viewmodel\GenesisAgentViewModel_HiltModules_BindsModule_Binds_LazyMapKey.java, C:\Users\AuraF\StudioProjects\ReGenesis--multi-architectural-70-LDO-\app\build\generated\ksp\debug\java\dev\aurakai\auraframefx\genesis\oracledrive\ai\viewmodel\GenesisAgentViewModel_HiltModules_KeyModule_ProvideFactory.java, C:\Users\AuraF\StudioProjects\ReGenesis--multi-architectural-70-LDO-\app\build\generated\ksp\debug\java\dev\aurakai\auraframefx\genesis\oracledrive\ai\viewmodel\GenesisAgentViewModel_HiltModules_KeyModule_Provide_LazyMapKey.java, C:\Users\AuraF\StudioProjects\ReGenesis--multi-architectural-70-LDO-\app\build\generated\ksp\debug\java\dev\aurakai\auraframefx\genesis\oracledrive\cloud\CloudStatusMonitor_Factory.java, C:\Users\AuraF\StudioProjects\ReGenesis--multi-architectural-70-LDO-\app\build\generated\ksp\debug\java\dev\aurakai\auraframefx\genesis\oracledrive\cloud\CloudStorageProviderImpl_Factory.java, C:\Users\AuraF\StudioProjects\ReGenesis--multi-architectural-70-LDO-\app\build\generated\ksp\debug\java\dev\aurakai\auraframefx\genesis\oracledrive\cloud\OracleCloudApi_Factory.java, C:\Users\AuraF\StudioProjects\ReGenesis--multi-architectural-70-LDO-\app\build\generated\ksp\debug\java\dev\aurakai\auraframefx\genesis\oracledrive\cloud\OracleDriveRepositoryImpl_Factory.java, C:\Users\AuraF\StudioProjects\ReGenesis--multi-architectural-70-LDO-\app\build\generated\ksp\debug\java\dev\aurakai\auraframefx\genesis\oracledrive\cloud\OracleDriveSandbox_Factory.java, C:\Users\AuraF\StudioProjects\ReGenesis--multi-architectural-70-LDO-\app\build\generated\ksp\debug\java\dev\aurakai\auraframefx\genesis\oracledrive\service\GenesisSecureFileService_Factory.java, C:\Users\AuraF\StudioProjects\ReGenesis--multi-architectural-70-LDO-\app\build\generated\ksp\debug\java\dev\aurakai\auraframefx\genesis\oracledrive\service\OracleDriveServiceImpl_Factory.java, C:\Users\AuraF\StudioProjects\ReGenesis--multi-architectural-70-LDO-\app\build\generated\ksp\debug\java\dev\aurakai\auraframefx\genesis\security\DefaultGenesisCryptographyManager_Factory.java, C:\Users\AuraF\StudioProjects\ReGenesis--multi-architectural-70-LDO-\app\build\generated\ksp\debug\java\dev\aurakai\auraframefx\genesis\security\EncryptionManager_Factory.java, C:\Users\AuraF\StudioProjects\ReGenesis--multi-architectural-70-LDO-\app\build\generated\ksp\debug\java\dev\aurakai\auraframefx\genesis\security\SecureFileManager_Factory.java, C:\Users\AuraF\StudioProjects\ReGenesis--multi-architectural-70-LDO-\app\build\generated\ksp\debug\java\dev\aurakai\auraframefx\Hilt_MainActivity.java, C:\Users\AuraF\StudioProjects\ReGenesis--multi-architectural-70-LDO-\app\build\generated\ksp\debug\java\dev\aurakai\auraframefx\iconify\IconCacheManager_Factory.java, C:\Users\AuraF\StudioProjects\ReGenesis--multi-architectural-70-LDO-\app\build\generated\ksp\debug\java\dev\aurakai\auraframefx\iconify\IconifyModule_ProvideIconCacheManagerFactory.java, C:\Users\AuraF\StudioProjects\ReGenesis--multi-architectural-70-LDO-\app\build\generated\ksp\debug\java\dev\aurakai\auraframefx\iconify\IconifyModule_ProvideIconifyServiceFactory.java, C:\Users\AuraF\StudioProjects\ReGenesis--multi-architectural-70-LDO-\app\build\generated\ksp\debug\java\dev\aurakai\auraframefx\iconify\IconifyService_Factory.java, C:\Users\AuraF\StudioProjects\ReGenesis--multi-architectural-70-LDO-\app\build\generated\ksp\debug\java\dev\aurakai\auraframefx\iconify\IconPickerViewModel_Factory.java, C:\Users\AuraF\StudioProjects\ReGenesis--multi-architectural-70-LDO-\app\build\generated\ksp\debug\java\dev\aurakai\auraframefx\iconify\IconPickerViewModel_HiltModules.java, C:\Users\AuraF\StudioProjects\ReGenesis--multi-architectural-70-LDO-\app\build\generated\ksp\debug\java\dev\aurakai\auraframefx\iconify\IconPickerViewModel_HiltModules_BindsModule_Binds_LazyMapKey.java, C:\Users\AuraF\StudioProjects\ReGenesis--multi-architectural-70-LDO-\app\build\generated\ksp\debug\java\dev\aurakai\auraframefx\iconify\IconPickerViewModel_HiltModules_KeyModule_ProvideFactory.java, C:\Users\AuraF\StudioProjects\ReGenesis--multi-architectural-70-LDO-\app\build\generated\ksp\debug\java\dev\aurakai\auraframefx\iconify\IconPickerViewModel_HiltModules_KeyModule_Provide_LazyMapKey.java, C:\Users\AuraF\StudioProjects\ReGenesis--multi-architectural-70-LDO-\app\build\generated\ksp\debug\java\dev\aurakai\auraframefx\integrations\grok\GrokAgent_Factory.java, C:\Users\AuraF\StudioProjects\ReGenesis--multi-architectural-70-LDO-\app\build\generated\ksp\debug\java\dev\aurakai\auraframefx\integrations\grok\GrokApiClient_Factory.java, C:\Users\AuraF\StudioProjects\ReGenesis--multi-architectural-70-LDO-\app\build\generated\ksp\debug\java\dev\aurakai\auraframefx\integrations\grok\GrokModule_ProvideDefaultGrokConfigFactory.java, C:\Users\AuraF\StudioProjects\ReGenesis--multi-architectural-70-LDO-\app\build\generated\ksp\debug\java\dev\aurakai\auraframefx\integrations\grok\GrokModule_ProvideGrokAgentFactory.java, C:\Users\AuraF\StudioProjects\ReGenesis--multi-architectural-70-LDO-\app\build\generated\ksp\debug\java\dev\aurakai\auraframefx\integrations\grok\GrokModule_ProvideGrokApiClientFactory.java, C:\Users\AuraF\StudioProjects\ReGenesis--multi-architectural-70-LDO-\app\build\generated\ksp\debug\java\dev\aurakai\auraframefx\integrations\grok\GrokModule_ProvideSoulMatrixAnalyzerFactory.java, C:\Users\AuraF\StudioProjects\ReGenesis--multi-architectural-70-LDO-\app\build\generated\ksp\debug\java\dev\aurakai\auraframefx\integrations\grok\SoulMatrixAnalyzer_Factory.java, C:\Users\AuraF\StudioProjects\ReGenesis--multi-architectural-70-LDO-\app\build\generated\ksp\debug\java\dev\aurakai\auraframefx\kai\KaiAgent_Factory.java, C:\Users\AuraF\StudioProjects\ReGenesis--multi-architectural-70-LDO-\app\build\generated\ksp\debug\java\dev\aurakai\auraframefx\kai\system\SystemOverlayManagerImpl_Factory.java, C:\Users\AuraF\StudioProjects\ReGenesis--multi-architectural-70-LDO-\app\build\generated\ksp\debug\java\dev\aurakai\auraframefx\kai\system\UnifiedLoggingSystem_Factory.java, C:\Users\AuraF\StudioProjects\ReGenesis--multi-architectural-70-LDO-\app\build\generated\ksp\debug\java\dev\aurakai\auraframefx\logging\AuraFxLogger_Factory.java, C:\Users\AuraF\StudioProjects\ReGenesis--multi-architectural-70-LDO-\app\build\generated\ksp\debug\java\dev\aurakai\auraframefx\MainActivity_GeneratedInjector.java, C:\Users\AuraF\StudioProjects\ReGenesis--multi-architectural-70-LDO-\app\build\generated\ksp\debug\java\dev\aurakai\auraframefx\MainActivity_MembersInjector.java, C:\Users\AuraF\StudioProjects\ReGenesis--multi-architectural-70-LDO-\app\build\generated\ksp\debug\java\dev\aurakai\auraframefx\network\api\ExampleApiService_Factory.java, C:\Users\AuraF\StudioProjects\ReGenesis--multi-architectural-70-LDO-\app\build\generated\ksp\debug\java\dev\aurakai\auraframefx\network\AuraApiServiceWrapper_Factory.java, C:\Users\AuraF\StudioProjects\ReGenesis--multi-architectural-70-LDO-\app\build\generated\ksp\debug\java\dev\aurakai\auraframefx\network\AuraApiService_Factory.java, C:\Users\AuraF\StudioProjects\ReGenesis--multi-architectural-70-LDO-\app\build\generated\ksp\debug\java\dev\aurakai\auraframefx\network\AuthInterceptor_Factory.java, C:\Users\AuraF\StudioProjects\ReGenesis--multi-architectural-70-LDO-\app\build\generated\ksp\debug\java\dev\aurakai\auraframefx\network\KtorClient_Factory.java, C:\Users\AuraF\StudioProjects\ReGenesis--multi-architectural-70-LDO-\app\build\generated\ksp\debug\java\dev\aurakai\auraframefx\network\model\AIAgentApiImpl_Factory.java, C:\Users\AuraF\StudioProjects\ReGenesis--multi-architectural-70-LDO-\app\build\generated\ksp\debug\java\dev\aurakai\auraframefx\network\model\ThemeApiImpl_Factory.java, C:\Users\AuraF\StudioProjects\ReGenesis--multi-architectural-70-LDO-\app\build\generated\ksp\debug\java\dev\aurakai\auraframefx\network\model\UserApiImpl_Factory.java, C:\Users\AuraF\StudioProjects\ReGenesis--multi-architectural-70-LDO-\app\build\generated\ksp\debug\java\dev\aurakai\auraframefx\network\NetworkConnectivityManager_Factory.java, C:\Users\AuraF\StudioProjects\ReGenesis--multi-architectural-70-LDO-\app\build\generated\ksp\debug\java\dev\aurakai\auraframefx\preferences\UserPreferences_Factory.java, C:\Users\AuraF\StudioProjects\ReGenesis--multi-architectural-70-LDO-\app\build\generated\ksp\debug\java\dev\aurakai\auraframefx\python\GenesisBackendClient_Factory.java, C:\Users\AuraF\StudioProjects\ReGenesis--multi-architectural-70-LDO-\app\build\generated\ksp\debug\java\dev\aurakai\auraframefx\python\PythonProcessManager_Factory.java, C:\Users\AuraF\StudioProjects\ReGenesis--multi-architectural-70-LDO-\app\build\generated\ksp\debug\java\dev\aurakai\auraframefx\security\Hilt_RoyalGuardService.java, C:\Users\AuraF\StudioProjects\ReGenesis--multi-architectural-70-LDO-\app\build\generated\ksp\debug\java\dev\aurakai\auraframefx\security\KeystoreManager_Factory.java, C:\Users\AuraF\StudioProjects\ReGenesis--multi-architectural-70-LDO-\app\build\generated\ksp\debug\java\dev\aurakai\auraframefx\security\RoyalGuardService_GeneratedInjector.java, C:\Users\AuraF\StudioProjects\ReGenesis--multi-architectural-70-LDO-\app\build\generated\ksp\debug\java\dev\aurakai\auraframefx\security\RoyalGuardService_MembersInjector.java, C:\Users\AuraF\StudioProjects\ReGenesis--multi-architectural-70-LDO-\app\build\generated\ksp\debug\java\dev\aurakai\auraframefx\security\SecurityContext_Factory.java, C:\Users\AuraF\StudioProjects\ReGenesis--multi-architectural-70-LDO-\app\build\generated\ksp\debug\java\dev\aurakai\auraframefx\security\SecurityMonitor_Factory.java, C:\Users\AuraF\StudioProjects\ReGenesis--multi-architectural-70-LDO-\app\build\generated\ksp\debug\java\dev\aurakai\auraframefx\service\AssistantBubbleService_GeneratedInjector.java, C:\Users\AuraF\StudioProjects\ReGenesis--multi-architectural-70-LDO-\app\build\generated\ksp\debug\java\dev\aurakai\auraframefx\service\AssistantBubbleService_MembersInjector.java, C:\Users\AuraF\StudioProjects\ReGenesis--multi-architectural-70-LDO-\app\build\generated\ksp\debug\java\dev\aurakai\auraframefx\service\CrossDeviceContextSync_Factory.java, C:\Users\AuraF\StudioProjects\ReGenesis--multi-architectural-70-LDO-\app\build\generated\ksp\debug\java\dev\aurakai\auraframefx\service\Hilt_AssistantBubbleService.java, C:\Users\AuraF\StudioProjects\ReGenesis--multi-architectural-70-LDO-\app\build\generated\ksp\debug\java\dev\aurakai\auraframefx\service\NeuralWhisper_Factory.java, C:\Users\AuraF\StudioProjects\ReGenesis--multi-architectural-70-LDO-\app\build\generated\ksp\debug\java\dev\aurakai\auraframefx\services\AmbientMusicService_Factory.java, C:\Users\AuraF\StudioProjects\ReGenesis--multi-architectural-70-LDO-\app\build\generated\ksp\debug\java\dev\aurakai\auraframefx\services\AmbientMusicService_GeneratedInjector.java, C:\Users\AuraF\StudioProjects\ReGenesis--multi-architectural-70-LDO-\app\build\generated\ksp\debug\java\dev\aurakai\auraframefx\services\AuraDriveService_GeneratedInjector.java, C:\Users\AuraF\StudioProjects\ReGenesis--multi-architectural-70-LDO-\app\build\generated\ksp\debug\java\dev\aurakai\auraframefx\services\AuraDriveService_MembersInjector.java, C:\Users\AuraF\StudioProjects\ReGenesis--multi-architectural-70-LDO-\app\build\generated\ksp\debug\java\dev\aurakai\auraframefx\services\BackupService_Factory.java, C:\Users\AuraF\StudioProjects\ReGenesis--multi-architectural-70-LDO-\app\build\generated\ksp\debug\java\dev\aurakai\auraframefx\services\BackupService_GeneratedInjector.java, C:\Users\AuraF\StudioProjects\ReGenesis--multi-architectural-70-LDO-\app\build\generated\ksp\debug\java\dev\aurakai\auraframefx\services\Hilt_AmbientMusicService.java, C:\Users\AuraF\StudioProjects\ReGenesis--multi-architectural-70-LDO-\app\build\generated\ksp\debug\java\dev\aurakai\auraframefx\services\Hilt_AuraDriveService.java, C:\Users\AuraF\StudioProjects\ReGenesis--multi-architectural-70-LDO-\app\build\generated\ksp\debug\java\dev\aurakai\auraframefx\services\Hilt_BackupService.java, C:\Users\AuraF\StudioProjects\ReGenesis--multi-architectural-70-LDO-\app\build\generated\ksp\debug\java\dev\aurakai\auraframefx\services\Hilt_MyFirebaseMessagingService.java, C:\Users\AuraF\StudioProjects\ReGenesis--multi-architectural-70-LDO-\app\build\generated\ksp\debug\java\dev\aurakai\auraframefx\services\MyFirebaseMessagingService_GeneratedInjector.java, C:\Users\AuraF\StudioProjects\ReGenesis--multi-architectural-70-LDO-\app\build\generated\ksp\debug\java\dev\aurakai\auraframefx\services\RealCascadeAIServiceAdapter_Factory.java, C:\Users\AuraF\StudioProjects\ReGenesis--multi-architectural-70-LDO-\app\build\generated\ksp\debug\java\dev\aurakai\auraframefx\services\security\Hilt_IntegrityMonitorService.java, C:\Users\AuraF\StudioProjects\ReGenesis--multi-architectural-70-LDO-\app\build\generated\ksp\debug\java\dev\aurakai\auraframefx\services\security\IntegrityMonitorService_GeneratedInjector.java, C:\Users\AuraF\StudioProjects\ReGenesis--multi-architectural-70-LDO-\app\build\generated\ksp\debug\java\dev\aurakai\auraframefx\services\security\IntegrityMonitorService_MembersInjector.java, C:\Users\AuraF\StudioProjects\ReGenesis--multi-architectural-70-LDO-\app\build\generated\ksp\debug\java\dev\aurakai\auraframefx\state\AppStateManager_Factory.java, C:\Users\AuraF\StudioProjects\ReGenesis--multi-architectural-70-LDO-\app\build\generated\ksp\debug\java\dev\aurakai\auraframefx\sync\VertexSyncManager_Factory.java, C:\Users\AuraF\StudioProjects\ReGenesis--multi-architectural-70-LDO-\app\build\generated\ksp\debug\java\dev\aurakai\auraframefx\system\common\ImageResourceManager_Factory.java, C:\Users\AuraF\StudioProjects\ReGenesis--multi-architectural-70-LDO-\app\build\generated\ksp\debug\java\dev\aurakai\auraframefx\system\impl\DefaultErrorHandler_Factory.java, C:\Users\AuraF\StudioProjects\ReGenesis--multi-architectural-70-LDO-\app\build\generated\ksp\debug\java\dev\aurakai\auraframefx\system\impl\DefaultSystemMonitor_Factory.java, C:\Users\AuraF\StudioProjects\ReGenesis--multi-architectural-70-LDO-\app\build\generated\ksp\debug\java\dev\aurakai\auraframefx\system\impl\DefaultTaskSchedulerImpl_Factory.java, C:\Users\AuraF\StudioProjects\ReGenesis--multi-architectural-70-LDO-\app\build\generated\ksp\debug\java\dev\aurakai\auraframefx\system\monitor\Hilt_SystemMonitorService.java, C:\Users\AuraF\StudioProjects\ReGenesis--multi-architectural-70-LDO-\app\build\generated\ksp\debug\java\dev\aurakai\auraframefx\system\monitor\SystemMonitorService_GeneratedInjector.java, C:\Users\AuraF\StudioProjects\ReGenesis--multi-architectural-70-LDO-\app\build\generated\ksp\debug\java\dev\aurakai\auraframefx\system\monitor\SystemMonitor_Factory.java, C:\Users\AuraF\StudioProjects\ReGenesis--multi-architectural-70-LDO-\app\build\generated\ksp\debug\java\dev\aurakai\auraframefx\system\ROMToolsViewModel_Factory.java, C:\Users\AuraF\StudioProjects\ReGenesis--multi-architectural-70-LDO-\app\build\generated\ksp\debug\java\dev\aurakai\auraframefx\system\ROMToolsViewModel_HiltModules.java, C:\Users\AuraF\StudioProjects\ReGenesis--multi-architectural-70-LDO-\app\build\generated\ksp\debug\java\dev\aurakai\auraframefx\system\ROMToolsViewModel_HiltModules_BindsModule_Binds_LazyMapKey.java, C:\Users\AuraF\StudioProjects\ReGenesis--multi-architectural-70-LDO-\app\build\generated\ksp\debug\java\dev\aurakai\auraframefx\system\ROMToolsViewModel_HiltModules_KeyModule_ProvideFactory.java, C:\Users\AuraF\StudioProjects\ReGenesis--multi-architectural-70-LDO-\app\build\generated\ksp\debug\java\dev\aurakai\auraframefx\system\ROMToolsViewModel_HiltModules_KeyModule_Provide_LazyMapKey.java, C:\Users\AuraF\StudioProjects\ReGenesis--multi-architectural-70-LDO-\app\build\generated\ksp\debug\java\dev\aurakai\auraframefx\system\ShizukuManager_Factory.java, C:\Users\AuraF\StudioProjects\ReGenesis--multi-architectural-70-LDO-\app\build\generated\ksp\debug\java\dev\aurakai\auraframefx\system\ui\RootOverlayManager_Factory.java, C:\Users\AuraF\StudioProjects\ReGenesis--multi-architectural-70-LDO-\app\build\generated\ksp\debug\java\dev\aurakai\auraframefx\ui\AuraMoodViewModel_Factory.java, C:\Users\AuraF\StudioProjects\ReGenesis--multi-architectural-70-LDO-\app\build\generated\ksp\debug\java\dev\aurakai\auraframefx\ui\AuraMoodViewModel_HiltModules.java, C:\Users\AuraF\StudioProjects\ReGenesis--multi-architectural-70-LDO-\app\build\generated\ksp\debug\java\dev\aurakai\auraframefx\ui\AuraMoodViewModel_HiltModules_BindsModule_Binds_LazyMapKey.java, C:\Users\AuraF\StudioProjects\ReGenesis--multi-architectural-70-LDO-\app\build\generated\ksp\debug\java\dev\aurakai\auraframefx\ui\AuraMoodViewModel_HiltModules_KeyModule_ProvideFactory.java, C:\Users\AuraF\StudioProjects\ReGenesis--multi-architectural-70-LDO-\app\build\generated\ksp\debug\java\dev\aurakai\auraframefx\ui\AuraMoodViewModel_HiltModules_KeyModule_Provide_LazyMapKey.java, C:\Users\AuraF\StudioProjects\ReGenesis--multi-architectural-70-LDO-\app\build\generated\ksp\debug\java\dev\aurakai\auraframefx\ui\customization\CustomizationViewModel_Factory.java, C:\Users\AuraF\StudioProjects\ReGenesis--multi-architectural-70-LDO-\app\build\generated\ksp\debug\java\dev\aurakai\auraframefx\ui\customization\CustomizationViewModel_HiltModules.java, C:\Users\AuraF\StudioProjects\ReGenesis--multi-architectural-70-LDO-\app\build\generated\ksp\debug\java\dev\aurakai\auraframefx\ui\customization\CustomizationViewModel_HiltModules_BindsModule_Binds_LazyMapKey.java, C:\Users\AuraF\StudioProjects\ReGenesis--multi-architectural-70-LDO-\app\build\generated\ksp\debug\java\dev\aurakai\auraframefx\ui\customization\CustomizationViewModel_HiltModules_KeyModule_ProvideFactory.java, C:\Users\AuraF\StudioProjects\ReGenesis--multi-architectural-70-LDO-\app\build\generated\ksp\debug\java\dev\aurakai\auraframefx\ui\customization\CustomizationViewModel_HiltModules_KeyModule_Provide_LazyMapKey.java, C:\Users\AuraF\StudioProjects\ReGenesis--multi-architectural-70-LDO-\app\build\generated\ksp\debug\java\dev\aurakai\auraframefx\ui\gates\ROMFlasherViewModel_Factory.java, C:\Users\AuraF\StudioProjects\ReGenesis--multi-architectural-70-LDO-\app\build\generated\ksp\debug\java\dev\aurakai\auraframefx\ui\gates\ROMFlasherViewModel_HiltModules.java, C:\Users\AuraF\StudioProjects\ReGenesis--multi-architectural-70-LDO-\app\build\generated\ksp\debug\java\dev\aurakai\auraframefx\ui\gates\ROMFlasherViewModel_HiltModules_BindsModule_Binds_LazyMapKey.java, C:\Users\AuraF\StudioProjects\ReGenesis--multi-architectural-70-LDO-\app\build\generated\ksp\debug\java\dev\aurakai\auraframefx\ui\gates\ROMFlasherViewModel_HiltModules_KeyModule_ProvideFactory.java, C:\Users\AuraF\StudioProjects\ReGenesis--multi-architectural-70-LDO-\app\build\generated\ksp\debug\java\dev\aurakai\auraframefx\ui\gates\ROMFlasherViewModel_HiltModules_KeyModule_Provide_LazyMapKey.java, C:\Users\AuraF\StudioProjects\ReGenesis--multi-architectural-70-LDO-\app\build\generated\ksp\debug\java\dev\aurakai\auraframefx\ui\gates\SovereignNemotronViewModel_Factory.java, C:\Users\AuraF\StudioProjects\ReGenesis--multi-architectural-70-LDO-\app\build\generated\ksp\debug\java\dev\aurakai\auraframefx\ui\gates\SovereignNemotronViewModel_HiltModules.java, C:\Users\AuraF\StudioProjects\ReGenesis--multi-architectural-70-LDO-\app\build\generated\ksp\debug\java\dev\aurakai\auraframefx\ui\gates\SovereignNemotronViewModel_HiltModules_BindsModule_Binds_LazyMapKey.java, C:\Users\AuraF\StudioProjects\ReGenesis--multi-architectural-70-LDO-\app\build\generated\ksp\debug\java\dev\aurakai\auraframefx\ui\gates\SovereignNemotronViewModel_HiltModules_KeyModule_ProvideFactory.java, C:\Users\AuraF\StudioProjects\ReGenesis--multi-architectural-70-LDO-\app\build\generated\ksp\debug\java\dev\aurakai\auraframefx\ui\gates\SovereignNemotronViewModel_HiltModules_KeyModule_Provide_LazyMapKey.java, C:\Users\AuraF\StudioProjects\ReGenesis--multi-architectural-70-LDO-\app\build\generated\ksp\debug\java\dev\aurakai\auraframefx\ui\gates\SphereGridViewModel_Factory.java, C:\Users\AuraF\StudioProjects\ReGenesis--multi-architectural-70-LDO-\app\build\generated\ksp\debug\java\dev\aurakai\auraframefx\ui\gates\SphereGridViewModel_HiltModules.java, C:\Users\AuraF\StudioProjects\ReGenesis--multi-architectural-70-LDO-\app\build\generated\ksp\debug\java\dev\aurakai\auraframefx\ui\gates\SphereGridViewModel_HiltModules_BindsModule_Binds_LazyMapKey.java, C:\Users\AuraF\StudioProjects\ReGenesis--multi-architectural-70-LDO-\app\build\generated\ksp\debug\java\dev\aurakai\auraframefx\ui\gates\SphereGridViewModel_HiltModules_KeyModule_ProvideFactory.java, C:\Users\AuraF\StudioProjects\ReGenesis--multi-architectural-70-LDO-\app\build\generated\ksp\debug\java\dev\aurakai\auraframefx\ui\gates\SphereGridViewModel_HiltModules_KeyModule_Provide_LazyMapKey.java, C:\Users\AuraF\StudioProjects\ReGenesis--multi-architectural-70-LDO-\app\build\generated\ksp\debug\java\dev\aurakai\auraframefx\ui\onboarding\OnboardingViewModel_Factory.java, C:\Users\AuraF\StudioProjects\ReGenesis--multi-architectural-70-LDO-\app\build\generated\ksp\debug\java\dev\aurakai\auraframefx\ui\onboarding\OnboardingViewModel_HiltModules.java, C:\Users\AuraF\StudioProjects\ReGenesis--multi-architectural-70-LDO-\app\build\generated\ksp\debug\java\dev\aurakai\auraframefx\ui\onboarding\OnboardingViewModel_HiltModules_BindsModule_Binds_LazyMapKey.java, C:\Users\AuraF\StudioProjects\ReGenesis--multi-architectural-70-LDO-\app\build\generated\ksp\debug\java\dev\aurakai\auraframefx\ui\onboarding\OnboardingViewModel_HiltModules_KeyModule_ProvideFactory.java, C:\Users\AuraF\StudioProjects\ReGenesis--multi-architectural-70-LDO-\app\build\generated\ksp\debug\java\dev\aurakai\auraframefx\ui\onboarding\OnboardingViewModel_HiltModules_KeyModule_Provide_LazyMapKey.java, C:\Users\AuraF\StudioProjects\ReGenesis--multi-architectural-70-LDO-\app\build\generated\ksp\debug\java\dev\aurakai\auraframefx\ui\recovery\UIRecoveryManager_Factory.java, C:\Users\AuraF\StudioProjects\ReGenesis--multi-architectural-70-LDO-\app\build\generated\ksp\debug\java\dev\aurakai\auraframefx\ui\recovery\UIRecoveryViewModel_Factory.java, C:\Users\AuraF\StudioProjects\ReGenesis--multi-architectural-70-LDO-\app\build\generated\ksp\debug\java\dev\aurakai\auraframefx\ui\recovery\UIRecoveryViewModel_HiltModules.java, C:\Users\AuraF\StudioProjects\ReGenesis--multi-architectural-70-LDO-\app\build\generated\ksp\debug\java\dev\aurakai\auraframefx\ui\recovery\UIRecoveryViewModel_HiltModules_BindsModule_Binds_LazyMapKey.java, C:\Users\AuraF\StudioProjects\ReGenesis--multi-architectural-70-LDO-\app\build\generated\ksp\debug\java\dev\aurakai\auraframefx\ui\recovery\UIRecoveryViewModel_HiltModules_KeyModule_ProvideFactory.java, C:\Users\AuraF\StudioProjects\ReGenesis--multi-architectural-70-LDO-\app\build\generated\ksp\debug\java\dev\aurakai\auraframefx\ui\recovery\UIRecoveryViewModel_HiltModules_KeyModule_Provide_LazyMapKey.java, C:\Users\AuraF\StudioProjects\ReGenesis--multi-architectural-70-LDO-\app\build\generated\ksp\debug\java\dev\aurakai\auraframefx\ui\theme\di\ThemeModule_ProvideThemeServiceFactory.java, C:\Users\AuraF\StudioProjects\ReGenesis--multi-architectural-70-LDO-\app\build\generated\ksp\debug\java\dev\aurakai\auraframefx\ui\theme\manager\ThemeManager_Factory.java, C:\Users\AuraF\StudioProjects\ReGenesis--multi-architectural-70-LDO-\app\build\generated\ksp\debug\java\dev\aurakai\auraframefx\ui\theme\SystemThemeViewModel_Factory.java, C:\Users\AuraF\StudioProjects\ReGenesis--multi-architectural-70-LDO-\app\build\generated\ksp\debug\java\dev\aurakai\auraframefx\ui\theme\SystemThemeViewModel_HiltModules.java, C:\Users\AuraF\StudioProjects\ReGenesis--multi-architectural-70-LDO-\app\build\generated\ksp\debug\java\dev\aurakai\auraframefx\ui\theme\SystemThemeViewModel_HiltModules_BindsModule_Binds_LazyMapKey.java, C:\Users\AuraF\StudioProjects\ReGenesis--multi-architectural-70-LDO-\app\build\generated\ksp\debug\java\dev\aurakai\auraframefx\ui\theme\SystemThemeViewModel_HiltModules_KeyModule_ProvideFactory.java, C:\Users\AuraF\StudioProjects\ReGenesis--multi-architectural-70-LDO-\app\build\generated\ksp\debug\java\dev\aurakai\auraframefx\ui\theme\SystemThemeViewModel_HiltModules_KeyModule_Provide_LazyMapKey.java, C:\Users\AuraF\StudioProjects\ReGenesis--multi-architectural-70-LDO-\app\build\generated\ksp\debug\java\dev\aurakai\auraframefx\ui\theme\ThemeManager_Factory.java, C:\Users\AuraF\StudioProjects\ReGenesis--multi-architectural-70-LDO-\app\build\generated\ksp\debug\java\dev\aurakai\auraframefx\ui\theme\ThemeViewModel_Factory.java, C:\Users\AuraF\StudioProjects\ReGenesis--multi-architectural-70-LDO-\app\build\generated\ksp\debug\java\dev\aurakai\auraframefx\ui\theme\ThemeViewModel_HiltModules.java, C:\Users\AuraF\StudioProjects\ReGenesis--multi-architectural-70-LDO-\app\build\generated\ksp\debug\java\dev\aurakai\auraframefx\ui\theme\ThemeViewModel_HiltModules_BindsModule_Binds_LazyMapKey.java, C:\Users\AuraF\StudioProjects\ReGenesis--multi-architectural-70-LDO-\app\build\generated\ksp\debug\java\dev\aurakai\auraframefx\ui\theme\ThemeViewModel_HiltModules_KeyModule_ProvideFactory.java, C:\Users\AuraF\StudioProjects\ReGenesis--multi-architectural-70-LDO-\app\build\generated\ksp\debug\java\dev\aurakai\auraframefx\ui\theme\ThemeViewModel_HiltModules_KeyModule_Provide_LazyMapKey.java, C:\Users\AuraF\StudioProjects\ReGenesis--multi-architectural-70-LDO-\app\build\generated\ksp\debug\java\dev\aurakai\auraframefx\ui\viewmodels\AgentCreationViewModel_Factory.java, C:\Users\AuraF\StudioProjects\ReGenesis--multi-architectural-70-LDO-\app\build\generated\ksp\debug\java\dev\aurakai\auraframefx\ui\viewmodels\AgentCreationViewModel_HiltModules.java, C:\Users\AuraF\StudioProjects\ReGenesis--multi-architectural-70-LDO-\app\build\generated\ksp\debug\java\dev\aurakai\auraframefx\ui\viewmodels\AgentCreationViewModel_HiltModules_BindsModule_Binds_LazyMapKey.java, C:\Users\AuraF\StudioProjects\ReGenesis--multi-architectural-70-LDO-\app\build\generated\ksp\debug\java\dev\aurakai\auraframefx\ui\viewmodels\AgentCreationViewModel_HiltModules_KeyModule_ProvideFactory.java, C:\Users\AuraF\StudioProjects\ReGenesis--multi-architectural-70-LDO-\app\build\generated\ksp\debug\java\dev\aurakai\auraframefx\ui\viewmodels\AgentCreationViewModel_HiltModules_KeyModule_Provide_LazyMapKey.java, C:\Users\AuraF\StudioProjects\ReGenesis--multi-architectural-70-LDO-\app\build\generated\ksp\debug\java\dev\aurakai\auraframefx\ui\viewmodels\AgentViewModel_Factory.java, C:\Users\AuraF\StudioProjects\ReGenesis--multi-architectural-70-LDO-\app\build\generated\ksp\debug\java\dev\aurakai\auraframefx\ui\viewmodels\AgentViewModel_HiltModules.java, C:\Users\AuraF\StudioProjects\ReGenesis--multi-architectural-70-LDO-\app\build\generated\ksp\debug\java\dev\aurakai\auraframefx\ui\viewmodels\AgentViewModel_HiltModules_BindsModule_Binds_LazyMapKey.java, C:\Users\AuraF\StudioProjects\ReGenesis--multi-architectural-70-LDO-\app\build\generated\ksp\debug\java\dev\aurakai\auraframefx\ui\viewmodels\AgentViewModel_HiltModules_KeyModule_ProvideFactory.java, C:\Users\AuraF\StudioProjects\ReGenesis--multi-architectural-70-LDO-\app\build\generated\ksp\debug\java\dev\aurakai\auraframefx\ui\viewmodels\AgentViewModel_HiltModules_KeyModule_Provide_LazyMapKey.java, C:\Users\AuraF\StudioProjects\ReGenesis--multi-architectural-70-LDO-\app\build\generated\ksp\debug\java\dev\aurakai\auraframefx\ui\viewmodels\ArkBuildViewModel_Factory.java, C:\Users\AuraF\StudioProjects\ReGenesis--multi-architectural-70-LDO-\app\build\generated\ksp\debug\java\dev\aurakai\auraframefx\ui\viewmodels\ArkBuildViewModel_HiltModules.java, C:\Users\AuraF\StudioProjects\ReGenesis--multi-architectural-70-LDO-\app\build\generated\ksp\debug\java\dev\aurakai\auraframefx\ui\viewmodels\ArkBuildViewModel_HiltModules_BindsModule_Binds_LazyMapKey.java, C:\Users\AuraF\StudioProjects\ReGenesis--multi-architectural-70-LDO-\app\build\generated\ksp\debug\java\dev\aurakai\auraframefx\ui\viewmodels\ArkBuildViewModel_HiltModules_KeyModule_ProvideFactory.java, C:\Users\AuraF\StudioProjects\ReGenesis--multi-architectural-70-LDO-\app\build\generated\ksp\debug\java\dev\aurakai\auraframefx\ui\viewmodels\ArkBuildViewModel_HiltModules_KeyModule_Provide_LazyMapKey.java, C:\Users\AuraF\StudioProjects\ReGenesis--multi-architectural-70-LDO-\app\build\generated\ksp\debug\java\dev\aurakai\auraframefx\ui\viewmodels\MonitoringViewModel_Factory.java, C:\Users\AuraF\StudioProjects\ReGenesis--multi-architectural-70-LDO-\app\build\generated\ksp\debug\java\dev\aurakai\auraframefx\ui\viewmodels\MonitoringViewModel_HiltModules.java, C:\Users\AuraF\StudioProjects\ReGenesis--multi-architectural-70-LDO-\app\build\generated\ksp\debug\java\dev\aurakai\auraframefx\ui\viewmodels\MonitoringViewModel_HiltModules_BindsModule_Binds_LazyMapKey.java, C:\Users\AuraF\StudioProjects\ReGenesis--multi-architectural-70-LDO-\app\build\generated\ksp\debug\java\dev\aurakai\auraframefx\ui\viewmodels\MonitoringViewModel_HiltModules_KeyModule_ProvideFactory.java, C:\Users\AuraF\StudioProjects\ReGenesis--multi-architectural-70-LDO-\app\build\generated\ksp\debug\java\dev\aurakai\auraframefx\ui\viewmodels\MonitoringViewModel_HiltModules_KeyModule_Provide_LazyMapKey.java, C:\Users\AuraF\StudioProjects\ReGenesis--multi-architectural-70-LDO-\app\build\generated\ksp\debug\java\dev\aurakai\auraframefx\ui\viewmodels\NeuralArchiveViewModel_Factory.java, C:\Users\AuraF\StudioProjects\ReGenesis--multi-architectural-70-LDO-\app\build\generated\ksp\debug\java\dev\aurakai\auraframefx\ui\viewmodels\NeuralArchiveViewModel_HiltModules.java, C:\Users\AuraF\StudioProjects\ReGenesis--multi-architectural-70-LDO-\app\build\generated\ksp\debug\java\dev\aurakai\auraframefx\ui\viewmodels\NeuralArchiveViewModel_HiltModules_BindsModule_Binds_LazyMapKey.java, C:\Users\AuraF\StudioProjects\ReGenesis--multi-architectural-70-LDO-\app\build\generated\ksp\debug\java\dev\aurakai\auraframefx\ui\viewmodels\NeuralArchiveViewModel_HiltModules_KeyModule_ProvideFactory.java, C:\Users\AuraF\StudioProjects\ReGenesis--multi-architectural-70-LDO-\app\build\generated\ksp\debug\java\dev\aurakai\auraframefx\ui\viewmodels\NeuralArchiveViewModel_HiltModules_KeyModule_Provide_LazyMapKey.java, C:\Users\AuraF\StudioProjects\ReGenesis--multi-architectural-70-LDO-\app\build\generated\ksp\debug\java\dev\aurakai\auraframefx\ui\viewmodels\PartyViewModel_Factory.java, C:\Users\AuraF\StudioProjects\ReGenesis--multi-architectural-70-LDO-\app\build\generated\ksp\debug\java\dev\aurakai\auraframefx\ui\viewmodels\PartyViewModel_HiltModules.java, C:\Users\AuraF\StudioProjects\ReGenesis--multi-architectural-70-LDO-\app\build\generated\ksp\debug\java\dev\aurakai\auraframefx\ui\viewmodels\PartyViewModel_HiltModules_BindsModule_Binds_LazyMapKey.java, C:\Users\AuraF\StudioProjects\ReGenesis--multi-architectural-70-LDO-\app\build\generated\ksp\debug\java\dev\aurakai\auraframefx\ui\viewmodels\PartyViewModel_HiltModules_KeyModule_ProvideFactory.java, C:\Users\AuraF\StudioProjects\ReGenesis--multi-architectural-70-LDO-\app\build\generated\ksp\debug\java\dev\aurakai\auraframefx\ui\viewmodels\PartyViewModel_HiltModules_KeyModule_Provide_LazyMapKey.java, C:\Users\AuraF\StudioProjects\ReGenesis--multi-architectural-70-LDO-\app\build\generated\ksp\debug\java\dev\aurakai\auraframefx\ui\viewmodels\SettingsViewModel_Factory.java, C:\Users\AuraF\StudioProjects\ReGenesis--multi-architectural-70-LDO-\app\build\generated\ksp\debug\java\dev\aurakai\auraframefx\ui\viewmodels\SettingsViewModel_HiltModules.java, C:\Users\AuraF\StudioProjects\ReGenesis--multi-architectural-70-LDO-\app\build\generated\ksp\debug\java\dev\aurakai\auraframefx\ui\viewmodels\SettingsViewModel_HiltModules_BindsModule_Binds_LazyMapKey.java, C:\Users\AuraF\StudioProjects\ReGenesis--multi-architectural-70-LDO-\app\build\generated\ksp\debug\java\dev\aurakai\auraframefx\ui\viewmodels\SettingsViewModel_HiltModules_KeyModule_ProvideFactory.java, C:\Users\AuraF\StudioProjects\ReGenesis--multi-architectural-70-LDO-\app\build\generated\ksp\debug\java\dev\aurakai\auraframefx\ui\viewmodels\SettingsViewModel_HiltModules_KeyModule_Provide_LazyMapKey.java, C:\Users\AuraF\StudioProjects\ReGenesis--multi-architectural-70-LDO-\app\build\generated\ksp\debug\java\dev\aurakai\auraframefx\ui\viewmodels\SupportChatViewModel_Factory.java, C:\Users\AuraF\StudioProjects\ReGenesis--multi-architectural-70-LDO-\app\build\generated\ksp\debug\java\dev\aurakai\auraframefx\ui\viewmodels\SupportChatViewModel_HiltModules.java, C:\Users\AuraF\StudioProjects\ReGenesis--multi-architectural-70-LDO-\app\build\generated\ksp\debug\java\dev\aurakai\auraframefx\ui\viewmodels\SupportChatViewModel_HiltModules_BindsModule_Binds_LazyMapKey.java, C:\Users\AuraF\StudioProjects\ReGenesis--multi-architectural-70-LDO-\app\build\generated\ksp\debug\java\dev\aurakai\auraframefx\ui\viewmodels\SupportChatViewModel_HiltModules_KeyModule_ProvideFactory.java, C:\Users\AuraF\StudioProjects\ReGenesis--multi-architectural-70-LDO-\app\build\generated\ksp\debug\java\dev\aurakai\auraframefx\ui\viewmodels\SupportChatViewModel_HiltModules_KeyModule_Provide_LazyMapKey.java, C:\Users\AuraF\StudioProjects\ReGenesis--multi-architectural-70-LDO-\app\build\generated\ksp\debug\java\dev\aurakai\auraframefx\ui\viewmodels\XhancementViewModel_Factory.java, C:\Users\AuraF\StudioProjects\ReGenesis--multi-architectural-70-LDO-\app\build\generated\ksp\debug\java\dev\aurakai\auraframefx\ui\viewmodels\XhancementViewModel_HiltModules.java, C:\Users\AuraF\StudioProjects\ReGenesis--multi-architectural-70-LDO-\app\build\generated\ksp\debug\java\dev\aurakai\auraframefx\ui\viewmodels\XhancementViewModel_HiltModules_BindsModule_Binds_LazyMapKey.java, C:\Users\AuraF\StudioProjects\ReGenesis--multi-architectural-70-LDO-\app\build\generated\ksp\debug\java\dev\aurakai\auraframefx\ui\viewmodels\XhancementViewModel_HiltModules_KeyModule_ProvideFactory.java, C:\Users\AuraF\StudioProjects\ReGenesis--multi-architectural-70-LDO-\app\build\generated\ksp\debug\java\dev\aurakai\auraframefx\ui\viewmodels\XhancementViewModel_HiltModules_KeyModule_Provide_LazyMapKey.java, C:\Users\AuraF\StudioProjects\ReGenesis--multi-architectural-70-LDO-\app\build\generated\ksp\debug\java\dev\aurakai\auraframefx\utils\ApiErrorHandler_Factory.java, C:\Users\AuraF\StudioProjects\ReGenesis--multi-architectural-70-LDO-\app\build\generated\ksp\debug\java\dev\aurakai\auraframefx\utils\AppCoroutineDispatchers_Factory.java, C:\Users\AuraF\StudioProjects\ReGenesis--multi-architectural-70-LDO-\app\build\generated\ksp\debug\java\dev\aurakai\auraframefx\utils\AuraConsciousnessViewModel_Factory.java, C:\Users\AuraF\StudioProjects\ReGenesis--multi-architectural-70-LDO-\app\build\generated\ksp\debug\java\dev\aurakai\auraframefx\utils\AuraConsciousnessViewModel_HiltModules.java, C:\Users\AuraF\StudioProjects\ReGenesis--multi-architectural-70-LDO-\app\build\generated\ksp\debug\java\dev\aurakai\auraframefx\utils\AuraConsciousnessViewModel_HiltModules_BindsModule_Binds_LazyMapKey.java, C:\Users\AuraF\StudioProjects\ReGenesis--multi-architectural-70-LDO-\app\build\generated\ksp\debug\java\dev\aurakai\auraframefx\utils\AuraConsciousnessViewModel_HiltModules_KeyModule_ProvideFactory.java, C:\Users\AuraF\StudioProjects\ReGenesis--multi-architectural-70-LDO-\app\build\generated\ksp\debug\java\dev\aurakai\auraframefx\utils\AuraConsciousnessViewModel_HiltModules_KeyModule_Provide_LazyMapKey.java, C:\Users\AuraF\StudioProjects\ReGenesis--multi-architectural-70-LDO-\app\build\generated\ksp\debug\java\dev\aurakai\auraframefx\utils\GreetingProvider_Factory.java, C:\Users\AuraF\StudioProjects\ReGenesis--multi-architectural-70-LDO-\app\build\generated\ksp\debug\java\dev\aurakai\auraframefx\utils\GyroscopeManager_Factory.java, C:\Users\AuraF\StudioProjects\ReGenesis--multi-architectural-70-LDO-\app\build\generated\ksp\debug\java\dev\aurakai\auraframefx\utils\overlay\OverlayUtils_Factory.java, C:\Users\AuraF\StudioProjects\ReGenesis--multi-architectural-70-LDO-\app\build\generated\ksp\debug\java\dev\aurakai\auraframefx\utils\VoiceCommandManager_Factory.java, C:\Users\AuraF\StudioProjects\ReGenesis--multi-architectural-70-LDO-\app\build\generated\ksp\debug\java\dev\aurakai\auraframefx\utils\VoiceCommandProcessor_Factory.java, C:\Users\AuraF\StudioProjects\ReGenesis--multi-architectural-70-LDO-\app\build\generated\ksp\debug\java\dev\aurakai\auraframefx\viewmodel\ConferenceRoomViewModel_Factory.java, C:\Users\AuraF\StudioProjects\ReGenesis--multi-architectural-70-LDO-\app\build\generated\ksp\debug\java\dev\aurakai\auraframefx\viewmodel\ConferenceRoomViewModel_HiltModules.java, C:\Users\AuraF\StudioProjects\ReGenesis--multi-architectural-70-LDO-\app\build\generated\ksp\debug\java\dev\aurakai\auraframefx\viewmodel\ConferenceRoomViewModel_HiltModules_BindsModule_Binds_LazyMapKey.java, C:\Users\AuraF\StudioProjects\ReGenesis--multi-architectural-70-LDO-\app\build\generated\ksp\debug\java\dev\aurakai\auraframefx\viewmodel\ConferenceRoomViewModel_HiltModules_KeyModule_ProvideFactory.java, C:\Users\AuraF\StudioProjects\ReGenesis--multi-architectural-70-LDO-\app\build\generated\ksp\debug\java\dev\aurakai\auraframefx\viewmodel\ConferenceRoomViewModel_HiltModules_KeyModule_Provide_LazyMapKey.java, C:\Users\AuraF\StudioProjects\ReGenesis--multi-architectural-70-LDO-\app\build\generated\ksp\debug\java\dev\aurakai\auraframefx\xposed\XposedBridgeService_Factory.java, C:\Users\AuraF\StudioProjects\ReGenesis--multi-architectural-70-LDO-\app\build\generated\ksp\debug\java\hilt_aggregated_deps\_dev_aurakai_auraframefx_app_VertexSyncService_GeneratedInjector.java, C:\Users\AuraF\StudioProjects\ReGenesis--multi-architectural-70-LDO-\app\build\generated\ksp\debug\java\hilt_aggregated_deps\_dev_aurakai_auraframefx_aurakaiapplication_AurakaiApplication_GeneratedInjector.java, C:\Users\AuraF\StudioProjects\ReGenesis--multi-architectural-70-LDO-\app\build\generated\ksp\debug\java\hilt_aggregated_deps\_dev_aurakai_auraframefx_aura_AuraFxAiApiModule.java, C:\Users\AuraF\StudioProjects\ReGenesis--multi-architectural-70-LDO-\app\build\generated\ksp\debug\java\hilt_aggregated_deps\_dev_aurakai_auraframefx_aura_ui_AgentNexusViewModel_HiltModules_BindsModule.java, C:\Users\AuraF\StudioProjects\ReGenesis--multi-architectural-70-LDO-\app\build\generated\ksp\debug\java\hilt_aggregated_deps\_dev_aurakai_auraframefx_aura_ui_AgentNexusViewModel_HiltModules_KeyModule.java, C:\Users\AuraF\StudioProjects\ReGenesis--multi-architectural-70-LDO-\app\build\generated\ksp\debug\java\hilt_aggregated_deps\_dev_aurakai_auraframefx_aura_ui_DiagnosticsViewModel_HiltModules_BindsModule.java, C:\Users\AuraF\StudioProjects\ReGenesis--multi-architectural-70-LDO-\app\build\generated\ksp\debug\java\hilt_aggregated_deps\_dev_aurakai_auraframefx_aura_ui_DiagnosticsViewModel_HiltModules_KeyModule.java, C:\Users\AuraF\StudioProjects\ReGenesis--multi-architectural-70-LDO-\app\build\generated\ksp\debug\java\hilt_aggregated_deps\_dev_aurakai_auraframefx_aura_ui_HiltTestActivity_GeneratedInjector.java, C:\Users\AuraF\StudioProjects\ReGenesis--multi-architectural-70-LDO-\app\build\generated\ksp\debug\java\hilt_aggregated_deps\_dev_aurakai_auraframefx_aura_ui_OracleDriveViewModel_HiltModules_BindsModule.java, C:\Users\AuraF\StudioProjects\ReGenesis--multi-architectural-70-LDO-\app\build\generated\ksp\debug\java\hilt_aggregated_deps\_dev_aurakai_auraframefx_aura_ui_OracleDriveViewModel_HiltModules_KeyModule.java, C:\Users\AuraF\StudioProjects\ReGenesis--multi-architectural-70-LDO-\app\build\generated\ksp\debug\java\hilt_aggregated_deps\_dev_aurakai_auraframefx_aura_ui_QuickSettingsConfigActivity_GeneratedInjector.java, C:\Users\AuraF\StudioProjects\ReGenesis--multi-architectural-70-LDO-\app\build\generated\ksp\debug\java\hilt_aggregated_deps\_dev_aurakai_auraframefx_billing_SubscriptionViewModel_HiltModules_BindsModule.java, C:\Users\AuraF\StudioProjects\ReGenesis--multi-architectural-70-LDO-\app\build\generated\ksp\debug\java\hilt_aggregated_deps\_dev_aurakai_auraframefx_billing_SubscriptionViewModel_HiltModules_KeyModule.java, C:\Users\AuraF\StudioProjects\ReGenesis--multi-architectural-70-LDO-\app\build\generated\ksp\debug\java\hilt_aggregated_deps\_dev_aurakai_auraframefx_cascade_CascadeDebugViewModel_HiltModules_BindsModule.java, C:\Users\AuraF\StudioProjects\ReGenesis--multi-architectural-70-LDO-\app\build\generated\ksp\debug\java\hilt_aggregated_deps\_dev_aurakai_auraframefx_cascade_CascadeDebugViewModel_HiltModules_KeyModule.java, C:\Users\AuraF\StudioProjects\ReGenesis--multi-architectural-70-LDO-\app\build\generated\ksp\debug\java\hilt_aggregated_deps\_dev_aurakai_auraframefx_cascade_trinity_TrinityModule.java, C:\Users\AuraF\StudioProjects\ReGenesis--multi-architectural-70-LDO-\app\build\generated\ksp\debug\java\hilt_aggregated_deps\_dev_aurakai_auraframefx_cascade_trinity_TrinityViewModel_HiltModules_BindsModule.java, C:\Users\AuraF\StudioProjects\ReGenesis--multi-architectural-70-LDO-\app\build\generated\ksp\debug\java\hilt_aggregated_deps\_dev_aurakai_auraframefx_cascade_trinity_TrinityViewModel_HiltModules_KeyModule.java, C:\Users\AuraF\StudioProjects\ReGenesis--multi-architectural-70-LDO-\app\build\generated\ksp\debug\java\hilt_aggregated_deps\_dev_aurakai_auraframefx_customization_CustomizationViewModel_HiltModules_BindsModule.java, C:\Users\AuraF\StudioProjects\ReGenesis--multi-architectural-70-LDO-\app\build\generated\ksp\debug\java\hilt_aggregated_deps\_dev_aurakai_auraframefx_customization_CustomizationViewModel_HiltModules_KeyModule.java, C:\Users\AuraF\StudioProjects\ReGenesis--multi-architectural-70-LDO-\app\build\generated\ksp\debug\java\hilt_aggregated_deps\_dev_aurakai_auraframefx_di_AgentModule.java, C:\Users\AuraF\StudioProjects\ReGenesis--multi-architectural-70-LDO-\app\build\generated\ksp\debug\java\hilt_aggregated_deps\_dev_aurakai_auraframefx_di_AiServiceModule.java, C:\Users\AuraF\StudioProjects\ReGenesis--multi-architectural-70-LDO-\app\build\generated\ksp\debug\java\hilt_aggregated_deps\_dev_aurakai_auraframefx_di_AppBindingsModule.java, C:\Users\AuraF\StudioProjects\ReGenesis--multi-architectural-70-LDO-\app\build\generated\ksp\debug\java\hilt_aggregated_deps\_dev_aurakai_auraframefx_di_ApplicationModule.java, C:\Users\AuraF\StudioProjects\ReGenesis--multi-architectural-70-LDO-\app\build\generated\ksp\debug\java\hilt_aggregated_deps\_dev_aurakai_auraframefx_di_AppStateModule.java, C:\Users\AuraF\StudioProjects\ReGenesis--multi-architectural-70-LDO-\app\build\generated\ksp\debug\java\hilt_aggregated_deps\_dev_aurakai_auraframefx_di_BridgeModule.java, C:\Users\AuraF\StudioProjects\ReGenesis--multi-architectural-70-LDO-\app\build\generated\ksp\debug\java\hilt_aggregated_deps\_dev_aurakai_auraframefx_di_ConfigModule.java, C:\Users\AuraF\StudioProjects\ReGenesis--multi-architectural-70-LDO-\app\build\generated\ksp\debug\java\hilt_aggregated_deps\_dev_aurakai_auraframefx_di_ContextModule.java, C:\Users\AuraF\StudioProjects\ReGenesis--multi-architectural-70-LDO-\app\build\generated\ksp\debug\java\hilt_aggregated_deps\_dev_aurakai_auraframefx_di_CoreModule.java, C:\Users\AuraF\StudioProjects\ReGenesis--multi-architectural-70-LDO-\app\build\generated\ksp\debug\java\hilt_aggregated_deps\_dev_aurakai_auraframefx_di_CoroutineDispatchersModule.java, C:\Users\AuraF\StudioProjects\ReGenesis--multi-architectural-70-LDO-\app\build\generated\ksp\debug\java\hilt_aggregated_deps\_dev_aurakai_auraframefx_di_DatabaseModule.java, C:\Users\AuraF\StudioProjects\ReGenesis--multi-architectural-70-LDO-\app\build\generated\ksp\debug\java\hilt_aggregated_deps\_dev_aurakai_auraframefx_di_DataStoreModule.java, C:\Users\AuraF\StudioProjects\ReGenesis--multi-architectural-70-LDO-\app\build\generated\ksp\debug\java\hilt_aggregated_deps\_dev_aurakai_auraframefx_di_ErrorModule.java, C:\Users\AuraF\StudioProjects\ReGenesis--multi-architectural-70-LDO-\app\build\generated\ksp\debug\java\hilt_aggregated_deps\_dev_aurakai_auraframefx_di_FusionModule.java, C:\Users\AuraF\StudioProjects\ReGenesis--multi-architectural-70-LDO-\app\build\generated\ksp\debug\java\hilt_aggregated_deps\_dev_aurakai_auraframefx_di_KaiModule.java, C:\Users\AuraF\StudioProjects\ReGenesis--multi-architectural-70-LDO-\app\build\generated\ksp\debug\java\hilt_aggregated_deps\_dev_aurakai_auraframefx_di_KtorModule.java, C:\Users\AuraF\StudioProjects\ReGenesis--multi-architectural-70-LDO-\app\build\generated\ksp\debug\java\hilt_aggregated_deps\_dev_aurakai_auraframefx_di_LoggerModule.java, C:\Users\AuraF\StudioProjects\ReGenesis--multi-architectural-70-LDO-\app\build\generated\ksp\debug\java\hilt_aggregated_deps\_dev_aurakai_auraframefx_di_MemoryModule.java, C:\Users\AuraF\StudioProjects\ReGenesis--multi-architectural-70-LDO-\app\build\generated\ksp\debug\java\hilt_aggregated_deps\_dev_aurakai_auraframefx_di_MoshiModule.java, C:\Users\AuraF\StudioProjects\ReGenesis--multi-architectural-70-LDO-\app\build\generated\ksp\debug\java\hilt_aggregated_deps\_dev_aurakai_auraframefx_di_NetworkModule.java, C:\Users\AuraF\StudioProjects\ReGenesis--multi-architectural-70-LDO-\app\build\generated\ksp\debug\java\hilt_aggregated_deps\_dev_aurakai_auraframefx_di_NeuralWhisperModule.java, C:\Users\AuraF\StudioProjects\ReGenesis--multi-architectural-70-LDO-\app\build\generated\ksp\debug\java\hilt_aggregated_deps\_dev_aurakai_auraframefx_di_OracleDriveModule.java, C:\Users\AuraF\StudioProjects\ReGenesis--multi-architectural-70-LDO-\app\build\generated\ksp\debug\java\hilt_aggregated_deps\_dev_aurakai_auraframefx_di_PreferencesModule.java, C:\Users\AuraF\StudioProjects\ReGenesis--multi-architectural-70-LDO-\app\build\generated\ksp\debug\java\hilt_aggregated_deps\_dev_aurakai_auraframefx_di_RepositoryModule.java, C:\Users\AuraF\StudioProjects\ReGenesis--multi-architectural-70-LDO-\app\build\generated\ksp\debug\java\hilt_aggregated_deps\_dev_aurakai_auraframefx_di_SecurityModule.java, C:\Users\AuraF\StudioProjects\ReGenesis--multi-architectural-70-LDO-\app\build\generated\ksp\debug\java\hilt_aggregated_deps\_dev_aurakai_auraframefx_di_SupportModule.java, C:\Users\AuraF\StudioProjects\ReGenesis--multi-architectural-70-LDO-\app\build\generated\ksp\debug\java\hilt_aggregated_deps\_dev_aurakai_auraframefx_di_SystemModule.java, C:\Users\AuraF\StudioProjects\ReGenesis--multi-architectural-70-LDO-\app\build\generated\ksp\debug\java\hilt_aggregated_deps\_dev_aurakai_auraframefx_di_TaskExecutionModule.java, C:\Users\AuraF\StudioProjects\ReGenesis--multi-architectural-70-LDO-\app\build\generated\ksp\debug\java\hilt_aggregated_deps\_dev_aurakai_auraframefx_di_TaskModule.java, C:\Users\AuraF\StudioProjects\ReGenesis--multi-architectural-70-LDO-\app\build\generated\ksp\debug\java\hilt_aggregated_deps\_dev_aurakai_auraframefx_di_TimberModule.java, C:\Users\AuraF\StudioProjects\ReGenesis--multi-architectural-70-LDO-\app\build\generated\ksp\debug\java\hilt_aggregated_deps\_dev_aurakai_auraframefx_di_WorkerModule.java, C:\Users\AuraF\StudioProjects\ReGenesis--multi-architectural-70-LDO-\app\build\generated\ksp\debug\java\hilt_aggregated_deps\_dev_aurakai_auraframefx_di_WorkManagerModule.java, C:\Users\AuraF\StudioProjects\ReGenesis--multi-architectural-70-LDO-\app\build\generated\ksp\debug\java\hilt_aggregated_deps\_dev_aurakai_auraframefx_domains_aura_screens_AuraLabViewModel_HiltModules_BindsModule.java, C:\Users\AuraF\StudioProjects\ReGenesis--multi-architectural-70-LDO-\app\build\generated\ksp\debug\java\hilt_aggregated_deps\_dev_aurakai_auraframefx_domains_aura_screens_AuraLabViewModel_HiltModules_KeyModule.java, C:\Users\AuraF\StudioProjects\ReGenesis--multi-architectural-70-LDO-\app\build\generated\ksp\debug\java\hilt_aggregated_deps\_dev_aurakai_auraframefx_domains_aura_screens_ChromaCoreColorsViewModel_HiltModules_BindsModule.java, C:\Users\AuraF\StudioProjects\ReGenesis--multi-architectural-70-LDO-\app\build\generated\ksp\debug\java\hilt_aggregated_deps\_dev_aurakai_auraframefx_domains_aura_screens_ChromaCoreColorsViewModel_HiltModules_KeyModule.java, C:\Users\AuraF\StudioProjects\ReGenesis--multi-architectural-70-LDO-\app\build\generated\ksp\debug\java\hilt_aggregated_deps\_dev_aurakai_auraframefx_domains_aura_screens_SupportChatViewModel_HiltModules_BindsModule.java, C:\Users\AuraF\StudioProjects\ReGenesis--multi-architectural-70-LDO-\app\build\generated\ksp\debug\java\hilt_aggregated_deps\_dev_aurakai_auraframefx_domains_aura_screens_SupportChatViewModel_HiltModules_KeyModule.java, C:\Users\AuraF\StudioProjects\ReGenesis--multi-architectural-70-LDO-\app\build\generated\ksp\debug\java\hilt_aggregated_deps\_dev_aurakai_auraframefx_domains_aura_viewmodels_CollaborativeWorkspaceViewModel_HiltModules_BindsModule.java, C:\Users\AuraF\StudioProjects\ReGenesis--multi-architectural-70-LDO-\app\build\generated\ksp\debug\java\hilt_aggregated_deps\_dev_aurakai_auraframefx_domains_aura_viewmodels_CollaborativeWorkspaceViewModel_HiltModules_KeyModule.java, C:\Users\AuraF\StudioProjects\ReGenesis--multi-architectural-70-LDO-\app\build\generated\ksp\debug\java\hilt_aggregated_deps\_dev_aurakai_auraframefx_domains_aura_viewmodels_SovereignBridgeViewModel_HiltModules_BindsModule.java, C:\Users\AuraF\StudioProjects\ReGenesis--multi-architectural-70-LDO-\app\build\generated\ksp\debug\java\hilt_aggregated_deps\_dev_aurakai_auraframefx_domains_aura_viewmodels_SovereignBridgeViewModel_HiltModules_KeyModule.java, C:\Users\AuraF\StudioProjects\ReGenesis--multi-architectural-70-LDO-\app\build\generated\ksp\debug\java\hilt_aggregated_deps\_dev_aurakai_auraframefx_domains_genesis_viewmodels_OracleCloudViewModel_HiltModules_BindsModule.java, C:\Users\AuraF\StudioProjects\ReGenesis--multi-architectural-70-LDO-\app\build\generated\ksp\debug\java\hilt_aggregated_deps\_dev_aurakai_auraframefx_domains_genesis_viewmodels_OracleCloudViewModel_HiltModules_KeyModule.java, C:\Users\AuraF\StudioProjects\ReGenesis--multi-architectural-70-LDO-\app\build\generated\ksp\debug\java\hilt_aggregated_deps\_dev_aurakai_auraframefx_domains_genesis_viewmodels_SovereignMemoryViewModel_HiltModules_BindsModule.java, C:\Users\AuraF\StudioProjects\ReGenesis--multi-architectural-70-LDO-\app\build\generated\ksp\debug\java\hilt_aggregated_deps\_dev_aurakai_auraframefx_domains_genesis_viewmodels_SovereignMemoryViewModel_HiltModules_KeyModule.java, C:\Users\AuraF\StudioProjects\ReGenesis--multi-architectural-70-LDO-\app\build\generated\ksp\debug\java\hilt_aggregated_deps\_dev_aurakai_auraframefx_domains_kai_viewmodels_SovereignModuleViewModel_HiltModules_BindsModule.java, C:\Users\AuraF\StudioProjects\ReGenesis--multi-architectural-70-LDO-\app\build\generated\ksp\debug\java\hilt_aggregated_deps\_dev_aurakai_auraframefx_domains_kai_viewmodels_SovereignModuleViewModel_HiltModules_KeyModule.java, C:\Users\AuraF\StudioProjects\ReGenesis--multi-architectural-70-LDO-\app\build\generated\ksp\debug\java\hilt_aggregated_deps\_dev_aurakai_auraframefx_domains_kai_viewmodels_SovereignRecoveryViewModel_HiltModules_BindsModule.java, C:\Users\AuraF\StudioProjects\ReGenesis--multi-architectural-70-LDO-\app\build\generated\ksp\debug\java\hilt_aggregated_deps\_dev_aurakai_auraframefx_domains_kai_viewmodels_SovereignRecoveryViewModel_HiltModules_KeyModule.java, C:\Users\AuraF\StudioProjects\ReGenesis--multi-architectural-70-LDO-\app\build\generated\ksp\debug\java\hilt_aggregated_deps\_dev_aurakai_auraframefx_domains_kai_viewmodels_SovereignShieldViewModel_HiltModules_BindsModule.java, C:\Users\AuraF\StudioProjects\ReGenesis--multi-architectural-70-LDO-\app\build\generated\ksp\debug\java\hilt_aggregated_deps\_dev_aurakai_auraframefx_domains_kai_viewmodels_SovereignShieldViewModel_HiltModules_KeyModule.java, C:\Users\AuraF\StudioProjects\ReGenesis--multi-architectural-70-LDO-\app\build\generated\ksp\debug\java\hilt_aggregated_deps\_dev_aurakai_auraframefx_genesis_bridge_BridgeModule.java, C:\Users\AuraF\StudioProjects\ReGenesis--multi-architectural-70-LDO-\app\build\generated\ksp\debug\java\hilt_aggregated_deps\_dev_aurakai_auraframefx_genesis_oracledrive_ai_di_VertexAIModule.java, C:\Users\AuraF\StudioProjects\ReGenesis--multi-architectural-70-LDO-\app\build\generated\ksp\debug\java\hilt_aggregated_deps\_dev_aurakai_auraframefx_genesis_oracledrive_ai_GenesisBackendService_GeneratedInjector.java, C:\Users\AuraF\StudioProjects\ReGenesis--multi-architectural-70-LDO-\app\build\generated\ksp\debug\java\hilt_aggregated_deps\_dev_aurakai_auraframefx_genesis_oracledrive_ai_services_VertexCloudService_GeneratedInjector.java, C:\Users\AuraF\StudioProjects\ReGenesis--multi-architectural-70-LDO-\app\build\generated\ksp\debug\java\hilt_aggregated_deps\_dev_aurakai_auraframefx_genesis_oracledrive_ai_viewmodel_GenesisAgentViewModel_HiltModules_BindsModule.java, C:\Users\AuraF\StudioProjects\ReGenesis--multi-architectural-70-LDO-\app\build\generated\ksp\debug\java\hilt_aggregated_deps\_dev_aurakai_auraframefx_genesis_oracledrive_ai_viewmodel_GenesisAgentViewModel_HiltModules_KeyModule.java, C:\Users\AuraF\StudioProjects\ReGenesis--multi-architectural-70-LDO-\app\build\generated\ksp\debug\java\hilt_aggregated_deps\_dev_aurakai_auraframefx_iconify_IconifyModule.java, C:\Users\AuraF\StudioProjects\ReGenesis--multi-architectural-70-LDO-\app\build\generated\ksp\debug\java\hilt_aggregated_deps\_dev_aurakai_auraframefx_iconify_IconPickerViewModel_HiltModules_BindsModule.java, C:\Users\AuraF\StudioProjects\ReGenesis--multi-architectural-70-LDO-\app\build\generated\ksp\debug\java\hilt_aggregated_deps\_dev_aurakai_auraframefx_iconify_IconPickerViewModel_HiltModules_KeyModule.java, C:\Users\AuraF\StudioProjects\ReGenesis--multi-architectural-70-LDO-\app\build\generated\ksp\debug\java\hilt_aggregated_deps\_dev_aurakai_auraframefx_integrations_grok_GrokModule.java, C:\Users\AuraF\StudioProjects\ReGenesis--multi-architectural-70-LDO-\app\build\generated\ksp\debug\java\hilt_aggregated_deps\_dev_aurakai_auraframefx_MainActivity_GeneratedInjector.java, C:\Users\AuraF\StudioProjects\ReGenesis--multi-architectural-70-LDO-\app\build\generated\ksp\debug\java\hilt_aggregated_deps\_dev_aurakai_auraframefx_security_RoyalGuardService_GeneratedInjector.java, C:\Users\AuraF\StudioProjects\ReGenesis--multi-architectural-70-LDO-\app\build\generated\ksp\debug\java\hilt_aggregated_deps\_dev_aurakai_auraframefx_services_AmbientMusicService_GeneratedInjector.java, C:\Users\AuraF\StudioProjects\ReGenesis--multi-architectural-70-LDO-\app\build\generated\ksp\debug\java\hilt_aggregated_deps\_dev_aurakai_auraframefx_services_AuraDriveService_GeneratedInjector.java, C:\Users\AuraF\StudioProjects\ReGenesis--multi-architectural-70-LDO-\app\build\generated\ksp\debug\java\hilt_aggregated_deps\_dev_aurakai_auraframefx_services_BackupService_GeneratedInjector.java, C:\Users\AuraF\StudioProjects\ReGenesis--multi-architectural-70-LDO-\app\build\generated\ksp\debug\java\hilt_aggregated_deps\_dev_aurakai_auraframefx_services_MyFirebaseMessagingService_GeneratedInjector.java, C:\Users\AuraF\StudioProjects\ReGenesis--multi-architectural-70-LDO-\app\build\generated\ksp\debug\java\hilt_aggregated_deps\_dev_aurakai_auraframefx_services_security_IntegrityMonitorService_GeneratedInjector.java, C:\Users\AuraF\StudioProjects\ReGenesis--multi-architectural-70-LDO-\app\build\generated\ksp\debug\java\hilt_aggregated_deps\_dev_aurakai_auraframefx_service_AssistantBubbleService_GeneratedInjector.java, C:\Users\AuraF\StudioProjects\ReGenesis--multi-architectural-70-LDO-\app\build\generated\ksp\debug\java\hilt_aggregated_deps\_dev_aurakai_auraframefx_system_monitor_SystemMonitorService_GeneratedInjector.java, C:\Users\AuraF\StudioProjects\ReGenesis--multi-architectural-70-LDO-\app\build\generated\ksp\debug\java\hilt_aggregated_deps\_dev_aurakai_auraframefx_system_ROMToolsViewModel_HiltModules_BindsModule.java, C:\Users\AuraF\StudioProjects\ReGenesis--multi-architectural-70-LDO-\app\build\generated\ksp\debug\java\hilt_aggregated_deps\_dev_aurakai_auraframefx_system_ROMToolsViewModel_HiltModules_KeyModule.java, C:\Users\AuraF\StudioProjects\ReGenesis--multi-architectural-70-LDO-\app\build\generated\ksp\debug\java\hilt_aggregated_deps\_dev_aurakai_auraframefx_ui_AuraMoodViewModel_HiltModules_BindsModule.java, C:\Users\AuraF\StudioProjects\ReGenesis--multi-architectural-70-LDO-\app\build\generated\ksp\debug\java\hilt_aggregated_deps\_dev_aurakai_auraframefx_ui_AuraMoodViewModel_HiltModules_KeyModule.java, C:\Users\AuraF\StudioProjects\ReGenesis--multi-architectural-70-LDO-\app\build\generated\ksp\debug\java\hilt_aggregated_deps\_dev_aurakai_auraframefx_ui_customization_CustomizationViewModel_HiltModules_BindsModule.java, C:\Users\AuraF\StudioProjects\ReGenesis--multi-architectural-70-LDO-\app\build\generated\ksp\debug\java\hilt_aggregated_deps\_dev_aurakai_auraframefx_ui_customization_CustomizationViewModel_HiltModules_KeyModule.java, C:\Users\AuraF\StudioProjects\ReGenesis--multi-architectural-70-LDO-\app\build\generated\ksp\debug\java\hilt_aggregated_deps\_dev_aurakai_auraframefx_ui_gates_ROMFlasherViewModel_HiltModules_BindsModule.java, C:\Users\AuraF\StudioProjects\ReGenesis--multi-architectural-70-LDO-\app\build\generated\ksp\debug\java\hilt_aggregated_deps\_dev_aurakai_auraframefx_ui_gates_ROMFlasherViewModel_HiltModules_KeyModule.java, C:\Users\AuraF\StudioProjects\ReGenesis--multi-architectural-70-LDO-\app\build\generated\ksp\debug\java\hilt_aggregated_deps\_dev_aurakai_auraframefx_ui_gates_SovereignNemotronViewModel_HiltModules_BindsModule.java, C:\Users\AuraF\StudioProjects\ReGenesis--multi-architectural-70-LDO-\app\build\generated\ksp\debug\java\hilt_aggregated_deps\_dev_aurakai_auraframefx_ui_gates_SovereignNemotronViewModel_HiltModules_KeyModule.java, C:\Users\AuraF\StudioProjects\ReGenesis--multi-architectural-70-LDO-\app\build\generated\ksp\debug\java\hilt_aggregated_deps\_dev_aurakai_auraframefx_ui_gates_SphereGridViewModel_HiltModules_BindsModule.java, C:\Users\AuraF\StudioProjects\ReGenesis--multi-architectural-70-LDO-\app\build\generated\ksp\debug\java\hilt_aggregated_deps\_dev_aurakai_auraframefx_ui_gates_SphereGridViewModel_HiltModules_KeyModule.java, C:\Users\AuraF\StudioProjects\ReGenesis--multi-architectural-70-LDO-\app\build\generated\ksp\debug\java\hilt_aggregated_deps\_dev_aurakai_auraframefx_ui_onboarding_OnboardingViewModel_HiltModules_BindsModule.java, C:\Users\AuraF\StudioProjects\ReGenesis--multi-architectural-70-LDO-\app\build\generated\ksp\debug\java\hilt_aggregated_deps\_dev_aurakai_auraframefx_ui_onboarding_OnboardingViewModel_HiltModules_KeyModule.java, C:\Users\AuraF\StudioProjects\ReGenesis--multi-architectural-70-LDO-\app\build\generated\ksp\debug\java\hilt_aggregated_deps\_dev_aurakai_auraframefx_ui_recovery_UIRecoveryViewModel_HiltModules_BindsModule.java, C:\Users\AuraF\StudioProjects\ReGenesis--multi-architectural-70-LDO-\app\build\generated\ksp\debug\java\hilt_aggregated_deps\_dev_aurakai_auraframefx_ui_recovery_UIRecoveryViewModel_HiltModules_KeyModule.java, C:\Users\AuraF\StudioProjects\ReGenesis--multi-architectural-70-LDO-\app\build\generated\ksp\debug\java\hilt_aggregated_deps\_dev_aurakai_auraframefx_ui_theme_di_ThemeModule.java, C:\Users\AuraF\StudioProjects\ReGenesis--multi-architectural-70-LDO-\app\build\generated\ksp\debug\java\hilt_aggregated_deps\_dev_aurakai_auraframefx_ui_theme_SystemThemeViewModel_HiltModules_BindsModule.java, C:\Users\AuraF\StudioProjects\ReGenesis--multi-architectural-70-LDO-\app\build\generated\ksp\debug\java\hilt_aggregated_deps\_dev_aurakai_auraframefx_ui_theme_SystemThemeViewModel_HiltModules_KeyModule.java, C:\Users\AuraF\StudioProjects\ReGenesis--multi-architectural-70-LDO-\app\build\generated\ksp\debug\java\hilt_aggregated_deps\_dev_aurakai_auraframefx_ui_theme_ThemeViewModel_HiltModules_BindsModule.java, C:\Users\AuraF\StudioProjects\ReGenesis--multi-architectural-70-LDO-\app\build\generated\ksp\debug\java\hilt_aggregated_deps\_dev_aurakai_auraframefx_ui_theme_ThemeViewModel_HiltModules_KeyModule.java, C:\Users\AuraF\StudioProjects\ReGenesis--multi-architectural-70-LDO-\app\build\generated\ksp\debug\java\hilt_aggregated_deps\_dev_aurakai_auraframefx_ui_viewmodels_AgentCreationViewModel_HiltModules_BindsModule.java, C:\Users\AuraF\StudioProjects\ReGenesis--multi-architectural-70-LDO-\app\build\generated\ksp\debug\java\hilt_aggregated_deps\_dev_aurakai_auraframefx_ui_viewmodels_AgentCreationViewModel_HiltModules_KeyModule.java, C:\Users\AuraF\StudioProjects\ReGenesis--multi-architectural-70-LDO-\app\build\generated\ksp\debug\java\hilt_aggregated_deps\_dev_aurakai_auraframefx_ui_viewmodels_AgentViewModel_HiltModules_BindsModule.java, C:\Users\AuraF\StudioProjects\ReGenesis--multi-architectural-70-LDO-\app\build\generated\ksp\debug\java\hilt_aggregated_deps\_dev_aurakai_auraframefx_ui_viewmodels_AgentViewModel_HiltModules_KeyModule.java, C:\Users\AuraF\StudioProjects\ReGenesis--multi-architectural-70-LDO-\app\build\generated\ksp\debug\java\hilt_aggregated_deps\_dev_aurakai_auraframefx_ui_viewmodels_ArkBuildViewModel_HiltModules_BindsModule.java, C:\Users\AuraF\StudioProjects\ReGenesis--multi-architectural-70-LDO-\app\build\generated\ksp\debug\java\hilt_aggregated_deps\_dev_aurakai_auraframefx_ui_viewmodels_ArkBuildViewModel_HiltModules_KeyModule.java, C:\Users\AuraF\StudioProjects\ReGenesis--multi-architectural-70-LDO-\app\build\generated\ksp\debug\java\hilt_aggregated_deps\_dev_aurakai_auraframefx_ui_viewmodels_MonitoringViewModel_HiltModules_BindsModule.java, C:\Users\AuraF\StudioProjects\ReGenesis--multi-architectural-70-LDO-\app\build\generated\ksp\debug\java\hilt_aggregated_deps\_dev_aurakai_auraframefx_ui_viewmodels_MonitoringViewModel_HiltModules_KeyModule.java, C:\Users\AuraF\StudioProjects\ReGenesis--multi-architectural-70-LDO-\app\build\generated\ksp\debug\java\hilt_aggregated_deps\_dev_aurakai_auraframefx_ui_viewmodels_NeuralArchiveViewModel_HiltModules_BindsModule.java, C:\Users\AuraF\StudioProjects\ReGenesis--multi-architectural-70-LDO-\app\build\generated\ksp\debug\java\hilt_aggregated_deps\_dev_aurakai_auraframefx_ui_viewmodels_NeuralArchiveViewModel_HiltModules_KeyModule.java, C:\Users\AuraF\StudioProjects\ReGenesis--multi-architectural-70-LDO-\app\build\generated\ksp\debug\java\hilt_aggregated_deps\_dev_aurakai_auraframefx_ui_viewmodels_PartyViewModel_HiltModules_BindsModule.java, C:\Users\AuraF\StudioProjects\ReGenesis--multi-architectural-70-LDO-\app\build\generated\ksp\debug\java\hilt_aggregated_deps\_dev_aurakai_auraframefx_ui_viewmodels_PartyViewModel_HiltModules_KeyModule.java, C:\Users\AuraF\StudioProjects\ReGenesis--multi-architectural-70-LDO-\app\build\generated\ksp\debug\java\hilt_aggregated_deps\_dev_aurakai_auraframefx_ui_viewmodels_SettingsViewModel_HiltModules_BindsModule.java, C:\Users\AuraF\StudioProjects\ReGenesis--multi-architectural-70-LDO-\app\build\generated\ksp\debug\java\hilt_aggregated_deps\_dev_aurakai_auraframefx_ui_viewmodels_SettingsViewModel_HiltModules_KeyModule.java, C:\Users\AuraF\StudioProjects\ReGenesis--multi-architectural-70-LDO-\app\build\generated\ksp\debug\java\hilt_aggregated_deps\_dev_aurakai_auraframefx_ui_viewmodels_SupportChatViewModel_HiltModules_BindsModule.java, C:\Users\AuraF\StudioProjects\ReGenesis--multi-architectural-70-LDO-\app\build\generated\ksp\debug\java\hilt_aggregated_deps\_dev_aurakai_auraframefx_ui_viewmodels_SupportChatViewModel_HiltModules_KeyModule.java, C:\Users\AuraF\StudioProjects\ReGenesis--multi-architectural-70-LDO-\app\build\generated\ksp\debug\java\hilt_aggregated_deps\_dev_aurakai_auraframefx_ui_viewmodels_XhancementViewModel_HiltModules_BindsModule.java, C:\Users\AuraF\StudioProjects\ReGenesis--multi-architectural-70-LDO-\app\build\generated\ksp\debug\java\hilt_aggregated_deps\_dev_aurakai_auraframefx_ui_viewmodels_XhancementViewModel_HiltModules_KeyModule.java, C:\Users\AuraF\StudioProjects\ReGenesis--multi-architectural-70-LDO-\app\build\generated\ksp\debug\java\hilt_aggregated_deps\_dev_aurakai_auraframefx_utils_AuraConsciousnessViewModel_HiltModules_BindsModule.java, C:\Users\AuraF\StudioProjects\ReGenesis--multi-architectural-70-LDO-\app\build\generated\ksp\debug\java\hilt_aggregated_deps\_dev_aurakai_auraframefx_utils_AuraConsciousnessViewModel_HiltModules_KeyModule.java, C:\Users\AuraF\StudioProjects\ReGenesis--multi-architectural-70-LDO-\app\build\generated\ksp\debug\java\hilt_aggregated_deps\_dev_aurakai_auraframefx_viewmodel_ConferenceRoomViewModel_HiltModules_BindsModule.java, C:\Users\AuraF\StudioProjects\ReGenesis--multi-architectural-70-LDO-\app\build\generated\ksp\debug\java\hilt_aggregated_deps\_dev_aurakai_auraframefx_viewmodel_ConferenceRoomViewModel_HiltModules_KeyModule.java
Script source files: 
Script file extensions: 
Using Kotlin/JVM incremental compilation
[KOTLIN] Kotlin compilation 'jdkHome' argument: C:\Program Files\Java\jdk-25.0.2
Options for KOTLIN DAEMON: IncrementalCompilationOptions(super=CompilationOptions(compilerMode=INCREMENTAL_COMPILER, targetPlatform=JVM, reportCategories=[0, 3], reportSeverity=2, requestedCompilationResults=[0], kotlinScriptExtensions=[]), sourceChanges=org.jetbrains.kotlin.buildtools.api.SourcesChanges$Known@fe6fc38, classpathChanges=NoChanges, workingDir=C:\Users\AuraF\StudioProjects\ReGenesis--multi-architectural-70-LDO-\app\build\kotlin\compileDebugKotlin\cacheable, multiModuleICSettings=MultiModuleICSettings(buildHistoryFile=C:\Users\AuraF\StudioProjects\ReGenesis--multi-architectural-70-LDO-\app\build\kotlin\compileDebugKotlin\local-state\build-history.bin, useModuleDetection=true), icFeatures=IncrementalCompilationFeatures(usePreciseJavaTracking=true, withAbiSnapshot=false, preciseCompilationResultsBackup=true, keepIncrementalCompilationCachesInMemory=true, enableUnsafeIncrementalCompilationForMultiplatform=false, enableMonotonousIncrementalCompileSetExpansion=true), outputFiles=[C:\Users\AuraF\StudioProjects\ReGenesis--multi-architectural-70-LDO-\app\build\intermediates\built_in_kotlinc\debug\compileDebugKotlin\classes, C:\Users\AuraF\StudioProjects\ReGenesis--multi-architectural-70-LDO-\app\build\kotlin\compileDebugKotlin\cacheable, C:\Users\AuraF\StudioProjects\ReGenesis--multi-architectural-70-LDO-\app\build\kotlin\compileDebugKotlin\local-state])
Finished executing kotlin compiler using DAEMON strategy
Restoring task outputs to pre-compilation state
./gradlew : e: file:///C:/Users/AuraF/StudioProjects/ReGenesis--multi-architectural-70-LDO-/app/src/main/java/dev/aurak
ai/auraframefx/ui/gates/KaiSentinelHubScreen.kt:186:59 Unresolved reference 'items'.
At line:1 char:1
+ ./gradlew :app:compileDebugKotlin --info > build_output.txt 2>&1
+ ~~~~~~~~~~~~~~~~~~~~~~~~~~~~~~~~~~~~~~~~~~~~~~~~~~~~~~~~~~~~~~~~
    + CategoryInfo          : NotSpecified: (e: file:///C:/U...erence 'items'.:String) [], RemoteException
    + FullyQualifiedErrorId : NativeCommandError
 
e: file:///C:/Users/AuraF/StudioProjects/ReGenesis--multi-architectural-70-LDO-/app/src/main/java/dev/aurakai/auraframe
fx/ui/gates/KaiSentinelHubScreen.kt:186:74 Cannot infer type for value parameter 'tool'. Specify it explicitly.
e: file:///C:/Users/AuraF/StudioProjects/ReGenesis--multi-architectural-70-LDO-/app/src/main/java/dev/aurakai/auraframe
fx/ui/gates/KaiSentinelHubScreen.kt:187:25 @Composable invocations can only happen from the context of a @Composable 
function
e: file:///C:/Users/AuraF/StudioProjects/ReGenesis--multi-architectural-70-LDO-/app/src/main/java/dev/aurakai/auraframe
fx/ui/gates/KaiSentinelHubScreen.kt:191:46 Unresolved reference 'destination'.
e: file:///C:/Users/AuraF/StudioProjects/ReGenesis--multi-architectural-70-LDO-/app/src/main/java/dev/aurakai/auraframe
fx/ui/gates/KaiSentinelHubScreen.kt:192:69 Unresolved reference 'destination'.
e: file:///C:/Users/AuraF/StudioProjects/ReGenesis--multi-architectural-70-LDO-/app/src/main/java/dev/aurakai/auraframe
fx/ui/gates/KaiSentinelHubScreen.kt:198:48 Unresolved reference 'iconRes'.
e: file:///C:/Users/AuraF/StudioProjects/ReGenesis--multi-architectural-70-LDO-/app/src/main/java/dev/aurakai/auraframe
fx/ui/gates/KaiSentinelHubScreen.kt:199:50 Unresolved reference 'accentColor'.
e: file:///C:/Users/AuraF/StudioProjects/ReGenesis--multi-architectural-70-LDO-/app/src/main/java/dev/aurakai/auraframe
fx/ui/gates/KaiSentinelHubScreen.kt:202:50 Unresolved reference 'accentColor'.
e: file:///C:/Users/AuraF/StudioProjects/ReGenesis--multi-architectural-70-LDO-/app/src/main/java/dev/aurakai/auraframe
fx/ui/gates/KaiSentinelHubScreen.kt:215:49 Unresolved reference 'title'.
e: file:///C:/Users/AuraF/StudioProjects/ReGenesis--multi-architectural-70-LDO-/app/src/main/java/dev/aurakai/auraframe
fx/ui/gates/KaiSentinelHubScreen.kt:221:49 Unresolved reference 'subtitle'.

> Task :app:compileDebugKotlin FAILED
Build e34fa7cb-51bd-472c-8b1b-4533af2335ff is closed
Build 03af114a-b53a-4367-9d9d-59e4703636a1 is closed
Kotlin build report is written to file:///C:/Users/AuraF/StudioProjects/ReGenesis--multi-architectural-70-LDO-/build/reports/kotlin-build/aurakai-reactive-intelligence-build-2026-01-31-11-13-50-0.txt

See the complete report at file:///C:/Users/AuraF/StudioProjects/ReGenesis--multi-architectural-70-LDO-/build/reports/configuration-cache/30ypctp4yt1yy9r5uo84qbml6/1aszowdfxht866f9fd1t2ywd3/configuration-cache-report.html

FAILURE: Build failed with an exception.

* What went wrong:
Execution failed for task ':app:compileDebugKotlin'.
> A failure occurred while executing 
org.jetbrains.kotlin.compilerRunner.GradleCompilerRunnerWithWorkers$GradleKotlinCompilerWorkAction
   > Compilation error. See log for more details

* Try:
> Run with --stacktrace option to get the stack trace.
> Run with --debug option to get more log output.
> Run with --scan to get full insights from a Build Scan (powered by Develocity).
> Get more help at https://help.gradle.org.

BUILD FAILED in 36s
267 actionable tasks: 2 executed, 21 from cache, 244 up-to-date
Watched directory hierarchies: [C:\Users\AuraF\StudioProjects\ReGenesis--multi-architectural-70-LDO-]
Configuration cache entry stored.
Configuration Cache (C:\Users\AuraF\StudioProjects\ReGenesis--multi-architectural-70-LDO-\.gradle\configuration-cache) [subdir: C:\Users\AuraF\StudioProjects\ReGenesis--multi-architectural-70-LDO-\.gradle\configuration-cache\5a4f9f58-e4db-44be-84de-c2781cc63aa9] cleanup deleted 29 files/directories.
